Thu Mar 19 03:57:47 2026: Running xcd server. This server was built by gradle.
Thu Mar 19 03:57:47 2026: Server was asked to start on port: '34559'
Thu Mar 19 03:57:47 2026: Server is using token UUID: '76d77a74-4bb9-43da-8fc6-3a2e1d3d04e6'
Thu Mar 19 03:57:47 2026: SESSION_MGR: creating session with session uuid: '6d04a3e9-ade5-4ab9-8d63-1f78fcd2ec76' and name 'default'
Thu Mar 19 03:57:47 2026: Attempting to start server on port '34559'
Thu Mar 19 03:57:47 2026: XCD main fifo: created main fifo '/tmp/xcdmain76d77a74-4bb9-43da-8fc6-3a2e1d3d04e6', fd read = 13
Thu Mar 19 03:57:47 2026: Running Dispatch Server
Thu Mar 19 03:57:47 2026: Version 2.2.0
Thu Mar 19 03:57:47 2026: Dispatch Server: Accepted socket connection from client
Thu Mar 19 03:57:47 2026: Starting Socket connection
Thu Mar 19 03:57:47 2026: EXCHANGE_TOKEN received, server token: 76d77a74-4bb9-43da-8fc6-3a2e1d3d04e6, passed token: 76d77a74-4bb9-43da-8fc6-3a2e1d3d04e6
Thu Mar 19 03:57:48 2026: DISPATCH_HANDLER: Adding handler from function makeHandler in library libxv_system_diagram
Thu Mar 19 03:57:48 2026: SESSION_MGR: creating session with session uuid: '8c02d123-8ea3-425b-bddb-163d238f2809' and name 'vitis-run_compile_work'
Thu Mar 19 03:57:48 2026: KERNEL_SVC: creating session with uuid: '8c02d123-8ea3-425b-bddb-163d238f2809' and name 'vitis-run_compile_work'
Thu Mar 19 03:57:48 2026: GUIDANCE_SMGR: creating guidance session with uuid: '8c02d123-8ea3-425b-bddb-163d238f2809' and name 'vitis-run_compile_work'
Thu Mar 19 03:57:48 2026: SYSTEM_DIAGRAM: creating session with uuid: '8c02d123-8ea3-425b-bddb-163d238f2809' and name 'vitis-run_compile_work'
Thu Mar 19 03:57:52 2026: Dispatch Server: Accepted socket connection from client
Thu Mar 19 03:57:52 2026: Starting Socket connection
Thu Mar 19 03:57:55 2026: SESSION_MGR: closing session for UUID '8c02d123-8ea3-425b-bddb-163d238f2809' with name 'vitis-run_compile_work'
Thu Mar 19 03:57:55 2026: KERNEL_SVC: closing session for UUID '8c02d123-8ea3-425b-bddb-163d238f2809' with name 'vitis-run_compile_work'
Thu Mar 19 03:57:55 2026: GUIDANCE_SMGR: closing session for UUID '8c02d123-8ea3-425b-bddb-163d238f2809' with name 'vitis-run_compile_work'
Thu Mar 19 03:57:55 2026: SYSTEM_DIAGRAM: closing session for UUID '8c02d123-8ea3-425b-bddb-163d238f2809' with name 'vitis-run_compile_work'
Thu Mar 19 03:57:55 2026: STOP_SERVER received, server token: 76d77a74-4bb9-43da-8fc6-3a2e1d3d04e6, passed token: 76d77a74-4bb9-43da-8fc6-3a2e1d3d04e6
Thu Mar 19 03:57:55 2026: Socket received request to stop server.
Thu Mar 19 03:57:55 2026: Dispatch Server: do_await_stop
Thu Mar 19 03:57:55 2026: Dispatch Server: stopping mainFifo_
Thu Mar 19 03:57:55 2026: XCD main fifo: Stopping
Thu Mar 19 03:57:55 2026: XCD main fifo: do_read error code: Operation canceled
Thu Mar 19 03:57:55 2026: XCD main fifo: bytes_transferred: 0
Thu Mar 19 03:57:55 2026: SERVER: destructor for server bound to port 34559
Thu Mar 19 03:57:55 2026: XCD main fifo: Good unlink of /tmp/xcdmain76d77a74-4bb9-43da-8fc6-3a2e1d3d04e6
Thu Mar 19 03:57:55 2026: Server exiting with status 0.
Thu Mar 19 03:57:55 2026: Closing log file.
Thu Mar 19 03:58:01 2026: Running xcd server. This server was built by gradle.
Thu Mar 19 03:58:01 2026: Server was asked to start on port: '37849'
Thu Mar 19 03:58:01 2026: Server is using token UUID: 'c29d63f5-778e-47b3-9734-bdc0887dce8a'
Thu Mar 19 03:58:01 2026: SESSION_MGR: creating session with session uuid: '6d04a3e9-ade5-4ab9-8d63-1f78fcd2ec76' and name 'default'
Thu Mar 19 03:58:01 2026: Attempting to start server on port '37849'
Thu Mar 19 03:58:01 2026: XCD main fifo: created main fifo '/tmp/xcdmainc29d63f5-778e-47b3-9734-bdc0887dce8a', fd read = 13
Thu Mar 19 03:58:01 2026: Running Dispatch Server
Thu Mar 19 03:58:01 2026: Version 2.2.0
Thu Mar 19 03:58:02 2026: Dispatch Server: Accepted socket connection from client
Thu Mar 19 03:58:02 2026: Starting Socket connection
Thu Mar 19 03:58:02 2026: EXCHANGE_TOKEN received, server token: c29d63f5-778e-47b3-9734-bdc0887dce8a, passed token: c29d63f5-778e-47b3-9734-bdc0887dce8a
Thu Mar 19 03:58:02 2026: DISPATCH_HANDLER: Adding handler from function makeHandler in library libxv_system_diagram
Thu Mar 19 03:58:02 2026: SESSION_MGR: creating session with session uuid: 'ab252359-fa97-4404-90fd-a718d97591f0' and name 'v++_compile_work'
Thu Mar 19 03:58:02 2026: KERNEL_SVC: creating session with uuid: 'ab252359-fa97-4404-90fd-a718d97591f0' and name 'v++_compile_work'
Thu Mar 19 03:58:02 2026: GUIDANCE_SMGR: creating guidance session with uuid: 'ab252359-fa97-4404-90fd-a718d97591f0' and name 'v++_compile_work'
Thu Mar 19 03:58:02 2026: SYSTEM_DIAGRAM: creating session with uuid: 'ab252359-fa97-4404-90fd-a718d97591f0' and name 'v++_compile_work'
Thu Mar 19 03:58:06 2026: Dispatch Server: Accepted socket connection from client
Thu Mar 19 03:58:06 2026: Starting Socket connection
Thu Mar 19 03:58:45 2026: SESSION_MGR: closing session for UUID 'ab252359-fa97-4404-90fd-a718d97591f0' with name 'v++_compile_work'
Thu Mar 19 03:58:45 2026: KERNEL_SVC: closing session for UUID 'ab252359-fa97-4404-90fd-a718d97591f0' with name 'v++_compile_work'
Thu Mar 19 03:58:45 2026: GUIDANCE_SMGR: closing session for UUID 'ab252359-fa97-4404-90fd-a718d97591f0' with name 'v++_compile_work'
Thu Mar 19 03:58:45 2026: SYSTEM_DIAGRAM: closing session for UUID 'ab252359-fa97-4404-90fd-a718d97591f0' with name 'v++_compile_work'
Thu Mar 19 03:58:45 2026: STOP_SERVER received, server token: c29d63f5-778e-47b3-9734-bdc0887dce8a, passed token: c29d63f5-778e-47b3-9734-bdc0887dce8a
Thu Mar 19 03:58:45 2026: Socket received request to stop server.
Thu Mar 19 03:58:45 2026: Dispatch Server: do_await_stop
Thu Mar 19 03:58:45 2026: Dispatch Server: stopping mainFifo_
Thu Mar 19 03:58:45 2026: XCD main fifo: Stopping
Thu Mar 19 03:58:45 2026: XCD main fifo: do_read error code: Operation canceled
Thu Mar 19 03:58:45 2026: XCD main fifo: bytes_transferred: 0
Thu Mar 19 03:58:45 2026: SERVER: destructor for server bound to port 37849
Thu Mar 19 03:58:45 2026: XCD main fifo: Good unlink of /tmp/xcdmainc29d63f5-778e-47b3-9734-bdc0887dce8a
Thu Mar 19 03:58:45 2026: Server exiting with status 0.
Thu Mar 19 03:58:45 2026: Closing log file.
Thu Mar 19 03:58:58 2026: Running xcd server. This server was built by gradle.
Thu Mar 19 03:58:58 2026: Server was asked to start on port: '45473'
Thu Mar 19 03:58:58 2026: Server is using token UUID: '2ac82cbd-c86a-4d28-8aac-5f5a51866edf'
Thu Mar 19 03:58:58 2026: SESSION_MGR: creating session with session uuid: '6d04a3e9-ade5-4ab9-8d63-1f78fcd2ec76' and name 'default'
Thu Mar 19 03:58:58 2026: Attempting to start server on port '45473'
Thu Mar 19 03:58:58 2026: XCD main fifo: created main fifo '/tmp/xcdmain2ac82cbd-c86a-4d28-8aac-5f5a51866edf', fd read = 13
Thu Mar 19 03:58:58 2026: Running Dispatch Server
Thu Mar 19 03:58:58 2026: Version 2.2.0
Thu Mar 19 03:58:58 2026: Dispatch Server: Accepted socket connection from client
Thu Mar 19 03:58:58 2026: Starting Socket connection
Thu Mar 19 03:58:58 2026: EXCHANGE_TOKEN received, server token: 2ac82cbd-c86a-4d28-8aac-5f5a51866edf, passed token: 2ac82cbd-c86a-4d28-8aac-5f5a51866edf
Thu Mar 19 03:58:59 2026: DISPATCH_HANDLER: Adding handler from function makeHandler in library libxv_system_diagram
Thu Mar 19 03:58:59 2026: SESSION_MGR: creating session with session uuid: 'd01f94bc-ccde-4071-ad5a-54f32c0c1229' and name 'v++_compile_work'
Thu Mar 19 03:58:59 2026: KERNEL_SVC: creating session with uuid: 'd01f94bc-ccde-4071-ad5a-54f32c0c1229' and name 'v++_compile_work'
Thu Mar 19 03:58:59 2026: GUIDANCE_SMGR: creating guidance session with uuid: 'd01f94bc-ccde-4071-ad5a-54f32c0c1229' and name 'v++_compile_work'
Thu Mar 19 03:58:59 2026: SYSTEM_DIAGRAM: creating session with uuid: 'd01f94bc-ccde-4071-ad5a-54f32c0c1229' and name 'v++_compile_work'
Thu Mar 19 03:59:03 2026: Dispatch Server: Accepted socket connection from client
Thu Mar 19 03:59:03 2026: Starting Socket connection
Thu Mar 19 03:59:41 2026: SESSION_MGR: closing session for UUID 'd01f94bc-ccde-4071-ad5a-54f32c0c1229' with name 'v++_compile_work'
Thu Mar 19 03:59:41 2026: KERNEL_SVC: closing session for UUID 'd01f94bc-ccde-4071-ad5a-54f32c0c1229' with name 'v++_compile_work'
Thu Mar 19 03:59:41 2026: GUIDANCE_SMGR: closing session for UUID 'd01f94bc-ccde-4071-ad5a-54f32c0c1229' with name 'v++_compile_work'
Thu Mar 19 03:59:41 2026: SYSTEM_DIAGRAM: closing session for UUID 'd01f94bc-ccde-4071-ad5a-54f32c0c1229' with name 'v++_compile_work'
Thu Mar 19 03:59:41 2026: STOP_SERVER received, server token: 2ac82cbd-c86a-4d28-8aac-5f5a51866edf, passed token: 2ac82cbd-c86a-4d28-8aac-5f5a51866edf
Thu Mar 19 03:59:41 2026: Socket received request to stop server.
Thu Mar 19 03:59:41 2026: Dispatch Server: do_await_stop
Thu Mar 19 03:59:41 2026: Dispatch Server: stopping mainFifo_
Thu Mar 19 03:59:41 2026: XCD main fifo: Stopping
Thu Mar 19 03:59:41 2026: XCD main fifo: do_read error code: Operation canceled
Thu Mar 19 03:59:41 2026: XCD main fifo: bytes_transferred: 0
Thu Mar 19 03:59:41 2026: SERVER: destructor for server bound to port 45473
Thu Mar 19 03:59:41 2026: XCD main fifo: Good unlink of /tmp/xcdmain2ac82cbd-c86a-4d28-8aac-5f5a51866edf
Thu Mar 19 03:59:41 2026: Server exiting with status 0.
Thu Mar 19 03:59:41 2026: Closing log file.
