Thu Apr  2 04:23:31 2026: Running xcd server. This server was built by gradle.
Thu Apr  2 04:23:31 2026: Server was asked to start on port: '42765'
Thu Apr  2 04:23:31 2026: Server is using token UUID: '55455050-85fb-47fa-9faa-875fc12f36df'
Thu Apr  2 04:23:31 2026: SESSION_MGR: creating session with session uuid: '6d04a3e9-ade5-4ab9-8d63-1f78fcd2ec76' and name 'default'
Thu Apr  2 04:23:31 2026: Attempting to start server on port '42765'
Thu Apr  2 04:23:31 2026: XCD main fifo: created main fifo '/tmp/xcdmain55455050-85fb-47fa-9faa-875fc12f36df', fd read = 13
Thu Apr  2 04:23:31 2026: Running Dispatch Server
Thu Apr  2 04:23:31 2026: Version 2.2.0
Thu Apr  2 04:23:31 2026: Dispatch Server: Accepted socket connection from client
Thu Apr  2 04:23:31 2026: Starting Socket connection
Thu Apr  2 04:23:31 2026: EXCHANGE_TOKEN received, server token: 55455050-85fb-47fa-9faa-875fc12f36df, passed token: 55455050-85fb-47fa-9faa-875fc12f36df
Thu Apr  2 04:23:32 2026: DISPATCH_HANDLER: Adding handler from function makeHandler in library libxv_system_diagram
Thu Apr  2 04:23:32 2026: SESSION_MGR: creating session with session uuid: '7cd381d7-6d90-4ecf-ad06-c384844447fb' and name 'vitis-run_compile_work'
Thu Apr  2 04:23:32 2026: KERNEL_SVC: creating session with uuid: '7cd381d7-6d90-4ecf-ad06-c384844447fb' and name 'vitis-run_compile_work'
Thu Apr  2 04:23:32 2026: GUIDANCE_SMGR: creating guidance session with uuid: '7cd381d7-6d90-4ecf-ad06-c384844447fb' and name 'vitis-run_compile_work'
Thu Apr  2 04:23:32 2026: SYSTEM_DIAGRAM: creating session with uuid: '7cd381d7-6d90-4ecf-ad06-c384844447fb' and name 'vitis-run_compile_work'
Thu Apr  2 04:23:36 2026: Dispatch Server: Accepted socket connection from client
Thu Apr  2 04:23:36 2026: Starting Socket connection
Thu Apr  2 04:23:40 2026: SESSION_MGR: closing session for UUID '7cd381d7-6d90-4ecf-ad06-c384844447fb' with name 'vitis-run_compile_work'
Thu Apr  2 04:23:40 2026: KERNEL_SVC: closing session for UUID '7cd381d7-6d90-4ecf-ad06-c384844447fb' with name 'vitis-run_compile_work'
Thu Apr  2 04:23:40 2026: GUIDANCE_SMGR: closing session for UUID '7cd381d7-6d90-4ecf-ad06-c384844447fb' with name 'vitis-run_compile_work'
Thu Apr  2 04:23:40 2026: SYSTEM_DIAGRAM: closing session for UUID '7cd381d7-6d90-4ecf-ad06-c384844447fb' with name 'vitis-run_compile_work'
Thu Apr  2 04:23:40 2026: STOP_SERVER received, server token: 55455050-85fb-47fa-9faa-875fc12f36df, passed token: 55455050-85fb-47fa-9faa-875fc12f36df
Thu Apr  2 04:23:40 2026: Socket received request to stop server.
Thu Apr  2 04:23:40 2026: Dispatch Server: do_await_stop
Thu Apr  2 04:23:40 2026: Dispatch Server: stopping mainFifo_
Thu Apr  2 04:23:40 2026: XCD main fifo: Stopping
Thu Apr  2 04:23:40 2026: XCD main fifo: do_read error code: Operation canceled
Thu Apr  2 04:23:40 2026: XCD main fifo: bytes_transferred: 0
Thu Apr  2 04:23:40 2026: SERVER: destructor for server bound to port 42765
Thu Apr  2 04:23:40 2026: XCD main fifo: Good unlink of /tmp/xcdmain55455050-85fb-47fa-9faa-875fc12f36df
Thu Apr  2 04:23:40 2026: Server exiting with status 0.
Thu Apr  2 04:23:40 2026: Closing log file.
Thu Apr  2 04:23:50 2026: Running xcd server. This server was built by gradle.
Thu Apr  2 04:23:50 2026: Server was asked to start on port: '36375'
Thu Apr  2 04:23:50 2026: Server is using token UUID: 'b71a1b37-0fc9-43db-a373-aa99709eae7b'
Thu Apr  2 04:23:50 2026: SESSION_MGR: creating session with session uuid: '6d04a3e9-ade5-4ab9-8d63-1f78fcd2ec76' and name 'default'
Thu Apr  2 04:23:50 2026: Attempting to start server on port '36375'
Thu Apr  2 04:23:50 2026: XCD main fifo: created main fifo '/tmp/xcdmainb71a1b37-0fc9-43db-a373-aa99709eae7b', fd read = 13
Thu Apr  2 04:23:50 2026: Running Dispatch Server
Thu Apr  2 04:23:50 2026: Version 2.2.0
Thu Apr  2 04:23:51 2026: Dispatch Server: Accepted socket connection from client
Thu Apr  2 04:23:51 2026: Starting Socket connection
Thu Apr  2 04:23:51 2026: EXCHANGE_TOKEN received, server token: b71a1b37-0fc9-43db-a373-aa99709eae7b, passed token: b71a1b37-0fc9-43db-a373-aa99709eae7b
Thu Apr  2 04:23:51 2026: DISPATCH_HANDLER: Adding handler from function makeHandler in library libxv_system_diagram
Thu Apr  2 04:23:51 2026: SESSION_MGR: creating session with session uuid: 'd4701371-82da-47d6-b024-4629e3b71e49' and name 'vitis-run_compile_work'
Thu Apr  2 04:23:51 2026: KERNEL_SVC: creating session with uuid: 'd4701371-82da-47d6-b024-4629e3b71e49' and name 'vitis-run_compile_work'
Thu Apr  2 04:23:51 2026: GUIDANCE_SMGR: creating guidance session with uuid: 'd4701371-82da-47d6-b024-4629e3b71e49' and name 'vitis-run_compile_work'
Thu Apr  2 04:23:51 2026: SYSTEM_DIAGRAM: creating session with uuid: 'd4701371-82da-47d6-b024-4629e3b71e49' and name 'vitis-run_compile_work'
Thu Apr  2 04:23:55 2026: Dispatch Server: Accepted socket connection from client
Thu Apr  2 04:23:55 2026: Starting Socket connection
Thu Apr  2 04:23:59 2026: SESSION_MGR: closing session for UUID 'd4701371-82da-47d6-b024-4629e3b71e49' with name 'vitis-run_compile_work'
Thu Apr  2 04:23:59 2026: KERNEL_SVC: closing session for UUID 'd4701371-82da-47d6-b024-4629e3b71e49' with name 'vitis-run_compile_work'
Thu Apr  2 04:23:59 2026: GUIDANCE_SMGR: closing session for UUID 'd4701371-82da-47d6-b024-4629e3b71e49' with name 'vitis-run_compile_work'
Thu Apr  2 04:23:59 2026: SYSTEM_DIAGRAM: closing session for UUID 'd4701371-82da-47d6-b024-4629e3b71e49' with name 'vitis-run_compile_work'
Thu Apr  2 04:23:59 2026: STOP_SERVER received, server token: b71a1b37-0fc9-43db-a373-aa99709eae7b, passed token: b71a1b37-0fc9-43db-a373-aa99709eae7b
Thu Apr  2 04:23:59 2026: Socket received request to stop server.
Thu Apr  2 04:23:59 2026: Dispatch Server: do_await_stop
Thu Apr  2 04:23:59 2026: Dispatch Server: stopping mainFifo_
Thu Apr  2 04:23:59 2026: XCD main fifo: Stopping
Thu Apr  2 04:23:59 2026: XCD main fifo: do_read error code: Operation canceled
Thu Apr  2 04:23:59 2026: XCD main fifo: bytes_transferred: 0
Thu Apr  2 04:23:59 2026: SERVER: destructor for server bound to port 36375
Thu Apr  2 04:23:59 2026: XCD main fifo: Good unlink of /tmp/xcdmainb71a1b37-0fc9-43db-a373-aa99709eae7b
Thu Apr  2 04:23:59 2026: Server exiting with status 0.
Thu Apr  2 04:23:59 2026: Closing log file.
Thu Apr  2 04:24:44 2026: Running xcd server. This server was built by gradle.
Thu Apr  2 04:24:44 2026: Server was asked to start on port: '34559'
Thu Apr  2 04:24:44 2026: Server is using token UUID: 'e57fff70-9558-4811-8ac6-95ab9f62af3a'
Thu Apr  2 04:24:44 2026: SESSION_MGR: creating session with session uuid: '6d04a3e9-ade5-4ab9-8d63-1f78fcd2ec76' and name 'default'
Thu Apr  2 04:24:44 2026: Attempting to start server on port '34559'
Thu Apr  2 04:24:44 2026: XCD main fifo: created main fifo '/tmp/xcdmaine57fff70-9558-4811-8ac6-95ab9f62af3a', fd read = 13
Thu Apr  2 04:24:44 2026: Running Dispatch Server
Thu Apr  2 04:24:44 2026: Version 2.2.0
Thu Apr  2 04:24:45 2026: Dispatch Server: Accepted socket connection from client
Thu Apr  2 04:24:45 2026: Starting Socket connection
Thu Apr  2 04:24:45 2026: EXCHANGE_TOKEN received, server token: e57fff70-9558-4811-8ac6-95ab9f62af3a, passed token: e57fff70-9558-4811-8ac6-95ab9f62af3a
Thu Apr  2 04:24:45 2026: DISPATCH_HANDLER: Adding handler from function makeHandler in library libxv_system_diagram
Thu Apr  2 04:24:45 2026: SESSION_MGR: creating session with session uuid: 'bc0e4373-86b3-4760-95e8-79e40451eff6' and name 'vitis-run_compile_work'
Thu Apr  2 04:24:45 2026: KERNEL_SVC: creating session with uuid: 'bc0e4373-86b3-4760-95e8-79e40451eff6' and name 'vitis-run_compile_work'
Thu Apr  2 04:24:45 2026: GUIDANCE_SMGR: creating guidance session with uuid: 'bc0e4373-86b3-4760-95e8-79e40451eff6' and name 'vitis-run_compile_work'
Thu Apr  2 04:24:45 2026: SYSTEM_DIAGRAM: creating session with uuid: 'bc0e4373-86b3-4760-95e8-79e40451eff6' and name 'vitis-run_compile_work'
Thu Apr  2 04:24:49 2026: Dispatch Server: Accepted socket connection from client
Thu Apr  2 04:24:49 2026: Starting Socket connection
Thu Apr  2 04:24:53 2026: SESSION_MGR: closing session for UUID 'bc0e4373-86b3-4760-95e8-79e40451eff6' with name 'vitis-run_compile_work'
Thu Apr  2 04:24:53 2026: KERNEL_SVC: closing session for UUID 'bc0e4373-86b3-4760-95e8-79e40451eff6' with name 'vitis-run_compile_work'
Thu Apr  2 04:24:53 2026: GUIDANCE_SMGR: closing session for UUID 'bc0e4373-86b3-4760-95e8-79e40451eff6' with name 'vitis-run_compile_work'
Thu Apr  2 04:24:53 2026: SYSTEM_DIAGRAM: closing session for UUID 'bc0e4373-86b3-4760-95e8-79e40451eff6' with name 'vitis-run_compile_work'
Thu Apr  2 04:24:53 2026: STOP_SERVER received, server token: e57fff70-9558-4811-8ac6-95ab9f62af3a, passed token: e57fff70-9558-4811-8ac6-95ab9f62af3a
Thu Apr  2 04:24:53 2026: Socket received request to stop server.
Thu Apr  2 04:24:53 2026: Dispatch Server: do_await_stop
Thu Apr  2 04:24:53 2026: Dispatch Server: stopping mainFifo_
Thu Apr  2 04:24:53 2026: XCD main fifo: Stopping
Thu Apr  2 04:24:53 2026: XCD main fifo: do_read error code: Operation canceled
Thu Apr  2 04:24:53 2026: XCD main fifo: bytes_transferred: 0
Thu Apr  2 04:24:53 2026: SERVER: destructor for server bound to port 34559
Thu Apr  2 04:24:53 2026: XCD main fifo: Good unlink of /tmp/xcdmaine57fff70-9558-4811-8ac6-95ab9f62af3a
Thu Apr  2 04:24:53 2026: Server exiting with status 0.
Thu Apr  2 04:24:53 2026: Closing log file.
Thu Apr  2 04:25:20 2026: Running xcd server. This server was built by gradle.
Thu Apr  2 04:25:20 2026: Server was asked to start on port: '35355'
Thu Apr  2 04:25:20 2026: Server is using token UUID: '0f720285-267e-4090-bc1a-94910f8caf0a'
Thu Apr  2 04:25:20 2026: SESSION_MGR: creating session with session uuid: '6d04a3e9-ade5-4ab9-8d63-1f78fcd2ec76' and name 'default'
Thu Apr  2 04:25:20 2026: Attempting to start server on port '35355'
Thu Apr  2 04:25:20 2026: XCD main fifo: created main fifo '/tmp/xcdmain0f720285-267e-4090-bc1a-94910f8caf0a', fd read = 13
Thu Apr  2 04:25:20 2026: Running Dispatch Server
Thu Apr  2 04:25:20 2026: Version 2.2.0
Thu Apr  2 04:25:21 2026: Dispatch Server: Accepted socket connection from client
Thu Apr  2 04:25:21 2026: Starting Socket connection
Thu Apr  2 04:25:21 2026: EXCHANGE_TOKEN received, server token: 0f720285-267e-4090-bc1a-94910f8caf0a, passed token: 0f720285-267e-4090-bc1a-94910f8caf0a
Thu Apr  2 04:25:21 2026: DISPATCH_HANDLER: Adding handler from function makeHandler in library libxv_system_diagram
Thu Apr  2 04:25:21 2026: SESSION_MGR: creating session with session uuid: 'cd6724c6-56b8-489d-ac4b-ba8173a430f9' and name 'vitis-run_compile_work'
Thu Apr  2 04:25:21 2026: KERNEL_SVC: creating session with uuid: 'cd6724c6-56b8-489d-ac4b-ba8173a430f9' and name 'vitis-run_compile_work'
Thu Apr  2 04:25:21 2026: GUIDANCE_SMGR: creating guidance session with uuid: 'cd6724c6-56b8-489d-ac4b-ba8173a430f9' and name 'vitis-run_compile_work'
Thu Apr  2 04:25:21 2026: SYSTEM_DIAGRAM: creating session with uuid: 'cd6724c6-56b8-489d-ac4b-ba8173a430f9' and name 'vitis-run_compile_work'
Thu Apr  2 04:25:25 2026: Dispatch Server: Accepted socket connection from client
Thu Apr  2 04:25:25 2026: Starting Socket connection
Thu Apr  2 04:25:29 2026: SESSION_MGR: closing session for UUID 'cd6724c6-56b8-489d-ac4b-ba8173a430f9' with name 'vitis-run_compile_work'
Thu Apr  2 04:25:29 2026: KERNEL_SVC: closing session for UUID 'cd6724c6-56b8-489d-ac4b-ba8173a430f9' with name 'vitis-run_compile_work'
Thu Apr  2 04:25:29 2026: GUIDANCE_SMGR: closing session for UUID 'cd6724c6-56b8-489d-ac4b-ba8173a430f9' with name 'vitis-run_compile_work'
Thu Apr  2 04:25:29 2026: SYSTEM_DIAGRAM: closing session for UUID 'cd6724c6-56b8-489d-ac4b-ba8173a430f9' with name 'vitis-run_compile_work'
Thu Apr  2 04:25:29 2026: STOP_SERVER received, server token: 0f720285-267e-4090-bc1a-94910f8caf0a, passed token: 0f720285-267e-4090-bc1a-94910f8caf0a
Thu Apr  2 04:25:29 2026: Socket received request to stop server.
Thu Apr  2 04:25:29 2026: Dispatch Server: do_await_stop
Thu Apr  2 04:25:29 2026: Dispatch Server: stopping mainFifo_
Thu Apr  2 04:25:29 2026: XCD main fifo: Stopping
Thu Apr  2 04:25:29 2026: XCD main fifo: do_read error code: Operation canceled
Thu Apr  2 04:25:29 2026: XCD main fifo: bytes_transferred: 0
Thu Apr  2 04:25:29 2026: SERVER: destructor for server bound to port 35355
Thu Apr  2 04:25:29 2026: XCD main fifo: Good unlink of /tmp/xcdmain0f720285-267e-4090-bc1a-94910f8caf0a
Thu Apr  2 04:25:29 2026: Server exiting with status 0.
Thu Apr  2 04:25:29 2026: Closing log file.
Thu Apr  2 04:26:26 2026: Running xcd server. This server was built by gradle.
Thu Apr  2 04:26:26 2026: Server was asked to start on port: '35463'
Thu Apr  2 04:26:26 2026: Server is using token UUID: '76f898e8-45da-40ee-acd9-aa16f94c2dfe'
Thu Apr  2 04:26:26 2026: SESSION_MGR: creating session with session uuid: '6d04a3e9-ade5-4ab9-8d63-1f78fcd2ec76' and name 'default'
Thu Apr  2 04:26:26 2026: Attempting to start server on port '35463'
Thu Apr  2 04:26:26 2026: XCD main fifo: created main fifo '/tmp/xcdmain76f898e8-45da-40ee-acd9-aa16f94c2dfe', fd read = 13
Thu Apr  2 04:26:26 2026: Running Dispatch Server
Thu Apr  2 04:26:26 2026: Version 2.2.0
Thu Apr  2 04:26:27 2026: Dispatch Server: Accepted socket connection from client
Thu Apr  2 04:26:27 2026: Starting Socket connection
Thu Apr  2 04:26:27 2026: EXCHANGE_TOKEN received, server token: 76f898e8-45da-40ee-acd9-aa16f94c2dfe, passed token: 76f898e8-45da-40ee-acd9-aa16f94c2dfe
Thu Apr  2 04:26:27 2026: DISPATCH_HANDLER: Adding handler from function makeHandler in library libxv_system_diagram
Thu Apr  2 04:26:27 2026: SESSION_MGR: creating session with session uuid: '8fb98a75-77f2-4a65-ae65-f1e8e166cee4' and name 'vitis-run_compile_work'
Thu Apr  2 04:26:27 2026: KERNEL_SVC: creating session with uuid: '8fb98a75-77f2-4a65-ae65-f1e8e166cee4' and name 'vitis-run_compile_work'
Thu Apr  2 04:26:27 2026: GUIDANCE_SMGR: creating guidance session with uuid: '8fb98a75-77f2-4a65-ae65-f1e8e166cee4' and name 'vitis-run_compile_work'
Thu Apr  2 04:26:27 2026: SYSTEM_DIAGRAM: creating session with uuid: '8fb98a75-77f2-4a65-ae65-f1e8e166cee4' and name 'vitis-run_compile_work'
Thu Apr  2 04:26:31 2026: Dispatch Server: Accepted socket connection from client
Thu Apr  2 04:26:31 2026: Starting Socket connection
Thu Apr  2 04:26:35 2026: SESSION_MGR: closing session for UUID '8fb98a75-77f2-4a65-ae65-f1e8e166cee4' with name 'vitis-run_compile_work'
Thu Apr  2 04:26:35 2026: KERNEL_SVC: closing session for UUID '8fb98a75-77f2-4a65-ae65-f1e8e166cee4' with name 'vitis-run_compile_work'
Thu Apr  2 04:26:35 2026: GUIDANCE_SMGR: closing session for UUID '8fb98a75-77f2-4a65-ae65-f1e8e166cee4' with name 'vitis-run_compile_work'
Thu Apr  2 04:26:35 2026: SYSTEM_DIAGRAM: closing session for UUID '8fb98a75-77f2-4a65-ae65-f1e8e166cee4' with name 'vitis-run_compile_work'
Thu Apr  2 04:26:35 2026: STOP_SERVER received, server token: 76f898e8-45da-40ee-acd9-aa16f94c2dfe, passed token: 76f898e8-45da-40ee-acd9-aa16f94c2dfe
Thu Apr  2 04:26:35 2026: Socket received request to stop server.
Thu Apr  2 04:26:35 2026: Dispatch Server: do_await_stop
Thu Apr  2 04:26:35 2026: Dispatch Server: stopping mainFifo_
Thu Apr  2 04:26:35 2026: XCD main fifo: Stopping
Thu Apr  2 04:26:35 2026: XCD main fifo: do_read error code: Operation canceled
Thu Apr  2 04:26:35 2026: XCD main fifo: bytes_transferred: 0
Thu Apr  2 04:26:35 2026: SERVER: destructor for server bound to port 35463
Thu Apr  2 04:26:35 2026: XCD main fifo: Good unlink of /tmp/xcdmain76f898e8-45da-40ee-acd9-aa16f94c2dfe
Thu Apr  2 04:26:35 2026: Server exiting with status 0.
Thu Apr  2 04:26:35 2026: Closing log file.
Thu Apr  2 04:27:47 2026: Running xcd server. This server was built by gradle.
Thu Apr  2 04:27:47 2026: Server was asked to start on port: '42751'
Thu Apr  2 04:27:47 2026: Server is using token UUID: 'f19530ab-89f1-4197-81e1-9137b0890c46'
Thu Apr  2 04:27:47 2026: SESSION_MGR: creating session with session uuid: '6d04a3e9-ade5-4ab9-8d63-1f78fcd2ec76' and name 'default'
Thu Apr  2 04:27:47 2026: Attempting to start server on port '42751'
Thu Apr  2 04:27:47 2026: XCD main fifo: created main fifo '/tmp/xcdmainf19530ab-89f1-4197-81e1-9137b0890c46', fd read = 13
Thu Apr  2 04:27:47 2026: Running Dispatch Server
Thu Apr  2 04:27:47 2026: Version 2.2.0
Thu Apr  2 04:27:48 2026: Dispatch Server: Accepted socket connection from client
Thu Apr  2 04:27:48 2026: Starting Socket connection
Thu Apr  2 04:27:48 2026: EXCHANGE_TOKEN received, server token: f19530ab-89f1-4197-81e1-9137b0890c46, passed token: f19530ab-89f1-4197-81e1-9137b0890c46
Thu Apr  2 04:27:48 2026: DISPATCH_HANDLER: Adding handler from function makeHandler in library libxv_system_diagram
Thu Apr  2 04:27:48 2026: SESSION_MGR: creating session with session uuid: '7809f512-cfae-4a84-bac6-c0b9a0d74307' and name 'vitis-run_compile_work'
Thu Apr  2 04:27:48 2026: KERNEL_SVC: creating session with uuid: '7809f512-cfae-4a84-bac6-c0b9a0d74307' and name 'vitis-run_compile_work'
Thu Apr  2 04:27:48 2026: GUIDANCE_SMGR: creating guidance session with uuid: '7809f512-cfae-4a84-bac6-c0b9a0d74307' and name 'vitis-run_compile_work'
Thu Apr  2 04:27:48 2026: SYSTEM_DIAGRAM: creating session with uuid: '7809f512-cfae-4a84-bac6-c0b9a0d74307' and name 'vitis-run_compile_work'
Thu Apr  2 04:27:52 2026: Dispatch Server: Accepted socket connection from client
Thu Apr  2 04:27:52 2026: Starting Socket connection
Thu Apr  2 04:27:56 2026: SESSION_MGR: closing session for UUID '7809f512-cfae-4a84-bac6-c0b9a0d74307' with name 'vitis-run_compile_work'
Thu Apr  2 04:27:56 2026: KERNEL_SVC: closing session for UUID '7809f512-cfae-4a84-bac6-c0b9a0d74307' with name 'vitis-run_compile_work'
Thu Apr  2 04:27:56 2026: GUIDANCE_SMGR: closing session for UUID '7809f512-cfae-4a84-bac6-c0b9a0d74307' with name 'vitis-run_compile_work'
Thu Apr  2 04:27:56 2026: SYSTEM_DIAGRAM: closing session for UUID '7809f512-cfae-4a84-bac6-c0b9a0d74307' with name 'vitis-run_compile_work'
Thu Apr  2 04:27:56 2026: STOP_SERVER received, server token: f19530ab-89f1-4197-81e1-9137b0890c46, passed token: f19530ab-89f1-4197-81e1-9137b0890c46
Thu Apr  2 04:27:56 2026: Socket received request to stop server.
Thu Apr  2 04:27:56 2026: Dispatch Server: do_await_stop
Thu Apr  2 04:27:56 2026: Dispatch Server: stopping mainFifo_
Thu Apr  2 04:27:56 2026: XCD main fifo: Stopping
Thu Apr  2 04:27:56 2026: XCD main fifo: do_read error code: Operation canceled
Thu Apr  2 04:27:56 2026: XCD main fifo: bytes_transferred: 0
Thu Apr  2 04:27:56 2026: SERVER: destructor for server bound to port 42751
Thu Apr  2 04:27:56 2026: XCD main fifo: Good unlink of /tmp/xcdmainf19530ab-89f1-4197-81e1-9137b0890c46
Thu Apr  2 04:27:56 2026: Server exiting with status 0.
Thu Apr  2 04:27:56 2026: Closing log file.
Thu Apr  2 04:47:43 2026: Running xcd server. This server was built by gradle.
Thu Apr  2 04:47:43 2026: Server was asked to start on port: '44249'
Thu Apr  2 04:47:43 2026: Server is using token UUID: '1e0c9daf-6e70-4f93-ab4f-c907767683fd'
Thu Apr  2 04:47:43 2026: SESSION_MGR: creating session with session uuid: '6d04a3e9-ade5-4ab9-8d63-1f78fcd2ec76' and name 'default'
Thu Apr  2 04:47:43 2026: Attempting to start server on port '44249'
Thu Apr  2 04:47:43 2026: XCD main fifo: created main fifo '/tmp/xcdmain1e0c9daf-6e70-4f93-ab4f-c907767683fd', fd read = 13
Thu Apr  2 04:47:43 2026: Running Dispatch Server
Thu Apr  2 04:47:43 2026: Version 2.2.0
Thu Apr  2 04:47:44 2026: Dispatch Server: Accepted socket connection from client
Thu Apr  2 04:47:44 2026: Starting Socket connection
Thu Apr  2 04:47:44 2026: EXCHANGE_TOKEN received, server token: 1e0c9daf-6e70-4f93-ab4f-c907767683fd, passed token: 1e0c9daf-6e70-4f93-ab4f-c907767683fd
Thu Apr  2 04:47:44 2026: DISPATCH_HANDLER: Adding handler from function makeHandler in library libxv_system_diagram
Thu Apr  2 04:47:44 2026: SESSION_MGR: creating session with session uuid: '7218e012-a142-45a6-a8f7-022f07abfc6e' and name 'vitis-run_compile_work'
Thu Apr  2 04:47:44 2026: KERNEL_SVC: creating session with uuid: '7218e012-a142-45a6-a8f7-022f07abfc6e' and name 'vitis-run_compile_work'
Thu Apr  2 04:47:44 2026: GUIDANCE_SMGR: creating guidance session with uuid: '7218e012-a142-45a6-a8f7-022f07abfc6e' and name 'vitis-run_compile_work'
Thu Apr  2 04:47:44 2026: SYSTEM_DIAGRAM: creating session with uuid: '7218e012-a142-45a6-a8f7-022f07abfc6e' and name 'vitis-run_compile_work'
Thu Apr  2 04:47:48 2026: Dispatch Server: Accepted socket connection from client
Thu Apr  2 04:47:48 2026: Starting Socket connection
Thu Apr  2 04:47:52 2026: SESSION_MGR: closing session for UUID '7218e012-a142-45a6-a8f7-022f07abfc6e' with name 'vitis-run_compile_work'
Thu Apr  2 04:47:52 2026: KERNEL_SVC: closing session for UUID '7218e012-a142-45a6-a8f7-022f07abfc6e' with name 'vitis-run_compile_work'
Thu Apr  2 04:47:52 2026: GUIDANCE_SMGR: closing session for UUID '7218e012-a142-45a6-a8f7-022f07abfc6e' with name 'vitis-run_compile_work'
Thu Apr  2 04:47:52 2026: SYSTEM_DIAGRAM: closing session for UUID '7218e012-a142-45a6-a8f7-022f07abfc6e' with name 'vitis-run_compile_work'
Thu Apr  2 04:47:52 2026: STOP_SERVER received, server token: 1e0c9daf-6e70-4f93-ab4f-c907767683fd, passed token: 1e0c9daf-6e70-4f93-ab4f-c907767683fd
Thu Apr  2 04:47:52 2026: Socket received request to stop server.
Thu Apr  2 04:47:52 2026: Dispatch Server: do_await_stop
Thu Apr  2 04:47:52 2026: Dispatch Server: stopping mainFifo_
Thu Apr  2 04:47:52 2026: XCD main fifo: Stopping
Thu Apr  2 04:47:52 2026: XCD main fifo: do_read error code: Operation canceled
Thu Apr  2 04:47:52 2026: XCD main fifo: bytes_transferred: 0
Thu Apr  2 04:47:52 2026: SERVER: destructor for server bound to port 44249
Thu Apr  2 04:47:52 2026: XCD main fifo: Good unlink of /tmp/xcdmain1e0c9daf-6e70-4f93-ab4f-c907767683fd
Thu Apr  2 04:47:52 2026: Server exiting with status 0.
Thu Apr  2 04:47:52 2026: Closing log file.
Thu Apr  2 04:48:45 2026: Running xcd server. This server was built by gradle.
Thu Apr  2 04:48:45 2026: Server was asked to start on port: '36543'
Thu Apr  2 04:48:45 2026: Server is using token UUID: 'feb0cf09-6123-4745-b783-bb75fad7c97c'
Thu Apr  2 04:48:45 2026: SESSION_MGR: creating session with session uuid: '6d04a3e9-ade5-4ab9-8d63-1f78fcd2ec76' and name 'default'
Thu Apr  2 04:48:45 2026: Attempting to start server on port '36543'
Thu Apr  2 04:48:45 2026: XCD main fifo: created main fifo '/tmp/xcdmainfeb0cf09-6123-4745-b783-bb75fad7c97c', fd read = 13
Thu Apr  2 04:48:45 2026: Running Dispatch Server
Thu Apr  2 04:48:45 2026: Version 2.2.0
Thu Apr  2 04:48:46 2026: Dispatch Server: Accepted socket connection from client
Thu Apr  2 04:48:46 2026: Starting Socket connection
Thu Apr  2 04:48:46 2026: EXCHANGE_TOKEN received, server token: feb0cf09-6123-4745-b783-bb75fad7c97c, passed token: feb0cf09-6123-4745-b783-bb75fad7c97c
Thu Apr  2 04:48:46 2026: DISPATCH_HANDLER: Adding handler from function makeHandler in library libxv_system_diagram
Thu Apr  2 04:48:46 2026: SESSION_MGR: creating session with session uuid: '2f5b7cf6-6746-4a6f-bd41-00821c2c1ec6' and name 'vitis-run_compile_work'
Thu Apr  2 04:48:46 2026: KERNEL_SVC: creating session with uuid: '2f5b7cf6-6746-4a6f-bd41-00821c2c1ec6' and name 'vitis-run_compile_work'
Thu Apr  2 04:48:46 2026: GUIDANCE_SMGR: creating guidance session with uuid: '2f5b7cf6-6746-4a6f-bd41-00821c2c1ec6' and name 'vitis-run_compile_work'
Thu Apr  2 04:48:46 2026: SYSTEM_DIAGRAM: creating session with uuid: '2f5b7cf6-6746-4a6f-bd41-00821c2c1ec6' and name 'vitis-run_compile_work'
Thu Apr  2 04:48:50 2026: Dispatch Server: Accepted socket connection from client
Thu Apr  2 04:48:50 2026: Starting Socket connection
Thu Apr  2 04:48:54 2026: SESSION_MGR: closing session for UUID '2f5b7cf6-6746-4a6f-bd41-00821c2c1ec6' with name 'vitis-run_compile_work'
Thu Apr  2 04:48:54 2026: KERNEL_SVC: closing session for UUID '2f5b7cf6-6746-4a6f-bd41-00821c2c1ec6' with name 'vitis-run_compile_work'
Thu Apr  2 04:48:54 2026: GUIDANCE_SMGR: closing session for UUID '2f5b7cf6-6746-4a6f-bd41-00821c2c1ec6' with name 'vitis-run_compile_work'
Thu Apr  2 04:48:54 2026: SYSTEM_DIAGRAM: closing session for UUID '2f5b7cf6-6746-4a6f-bd41-00821c2c1ec6' with name 'vitis-run_compile_work'
Thu Apr  2 04:48:54 2026: STOP_SERVER received, server token: feb0cf09-6123-4745-b783-bb75fad7c97c, passed token: feb0cf09-6123-4745-b783-bb75fad7c97c
Thu Apr  2 04:48:54 2026: Socket received request to stop server.
Thu Apr  2 04:48:54 2026: Dispatch Server: do_await_stop
Thu Apr  2 04:48:54 2026: Dispatch Server: stopping mainFifo_
Thu Apr  2 04:48:54 2026: XCD main fifo: Stopping
Thu Apr  2 04:48:54 2026: XCD main fifo: do_read error code: Operation canceled
Thu Apr  2 04:48:54 2026: XCD main fifo: bytes_transferred: 0
Thu Apr  2 04:48:54 2026: SERVER: destructor for server bound to port 36543
Thu Apr  2 04:48:54 2026: XCD main fifo: Good unlink of /tmp/xcdmainfeb0cf09-6123-4745-b783-bb75fad7c97c
Thu Apr  2 04:48:54 2026: Server exiting with status 0.
Thu Apr  2 04:48:54 2026: Closing log file.
Thu Apr  2 04:49:46 2026: Running xcd server. This server was built by gradle.
Thu Apr  2 04:49:46 2026: Server was asked to start on port: '45003'
Thu Apr  2 04:49:46 2026: Server is using token UUID: '916dd3bf-26f5-48d6-a39c-f69283bff337'
Thu Apr  2 04:49:46 2026: SESSION_MGR: creating session with session uuid: '6d04a3e9-ade5-4ab9-8d63-1f78fcd2ec76' and name 'default'
Thu Apr  2 04:49:46 2026: Attempting to start server on port '45003'
Thu Apr  2 04:49:46 2026: XCD main fifo: created main fifo '/tmp/xcdmain916dd3bf-26f5-48d6-a39c-f69283bff337', fd read = 13
Thu Apr  2 04:49:46 2026: Running Dispatch Server
Thu Apr  2 04:49:46 2026: Version 2.2.0
Thu Apr  2 04:49:47 2026: Dispatch Server: Accepted socket connection from client
Thu Apr  2 04:49:47 2026: Starting Socket connection
Thu Apr  2 04:49:47 2026: EXCHANGE_TOKEN received, server token: 916dd3bf-26f5-48d6-a39c-f69283bff337, passed token: 916dd3bf-26f5-48d6-a39c-f69283bff337
Thu Apr  2 04:49:47 2026: DISPATCH_HANDLER: Adding handler from function makeHandler in library libxv_system_diagram
Thu Apr  2 04:49:47 2026: SESSION_MGR: creating session with session uuid: '4fac3860-6274-4ebc-9d82-f119063ecd25' and name 'vitis-run_compile_work'
Thu Apr  2 04:49:47 2026: KERNEL_SVC: creating session with uuid: '4fac3860-6274-4ebc-9d82-f119063ecd25' and name 'vitis-run_compile_work'
Thu Apr  2 04:49:47 2026: GUIDANCE_SMGR: creating guidance session with uuid: '4fac3860-6274-4ebc-9d82-f119063ecd25' and name 'vitis-run_compile_work'
Thu Apr  2 04:49:47 2026: SYSTEM_DIAGRAM: creating session with uuid: '4fac3860-6274-4ebc-9d82-f119063ecd25' and name 'vitis-run_compile_work'
Thu Apr  2 04:49:51 2026: Dispatch Server: Accepted socket connection from client
Thu Apr  2 04:49:51 2026: Starting Socket connection
Thu Apr  2 04:49:55 2026: SESSION_MGR: closing session for UUID '4fac3860-6274-4ebc-9d82-f119063ecd25' with name 'vitis-run_compile_work'
Thu Apr  2 04:49:55 2026: KERNEL_SVC: closing session for UUID '4fac3860-6274-4ebc-9d82-f119063ecd25' with name 'vitis-run_compile_work'
Thu Apr  2 04:49:55 2026: GUIDANCE_SMGR: closing session for UUID '4fac3860-6274-4ebc-9d82-f119063ecd25' with name 'vitis-run_compile_work'
Thu Apr  2 04:49:55 2026: SYSTEM_DIAGRAM: closing session for UUID '4fac3860-6274-4ebc-9d82-f119063ecd25' with name 'vitis-run_compile_work'
Thu Apr  2 04:49:55 2026: STOP_SERVER received, server token: 916dd3bf-26f5-48d6-a39c-f69283bff337, passed token: 916dd3bf-26f5-48d6-a39c-f69283bff337
Thu Apr  2 04:49:55 2026: Socket received request to stop server.
Thu Apr  2 04:49:55 2026: Dispatch Server: do_await_stop
Thu Apr  2 04:49:55 2026: Dispatch Server: stopping mainFifo_
Thu Apr  2 04:49:55 2026: XCD main fifo: Stopping
Thu Apr  2 04:49:55 2026: XCD main fifo: do_read error code: Operation canceled
Thu Apr  2 04:49:55 2026: XCD main fifo: bytes_transferred: 0
Thu Apr  2 04:49:55 2026: SERVER: destructor for server bound to port 45003
Thu Apr  2 04:49:55 2026: XCD main fifo: Good unlink of /tmp/xcdmain916dd3bf-26f5-48d6-a39c-f69283bff337
Thu Apr  2 04:49:55 2026: Server exiting with status 0.
Thu Apr  2 04:49:55 2026: Closing log file.
Thu Apr  2 04:50:50 2026: Running xcd server. This server was built by gradle.
Thu Apr  2 04:50:50 2026: Server was asked to start on port: '44311'
Thu Apr  2 04:50:50 2026: Server is using token UUID: 'c3a36b9f-3220-41d6-a88d-fb1817b7b6db'
Thu Apr  2 04:50:50 2026: SESSION_MGR: creating session with session uuid: '6d04a3e9-ade5-4ab9-8d63-1f78fcd2ec76' and name 'default'
Thu Apr  2 04:50:50 2026: Attempting to start server on port '44311'
Thu Apr  2 04:50:50 2026: XCD main fifo: created main fifo '/tmp/xcdmainc3a36b9f-3220-41d6-a88d-fb1817b7b6db', fd read = 13
Thu Apr  2 04:50:50 2026: Running Dispatch Server
Thu Apr  2 04:50:50 2026: Version 2.2.0
Thu Apr  2 04:50:50 2026: Dispatch Server: Accepted socket connection from client
Thu Apr  2 04:50:50 2026: Starting Socket connection
Thu Apr  2 04:50:50 2026: EXCHANGE_TOKEN received, server token: c3a36b9f-3220-41d6-a88d-fb1817b7b6db, passed token: c3a36b9f-3220-41d6-a88d-fb1817b7b6db
Thu Apr  2 04:50:51 2026: DISPATCH_HANDLER: Adding handler from function makeHandler in library libxv_system_diagram
Thu Apr  2 04:50:51 2026: SESSION_MGR: creating session with session uuid: '4102ff96-6bad-4e84-adbf-207a60c322b9' and name 'vitis-run_compile_work'
Thu Apr  2 04:50:51 2026: KERNEL_SVC: creating session with uuid: '4102ff96-6bad-4e84-adbf-207a60c322b9' and name 'vitis-run_compile_work'
Thu Apr  2 04:50:51 2026: GUIDANCE_SMGR: creating guidance session with uuid: '4102ff96-6bad-4e84-adbf-207a60c322b9' and name 'vitis-run_compile_work'
Thu Apr  2 04:50:51 2026: SYSTEM_DIAGRAM: creating session with uuid: '4102ff96-6bad-4e84-adbf-207a60c322b9' and name 'vitis-run_compile_work'
Thu Apr  2 04:50:55 2026: Dispatch Server: Accepted socket connection from client
Thu Apr  2 04:50:55 2026: Starting Socket connection
Thu Apr  2 04:50:59 2026: SESSION_MGR: closing session for UUID '4102ff96-6bad-4e84-adbf-207a60c322b9' with name 'vitis-run_compile_work'
Thu Apr  2 04:50:59 2026: KERNEL_SVC: closing session for UUID '4102ff96-6bad-4e84-adbf-207a60c322b9' with name 'vitis-run_compile_work'
Thu Apr  2 04:50:59 2026: GUIDANCE_SMGR: closing session for UUID '4102ff96-6bad-4e84-adbf-207a60c322b9' with name 'vitis-run_compile_work'
Thu Apr  2 04:50:59 2026: SYSTEM_DIAGRAM: closing session for UUID '4102ff96-6bad-4e84-adbf-207a60c322b9' with name 'vitis-run_compile_work'
Thu Apr  2 04:50:59 2026: STOP_SERVER received, server token: c3a36b9f-3220-41d6-a88d-fb1817b7b6db, passed token: c3a36b9f-3220-41d6-a88d-fb1817b7b6db
Thu Apr  2 04:50:59 2026: Socket received request to stop server.
Thu Apr  2 04:50:59 2026: Dispatch Server: do_await_stop
Thu Apr  2 04:50:59 2026: Dispatch Server: stopping mainFifo_
Thu Apr  2 04:50:59 2026: XCD main fifo: Stopping
Thu Apr  2 04:50:59 2026: XCD main fifo: do_read error code: Operation canceled
Thu Apr  2 04:50:59 2026: XCD main fifo: bytes_transferred: 0
Thu Apr  2 04:50:59 2026: SERVER: destructor for server bound to port 44311
Thu Apr  2 04:50:59 2026: XCD main fifo: Good unlink of /tmp/xcdmainc3a36b9f-3220-41d6-a88d-fb1817b7b6db
Thu Apr  2 04:50:59 2026: Server exiting with status 0.
Thu Apr  2 04:50:59 2026: Closing log file.
Thu Apr  2 04:51:21 2026: Running xcd server. This server was built by gradle.
Thu Apr  2 04:51:21 2026: Server was asked to start on port: '34915'
Thu Apr  2 04:51:21 2026: Server is using token UUID: '1afecba2-dd44-4f25-8e14-512016a8a43f'
Thu Apr  2 04:51:21 2026: SESSION_MGR: creating session with session uuid: '6d04a3e9-ade5-4ab9-8d63-1f78fcd2ec76' and name 'default'
Thu Apr  2 04:51:21 2026: Attempting to start server on port '34915'
Thu Apr  2 04:51:21 2026: XCD main fifo: created main fifo '/tmp/xcdmain1afecba2-dd44-4f25-8e14-512016a8a43f', fd read = 13
Thu Apr  2 04:51:21 2026: Running Dispatch Server
Thu Apr  2 04:51:21 2026: Version 2.2.0
Thu Apr  2 04:51:22 2026: Dispatch Server: Accepted socket connection from client
Thu Apr  2 04:51:22 2026: Starting Socket connection
Thu Apr  2 04:51:22 2026: EXCHANGE_TOKEN received, server token: 1afecba2-dd44-4f25-8e14-512016a8a43f, passed token: 1afecba2-dd44-4f25-8e14-512016a8a43f
Thu Apr  2 04:51:22 2026: DISPATCH_HANDLER: Adding handler from function makeHandler in library libxv_system_diagram
Thu Apr  2 04:51:22 2026: SESSION_MGR: creating session with session uuid: '997e8937-4e2a-49aa-825d-74bc8fc4f2fd' and name 'vitis-run_compile_work'
Thu Apr  2 04:51:22 2026: KERNEL_SVC: creating session with uuid: '997e8937-4e2a-49aa-825d-74bc8fc4f2fd' and name 'vitis-run_compile_work'
Thu Apr  2 04:51:22 2026: GUIDANCE_SMGR: creating guidance session with uuid: '997e8937-4e2a-49aa-825d-74bc8fc4f2fd' and name 'vitis-run_compile_work'
Thu Apr  2 04:51:22 2026: SYSTEM_DIAGRAM: creating session with uuid: '997e8937-4e2a-49aa-825d-74bc8fc4f2fd' and name 'vitis-run_compile_work'
Thu Apr  2 04:51:26 2026: Dispatch Server: Accepted socket connection from client
Thu Apr  2 04:51:26 2026: Starting Socket connection
Thu Apr  2 04:51:30 2026: SESSION_MGR: closing session for UUID '997e8937-4e2a-49aa-825d-74bc8fc4f2fd' with name 'vitis-run_compile_work'
Thu Apr  2 04:51:30 2026: KERNEL_SVC: closing session for UUID '997e8937-4e2a-49aa-825d-74bc8fc4f2fd' with name 'vitis-run_compile_work'
Thu Apr  2 04:51:30 2026: GUIDANCE_SMGR: closing session for UUID '997e8937-4e2a-49aa-825d-74bc8fc4f2fd' with name 'vitis-run_compile_work'
Thu Apr  2 04:51:30 2026: SYSTEM_DIAGRAM: closing session for UUID '997e8937-4e2a-49aa-825d-74bc8fc4f2fd' with name 'vitis-run_compile_work'
Thu Apr  2 04:51:30 2026: STOP_SERVER received, server token: 1afecba2-dd44-4f25-8e14-512016a8a43f, passed token: 1afecba2-dd44-4f25-8e14-512016a8a43f
Thu Apr  2 04:51:30 2026: Socket received request to stop server.
Thu Apr  2 04:51:30 2026: Dispatch Server: do_await_stop
Thu Apr  2 04:51:30 2026: Dispatch Server: stopping mainFifo_
Thu Apr  2 04:51:30 2026: XCD main fifo: Stopping
Thu Apr  2 04:51:30 2026: XCD main fifo: do_read error code: Operation canceled
Thu Apr  2 04:51:30 2026: XCD main fifo: bytes_transferred: 0
Thu Apr  2 04:51:30 2026: SERVER: destructor for server bound to port 34915
Thu Apr  2 04:51:30 2026: XCD main fifo: Good unlink of /tmp/xcdmain1afecba2-dd44-4f25-8e14-512016a8a43f
Thu Apr  2 04:51:30 2026: Server exiting with status 0.
Thu Apr  2 04:51:30 2026: Closing log file.
Thu Apr  2 04:52:20 2026: Running xcd server. This server was built by gradle.
Thu Apr  2 04:52:20 2026: Server was asked to start on port: '33211'
Thu Apr  2 04:52:20 2026: Server is using token UUID: '3da3c389-a52c-4241-b332-4bacddeecba9'
Thu Apr  2 04:52:20 2026: SESSION_MGR: creating session with session uuid: '6d04a3e9-ade5-4ab9-8d63-1f78fcd2ec76' and name 'default'
Thu Apr  2 04:52:20 2026: Attempting to start server on port '33211'
Thu Apr  2 04:52:20 2026: XCD main fifo: created main fifo '/tmp/xcdmain3da3c389-a52c-4241-b332-4bacddeecba9', fd read = 13
Thu Apr  2 04:52:20 2026: Running Dispatch Server
Thu Apr  2 04:52:20 2026: Version 2.2.0
Thu Apr  2 04:52:21 2026: Dispatch Server: Accepted socket connection from client
Thu Apr  2 04:52:21 2026: Starting Socket connection
Thu Apr  2 04:52:21 2026: EXCHANGE_TOKEN received, server token: 3da3c389-a52c-4241-b332-4bacddeecba9, passed token: 3da3c389-a52c-4241-b332-4bacddeecba9
Thu Apr  2 04:52:21 2026: DISPATCH_HANDLER: Adding handler from function makeHandler in library libxv_system_diagram
Thu Apr  2 04:52:21 2026: SESSION_MGR: creating session with session uuid: '6a58c1c9-5aa2-403e-9f76-00a5cf5ffde2' and name 'vitis-run_compile_work'
Thu Apr  2 04:52:21 2026: KERNEL_SVC: creating session with uuid: '6a58c1c9-5aa2-403e-9f76-00a5cf5ffde2' and name 'vitis-run_compile_work'
Thu Apr  2 04:52:21 2026: GUIDANCE_SMGR: creating guidance session with uuid: '6a58c1c9-5aa2-403e-9f76-00a5cf5ffde2' and name 'vitis-run_compile_work'
Thu Apr  2 04:52:21 2026: SYSTEM_DIAGRAM: creating session with uuid: '6a58c1c9-5aa2-403e-9f76-00a5cf5ffde2' and name 'vitis-run_compile_work'
Thu Apr  2 04:52:25 2026: Dispatch Server: Accepted socket connection from client
Thu Apr  2 04:52:25 2026: Starting Socket connection
Thu Apr  2 04:52:29 2026: SESSION_MGR: closing session for UUID '6a58c1c9-5aa2-403e-9f76-00a5cf5ffde2' with name 'vitis-run_compile_work'
Thu Apr  2 04:52:29 2026: KERNEL_SVC: closing session for UUID '6a58c1c9-5aa2-403e-9f76-00a5cf5ffde2' with name 'vitis-run_compile_work'
Thu Apr  2 04:52:29 2026: GUIDANCE_SMGR: closing session for UUID '6a58c1c9-5aa2-403e-9f76-00a5cf5ffde2' with name 'vitis-run_compile_work'
Thu Apr  2 04:52:29 2026: SYSTEM_DIAGRAM: closing session for UUID '6a58c1c9-5aa2-403e-9f76-00a5cf5ffde2' with name 'vitis-run_compile_work'
Thu Apr  2 04:52:29 2026: STOP_SERVER received, server token: 3da3c389-a52c-4241-b332-4bacddeecba9, passed token: 3da3c389-a52c-4241-b332-4bacddeecba9
Thu Apr  2 04:52:29 2026: Socket received request to stop server.
Thu Apr  2 04:52:29 2026: Dispatch Server: do_await_stop
Thu Apr  2 04:52:29 2026: Dispatch Server: stopping mainFifo_
Thu Apr  2 04:52:29 2026: XCD main fifo: Stopping
Thu Apr  2 04:52:29 2026: XCD main fifo: do_read error code: Operation canceled
Thu Apr  2 04:52:29 2026: XCD main fifo: bytes_transferred: 0
Thu Apr  2 04:52:29 2026: SERVER: destructor for server bound to port 33211
Thu Apr  2 04:52:29 2026: XCD main fifo: Good unlink of /tmp/xcdmain3da3c389-a52c-4241-b332-4bacddeecba9
Thu Apr  2 04:52:29 2026: Server exiting with status 0.
Thu Apr  2 04:52:29 2026: Closing log file.
Thu Apr  2 04:53:31 2026: Running xcd server. This server was built by gradle.
Thu Apr  2 04:53:31 2026: Server was asked to start on port: '43625'
Thu Apr  2 04:53:31 2026: Server is using token UUID: '63647163-7636-4862-a0d0-dd078ff4211d'
Thu Apr  2 04:53:31 2026: SESSION_MGR: creating session with session uuid: '6d04a3e9-ade5-4ab9-8d63-1f78fcd2ec76' and name 'default'
Thu Apr  2 04:53:31 2026: Attempting to start server on port '43625'
Thu Apr  2 04:53:31 2026: XCD main fifo: created main fifo '/tmp/xcdmain63647163-7636-4862-a0d0-dd078ff4211d', fd read = 13
Thu Apr  2 04:53:31 2026: Running Dispatch Server
Thu Apr  2 04:53:31 2026: Version 2.2.0
Thu Apr  2 04:53:32 2026: Dispatch Server: Accepted socket connection from client
Thu Apr  2 04:53:32 2026: Starting Socket connection
Thu Apr  2 04:53:32 2026: EXCHANGE_TOKEN received, server token: 63647163-7636-4862-a0d0-dd078ff4211d, passed token: 63647163-7636-4862-a0d0-dd078ff4211d
Thu Apr  2 04:53:32 2026: DISPATCH_HANDLER: Adding handler from function makeHandler in library libxv_system_diagram
Thu Apr  2 04:53:32 2026: SESSION_MGR: creating session with session uuid: '7297c0c2-25bf-4111-afa8-bfe0c7a76331' and name 'vitis-run_compile_work'
Thu Apr  2 04:53:32 2026: KERNEL_SVC: creating session with uuid: '7297c0c2-25bf-4111-afa8-bfe0c7a76331' and name 'vitis-run_compile_work'
Thu Apr  2 04:53:32 2026: GUIDANCE_SMGR: creating guidance session with uuid: '7297c0c2-25bf-4111-afa8-bfe0c7a76331' and name 'vitis-run_compile_work'
Thu Apr  2 04:53:32 2026: SYSTEM_DIAGRAM: creating session with uuid: '7297c0c2-25bf-4111-afa8-bfe0c7a76331' and name 'vitis-run_compile_work'
Thu Apr  2 04:53:36 2026: Dispatch Server: Accepted socket connection from client
Thu Apr  2 04:53:36 2026: Starting Socket connection
Thu Apr  2 04:53:40 2026: SESSION_MGR: closing session for UUID '7297c0c2-25bf-4111-afa8-bfe0c7a76331' with name 'vitis-run_compile_work'
Thu Apr  2 04:53:40 2026: KERNEL_SVC: closing session for UUID '7297c0c2-25bf-4111-afa8-bfe0c7a76331' with name 'vitis-run_compile_work'
Thu Apr  2 04:53:40 2026: GUIDANCE_SMGR: closing session for UUID '7297c0c2-25bf-4111-afa8-bfe0c7a76331' with name 'vitis-run_compile_work'
Thu Apr  2 04:53:40 2026: SYSTEM_DIAGRAM: closing session for UUID '7297c0c2-25bf-4111-afa8-bfe0c7a76331' with name 'vitis-run_compile_work'
Thu Apr  2 04:53:40 2026: STOP_SERVER received, server token: 63647163-7636-4862-a0d0-dd078ff4211d, passed token: 63647163-7636-4862-a0d0-dd078ff4211d
Thu Apr  2 04:53:40 2026: Socket received request to stop server.
Thu Apr  2 04:53:40 2026: Dispatch Server: do_await_stop
Thu Apr  2 04:53:40 2026: Dispatch Server: stopping mainFifo_
Thu Apr  2 04:53:40 2026: XCD main fifo: Stopping
Thu Apr  2 04:53:40 2026: XCD main fifo: do_read error code: Operation canceled
Thu Apr  2 04:53:40 2026: XCD main fifo: bytes_transferred: 0
Thu Apr  2 04:53:40 2026: SERVER: destructor for server bound to port 43625
Thu Apr  2 04:53:40 2026: XCD main fifo: Good unlink of /tmp/xcdmain63647163-7636-4862-a0d0-dd078ff4211d
Thu Apr  2 04:53:40 2026: Server exiting with status 0.
Thu Apr  2 04:53:40 2026: Closing log file.
Thu Apr  2 04:54:52 2026: Running xcd server. This server was built by gradle.
Thu Apr  2 04:54:52 2026: Server was asked to start on port: '35945'
Thu Apr  2 04:54:52 2026: Server is using token UUID: 'e6d23e35-f73a-47f6-9ef1-65e6fdd1c055'
Thu Apr  2 04:54:52 2026: SESSION_MGR: creating session with session uuid: '6d04a3e9-ade5-4ab9-8d63-1f78fcd2ec76' and name 'default'
Thu Apr  2 04:54:52 2026: Attempting to start server on port '35945'
Thu Apr  2 04:54:52 2026: XCD main fifo: created main fifo '/tmp/xcdmaine6d23e35-f73a-47f6-9ef1-65e6fdd1c055', fd read = 13
Thu Apr  2 04:54:52 2026: Running Dispatch Server
Thu Apr  2 04:54:52 2026: Version 2.2.0
Thu Apr  2 04:54:53 2026: Dispatch Server: Accepted socket connection from client
Thu Apr  2 04:54:53 2026: Starting Socket connection
Thu Apr  2 04:54:53 2026: EXCHANGE_TOKEN received, server token: e6d23e35-f73a-47f6-9ef1-65e6fdd1c055, passed token: e6d23e35-f73a-47f6-9ef1-65e6fdd1c055
Thu Apr  2 04:54:53 2026: DISPATCH_HANDLER: Adding handler from function makeHandler in library libxv_system_diagram
Thu Apr  2 04:54:53 2026: SESSION_MGR: creating session with session uuid: 'bd5ebacc-bde4-4b88-baa3-3cc2bf9ce9e1' and name 'vitis-run_compile_work'
Thu Apr  2 04:54:53 2026: KERNEL_SVC: creating session with uuid: 'bd5ebacc-bde4-4b88-baa3-3cc2bf9ce9e1' and name 'vitis-run_compile_work'
Thu Apr  2 04:54:53 2026: GUIDANCE_SMGR: creating guidance session with uuid: 'bd5ebacc-bde4-4b88-baa3-3cc2bf9ce9e1' and name 'vitis-run_compile_work'
Thu Apr  2 04:54:53 2026: SYSTEM_DIAGRAM: creating session with uuid: 'bd5ebacc-bde4-4b88-baa3-3cc2bf9ce9e1' and name 'vitis-run_compile_work'
Thu Apr  2 04:54:57 2026: Dispatch Server: Accepted socket connection from client
Thu Apr  2 04:54:57 2026: Starting Socket connection
Thu Apr  2 04:55:01 2026: SESSION_MGR: closing session for UUID 'bd5ebacc-bde4-4b88-baa3-3cc2bf9ce9e1' with name 'vitis-run_compile_work'
Thu Apr  2 04:55:01 2026: KERNEL_SVC: closing session for UUID 'bd5ebacc-bde4-4b88-baa3-3cc2bf9ce9e1' with name 'vitis-run_compile_work'
Thu Apr  2 04:55:01 2026: GUIDANCE_SMGR: closing session for UUID 'bd5ebacc-bde4-4b88-baa3-3cc2bf9ce9e1' with name 'vitis-run_compile_work'
Thu Apr  2 04:55:01 2026: SYSTEM_DIAGRAM: closing session for UUID 'bd5ebacc-bde4-4b88-baa3-3cc2bf9ce9e1' with name 'vitis-run_compile_work'
Thu Apr  2 04:55:01 2026: STOP_SERVER received, server token: e6d23e35-f73a-47f6-9ef1-65e6fdd1c055, passed token: e6d23e35-f73a-47f6-9ef1-65e6fdd1c055
Thu Apr  2 04:55:01 2026: Socket received request to stop server.
Thu Apr  2 04:55:01 2026: Dispatch Server: do_await_stop
Thu Apr  2 04:55:01 2026: Dispatch Server: stopping mainFifo_
Thu Apr  2 04:55:01 2026: XCD main fifo: Stopping
Thu Apr  2 04:55:01 2026: XCD main fifo: do_read error code: Operation canceled
Thu Apr  2 04:55:01 2026: XCD main fifo: bytes_transferred: 0
Thu Apr  2 04:55:01 2026: SERVER: destructor for server bound to port 35945
Thu Apr  2 04:55:01 2026: XCD main fifo: Good unlink of /tmp/xcdmaine6d23e35-f73a-47f6-9ef1-65e6fdd1c055
Thu Apr  2 04:55:01 2026: Server exiting with status 0.
Thu Apr  2 04:55:01 2026: Closing log file.
Thu Apr  2 04:55:24 2026: Running xcd server. This server was built by gradle.
Thu Apr  2 04:55:24 2026: Server was asked to start on port: '34553'
Thu Apr  2 04:55:24 2026: Server is using token UUID: 'b8ab8d62-c1f5-469d-a76c-637b33b4a48a'
Thu Apr  2 04:55:24 2026: SESSION_MGR: creating session with session uuid: '6d04a3e9-ade5-4ab9-8d63-1f78fcd2ec76' and name 'default'
Thu Apr  2 04:55:24 2026: Attempting to start server on port '34553'
Thu Apr  2 04:55:24 2026: XCD main fifo: created main fifo '/tmp/xcdmainb8ab8d62-c1f5-469d-a76c-637b33b4a48a', fd read = 13
Thu Apr  2 04:55:24 2026: Running Dispatch Server
Thu Apr  2 04:55:24 2026: Version 2.2.0
Thu Apr  2 04:55:25 2026: Dispatch Server: Accepted socket connection from client
Thu Apr  2 04:55:25 2026: Starting Socket connection
Thu Apr  2 04:55:25 2026: EXCHANGE_TOKEN received, server token: b8ab8d62-c1f5-469d-a76c-637b33b4a48a, passed token: b8ab8d62-c1f5-469d-a76c-637b33b4a48a
Thu Apr  2 04:55:25 2026: DISPATCH_HANDLER: Adding handler from function makeHandler in library libxv_system_diagram
Thu Apr  2 04:55:25 2026: SESSION_MGR: creating session with session uuid: '20093c19-6bcd-4cdd-ae98-650e1c4238db' and name 'vitis-run_compile_work'
Thu Apr  2 04:55:25 2026: KERNEL_SVC: creating session with uuid: '20093c19-6bcd-4cdd-ae98-650e1c4238db' and name 'vitis-run_compile_work'
Thu Apr  2 04:55:25 2026: GUIDANCE_SMGR: creating guidance session with uuid: '20093c19-6bcd-4cdd-ae98-650e1c4238db' and name 'vitis-run_compile_work'
Thu Apr  2 04:55:25 2026: SYSTEM_DIAGRAM: creating session with uuid: '20093c19-6bcd-4cdd-ae98-650e1c4238db' and name 'vitis-run_compile_work'
Thu Apr  2 04:55:29 2026: Dispatch Server: Accepted socket connection from client
Thu Apr  2 04:55:29 2026: Starting Socket connection
Thu Apr  2 04:55:33 2026: SESSION_MGR: closing session for UUID '20093c19-6bcd-4cdd-ae98-650e1c4238db' with name 'vitis-run_compile_work'
Thu Apr  2 04:55:33 2026: KERNEL_SVC: closing session for UUID '20093c19-6bcd-4cdd-ae98-650e1c4238db' with name 'vitis-run_compile_work'
Thu Apr  2 04:55:33 2026: GUIDANCE_SMGR: closing session for UUID '20093c19-6bcd-4cdd-ae98-650e1c4238db' with name 'vitis-run_compile_work'
Thu Apr  2 04:55:33 2026: SYSTEM_DIAGRAM: closing session for UUID '20093c19-6bcd-4cdd-ae98-650e1c4238db' with name 'vitis-run_compile_work'
Thu Apr  2 04:55:33 2026: STOP_SERVER received, server token: b8ab8d62-c1f5-469d-a76c-637b33b4a48a, passed token: b8ab8d62-c1f5-469d-a76c-637b33b4a48a
Thu Apr  2 04:55:33 2026: Socket received request to stop server.
Thu Apr  2 04:55:33 2026: Dispatch Server: do_await_stop
Thu Apr  2 04:55:33 2026: Dispatch Server: stopping mainFifo_
Thu Apr  2 04:55:33 2026: XCD main fifo: Stopping
Thu Apr  2 04:55:33 2026: XCD main fifo: do_read error code: Operation canceled
Thu Apr  2 04:55:33 2026: XCD main fifo: bytes_transferred: 0
Thu Apr  2 04:55:33 2026: SERVER: destructor for server bound to port 34553
Thu Apr  2 04:55:33 2026: XCD main fifo: Good unlink of /tmp/xcdmainb8ab8d62-c1f5-469d-a76c-637b33b4a48a
Thu Apr  2 04:55:33 2026: Server exiting with status 0.
Thu Apr  2 04:55:33 2026: Closing log file.
Thu Apr  2 04:56:26 2026: Running xcd server. This server was built by gradle.
Thu Apr  2 04:56:26 2026: Server was asked to start on port: '41119'
Thu Apr  2 04:56:26 2026: Server is using token UUID: '0d836860-260e-4841-9ef9-ff1f9b59bf0b'
Thu Apr  2 04:56:26 2026: SESSION_MGR: creating session with session uuid: '6d04a3e9-ade5-4ab9-8d63-1f78fcd2ec76' and name 'default'
Thu Apr  2 04:56:26 2026: Attempting to start server on port '41119'
Thu Apr  2 04:56:26 2026: XCD main fifo: created main fifo '/tmp/xcdmain0d836860-260e-4841-9ef9-ff1f9b59bf0b', fd read = 13
Thu Apr  2 04:56:26 2026: Running Dispatch Server
Thu Apr  2 04:56:26 2026: Version 2.2.0
Thu Apr  2 04:56:27 2026: Dispatch Server: Accepted socket connection from client
Thu Apr  2 04:56:27 2026: Starting Socket connection
Thu Apr  2 04:56:27 2026: EXCHANGE_TOKEN received, server token: 0d836860-260e-4841-9ef9-ff1f9b59bf0b, passed token: 0d836860-260e-4841-9ef9-ff1f9b59bf0b
Thu Apr  2 04:56:27 2026: DISPATCH_HANDLER: Adding handler from function makeHandler in library libxv_system_diagram
Thu Apr  2 04:56:27 2026: SESSION_MGR: creating session with session uuid: '9581a504-500f-44f9-9eea-ab058af611a1' and name 'vitis-run_compile_work'
Thu Apr  2 04:56:27 2026: KERNEL_SVC: creating session with uuid: '9581a504-500f-44f9-9eea-ab058af611a1' and name 'vitis-run_compile_work'
Thu Apr  2 04:56:27 2026: GUIDANCE_SMGR: creating guidance session with uuid: '9581a504-500f-44f9-9eea-ab058af611a1' and name 'vitis-run_compile_work'
Thu Apr  2 04:56:27 2026: SYSTEM_DIAGRAM: creating session with uuid: '9581a504-500f-44f9-9eea-ab058af611a1' and name 'vitis-run_compile_work'
Thu Apr  2 04:56:31 2026: Dispatch Server: Accepted socket connection from client
Thu Apr  2 04:56:31 2026: Starting Socket connection
Thu Apr  2 04:56:35 2026: SESSION_MGR: closing session for UUID '9581a504-500f-44f9-9eea-ab058af611a1' with name 'vitis-run_compile_work'
Thu Apr  2 04:56:35 2026: KERNEL_SVC: closing session for UUID '9581a504-500f-44f9-9eea-ab058af611a1' with name 'vitis-run_compile_work'
Thu Apr  2 04:56:35 2026: GUIDANCE_SMGR: closing session for UUID '9581a504-500f-44f9-9eea-ab058af611a1' with name 'vitis-run_compile_work'
Thu Apr  2 04:56:35 2026: SYSTEM_DIAGRAM: closing session for UUID '9581a504-500f-44f9-9eea-ab058af611a1' with name 'vitis-run_compile_work'
Thu Apr  2 04:56:35 2026: STOP_SERVER received, server token: 0d836860-260e-4841-9ef9-ff1f9b59bf0b, passed token: 0d836860-260e-4841-9ef9-ff1f9b59bf0b
Thu Apr  2 04:56:35 2026: Socket received request to stop server.
Thu Apr  2 04:56:35 2026: Dispatch Server: do_await_stop
Thu Apr  2 04:56:35 2026: Dispatch Server: stopping mainFifo_
Thu Apr  2 04:56:35 2026: XCD main fifo: Stopping
Thu Apr  2 04:56:35 2026: XCD main fifo: do_read error code: Operation canceled
Thu Apr  2 04:56:35 2026: XCD main fifo: bytes_transferred: 0
Thu Apr  2 04:56:35 2026: SERVER: destructor for server bound to port 41119
Thu Apr  2 04:56:35 2026: XCD main fifo: Good unlink of /tmp/xcdmain0d836860-260e-4841-9ef9-ff1f9b59bf0b
Thu Apr  2 04:56:35 2026: Server exiting with status 0.
Thu Apr  2 04:56:35 2026: Closing log file.
Thu Apr  2 04:57:24 2026: Running xcd server. This server was built by gradle.
Thu Apr  2 04:57:24 2026: Server was asked to start on port: '40403'
Thu Apr  2 04:57:24 2026: Server is using token UUID: '70b27dfb-7d60-4011-a451-59dadc8b30ca'
Thu Apr  2 04:57:24 2026: SESSION_MGR: creating session with session uuid: '6d04a3e9-ade5-4ab9-8d63-1f78fcd2ec76' and name 'default'
Thu Apr  2 04:57:24 2026: Attempting to start server on port '40403'
Thu Apr  2 04:57:24 2026: XCD main fifo: created main fifo '/tmp/xcdmain70b27dfb-7d60-4011-a451-59dadc8b30ca', fd read = 13
Thu Apr  2 04:57:24 2026: Running Dispatch Server
Thu Apr  2 04:57:24 2026: Version 2.2.0
Thu Apr  2 04:57:25 2026: Dispatch Server: Accepted socket connection from client
Thu Apr  2 04:57:25 2026: Starting Socket connection
Thu Apr  2 04:57:25 2026: EXCHANGE_TOKEN received, server token: 70b27dfb-7d60-4011-a451-59dadc8b30ca, passed token: 70b27dfb-7d60-4011-a451-59dadc8b30ca
Thu Apr  2 04:57:26 2026: DISPATCH_HANDLER: Adding handler from function makeHandler in library libxv_system_diagram
Thu Apr  2 04:57:26 2026: SESSION_MGR: creating session with session uuid: 'dbc63d24-8ab8-4752-8251-db69472ce393' and name 'vitis-run_compile_work'
Thu Apr  2 04:57:26 2026: KERNEL_SVC: creating session with uuid: 'dbc63d24-8ab8-4752-8251-db69472ce393' and name 'vitis-run_compile_work'
Thu Apr  2 04:57:26 2026: GUIDANCE_SMGR: creating guidance session with uuid: 'dbc63d24-8ab8-4752-8251-db69472ce393' and name 'vitis-run_compile_work'
Thu Apr  2 04:57:26 2026: SYSTEM_DIAGRAM: creating session with uuid: 'dbc63d24-8ab8-4752-8251-db69472ce393' and name 'vitis-run_compile_work'
Thu Apr  2 04:57:29 2026: Dispatch Server: Accepted socket connection from client
Thu Apr  2 04:57:29 2026: Starting Socket connection
Thu Apr  2 04:57:33 2026: SESSION_MGR: closing session for UUID 'dbc63d24-8ab8-4752-8251-db69472ce393' with name 'vitis-run_compile_work'
Thu Apr  2 04:57:33 2026: KERNEL_SVC: closing session for UUID 'dbc63d24-8ab8-4752-8251-db69472ce393' with name 'vitis-run_compile_work'
Thu Apr  2 04:57:33 2026: GUIDANCE_SMGR: closing session for UUID 'dbc63d24-8ab8-4752-8251-db69472ce393' with name 'vitis-run_compile_work'
Thu Apr  2 04:57:33 2026: SYSTEM_DIAGRAM: closing session for UUID 'dbc63d24-8ab8-4752-8251-db69472ce393' with name 'vitis-run_compile_work'
Thu Apr  2 04:57:33 2026: STOP_SERVER received, server token: 70b27dfb-7d60-4011-a451-59dadc8b30ca, passed token: 70b27dfb-7d60-4011-a451-59dadc8b30ca
Thu Apr  2 04:57:33 2026: Socket received request to stop server.
Thu Apr  2 04:57:33 2026: Dispatch Server: do_await_stop
Thu Apr  2 04:57:33 2026: Dispatch Server: stopping mainFifo_
Thu Apr  2 04:57:33 2026: XCD main fifo: Stopping
Thu Apr  2 04:57:33 2026: XCD main fifo: do_read error code: Operation canceled
Thu Apr  2 04:57:33 2026: XCD main fifo: bytes_transferred: 0
Thu Apr  2 04:57:33 2026: SERVER: destructor for server bound to port 40403
Thu Apr  2 04:57:33 2026: XCD main fifo: Good unlink of /tmp/xcdmain70b27dfb-7d60-4011-a451-59dadc8b30ca
Thu Apr  2 04:57:33 2026: Server exiting with status 0.
Thu Apr  2 04:57:33 2026: Closing log file.
Thu Apr  2 04:58:04 2026: Running xcd server. This server was built by gradle.
Thu Apr  2 04:58:04 2026: Server was asked to start on port: '43979'
Thu Apr  2 04:58:04 2026: Server is using token UUID: '9a212342-89f5-439c-98e3-9b92b5441f53'
Thu Apr  2 04:58:04 2026: SESSION_MGR: creating session with session uuid: '6d04a3e9-ade5-4ab9-8d63-1f78fcd2ec76' and name 'default'
Thu Apr  2 04:58:04 2026: Attempting to start server on port '43979'
Thu Apr  2 04:58:04 2026: XCD main fifo: created main fifo '/tmp/xcdmain9a212342-89f5-439c-98e3-9b92b5441f53', fd read = 13
Thu Apr  2 04:58:04 2026: Running Dispatch Server
Thu Apr  2 04:58:04 2026: Version 2.2.0
Thu Apr  2 04:58:05 2026: Dispatch Server: Accepted socket connection from client
Thu Apr  2 04:58:05 2026: Starting Socket connection
Thu Apr  2 04:58:05 2026: EXCHANGE_TOKEN received, server token: 9a212342-89f5-439c-98e3-9b92b5441f53, passed token: 9a212342-89f5-439c-98e3-9b92b5441f53
Thu Apr  2 04:58:05 2026: DISPATCH_HANDLER: Adding handler from function makeHandler in library libxv_system_diagram
Thu Apr  2 04:58:05 2026: SESSION_MGR: creating session with session uuid: 'b778771a-37c4-49c7-ab84-af0abc2e94b9' and name 'vitis-run_compile_work'
Thu Apr  2 04:58:05 2026: KERNEL_SVC: creating session with uuid: 'b778771a-37c4-49c7-ab84-af0abc2e94b9' and name 'vitis-run_compile_work'
Thu Apr  2 04:58:05 2026: GUIDANCE_SMGR: creating guidance session with uuid: 'b778771a-37c4-49c7-ab84-af0abc2e94b9' and name 'vitis-run_compile_work'
Thu Apr  2 04:58:05 2026: SYSTEM_DIAGRAM: creating session with uuid: 'b778771a-37c4-49c7-ab84-af0abc2e94b9' and name 'vitis-run_compile_work'
Thu Apr  2 04:58:09 2026: Dispatch Server: Accepted socket connection from client
Thu Apr  2 04:58:09 2026: Starting Socket connection
Thu Apr  2 04:58:13 2026: SESSION_MGR: closing session for UUID 'b778771a-37c4-49c7-ab84-af0abc2e94b9' with name 'vitis-run_compile_work'
Thu Apr  2 04:58:13 2026: KERNEL_SVC: closing session for UUID 'b778771a-37c4-49c7-ab84-af0abc2e94b9' with name 'vitis-run_compile_work'
Thu Apr  2 04:58:13 2026: GUIDANCE_SMGR: closing session for UUID 'b778771a-37c4-49c7-ab84-af0abc2e94b9' with name 'vitis-run_compile_work'
Thu Apr  2 04:58:13 2026: SYSTEM_DIAGRAM: closing session for UUID 'b778771a-37c4-49c7-ab84-af0abc2e94b9' with name 'vitis-run_compile_work'
Thu Apr  2 04:58:13 2026: STOP_SERVER received, server token: 9a212342-89f5-439c-98e3-9b92b5441f53, passed token: 9a212342-89f5-439c-98e3-9b92b5441f53
Thu Apr  2 04:58:13 2026: Socket received request to stop server.
Thu Apr  2 04:58:13 2026: Dispatch Server: do_await_stop
Thu Apr  2 04:58:13 2026: Dispatch Server: stopping mainFifo_
Thu Apr  2 04:58:13 2026: XCD main fifo: Stopping
Thu Apr  2 04:58:13 2026: XCD main fifo: do_read error code: Operation canceled
Thu Apr  2 04:58:13 2026: XCD main fifo: bytes_transferred: 0
Thu Apr  2 04:58:13 2026: SERVER: destructor for server bound to port 43979
Thu Apr  2 04:58:13 2026: XCD main fifo: Good unlink of /tmp/xcdmain9a212342-89f5-439c-98e3-9b92b5441f53
Thu Apr  2 04:58:13 2026: Server exiting with status 0.
Thu Apr  2 04:58:13 2026: Closing log file.
