

================================================================
== Synthesis Summary Report of 'kernel'
================================================================
+ General Information: 
    * Date:           Thu Apr  9 03:50:12 2026
    * Version:        2025.1 (Build 6135595 on May 21 2025)
    * Project:        work
    * Solution:       hls (Vitis Kernel Flow Target)
    * Product family: zynq
    * Target device:  xc7z020-clg400-1
    

+ Performance & Resource Estimates: 
    
    PS: '+' for module; 'o' for loop; '*' for dataflow
    +----------+------+------+---------+--------+----------+---------+------+----------+------+----+-----------+----------+-----+
    |  Modules | Issue|      |      Latency     | Iteration|         | Trip |          |      |    |           |          |     |
    |  & Loops | Type | Slack| (cycles)|  (ns)  |  Latency | Interval| Count| Pipelined| BRAM | DSP|     FF    |    LUT   | URAM|
    +----------+------+------+---------+--------+----------+---------+------+----------+------+----+-----------+----------+-----+
    |+ kernel  |     -|  0.14|        1|  10.000|         -|        1|     -|       yes|     -|   -|  447 (~0%)|  577 (1%)|    -|
    +----------+------+------+---------+--------+----------+---------+------+----------+------+----+-----------+----------+-----+


================================================================
== HW Interfaces
================================================================
* S_AXILITE Interfaces
+---------------+------------+---------------+--------+----------+
| Interface     | Data Width | Address Width | Offset | Register |
+---------------+------------+---------------+--------+----------+
| s_axi_control | 32         | 5             | 16     | 0        |
+---------------+------------+---------------+--------+----------+

* S_AXILITE Registers
+---------------+----------+--------+-------+--------+----------------------------------+------------------------------------------------------------------------------------+
| Interface     | Register | Offset | Width | Access | Description                      | Bit Fields                                                                         |
+---------------+----------+--------+-------+--------+----------------------------------+------------------------------------------------------------------------------------+
| s_axi_control | CTRL     | 0x00   | 32    | RW     | Control signals                  | 0=AP_START 1=AP_DONE 2=AP_IDLE 3=AP_READY 4=AP_CONTINUE 7=AUTO_RESTART 9=INTERRUPT |
| s_axi_control | GIER     | 0x04   | 32    | RW     | Global Interrupt Enable Register | 0=Enable                                                                           |
| s_axi_control | IP_IER   | 0x08   | 32    | RW     | IP Interrupt Enable Register     | 0=CHAN0_INT_EN 1=CHAN1_INT_EN                                                      |
| s_axi_control | IP_ISR   | 0x0c   | 32    | RW     | IP Interrupt Status Register     | 0=CHAN0_INT_ST 1=CHAN1_INT_ST                                                      |
| s_axi_control | x_in     | 0x10   | 32    | W      | Data signal of x_in              |                                                                                    |
| s_axi_control | y_out    | 0x18   | 32    | R      | Data signal of y_out             |                                                                                    |
+---------------+----------+--------+-------+--------+----------------------------------+------------------------------------------------------------------------------------+

* TOP LEVEL CONTROL
+-----------+---------------+-----------+
| Interface | Type          | Ports     |
+-----------+---------------+-----------+
| ap_clk    | clock         | ap_clk    |
| ap_rst_n  | reset         | ap_rst_n  |
| interrupt | interrupt     | interrupt |
| ap_ctrl   | ap_ctrl_chain |           |
+-----------+---------------+-----------+


================================================================
== SW I/O Information
================================================================
* Top Function Arguments
+----------+-----------+-------------+
| Argument | Direction | Datatype    |
+----------+-----------+-------------+
| x_in     | in        | ap_int<16>  |
| y_out    | out       | ap_int<32>& |
+----------+-----------+-------------+

* SW-to-HW Mapping
+----------+---------------+----------+---------------------------------+
| Argument | HW Interface  | HW Type  | HW Info                         |
+----------+---------------+----------+---------------------------------+
| x_in     | s_axi_control | register | name=x_in offset=0x10 range=32  |
| y_out    | s_axi_control | register | name=y_out offset=0x18 range=32 |
+----------+---------------+----------+---------------------------------+


================================================================
== Bind Op Report
================================================================
+-------------------------+-----+--------+-------------+-----+--------+---------+
| Name                    | DSP | Pragma | Variable    | Op  | Impl   | Latency |
+-------------------------+-----+--------+-------------+-----+--------+---------+
| + kernel                | 0   |        |             |     |        |         |
|   sub_ln54_fu_237_p2    |     |        | sub_ln54    | sub | fabric | 0       |
|   sub_ln54_1_fu_247_p2  |     |        | sub_ln54_1  | sub | fabric | 0       |
|   sub_ln54_2_fu_257_p2  |     |        | sub_ln54_2  | sub | fabric | 0       |
|   sub_ln61_fu_311_p2    |     |        | sub_ln61    | sub | fabric | 0       |
|   sub_ln61_1_fu_325_p2  |     |        | sub_ln61_1  | sub | fabric | 0       |
|   add_ln61_1_fu_345_p2  |     |        | add_ln61_1  | add | fabric | 0       |
|   add_ln61_4_fu_361_p2  |     |        | add_ln61_4  | add | fabric | 0       |
|   add_ln61_5_fu_371_p2  |     |        | add_ln61_5  | add | fabric | 0       |
|   add_ln61_6_fu_381_p2  |     |        | add_ln61_6  | add | fabric | 0       |
|   add_ln61_7_fu_391_p2  |     |        | add_ln61_7  | add | fabric | 0       |
|   add_ln61_8_fu_401_p2  |     |        | add_ln61_8  | add | fabric | 0       |
|   add_ln61_9_fu_411_p2  |     |        | add_ln61_9  | add | fabric | 0       |
|   add_ln61_10_fu_421_p2 |     |        | add_ln61_10 | add | fabric | 0       |
|   acc_fu_455_p2         |     |        | acc         | add | fabric | 0       |
+-------------------------+-----+--------+-------------+-----+--------+---------+


================================================================
== Storage Report
================================================================
+-------------------+-----------+-----------+------+------+--------+----------+------+---------+------------------+
| Name              | Usage     | Type      | BRAM | URAM | Pragma | Variable | Impl | Latency | Bitwidth, Depth, |
|                   |           |           |      |      |        |          |      |         | Banks            |
+-------------------+-----------+-----------+------+------+--------+----------+------+---------+------------------+
| + kernel          |           |           | 0    | 0    |        |          |      |         |                  |
|   control_s_axi_U | interface | s_axilite |      |      |        |          |      |         |                  |
+-------------------+-----------+-----------+------+------+--------+----------+------+---------+------------------+


================================================================
== Pragma Report
================================================================
* Valid Pragma Syntax
+-----------------+--------------------------------------+------------------------------------+
| Type            | Options                              | Location                           |
+-----------------+--------------------------------------+------------------------------------+
| INTERFACE       | s_axilite port=x_in bundle=control   | kernel.cpp:13 in kernel, x_in      |
| INTERFACE       | s_axilite port=y_out bundle=control  | kernel.cpp:14 in kernel, y_out     |
| INTERFACE       | s_axilite port=return bundle=control | kernel.cpp:15 in kernel, return    |
| PIPELINE        | ii=1                                 | kernel.cpp:16 in kernel            |
| ARRAY_PARTITION | variable=preamble complete           | kernel.cpp:34 in kernel, preamble  |
| ARRAY_PARTITION | variable=shift_reg complete          | kernel.cpp:38 in kernel, shift_reg |
| UNROLL          |                                      | kernel.cpp:42 in kernel            |
| ARRAY_PARTITION | variable=products complete           | kernel.cpp:50 in kernel, products  |
| UNROLL          |                                      | kernel.cpp:53 in kernel            |
| UNROLL          |                                      | kernel.cpp:60 in kernel            |
+-----------------+--------------------------------------+------------------------------------+


