

================================================================
== Synthesis Summary Report of 'kernel'
================================================================
+ General Information: 
    * Date:           Tue Mar 17 03:06:23 2026
    * Version:        2025.1 (Build 6135595 on May 21 2025)
    * Project:        work
    * Solution:       hls (Vitis Kernel Flow Target)
    * Product family: zynq
    * Target device:  xc7z020-clg400-1
    

+ Performance & Resource Estimates: 
    
    PS: '+' for module; 'o' for loop; '*' for dataflow
    +----------+------+------+---------+--------+----------+---------+------+----------+------+----+-----------+-----------+-----+
    |  Modules | Issue|      |      Latency     | Iteration|         | Trip |          |      |    |           |           |     |
    |  & Loops | Type | Slack| (cycles)|  (ns)  |  Latency | Interval| Count| Pipelined| BRAM | DSP|     FF    |    LUT    | URAM|
    +----------+------+------+---------+--------+----------+---------+------+----------+------+----+-----------+-----------+-----+
    |+ kernel  |     -|  0.02|        2|  20.000|         -|        1|     -|       yes|     -|   -|  253 (~0%)|  440 (~0%)|    -|
    +----------+------+------+---------+--------+----------+---------+------+----------+------+----+-----------+-----------+-----+


================================================================
== HW Interfaces
================================================================
* S_AXILITE Interfaces
+---------------+------------+---------------+--------+----------+
| Interface     | Data Width | Address Width | Offset | Register |
+---------------+------------+---------------+--------+----------+
| s_axi_control | 32         | 5             | 16     | 0        |
+---------------+------------+---------------+--------+----------+

* S_AXILITE Registers
+---------------+-------------+--------+-------+--------+----------------------------------+------------------------------------------------------------------------------------+
| Interface     | Register    | Offset | Width | Access | Description                      | Bit Fields                                                                         |
+---------------+-------------+--------+-------+--------+----------------------------------+------------------------------------------------------------------------------------+
| s_axi_control | CTRL        | 0x00   | 32    | RW     | Control signals                  | 0=AP_START 1=AP_DONE 2=AP_IDLE 3=AP_READY 4=AP_CONTINUE 7=AUTO_RESTART 9=INTERRUPT |
| s_axi_control | GIER        | 0x04   | 32    | RW     | Global Interrupt Enable Register | 0=Enable                                                                           |
| s_axi_control | IP_IER      | 0x08   | 32    | RW     | IP Interrupt Enable Register     | 0=CHAN0_INT_EN 1=CHAN1_INT_EN                                                      |
| s_axi_control | IP_ISR      | 0x0c   | 32    | RW     | IP Interrupt Status Register     | 0=CHAN0_INT_ST 1=CHAN1_INT_ST                                                      |
| s_axi_control | x_in        | 0x10   | 32    | W      | Data signal of x_in              |                                                                                    |
| s_axi_control | y_out_scale | 0x18   | 32    | R      | Data signal of y_out_scale       |                                                                                    |
+---------------+-------------+--------+-------+--------+----------------------------------+------------------------------------------------------------------------------------+

* TOP LEVEL CONTROL
+-----------+---------------+-----------+
| Interface | Type          | Ports     |
+-----------+---------------+-----------+
| ap_clk    | clock         | ap_clk    |
| ap_rst_n  | reset         | ap_rst_n  |
| interrupt | interrupt     | interrupt |
| ap_ctrl   | ap_ctrl_chain |           |
+-----------+---------------+-----------+


================================================================
== SW I/O Information
================================================================
* Top Function Arguments
+-------------+-----------+------------+
| Argument    | Direction | Datatype   |
+-------------+-----------+------------+
| x_in        | in        | ap_int<8>  |
| y_out_scale | out       | ap_int<8>& |
+-------------+-----------+------------+

* SW-to-HW Mapping
+-------------+---------------+----------+---------------------------------------+
| Argument    | HW Interface  | HW Type  | HW Info                               |
+-------------+---------------+----------+---------------------------------------+
| x_in        | s_axi_control | register | name=x_in offset=0x10 range=32        |
| y_out_scale | s_axi_control | register | name=y_out_scale offset=0x18 range=32 |
+-------------+---------------+----------+---------------------------------------+


================================================================
== Bind Op Report
================================================================
+-------------------------+-----+--------+-------------+--------+----------+---------+
| Name                    | DSP | Pragma | Variable    | Op     | Impl     | Latency |
+-------------------------+-----+--------+-------------+--------+----------+---------+
| + kernel                | 0   |        |             |        |          |         |
|   tmp14_fu_313_p2       |     |        | tmp14       | add    | fabric   | 0       |
|   tmp2_fu_331_p2        |     |        | tmp2        | add    | fabric   | 0       |
|   tmp4_fu_359_p2        |     |        | tmp4        | add    | fabric   | 0       |
|   tmp5_fu_389_p2        |     |        | tmp5        | sub    | fabric   | 0       |
|   tmp6_fu_395_p2        |     |        | tmp6        | add    | fabric   | 0       |
|   tmp83_fu_431_p2       |     |        | tmp83       | add    | fabric   | 0       |
|   tmp10_fu_449_p2       |     |        | tmp10       | add    | fabric   | 0       |
|   tmp121_fu_485_p2      |     |        | tmp121      | add    | fabric   | 0       |
|   add_ln39_2_fu_557_p2  |     |        | add_ln39_2  | add    | fabric   | 0       |
|   add_ln39_4_fu_525_p2  |     |        | add_ln39_4  | add    | fabric   | 0       |
|   add_ln39_5_fu_535_p2  |     |        | add_ln39_5  | add    | fabric   | 0       |
|   add_ln39_6_fu_545_p2  |     |        | add_ln39_6  | add    | fabric   | 0       |
|   y_out_fu_570_p2       |     |        | y_out       | add    | fabric   | 0       |
|   sub_ln43_fu_590_p2    |     |        | sub_ln43    | sub    | fabric   | 0       |
|   icmp_ln46_fu_616_p2   |     |        | icmp_ln46   | setgt  | auto     | 0       |
|   icmp_ln48_fu_622_p2   |     |        | icmp_ln48   | setlt  | auto     | 0       |
|   select_ln48_fu_638_p3 |     |        | select_ln48 | select | auto_sel | 0       |
|   empty_fu_646_p2       |     |        | empty       | or     | auto     | 0       |
|   storemerge1_fu_652_p3 |     |        | storemerge1 | select | auto_sel | 0       |
+-------------------------+-----+--------+-------------+--------+----------+---------+


================================================================
== Storage Report
================================================================
+-------------------+-----------+-----------+------+------+--------+----------+------+---------+------------------+
| Name              | Usage     | Type      | BRAM | URAM | Pragma | Variable | Impl | Latency | Bitwidth, Depth, |
|                   |           |           |      |      |        |          |      |         | Banks            |
+-------------------+-----------+-----------+------+------+--------+----------+------+---------+------------------+
| + kernel          |           |           | 0    | 0    |        |          |      |         |                  |
|   control_s_axi_U | interface | s_axilite |      |      |        |          |      |         |                  |
+-------------------+-----------+-----------+------+------+--------+----------+------+---------+------------------+


================================================================
== Pragma Report
================================================================
* Valid Pragma Syntax
+-----------------+-------------------------------------------+-------------------------------------+
| Type            | Options                                   | Location                            |
+-----------------+-------------------------------------------+-------------------------------------+
| INTERFACE       | s_axilite port=x_in bundle=control        | kernel.cpp:6 in kernel, x_in        |
| INTERFACE       | s_axilite port=y_out_scale bundle=control | kernel.cpp:7 in kernel, y_out_scale |
| INTERFACE       | s_axilite port=return bundle=control      | kernel.cpp:8 in kernel, return      |
| PIPELINE        | ii=1                                      | kernel.cpp:9 in kernel              |
| ARRAY_PARTITION | variable=taps complete                    | kernel.cpp:13 in kernel, taps       |
| ARRAY_PARTITION | variable=coeffs complete                  | kernel.cpp:17 in kernel, coeffs     |
| UNROLL          |                                           | kernel.cpp:21 in kernel             |
| ARRAY_PARTITION | variable=products complete                | kernel.cpp:28 in kernel, products   |
| UNROLL          |                                           | kernel.cpp:31 in kernel             |
| UNROLL          |                                           | kernel.cpp:38 in kernel             |
+-----------------+-------------------------------------------+-------------------------------------+


