Thu Apr  2 07:47:35 2026: Running xcd server. This server was built by gradle.
Thu Apr  2 07:47:35 2026: Server was asked to start on port: '46517'
Thu Apr  2 07:47:35 2026: Server is using token UUID: 'e598bfea-1a8f-4940-8d04-1bb70a84a3c0'
Thu Apr  2 07:47:35 2026: SESSION_MGR: creating session with session uuid: '6d04a3e9-ade5-4ab9-8d63-1f78fcd2ec76' and name 'default'
Thu Apr  2 07:47:35 2026: Attempting to start server on port '46517'
Thu Apr  2 07:47:35 2026: XCD main fifo: created main fifo '/tmp/xcdmaine598bfea-1a8f-4940-8d04-1bb70a84a3c0', fd read = 13
Thu Apr  2 07:47:35 2026: Running Dispatch Server
Thu Apr  2 07:47:35 2026: Version 2.2.0
Thu Apr  2 07:47:36 2026: Dispatch Server: Accepted socket connection from client
Thu Apr  2 07:47:36 2026: Starting Socket connection
Thu Apr  2 07:47:36 2026: EXCHANGE_TOKEN received, server token: e598bfea-1a8f-4940-8d04-1bb70a84a3c0, passed token: e598bfea-1a8f-4940-8d04-1bb70a84a3c0
Thu Apr  2 07:47:37 2026: DISPATCH_HANDLER: Adding handler from function makeHandler in library libxv_system_diagram
Thu Apr  2 07:47:37 2026: SESSION_MGR: creating session with session uuid: 'feeaffd1-fe1c-4f8b-b6ff-7749559bf629' and name 'vitis-run_compile_work'
Thu Apr  2 07:47:37 2026: KERNEL_SVC: creating session with uuid: 'feeaffd1-fe1c-4f8b-b6ff-7749559bf629' and name 'vitis-run_compile_work'
Thu Apr  2 07:47:37 2026: GUIDANCE_SMGR: creating guidance session with uuid: 'feeaffd1-fe1c-4f8b-b6ff-7749559bf629' and name 'vitis-run_compile_work'
Thu Apr  2 07:47:37 2026: SYSTEM_DIAGRAM: creating session with uuid: 'feeaffd1-fe1c-4f8b-b6ff-7749559bf629' and name 'vitis-run_compile_work'
Thu Apr  2 07:47:40 2026: Dispatch Server: Accepted socket connection from client
Thu Apr  2 07:47:40 2026: Starting Socket connection
Thu Apr  2 07:47:44 2026: SESSION_MGR: closing session for UUID 'feeaffd1-fe1c-4f8b-b6ff-7749559bf629' with name 'vitis-run_compile_work'
Thu Apr  2 07:47:44 2026: KERNEL_SVC: closing session for UUID 'feeaffd1-fe1c-4f8b-b6ff-7749559bf629' with name 'vitis-run_compile_work'
Thu Apr  2 07:47:44 2026: GUIDANCE_SMGR: closing session for UUID 'feeaffd1-fe1c-4f8b-b6ff-7749559bf629' with name 'vitis-run_compile_work'
Thu Apr  2 07:47:44 2026: SYSTEM_DIAGRAM: closing session for UUID 'feeaffd1-fe1c-4f8b-b6ff-7749559bf629' with name 'vitis-run_compile_work'
Thu Apr  2 07:47:44 2026: STOP_SERVER received, server token: e598bfea-1a8f-4940-8d04-1bb70a84a3c0, passed token: e598bfea-1a8f-4940-8d04-1bb70a84a3c0
Thu Apr  2 07:47:44 2026: Socket received request to stop server.
Thu Apr  2 07:47:44 2026: Dispatch Server: do_await_stop
Thu Apr  2 07:47:44 2026: Dispatch Server: stopping mainFifo_
Thu Apr  2 07:47:44 2026: XCD main fifo: Stopping
Thu Apr  2 07:47:44 2026: XCD main fifo: do_read error code: Operation canceled
Thu Apr  2 07:47:44 2026: XCD main fifo: bytes_transferred: 0
Thu Apr  2 07:47:44 2026: SERVER: destructor for server bound to port 46517
Thu Apr  2 07:47:44 2026: XCD main fifo: Good unlink of /tmp/xcdmaine598bfea-1a8f-4940-8d04-1bb70a84a3c0
Thu Apr  2 07:47:44 2026: Server exiting with status 0.
Thu Apr  2 07:47:44 2026: Closing log file.
Thu Apr  2 07:47:50 2026: Running xcd server. This server was built by gradle.
Thu Apr  2 07:47:50 2026: Server was asked to start on port: '38745'
Thu Apr  2 07:47:50 2026: Server is using token UUID: '7ea53c19-2e35-4cf1-9da1-1983f6fcddf0'
Thu Apr  2 07:47:50 2026: SESSION_MGR: creating session with session uuid: '6d04a3e9-ade5-4ab9-8d63-1f78fcd2ec76' and name 'default'
Thu Apr  2 07:47:50 2026: Attempting to start server on port '38745'
Thu Apr  2 07:47:50 2026: XCD main fifo: created main fifo '/tmp/xcdmain7ea53c19-2e35-4cf1-9da1-1983f6fcddf0', fd read = 13
Thu Apr  2 07:47:50 2026: Running Dispatch Server
Thu Apr  2 07:47:50 2026: Version 2.2.0
Thu Apr  2 07:47:51 2026: Dispatch Server: Accepted socket connection from client
Thu Apr  2 07:47:51 2026: Starting Socket connection
Thu Apr  2 07:47:51 2026: EXCHANGE_TOKEN received, server token: 7ea53c19-2e35-4cf1-9da1-1983f6fcddf0, passed token: 7ea53c19-2e35-4cf1-9da1-1983f6fcddf0
Thu Apr  2 07:47:52 2026: DISPATCH_HANDLER: Adding handler from function makeHandler in library libxv_system_diagram
Thu Apr  2 07:47:52 2026: SESSION_MGR: creating session with session uuid: 'fbbc019c-c969-4933-aae3-0c86dcf83d08' and name 'v++_compile_work'
Thu Apr  2 07:47:52 2026: KERNEL_SVC: creating session with uuid: 'fbbc019c-c969-4933-aae3-0c86dcf83d08' and name 'v++_compile_work'
Thu Apr  2 07:47:52 2026: GUIDANCE_SMGR: creating guidance session with uuid: 'fbbc019c-c969-4933-aae3-0c86dcf83d08' and name 'v++_compile_work'
Thu Apr  2 07:47:52 2026: SYSTEM_DIAGRAM: creating session with uuid: 'fbbc019c-c969-4933-aae3-0c86dcf83d08' and name 'v++_compile_work'
Thu Apr  2 07:47:55 2026: Dispatch Server: Accepted socket connection from client
Thu Apr  2 07:47:55 2026: Starting Socket connection
Thu Apr  2 07:48:23 2026: Running xcd server. This server was built by gradle.
Thu Apr  2 07:48:23 2026: Server was asked to start on port: '33871'
Thu Apr  2 07:48:23 2026: Server is using token UUID: 'f116f52f-1c5c-40be-9843-8118ca8b858f'
Thu Apr  2 07:48:23 2026: SESSION_MGR: creating session with session uuid: '6d04a3e9-ade5-4ab9-8d63-1f78fcd2ec76' and name 'default'
Thu Apr  2 07:48:23 2026: Attempting to start server on port '33871'
Thu Apr  2 07:48:23 2026: XCD main fifo: created main fifo '/tmp/xcdmainf116f52f-1c5c-40be-9843-8118ca8b858f', fd read = 13
Thu Apr  2 07:48:23 2026: Running Dispatch Server
Thu Apr  2 07:48:23 2026: Version 2.2.0
Thu Apr  2 07:48:24 2026: Dispatch Server: Accepted socket connection from client
Thu Apr  2 07:48:24 2026: Starting Socket connection
Thu Apr  2 07:48:24 2026: EXCHANGE_TOKEN received, server token: f116f52f-1c5c-40be-9843-8118ca8b858f, passed token: f116f52f-1c5c-40be-9843-8118ca8b858f
Thu Apr  2 07:48:24 2026: DISPATCH_HANDLER: Adding handler from function makeHandler in library libxv_system_diagram
Thu Apr  2 07:48:24 2026: SESSION_MGR: creating session with session uuid: '48b2a715-40ac-447b-ae88-6d977ede236e' and name 'vitis-run_compile_work'
Thu Apr  2 07:48:24 2026: KERNEL_SVC: creating session with uuid: '48b2a715-40ac-447b-ae88-6d977ede236e' and name 'vitis-run_compile_work'
Thu Apr  2 07:48:24 2026: GUIDANCE_SMGR: creating guidance session with uuid: '48b2a715-40ac-447b-ae88-6d977ede236e' and name 'vitis-run_compile_work'
Thu Apr  2 07:48:24 2026: SYSTEM_DIAGRAM: creating session with uuid: '48b2a715-40ac-447b-ae88-6d977ede236e' and name 'vitis-run_compile_work'
Thu Apr  2 07:48:28 2026: Dispatch Server: Accepted socket connection from client
Thu Apr  2 07:48:28 2026: Starting Socket connection
Thu Apr  2 07:48:32 2026: SESSION_MGR: closing session for UUID '48b2a715-40ac-447b-ae88-6d977ede236e' with name 'vitis-run_compile_work'
Thu Apr  2 07:48:32 2026: KERNEL_SVC: closing session for UUID '48b2a715-40ac-447b-ae88-6d977ede236e' with name 'vitis-run_compile_work'
Thu Apr  2 07:48:32 2026: GUIDANCE_SMGR: closing session for UUID '48b2a715-40ac-447b-ae88-6d977ede236e' with name 'vitis-run_compile_work'
Thu Apr  2 07:48:32 2026: SYSTEM_DIAGRAM: closing session for UUID '48b2a715-40ac-447b-ae88-6d977ede236e' with name 'vitis-run_compile_work'
Thu Apr  2 07:48:32 2026: STOP_SERVER received, server token: f116f52f-1c5c-40be-9843-8118ca8b858f, passed token: f116f52f-1c5c-40be-9843-8118ca8b858f
Thu Apr  2 07:48:32 2026: Socket received request to stop server.
Thu Apr  2 07:48:32 2026: Dispatch Server: do_await_stop
Thu Apr  2 07:48:32 2026: Dispatch Server: stopping mainFifo_
Thu Apr  2 07:48:32 2026: XCD main fifo: Stopping
Thu Apr  2 07:48:32 2026: XCD main fifo: do_read error code: Operation canceled
Thu Apr  2 07:48:32 2026: XCD main fifo: bytes_transferred: 0
Thu Apr  2 07:48:32 2026: SERVER: destructor for server bound to port 33871
Thu Apr  2 07:48:32 2026: XCD main fifo: Good unlink of /tmp/xcdmainf116f52f-1c5c-40be-9843-8118ca8b858f
Thu Apr  2 07:48:32 2026: Server exiting with status 0.
Thu Apr  2 07:48:32 2026: Closing log file.
Thu Apr  2 07:48:33 2026: SESSION_MGR: closing session for UUID 'fbbc019c-c969-4933-aae3-0c86dcf83d08' with name 'v++_compile_work'
Thu Apr  2 07:48:33 2026: KERNEL_SVC: closing session for UUID 'fbbc019c-c969-4933-aae3-0c86dcf83d08' with name 'v++_compile_work'
Thu Apr  2 07:48:33 2026: GUIDANCE_SMGR: closing session for UUID 'fbbc019c-c969-4933-aae3-0c86dcf83d08' with name 'v++_compile_work'
Thu Apr  2 07:48:34 2026: SYSTEM_DIAGRAM: closing session for UUID 'fbbc019c-c969-4933-aae3-0c86dcf83d08' with name 'v++_compile_work'
Thu Apr  2 07:48:34 2026: STOP_SERVER received, server token: 7ea53c19-2e35-4cf1-9da1-1983f6fcddf0, passed token: 7ea53c19-2e35-4cf1-9da1-1983f6fcddf0
Thu Apr  2 07:48:34 2026: Socket received request to stop server.
Thu Apr  2 07:48:34 2026: Dispatch Server: do_await_stop
Thu Apr  2 07:48:34 2026: Dispatch Server: stopping mainFifo_
Thu Apr  2 07:48:34 2026: XCD main fifo: Stopping
Thu Apr  2 07:48:34 2026: XCD main fifo: do_read error code: Operation canceled
Thu Apr  2 07:48:34 2026: XCD main fifo: bytes_transferred: 0
Thu Apr  2 07:48:34 2026: SERVER: destructor for server bound to port 38745
Thu Apr  2 07:48:34 2026: XCD main fifo: Good unlink of /tmp/xcdmain7ea53c19-2e35-4cf1-9da1-1983f6fcddf0
Thu Apr  2 07:48:34 2026: Server exiting with status 0.
Thu Apr  2 07:48:34 2026: Closing log file.
Thu Apr  2 07:48:38 2026: Running xcd server. This server was built by gradle.
Thu Apr  2 07:48:38 2026: Server was asked to start on port: '40361'
Thu Apr  2 07:48:38 2026: Server is using token UUID: '891cdba8-8b69-4738-aa4d-f2780e76e86e'
Thu Apr  2 07:48:38 2026: SESSION_MGR: creating session with session uuid: '6d04a3e9-ade5-4ab9-8d63-1f78fcd2ec76' and name 'default'
Thu Apr  2 07:48:38 2026: Attempting to start server on port '40361'
Thu Apr  2 07:48:38 2026: XCD main fifo: created main fifo '/tmp/xcdmain891cdba8-8b69-4738-aa4d-f2780e76e86e', fd read = 13
Thu Apr  2 07:48:38 2026: Running Dispatch Server
Thu Apr  2 07:48:38 2026: Version 2.2.0
Thu Apr  2 07:48:39 2026: Dispatch Server: Accepted socket connection from client
Thu Apr  2 07:48:39 2026: Starting Socket connection
Thu Apr  2 07:48:39 2026: EXCHANGE_TOKEN received, server token: 891cdba8-8b69-4738-aa4d-f2780e76e86e, passed token: 891cdba8-8b69-4738-aa4d-f2780e76e86e
Thu Apr  2 07:48:39 2026: DISPATCH_HANDLER: Adding handler from function makeHandler in library libxv_system_diagram
Thu Apr  2 07:48:39 2026: SESSION_MGR: creating session with session uuid: 'a7b6e652-78b8-49e6-9f12-4a0706d50343' and name 'v++_compile_work'
Thu Apr  2 07:48:39 2026: KERNEL_SVC: creating session with uuid: 'a7b6e652-78b8-49e6-9f12-4a0706d50343' and name 'v++_compile_work'
Thu Apr  2 07:48:39 2026: GUIDANCE_SMGR: creating guidance session with uuid: 'a7b6e652-78b8-49e6-9f12-4a0706d50343' and name 'v++_compile_work'
Thu Apr  2 07:48:39 2026: SYSTEM_DIAGRAM: creating session with uuid: 'a7b6e652-78b8-49e6-9f12-4a0706d50343' and name 'v++_compile_work'
Thu Apr  2 07:48:43 2026: Dispatch Server: Accepted socket connection from client
Thu Apr  2 07:48:43 2026: Starting Socket connection
Thu Apr  2 07:49:21 2026: SESSION_MGR: closing session for UUID 'a7b6e652-78b8-49e6-9f12-4a0706d50343' with name 'v++_compile_work'
Thu Apr  2 07:49:21 2026: KERNEL_SVC: closing session for UUID 'a7b6e652-78b8-49e6-9f12-4a0706d50343' with name 'v++_compile_work'
Thu Apr  2 07:49:21 2026: GUIDANCE_SMGR: closing session for UUID 'a7b6e652-78b8-49e6-9f12-4a0706d50343' with name 'v++_compile_work'
Thu Apr  2 07:49:21 2026: SYSTEM_DIAGRAM: closing session for UUID 'a7b6e652-78b8-49e6-9f12-4a0706d50343' with name 'v++_compile_work'
Thu Apr  2 07:49:21 2026: STOP_SERVER received, server token: 891cdba8-8b69-4738-aa4d-f2780e76e86e, passed token: 891cdba8-8b69-4738-aa4d-f2780e76e86e
Thu Apr  2 07:49:21 2026: Socket received request to stop server.
Thu Apr  2 07:49:21 2026: Dispatch Server: do_await_stop
Thu Apr  2 07:49:21 2026: Dispatch Server: stopping mainFifo_
Thu Apr  2 07:49:21 2026: XCD main fifo: Stopping
Thu Apr  2 07:49:21 2026: XCD main fifo: do_read error code: Operation canceled
Thu Apr  2 07:49:21 2026: XCD main fifo: bytes_transferred: 0
Thu Apr  2 07:49:21 2026: SERVER: destructor for server bound to port 40361
Thu Apr  2 07:49:21 2026: XCD main fifo: Good unlink of /tmp/xcdmain891cdba8-8b69-4738-aa4d-f2780e76e86e
Thu Apr  2 07:49:21 2026: Server exiting with status 0.
Thu Apr  2 07:49:21 2026: Closing log file.
