Thu Mar 19 03:46:35 2026: Running xcd server. This server was built by gradle.
Thu Mar 19 03:46:35 2026: Server was asked to start on port: '46719'
Thu Mar 19 03:46:35 2026: Server is using token UUID: 'afb84f60-d085-40ea-8c8b-3b6313a9a63e'
Thu Mar 19 03:46:35 2026: SESSION_MGR: creating session with session uuid: '6d04a3e9-ade5-4ab9-8d63-1f78fcd2ec76' and name 'default'
Thu Mar 19 03:46:35 2026: Attempting to start server on port '46719'
Thu Mar 19 03:46:35 2026: XCD main fifo: created main fifo '/tmp/xcdmainafb84f60-d085-40ea-8c8b-3b6313a9a63e', fd read = 13
Thu Mar 19 03:46:35 2026: Running Dispatch Server
Thu Mar 19 03:46:35 2026: Version 2.2.0
Thu Mar 19 03:46:36 2026: Dispatch Server: Accepted socket connection from client
Thu Mar 19 03:46:36 2026: Starting Socket connection
Thu Mar 19 03:46:36 2026: EXCHANGE_TOKEN received, server token: afb84f60-d085-40ea-8c8b-3b6313a9a63e, passed token: afb84f60-d085-40ea-8c8b-3b6313a9a63e
Thu Mar 19 03:46:36 2026: DISPATCH_HANDLER: Adding handler from function makeHandler in library libxv_system_diagram
Thu Mar 19 03:46:36 2026: SESSION_MGR: creating session with session uuid: '4746f70a-8312-459d-845e-c400280d5077' and name 'vitis-run_compile_work'
Thu Mar 19 03:46:36 2026: KERNEL_SVC: creating session with uuid: '4746f70a-8312-459d-845e-c400280d5077' and name 'vitis-run_compile_work'
Thu Mar 19 03:46:36 2026: GUIDANCE_SMGR: creating guidance session with uuid: '4746f70a-8312-459d-845e-c400280d5077' and name 'vitis-run_compile_work'
Thu Mar 19 03:46:36 2026: SYSTEM_DIAGRAM: creating session with uuid: '4746f70a-8312-459d-845e-c400280d5077' and name 'vitis-run_compile_work'
Thu Mar 19 03:46:40 2026: Dispatch Server: Accepted socket connection from client
Thu Mar 19 03:46:40 2026: Starting Socket connection
Thu Mar 19 03:46:43 2026: SESSION_MGR: closing session for UUID '4746f70a-8312-459d-845e-c400280d5077' with name 'vitis-run_compile_work'
Thu Mar 19 03:46:43 2026: KERNEL_SVC: closing session for UUID '4746f70a-8312-459d-845e-c400280d5077' with name 'vitis-run_compile_work'
Thu Mar 19 03:46:43 2026: GUIDANCE_SMGR: closing session for UUID '4746f70a-8312-459d-845e-c400280d5077' with name 'vitis-run_compile_work'
Thu Mar 19 03:46:43 2026: SYSTEM_DIAGRAM: closing session for UUID '4746f70a-8312-459d-845e-c400280d5077' with name 'vitis-run_compile_work'
Thu Mar 19 03:46:43 2026: STOP_SERVER received, server token: afb84f60-d085-40ea-8c8b-3b6313a9a63e, passed token: afb84f60-d085-40ea-8c8b-3b6313a9a63e
Thu Mar 19 03:46:43 2026: Socket received request to stop server.
Thu Mar 19 03:46:43 2026: Dispatch Server: do_await_stop
Thu Mar 19 03:46:43 2026: Dispatch Server: stopping mainFifo_
Thu Mar 19 03:46:43 2026: XCD main fifo: Stopping
Thu Mar 19 03:46:43 2026: XCD main fifo: do_read error code: Operation canceled
Thu Mar 19 03:46:43 2026: XCD main fifo: bytes_transferred: 0
Thu Mar 19 03:46:43 2026: SERVER: destructor for server bound to port 46719
Thu Mar 19 03:46:43 2026: XCD main fifo: Good unlink of /tmp/xcdmainafb84f60-d085-40ea-8c8b-3b6313a9a63e
Thu Mar 19 03:46:43 2026: Server exiting with status 0.
Thu Mar 19 03:46:43 2026: Closing log file.
Thu Mar 19 03:46:49 2026: Running xcd server. This server was built by gradle.
Thu Mar 19 03:46:49 2026: Server was asked to start on port: '46453'
Thu Mar 19 03:46:49 2026: Server is using token UUID: 'fb7b129b-6162-4340-a6c1-47233578c35f'
Thu Mar 19 03:46:49 2026: SESSION_MGR: creating session with session uuid: '6d04a3e9-ade5-4ab9-8d63-1f78fcd2ec76' and name 'default'
Thu Mar 19 03:46:49 2026: Attempting to start server on port '46453'
Thu Mar 19 03:46:49 2026: XCD main fifo: created main fifo '/tmp/xcdmainfb7b129b-6162-4340-a6c1-47233578c35f', fd read = 13
Thu Mar 19 03:46:49 2026: Running Dispatch Server
Thu Mar 19 03:46:49 2026: Version 2.2.0
Thu Mar 19 03:46:50 2026: Dispatch Server: Accepted socket connection from client
Thu Mar 19 03:46:50 2026: Starting Socket connection
Thu Mar 19 03:46:50 2026: EXCHANGE_TOKEN received, server token: fb7b129b-6162-4340-a6c1-47233578c35f, passed token: fb7b129b-6162-4340-a6c1-47233578c35f
Thu Mar 19 03:46:50 2026: DISPATCH_HANDLER: Adding handler from function makeHandler in library libxv_system_diagram
Thu Mar 19 03:46:50 2026: SESSION_MGR: creating session with session uuid: '01e082c4-e8ac-41cb-ae2c-bdb68ec9aeb9' and name 'v++_compile_work'
Thu Mar 19 03:46:50 2026: KERNEL_SVC: creating session with uuid: '01e082c4-e8ac-41cb-ae2c-bdb68ec9aeb9' and name 'v++_compile_work'
Thu Mar 19 03:46:50 2026: GUIDANCE_SMGR: creating guidance session with uuid: '01e082c4-e8ac-41cb-ae2c-bdb68ec9aeb9' and name 'v++_compile_work'
Thu Mar 19 03:46:50 2026: SYSTEM_DIAGRAM: creating session with uuid: '01e082c4-e8ac-41cb-ae2c-bdb68ec9aeb9' and name 'v++_compile_work'
Thu Mar 19 03:46:54 2026: Dispatch Server: Accepted socket connection from client
Thu Mar 19 03:46:54 2026: Starting Socket connection
Thu Mar 19 03:47:35 2026: SESSION_MGR: closing session for UUID '01e082c4-e8ac-41cb-ae2c-bdb68ec9aeb9' with name 'v++_compile_work'
Thu Mar 19 03:47:35 2026: KERNEL_SVC: closing session for UUID '01e082c4-e8ac-41cb-ae2c-bdb68ec9aeb9' with name 'v++_compile_work'
Thu Mar 19 03:47:35 2026: GUIDANCE_SMGR: closing session for UUID '01e082c4-e8ac-41cb-ae2c-bdb68ec9aeb9' with name 'v++_compile_work'
Thu Mar 19 03:47:36 2026: SYSTEM_DIAGRAM: closing session for UUID '01e082c4-e8ac-41cb-ae2c-bdb68ec9aeb9' with name 'v++_compile_work'
Thu Mar 19 03:47:36 2026: STOP_SERVER received, server token: fb7b129b-6162-4340-a6c1-47233578c35f, passed token: fb7b129b-6162-4340-a6c1-47233578c35f
Thu Mar 19 03:47:36 2026: Socket received request to stop server.
Thu Mar 19 03:47:36 2026: Dispatch Server: do_await_stop
Thu Mar 19 03:47:36 2026: Dispatch Server: stopping mainFifo_
Thu Mar 19 03:47:36 2026: XCD main fifo: Stopping
Thu Mar 19 03:47:36 2026: XCD main fifo: do_read error code: Operation canceled
Thu Mar 19 03:47:36 2026: XCD main fifo: bytes_transferred: 0
Thu Mar 19 03:47:36 2026: SERVER: destructor for server bound to port 46453
Thu Mar 19 03:47:36 2026: XCD main fifo: Good unlink of /tmp/xcdmainfb7b129b-6162-4340-a6c1-47233578c35f
Thu Mar 19 03:47:36 2026: Server exiting with status 0.
Thu Mar 19 03:47:36 2026: Closing log file.
Thu Mar 19 03:47:50 2026: Running xcd server. This server was built by gradle.
Thu Mar 19 03:47:50 2026: Server was asked to start on port: '40257'
Thu Mar 19 03:47:50 2026: Server is using token UUID: '57bda756-c3fe-4bc9-968c-bdeb1715f712'
Thu Mar 19 03:47:50 2026: SESSION_MGR: creating session with session uuid: '6d04a3e9-ade5-4ab9-8d63-1f78fcd2ec76' and name 'default'
Thu Mar 19 03:47:50 2026: Attempting to start server on port '40257'
Thu Mar 19 03:47:50 2026: XCD main fifo: created main fifo '/tmp/xcdmain57bda756-c3fe-4bc9-968c-bdeb1715f712', fd read = 13
Thu Mar 19 03:47:50 2026: Running Dispatch Server
Thu Mar 19 03:47:50 2026: Version 2.2.0
Thu Mar 19 03:47:51 2026: Dispatch Server: Accepted socket connection from client
Thu Mar 19 03:47:51 2026: Starting Socket connection
Thu Mar 19 03:47:51 2026: EXCHANGE_TOKEN received, server token: 57bda756-c3fe-4bc9-968c-bdeb1715f712, passed token: 57bda756-c3fe-4bc9-968c-bdeb1715f712
Thu Mar 19 03:47:51 2026: DISPATCH_HANDLER: Adding handler from function makeHandler in library libxv_system_diagram
Thu Mar 19 03:47:51 2026: SESSION_MGR: creating session with session uuid: '3a9c492f-64e0-412d-88d4-7593d1e24da5' and name 'v++_compile_work'
Thu Mar 19 03:47:51 2026: KERNEL_SVC: creating session with uuid: '3a9c492f-64e0-412d-88d4-7593d1e24da5' and name 'v++_compile_work'
Thu Mar 19 03:47:51 2026: GUIDANCE_SMGR: creating guidance session with uuid: '3a9c492f-64e0-412d-88d4-7593d1e24da5' and name 'v++_compile_work'
Thu Mar 19 03:47:51 2026: SYSTEM_DIAGRAM: creating session with uuid: '3a9c492f-64e0-412d-88d4-7593d1e24da5' and name 'v++_compile_work'
Thu Mar 19 03:47:55 2026: Dispatch Server: Accepted socket connection from client
Thu Mar 19 03:47:55 2026: Starting Socket connection
Thu Mar 19 03:48:37 2026: SESSION_MGR: closing session for UUID '3a9c492f-64e0-412d-88d4-7593d1e24da5' with name 'v++_compile_work'
Thu Mar 19 03:48:37 2026: KERNEL_SVC: closing session for UUID '3a9c492f-64e0-412d-88d4-7593d1e24da5' with name 'v++_compile_work'
Thu Mar 19 03:48:37 2026: GUIDANCE_SMGR: closing session for UUID '3a9c492f-64e0-412d-88d4-7593d1e24da5' with name 'v++_compile_work'
Thu Mar 19 03:48:37 2026: SYSTEM_DIAGRAM: closing session for UUID '3a9c492f-64e0-412d-88d4-7593d1e24da5' with name 'v++_compile_work'
Thu Mar 19 03:48:37 2026: STOP_SERVER received, server token: 57bda756-c3fe-4bc9-968c-bdeb1715f712, passed token: 57bda756-c3fe-4bc9-968c-bdeb1715f712
Thu Mar 19 03:48:37 2026: Socket received request to stop server.
Thu Mar 19 03:48:37 2026: Dispatch Server: do_await_stop
Thu Mar 19 03:48:37 2026: Dispatch Server: stopping mainFifo_
Thu Mar 19 03:48:37 2026: XCD main fifo: Stopping
Thu Mar 19 03:48:37 2026: XCD main fifo: do_read error code: Operation canceled
Thu Mar 19 03:48:37 2026: XCD main fifo: bytes_transferred: 0
Thu Mar 19 03:48:37 2026: SERVER: destructor for server bound to port 40257
Thu Mar 19 03:48:37 2026: XCD main fifo: Good unlink of /tmp/xcdmain57bda756-c3fe-4bc9-968c-bdeb1715f712
Thu Mar 19 03:48:37 2026: Server exiting with status 0.
Thu Mar 19 03:48:37 2026: Closing log file.
