

================================================================
== Synthesis Summary Report of 'kernel'
================================================================
+ General Information: 
    * Date:           Thu Mar 19 04:08:50 2026
    * Version:        2025.1 (Build 6135595 on May 21 2025)
    * Project:        work
    * Solution:       hls (Vitis Kernel Flow Target)
    * Product family: virtexuplus
    * Target device:  xcu200-fsgd2104-2-e
    

+ Performance & Resource Estimates: 
    
    PS: '+' for module; 'o' for loop; '*' for dataflow
    +----------+------+------+---------+---------+----------+---------+------+----------+---------+----+------------+------------+-----+
    |  Modules | Issue|      |      Latency      | Iteration|         | Trip |          |         |    |            |            |     |
    |  & Loops | Type | Slack| (cycles)|   (ns)  |  Latency | Interval| Count| Pipelined|  BRAM   | DSP|     FF     |     LUT    | URAM|
    +----------+------+------+---------+---------+----------+---------+------+----------+---------+----+------------+------------+-----+
    |+ kernel  |     -|  0.00|      142|  710.000|         -|      143|     -|        no|  8 (~0%)|   -|  3655 (~0%)|  4750 (~0%)|    -|
    +----------+------+------+---------+---------+----------+---------+------+----------+---------+----+------------+------------+-----+


================================================================
== HW Interfaces
================================================================
* M_AXI
+-------------+------------+------------+---------------+---------+--------+----------+-----------+--------------+--------------+-------------+-------------+-------------------+
| Interface   | Read/Write | Data Width | Address Width | Latency | Offset | Register | Max Widen | Max Read     | Max Write    | Num Read    | Num Write   | Resource Estimate |
|             |            | (SW->HW)   |               |         |        |          | Bitwidth  | Burst Length | Burst Length | Outstanding | Outstanding |                   |
+-------------+------------+------------+---------------+---------+--------+----------+-----------+--------------+--------------+-------------+-------------+-------------------+
| m_axi_gmem0 | READ_ONLY  | 8 -> 128   | 64            | 64      | slave  | 0        | 512       | 16           | 16           | 16          | 16          | BRAM=4            |
| m_axi_gmem1 | READ_ONLY  | 8 -> 128   | 64            | 64      | slave  | 0        | 512       | 16           | 16           | 16          | 16          | BRAM=4            |
| m_axi_gmem2 | WRITE_ONLY | 16 -> 256  | 64            | 64      | slave  | 0        | 512       | 16           | 16           | 16          | 16          |                   |
+-------------+------------+------------+---------------+---------+--------+----------+-----------+--------------+--------------+-------------+-------------+-------------------+

* S_AXILITE Interfaces
+---------------+------------+---------------+--------+----------+
| Interface     | Data Width | Address Width | Offset | Register |
+---------------+------------+---------------+--------+----------+
| s_axi_control | 32         | 6             | 16     | 0        |
+---------------+------------+---------------+--------+----------+

* S_AXILITE Registers
+---------------+----------+--------+-------+--------+----------------------------------+------------------------------------------------------------------------------------+
| Interface     | Register | Offset | Width | Access | Description                      | Bit Fields                                                                         |
+---------------+----------+--------+-------+--------+----------------------------------+------------------------------------------------------------------------------------+
| s_axi_control | CTRL     | 0x00   | 32    | RW     | Control signals                  | 0=AP_START 1=AP_DONE 2=AP_IDLE 3=AP_READY 4=AP_CONTINUE 7=AUTO_RESTART 9=INTERRUPT |
| s_axi_control | GIER     | 0x04   | 32    | RW     | Global Interrupt Enable Register | 0=Enable                                                                           |
| s_axi_control | IP_IER   | 0x08   | 32    | RW     | IP Interrupt Enable Register     | 0=CHAN0_INT_EN 1=CHAN1_INT_EN                                                      |
| s_axi_control | IP_ISR   | 0x0c   | 32    | RW     | IP Interrupt Status Register     | 0=CHAN0_INT_ST 1=CHAN1_INT_ST                                                      |
| s_axi_control | a_1      | 0x10   | 32    | W      | Data signal of a                 |                                                                                    |
| s_axi_control | a_2      | 0x14   | 32    | W      | Data signal of a                 |                                                                                    |
| s_axi_control | b_1      | 0x1c   | 32    | W      | Data signal of b                 |                                                                                    |
| s_axi_control | b_2      | 0x20   | 32    | W      | Data signal of b                 |                                                                                    |
| s_axi_control | c_1      | 0x28   | 32    | W      | Data signal of c                 |                                                                                    |
| s_axi_control | c_2      | 0x2c   | 32    | W      | Data signal of c                 |                                                                                    |
+---------------+----------+--------+-------+--------+----------------------------------+------------------------------------------------------------------------------------+

* TOP LEVEL CONTROL
+-----------+---------------+-----------+
| Interface | Type          | Ports     |
+-----------+---------------+-----------+
| ap_clk    | clock         | ap_clk    |
| ap_rst_n  | reset         | ap_rst_n  |
| interrupt | interrupt     | interrupt |
| ap_ctrl   | ap_ctrl_chain |           |
+-----------+---------------+-----------+


================================================================
== SW I/O Information
================================================================
* Top Function Arguments
+----------+-----------+-------------+
| Argument | Direction | Datatype    |
+----------+-----------+-------------+
| a        | in        | ap_int<8>*  |
| b        | in        | ap_int<8>*  |
| c        | out       | ap_int<16>* |
+----------+-----------+-------------+

* SW-to-HW Mapping
+----------+---------------+-----------+----------+-------------------------------+
| Argument | HW Interface  | HW Type   | HW Usage | HW Info                       |
+----------+---------------+-----------+----------+-------------------------------+
| a        | m_axi_gmem0   | interface |          | channel=0                     |
| a        | s_axi_control | register  | offset   | name=a_1 offset=0x10 range=32 |
| a        | s_axi_control | register  | offset   | name=a_2 offset=0x14 range=32 |
| b        | m_axi_gmem1   | interface |          | channel=0                     |
| b        | s_axi_control | register  | offset   | name=b_1 offset=0x1c range=32 |
| b        | s_axi_control | register  | offset   | name=b_2 offset=0x20 range=32 |
| c        | m_axi_gmem2   | interface |          | channel=0                     |
| c        | s_axi_control | register  | offset   | name=c_1 offset=0x28 range=32 |
| c        | s_axi_control | register  | offset   | name=c_2 offset=0x2c range=32 |
+----------+---------------+-----------+----------+-------------------------------+


================================================================
== M_AXI Burst Information
================================================================
 Note: All burst requests might be further partitioned into multiple requests during RTL generation based on max_read_burst_length or max_write_burst_length settings.

* All M_AXI Variable Accesses
+--------------+----------+------------------+-----------+--------------+--------+
| HW Interface | Variable | Access Location  | Direction | Burst Status | Length |
+--------------+----------+------------------+-----------+--------------+--------+
| m_axi_gmem0  | a        | kernel.cpp:26:13 | read      | Widened      | 1      |
| m_axi_gmem0  | a        | kernel.cpp:26:13 | read      | Inferred     | 16     |
| m_axi_gmem1  | b        | kernel.cpp:33:13 | read      | Widened      | 1      |
| m_axi_gmem1  | b        | kernel.cpp:33:13 | read      | Inferred     | 16     |
| m_axi_gmem2  | c        | kernel.cpp:47:7  | write     | Widened      | 1      |
| m_axi_gmem2  | c        | kernel.cpp:47:7  | write     | Inferred     | 16     |
+--------------+----------+------------------+-----------+--------------+--------+


================================================================
== Bind Op Report
================================================================
+-------------------------+-----+--------+-------------+-----+--------+---------+
| Name                    | DSP | Pragma | Variable    | Op  | Impl   | Latency |
+-------------------------+-----+--------+-------------+-----+--------+---------+
| + kernel                | 0   |        |             |     |        |         |
|   add_ln40_fu_574_p2    |     |        | add_ln40    | add | fabric | 0       |
|   add_ln40_1_fu_586_p2  |     |        | add_ln40_1  | add | fabric | 0       |
|   add_ln40_2_fu_598_p2  |     |        | add_ln40_2  | add | fabric | 0       |
|   add_ln40_3_fu_610_p2  |     |        | add_ln40_3  | add | fabric | 0       |
|   add_ln40_4_fu_622_p2  |     |        | add_ln40_4  | add | fabric | 0       |
|   add_ln40_5_fu_634_p2  |     |        | add_ln40_5  | add | fabric | 0       |
|   add_ln40_6_fu_646_p2  |     |        | add_ln40_6  | add | fabric | 0       |
|   add_ln40_7_fu_658_p2  |     |        | add_ln40_7  | add | fabric | 0       |
|   add_ln40_8_fu_670_p2  |     |        | add_ln40_8  | add | fabric | 0       |
|   add_ln40_9_fu_682_p2  |     |        | add_ln40_9  | add | fabric | 0       |
|   add_ln40_10_fu_694_p2 |     |        | add_ln40_10 | add | fabric | 0       |
|   add_ln40_11_fu_706_p2 |     |        | add_ln40_11 | add | fabric | 0       |
|   add_ln40_12_fu_718_p2 |     |        | add_ln40_12 | add | fabric | 0       |
|   add_ln40_13_fu_730_p2 |     |        | add_ln40_13 | add | fabric | 0       |
|   add_ln40_14_fu_742_p2 |     |        | add_ln40_14 | add | fabric | 0       |
|   add_ln40_15_fu_754_p2 |     |        | add_ln40_15 | add | fabric | 0       |
+-------------------------+-----+--------+-------------+-----+--------+---------+


================================================================
== Storage Report
================================================================
+-------------------+-----------+-----------+------+------+--------+----------+------+---------+------------------+
| Name              | Usage     | Type      | BRAM | URAM | Pragma | Variable | Impl | Latency | Bitwidth, Depth, |
|                   |           |           |      |      |        |          |      |         | Banks            |
+-------------------+-----------+-----------+------+------+--------+----------+------+---------+------------------+
| + kernel          |           |           | 8    | 0    |        |          |      |         |                  |
|   control_s_axi_U | interface | s_axilite |      |      |        |          |      |         |                  |
|   gmem0_m_axi_U   | interface | m_axi     | 4    |      |        |          |      |         |                  |
|   gmem1_m_axi_U   | interface | m_axi     | 4    |      |        |          |      |         |                  |
|   gmem2_m_axi_U   | interface | m_axi     |      |      |        |          |      |         |                  |
+-------------------+-----------+-----------+------+------+--------+----------+------+---------+------------------+


================================================================
== Pragma Report
================================================================
* Valid Pragma Syntax
+-----------------+----------------------------------------+----------------------------------+
| Type            | Options                                | Location                         |
+-----------------+----------------------------------------+----------------------------------+
| INTERFACE       | m_axi port=a offset=slave bundle=gmem0 | kernel.cpp:6 in kernel, a        |
| INTERFACE       | m_axi port=b offset=slave bundle=gmem1 | kernel.cpp:7 in kernel, b        |
| INTERFACE       | m_axi port=c offset=slave bundle=gmem2 | kernel.cpp:8 in kernel, c        |
| INTERFACE       | s_axilite port=a bundle=control        | kernel.cpp:9 in kernel, a        |
| INTERFACE       | s_axilite port=b bundle=control        | kernel.cpp:10 in kernel, b       |
| INTERFACE       | s_axilite port=c bundle=control        | kernel.cpp:11 in kernel, c       |
| INTERFACE       | s_axilite port=return bundle=control   | kernel.cpp:12 in kernel, return  |
| ARRAY_PARTITION | variable=a_local complete              | kernel.cpp:18 in kernel, a_local |
| ARRAY_PARTITION | variable=b_local complete              | kernel.cpp:19 in kernel, b_local |
| ARRAY_PARTITION | variable=c_local complete              | kernel.cpp:20 in kernel, c_local |
| PIPELINE        | ii=1                                   | kernel.cpp:24 in kernel          |
| UNROLL          | factor=16                              | kernel.cpp:25 in kernel          |
| PIPELINE        | ii=1                                   | kernel.cpp:31 in kernel          |
| UNROLL          | factor=16                              | kernel.cpp:32 in kernel          |
| PIPELINE        | ii=1                                   | kernel.cpp:38 in kernel          |
| UNROLL          | factor=16                              | kernel.cpp:39 in kernel          |
| PIPELINE        | ii=1                                   | kernel.cpp:45 in kernel          |
| UNROLL          | factor=16                              | kernel.cpp:46 in kernel          |
+-----------------+----------------------------------------+----------------------------------+


