

================================================================
== Vitis HLS Report for 'kernel'
================================================================
* Date:           Thu Mar 19 04:08:50 2026

* Version:        2025.1 (Build 6135595 on May 21 2025)
* Project:        work
* Solution:       hls (Vitis Kernel Flow Target)
* Product family: virtexuplus
* Target device:  xcu200-fsgd2104-2-e


================================================================
== Performance Estimates
================================================================
+ Timing: 
    * Summary: 
    +--------+---------+----------+------------+
    |  Clock |  Target | Estimated| Uncertainty|
    +--------+---------+----------+------------+
    |ap_clk  |  5.00 ns|  3.650 ns|     1.35 ns|
    +--------+---------+----------+------------+

+ Latency: 
    * Summary: 
    +---------+---------+----------+----------+-----+-----+---------+
    |  Latency (cycles) |  Latency (absolute) |  Interval | Pipeline|
    |   min   |   max   |    min   |    max   | min | max |   Type  |
    +---------+---------+----------+----------+-----+-----+---------+
    |      142|      142|  0.710 us|  0.710 us|  143|  143|       no|
    +---------+---------+----------+----------+-----+-----+---------+

    + Detail: 
        * Instance: 
        N/A

        * Loop: 
        N/A



================================================================
== Utilization Estimates
================================================================
* Summary: 
+---------------------+---------+------+---------+---------+-----+
|         Name        | BRAM_18K|  DSP |    FF   |   LUT   | URAM|
+---------------------+---------+------+---------+---------+-----+
|DSP                  |        -|     -|        -|        -|    -|
|Expression           |        -|     -|        0|      262|    -|
|FIFO                 |        -|     -|        -|        -|    -|
|Instance             |        8|     -|     2929|     3657|    0|
|Memory               |        -|     -|        -|        -|    -|
|Multiplexer          |        -|     -|        0|      831|    -|
|Register             |        -|     -|      726|        -|    -|
+---------------------+---------+------+---------+---------+-----+
|Total                |        8|     0|     3655|     4750|    0|
+---------------------+---------+------+---------+---------+-----+
|Available SLR        |     1440|  2280|   788160|   394080|  320|
+---------------------+---------+------+---------+---------+-----+
|Utilization SLR (%)  |       ~0|     0|       ~0|        1|    0|
+---------------------+---------+------+---------+---------+-----+
|Available            |     4320|  6840|  2364480|  1182240|  960|
+---------------------+---------+------+---------+---------+-----+
|Utilization (%)      |       ~0|     0|       ~0|       ~0|    0|
+---------------------+---------+------+---------+---------+-----+

+ Detail: 
    * Instance: 
    +-----------------+---------------+---------+----+-----+------+-----+
    |     Instance    |     Module    | BRAM_18K| DSP|  FF |  LUT | URAM|
    +-----------------+---------------+---------+----+-----+------+-----+
    |control_s_axi_U  |control_s_axi  |        0|   0|  246|   424|    0|
    |gmem0_m_axi_U    |gmem0_m_axi    |        4|   0|  897|   952|    0|
    |gmem1_m_axi_U    |gmem1_m_axi    |        4|   0|  897|   952|    0|
    |gmem2_m_axi_U    |gmem2_m_axi    |        0|   0|  889|  1329|    0|
    +-----------------+---------------+---------+----+-----+------+-----+
    |Total            |               |        8|   0| 2929|  3657|    0|
    +-----------------+---------------+---------+----+-----+------+-----+

    * DSP: 
    N/A

    * Memory: 
    N/A

    * FIFO: 
    N/A

    * Expression: 
    +-----------------------+----------+----+---+----+------------+------------+
    |     Variable Name     | Operation| DSP| FF| LUT| Bitwidth P0| Bitwidth P1|
    +-----------------------+----------+----+---+----+------------+------------+
    |add_ln40_10_fu_694_p2  |         +|   0|  0|  16|           9|           9|
    |add_ln40_11_fu_706_p2  |         +|   0|  0|  16|           9|           9|
    |add_ln40_12_fu_718_p2  |         +|   0|  0|  16|           9|           9|
    |add_ln40_13_fu_730_p2  |         +|   0|  0|  16|           9|           9|
    |add_ln40_14_fu_742_p2  |         +|   0|  0|  16|           9|           9|
    |add_ln40_15_fu_754_p2  |         +|   0|  0|  16|           9|           9|
    |add_ln40_1_fu_586_p2   |         +|   0|  0|  16|           9|           9|
    |add_ln40_2_fu_598_p2   |         +|   0|  0|  16|           9|           9|
    |add_ln40_3_fu_610_p2   |         +|   0|  0|  16|           9|           9|
    |add_ln40_4_fu_622_p2   |         +|   0|  0|  16|           9|           9|
    |add_ln40_5_fu_634_p2   |         +|   0|  0|  16|           9|           9|
    |add_ln40_6_fu_646_p2   |         +|   0|  0|  16|           9|           9|
    |add_ln40_7_fu_658_p2   |         +|   0|  0|  16|           9|           9|
    |add_ln40_8_fu_670_p2   |         +|   0|  0|  16|           9|           9|
    |add_ln40_9_fu_682_p2   |         +|   0|  0|  16|           9|           9|
    |add_ln40_fu_574_p2     |         +|   0|  0|  16|           9|           9|
    |ap_block_state1        |        or|   0|  0|   2|           1|           1|
    |ap_block_state2_io     |        or|   0|  0|   2|           1|           1|
    |ap_block_state73       |        or|   0|  0|   2|           1|           1|
    +-----------------------+----------+----+---+----+------------+------------+
    |Total                  |          |   0|  0| 262|         147|         147|
    +-----------------------+----------+----+---+----+------------+------------+

    * Multiplexer: 
    +----------------+-----+-----------+-----+-----------+
    |      Name      | LUT | Input Size| Bits| Total Bits|
    +----------------+-----+-----------+-----+-----------+
    |ap_NS_fsm       |  759|        144|    1|        144|
    |ap_done         |    9|          2|    1|          2|
    |gmem0_blk_n_AR  |    9|          2|    1|          2|
    |gmem0_blk_n_R   |    9|          2|    1|          2|
    |gmem1_blk_n_AR  |    9|          2|    1|          2|
    |gmem1_blk_n_R   |    9|          2|    1|          2|
    |gmem2_blk_n_AW  |    9|          2|    1|          2|
    |gmem2_blk_n_B   |    9|          2|    1|          2|
    |gmem2_blk_n_W   |    9|          2|    1|          2|
    +----------------+-----+-----------+-----+-----------+
    |Total           |  831|        160|    9|        160|
    +----------------+-----+-----------+-----+-----------+

    * Register: 
    +------------------------+-----+----+-----+-----------+
    |          Name          |  FF | LUT| Bits| Const Bits|
    +------------------------+-----+----+-----+-----------+
    |add_ln40_10_reg_1128    |    9|   0|    9|          0|
    |add_ln40_11_reg_1133    |    9|   0|    9|          0|
    |add_ln40_12_reg_1138    |    9|   0|    9|          0|
    |add_ln40_13_reg_1143    |    9|   0|    9|          0|
    |add_ln40_14_reg_1148    |    9|   0|    9|          0|
    |add_ln40_15_reg_1153    |    9|   0|    9|          0|
    |add_ln40_1_reg_1083     |    9|   0|    9|          0|
    |add_ln40_2_reg_1088     |    9|   0|    9|          0|
    |add_ln40_3_reg_1093     |    9|   0|    9|          0|
    |add_ln40_4_reg_1098     |    9|   0|    9|          0|
    |add_ln40_5_reg_1103     |    9|   0|    9|          0|
    |add_ln40_6_reg_1108     |    9|   0|    9|          0|
    |add_ln40_7_reg_1113     |    9|   0|    9|          0|
    |add_ln40_8_reg_1118     |    9|   0|    9|          0|
    |add_ln40_9_reg_1123     |    9|   0|    9|          0|
    |add_ln40_reg_1078       |    9|   0|    9|          0|
    |ap_CS_fsm               |  143|   0|  143|          0|
    |ap_done_reg             |    1|   0|    1|          0|
    |ap_rst_n_inv            |    1|   0|    1|          0|
    |ap_rst_reg_1            |    1|   0|    1|          0|
    |ap_rst_reg_2            |    1|   0|    1|          0|
    |trunc_ln26_10_reg_968   |    8|   0|    8|          0|
    |trunc_ln26_11_reg_973   |    8|   0|    8|          0|
    |trunc_ln26_12_reg_978   |    8|   0|    8|          0|
    |trunc_ln26_13_reg_983   |    8|   0|    8|          0|
    |trunc_ln26_14_reg_988   |    8|   0|    8|          0|
    |trunc_ln26_15_reg_993   |    8|   0|    8|          0|
    |trunc_ln26_1_reg_923    |    8|   0|    8|          0|
    |trunc_ln26_2_reg_928    |    8|   0|    8|          0|
    |trunc_ln26_3_reg_933    |    8|   0|    8|          0|
    |trunc_ln26_4_reg_938    |    8|   0|    8|          0|
    |trunc_ln26_5_reg_943    |    8|   0|    8|          0|
    |trunc_ln26_6_reg_948    |    8|   0|    8|          0|
    |trunc_ln26_7_reg_953    |    8|   0|    8|          0|
    |trunc_ln26_8_reg_958    |    8|   0|    8|          0|
    |trunc_ln26_9_reg_963    |    8|   0|    8|          0|
    |trunc_ln26_reg_918      |    8|   0|    8|          0|
    |trunc_ln26_s_reg_891    |   60|   0|   60|          0|
    |trunc_ln2_reg_901       |   59|   0|   59|          0|
    |trunc_ln33_10_reg_1048  |    8|   0|    8|          0|
    |trunc_ln33_11_reg_1053  |    8|   0|    8|          0|
    |trunc_ln33_12_reg_1058  |    8|   0|    8|          0|
    |trunc_ln33_13_reg_1063  |    8|   0|    8|          0|
    |trunc_ln33_14_reg_1068  |    8|   0|    8|          0|
    |trunc_ln33_15_reg_1073  |    8|   0|    8|          0|
    |trunc_ln33_1_reg_1003   |    8|   0|    8|          0|
    |trunc_ln33_2_reg_1008   |    8|   0|    8|          0|
    |trunc_ln33_3_reg_1013   |    8|   0|    8|          0|
    |trunc_ln33_4_reg_1018   |    8|   0|    8|          0|
    |trunc_ln33_5_reg_1023   |    8|   0|    8|          0|
    |trunc_ln33_6_reg_1028   |    8|   0|    8|          0|
    |trunc_ln33_7_reg_1033   |    8|   0|    8|          0|
    |trunc_ln33_8_reg_1038   |    8|   0|    8|          0|
    |trunc_ln33_9_reg_1043   |    8|   0|    8|          0|
    |trunc_ln33_reg_998      |    8|   0|    8|          0|
    |trunc_ln33_s_reg_896    |   60|   0|   60|          0|
    +------------------------+-----+----+-----+-----------+
    |Total                   |  726|   0|  726|          0|
    +------------------------+-----+----+-----+-----------+



================================================================
== Interface
================================================================
* Summary: 
+-----------------------+-----+-----+---------------+--------------+--------------+
|       RTL Ports       | Dir | Bits|    Protocol   | Source Object|    C Type    |
+-----------------------+-----+-----+---------------+--------------+--------------+
|s_axi_control_AWVALID  |   in|    1|          s_axi|       control|        scalar|
|s_axi_control_AWREADY  |  out|    1|          s_axi|       control|        scalar|
|s_axi_control_AWADDR   |   in|    6|          s_axi|       control|        scalar|
|s_axi_control_WVALID   |   in|    1|          s_axi|       control|        scalar|
|s_axi_control_WREADY   |  out|    1|          s_axi|       control|        scalar|
|s_axi_control_WDATA    |   in|   32|          s_axi|       control|        scalar|
|s_axi_control_WSTRB    |   in|    4|          s_axi|       control|        scalar|
|s_axi_control_ARVALID  |   in|    1|          s_axi|       control|        scalar|
|s_axi_control_ARREADY  |  out|    1|          s_axi|       control|        scalar|
|s_axi_control_ARADDR   |   in|    6|          s_axi|       control|        scalar|
|s_axi_control_RVALID   |  out|    1|          s_axi|       control|        scalar|
|s_axi_control_RREADY   |   in|    1|          s_axi|       control|        scalar|
|s_axi_control_RDATA    |  out|   32|          s_axi|       control|        scalar|
|s_axi_control_RRESP    |  out|    2|          s_axi|       control|        scalar|
|s_axi_control_BVALID   |  out|    1|          s_axi|       control|        scalar|
|s_axi_control_BREADY   |   in|    1|          s_axi|       control|        scalar|
|s_axi_control_BRESP    |  out|    2|          s_axi|       control|        scalar|
|ap_clk                 |   in|    1|  ap_ctrl_chain|        kernel|  return value|
|ap_rst_n               |   in|    1|  ap_ctrl_chain|        kernel|  return value|
|interrupt              |  out|    1|  ap_ctrl_chain|        kernel|  return value|
|m_axi_gmem0_AWVALID    |  out|    1|          m_axi|         gmem0|       pointer|
|m_axi_gmem0_AWREADY    |   in|    1|          m_axi|         gmem0|       pointer|
|m_axi_gmem0_AWADDR     |  out|   64|          m_axi|         gmem0|       pointer|
|m_axi_gmem0_AWID       |  out|    1|          m_axi|         gmem0|       pointer|
|m_axi_gmem0_AWLEN      |  out|    8|          m_axi|         gmem0|       pointer|
|m_axi_gmem0_AWSIZE     |  out|    3|          m_axi|         gmem0|       pointer|
|m_axi_gmem0_AWBURST    |  out|    2|          m_axi|         gmem0|       pointer|
|m_axi_gmem0_AWLOCK     |  out|    2|          m_axi|         gmem0|       pointer|
|m_axi_gmem0_AWCACHE    |  out|    4|          m_axi|         gmem0|       pointer|
|m_axi_gmem0_AWPROT     |  out|    3|          m_axi|         gmem0|       pointer|
|m_axi_gmem0_AWQOS      |  out|    4|          m_axi|         gmem0|       pointer|
|m_axi_gmem0_AWREGION   |  out|    4|          m_axi|         gmem0|       pointer|
|m_axi_gmem0_AWUSER     |  out|    1|          m_axi|         gmem0|       pointer|
|m_axi_gmem0_WVALID     |  out|    1|          m_axi|         gmem0|       pointer|
|m_axi_gmem0_WREADY     |   in|    1|          m_axi|         gmem0|       pointer|
|m_axi_gmem0_WDATA      |  out|  128|          m_axi|         gmem0|       pointer|
|m_axi_gmem0_WSTRB      |  out|   16|          m_axi|         gmem0|       pointer|
|m_axi_gmem0_WLAST      |  out|    1|          m_axi|         gmem0|       pointer|
|m_axi_gmem0_WID        |  out|    1|          m_axi|         gmem0|       pointer|
|m_axi_gmem0_WUSER      |  out|    1|          m_axi|         gmem0|       pointer|
|m_axi_gmem0_ARVALID    |  out|    1|          m_axi|         gmem0|       pointer|
|m_axi_gmem0_ARREADY    |   in|    1|          m_axi|         gmem0|       pointer|
|m_axi_gmem0_ARADDR     |  out|   64|          m_axi|         gmem0|       pointer|
|m_axi_gmem0_ARID       |  out|    1|          m_axi|         gmem0|       pointer|
|m_axi_gmem0_ARLEN      |  out|    8|          m_axi|         gmem0|       pointer|
|m_axi_gmem0_ARSIZE     |  out|    3|          m_axi|         gmem0|       pointer|
|m_axi_gmem0_ARBURST    |  out|    2|          m_axi|         gmem0|       pointer|
|m_axi_gmem0_ARLOCK     |  out|    2|          m_axi|         gmem0|       pointer|
|m_axi_gmem0_ARCACHE    |  out|    4|          m_axi|         gmem0|       pointer|
|m_axi_gmem0_ARPROT     |  out|    3|          m_axi|         gmem0|       pointer|
|m_axi_gmem0_ARQOS      |  out|    4|          m_axi|         gmem0|       pointer|
|m_axi_gmem0_ARREGION   |  out|    4|          m_axi|         gmem0|       pointer|
|m_axi_gmem0_ARUSER     |  out|    1|          m_axi|         gmem0|       pointer|
|m_axi_gmem0_RVALID     |   in|    1|          m_axi|         gmem0|       pointer|
|m_axi_gmem0_RREADY     |  out|    1|          m_axi|         gmem0|       pointer|
|m_axi_gmem0_RDATA      |   in|  128|          m_axi|         gmem0|       pointer|
|m_axi_gmem0_RLAST      |   in|    1|          m_axi|         gmem0|       pointer|
|m_axi_gmem0_RID        |   in|    1|          m_axi|         gmem0|       pointer|
|m_axi_gmem0_RUSER      |   in|    1|          m_axi|         gmem0|       pointer|
|m_axi_gmem0_RRESP      |   in|    2|          m_axi|         gmem0|       pointer|
|m_axi_gmem0_BVALID     |   in|    1|          m_axi|         gmem0|       pointer|
|m_axi_gmem0_BREADY     |  out|    1|          m_axi|         gmem0|       pointer|
|m_axi_gmem0_BRESP      |   in|    2|          m_axi|         gmem0|       pointer|
|m_axi_gmem0_BID        |   in|    1|          m_axi|         gmem0|       pointer|
|m_axi_gmem0_BUSER      |   in|    1|          m_axi|         gmem0|       pointer|
|m_axi_gmem1_AWVALID    |  out|    1|          m_axi|         gmem1|       pointer|
|m_axi_gmem1_AWREADY    |   in|    1|          m_axi|         gmem1|       pointer|
|m_axi_gmem1_AWADDR     |  out|   64|          m_axi|         gmem1|       pointer|
|m_axi_gmem1_AWID       |  out|    1|          m_axi|         gmem1|       pointer|
|m_axi_gmem1_AWLEN      |  out|    8|          m_axi|         gmem1|       pointer|
|m_axi_gmem1_AWSIZE     |  out|    3|          m_axi|         gmem1|       pointer|
|m_axi_gmem1_AWBURST    |  out|    2|          m_axi|         gmem1|       pointer|
|m_axi_gmem1_AWLOCK     |  out|    2|          m_axi|         gmem1|       pointer|
|m_axi_gmem1_AWCACHE    |  out|    4|          m_axi|         gmem1|       pointer|
|m_axi_gmem1_AWPROT     |  out|    3|          m_axi|         gmem1|       pointer|
|m_axi_gmem1_AWQOS      |  out|    4|          m_axi|         gmem1|       pointer|
|m_axi_gmem1_AWREGION   |  out|    4|          m_axi|         gmem1|       pointer|
|m_axi_gmem1_AWUSER     |  out|    1|          m_axi|         gmem1|       pointer|
|m_axi_gmem1_WVALID     |  out|    1|          m_axi|         gmem1|       pointer|
|m_axi_gmem1_WREADY     |   in|    1|          m_axi|         gmem1|       pointer|
|m_axi_gmem1_WDATA      |  out|  128|          m_axi|         gmem1|       pointer|
|m_axi_gmem1_WSTRB      |  out|   16|          m_axi|         gmem1|       pointer|
|m_axi_gmem1_WLAST      |  out|    1|          m_axi|         gmem1|       pointer|
|m_axi_gmem1_WID        |  out|    1|          m_axi|         gmem1|       pointer|
|m_axi_gmem1_WUSER      |  out|    1|          m_axi|         gmem1|       pointer|
|m_axi_gmem1_ARVALID    |  out|    1|          m_axi|         gmem1|       pointer|
|m_axi_gmem1_ARREADY    |   in|    1|          m_axi|         gmem1|       pointer|
|m_axi_gmem1_ARADDR     |  out|   64|          m_axi|         gmem1|       pointer|
|m_axi_gmem1_ARID       |  out|    1|          m_axi|         gmem1|       pointer|
|m_axi_gmem1_ARLEN      |  out|    8|          m_axi|         gmem1|       pointer|
|m_axi_gmem1_ARSIZE     |  out|    3|          m_axi|         gmem1|       pointer|
|m_axi_gmem1_ARBURST    |  out|    2|          m_axi|         gmem1|       pointer|
|m_axi_gmem1_ARLOCK     |  out|    2|          m_axi|         gmem1|       pointer|
|m_axi_gmem1_ARCACHE    |  out|    4|          m_axi|         gmem1|       pointer|
|m_axi_gmem1_ARPROT     |  out|    3|          m_axi|         gmem1|       pointer|
|m_axi_gmem1_ARQOS      |  out|    4|          m_axi|         gmem1|       pointer|
|m_axi_gmem1_ARREGION   |  out|    4|          m_axi|         gmem1|       pointer|
|m_axi_gmem1_ARUSER     |  out|    1|          m_axi|         gmem1|       pointer|
|m_axi_gmem1_RVALID     |   in|    1|          m_axi|         gmem1|       pointer|
|m_axi_gmem1_RREADY     |  out|    1|          m_axi|         gmem1|       pointer|
|m_axi_gmem1_RDATA      |   in|  128|          m_axi|         gmem1|       pointer|
|m_axi_gmem1_RLAST      |   in|    1|          m_axi|         gmem1|       pointer|
|m_axi_gmem1_RID        |   in|    1|          m_axi|         gmem1|       pointer|
|m_axi_gmem1_RUSER      |   in|    1|          m_axi|         gmem1|       pointer|
|m_axi_gmem1_RRESP      |   in|    2|          m_axi|         gmem1|       pointer|
|m_axi_gmem1_BVALID     |   in|    1|          m_axi|         gmem1|       pointer|
|m_axi_gmem1_BREADY     |  out|    1|          m_axi|         gmem1|       pointer|
|m_axi_gmem1_BRESP      |   in|    2|          m_axi|         gmem1|       pointer|
|m_axi_gmem1_BID        |   in|    1|          m_axi|         gmem1|       pointer|
|m_axi_gmem1_BUSER      |   in|    1|          m_axi|         gmem1|       pointer|
|m_axi_gmem2_AWVALID    |  out|    1|          m_axi|         gmem2|       pointer|
|m_axi_gmem2_AWREADY    |   in|    1|          m_axi|         gmem2|       pointer|
|m_axi_gmem2_AWADDR     |  out|   64|          m_axi|         gmem2|       pointer|
|m_axi_gmem2_AWID       |  out|    1|          m_axi|         gmem2|       pointer|
|m_axi_gmem2_AWLEN      |  out|    8|          m_axi|         gmem2|       pointer|
|m_axi_gmem2_AWSIZE     |  out|    3|          m_axi|         gmem2|       pointer|
|m_axi_gmem2_AWBURST    |  out|    2|          m_axi|         gmem2|       pointer|
|m_axi_gmem2_AWLOCK     |  out|    2|          m_axi|         gmem2|       pointer|
|m_axi_gmem2_AWCACHE    |  out|    4|          m_axi|         gmem2|       pointer|
|m_axi_gmem2_AWPROT     |  out|    3|          m_axi|         gmem2|       pointer|
|m_axi_gmem2_AWQOS      |  out|    4|          m_axi|         gmem2|       pointer|
|m_axi_gmem2_AWREGION   |  out|    4|          m_axi|         gmem2|       pointer|
|m_axi_gmem2_AWUSER     |  out|    1|          m_axi|         gmem2|       pointer|
|m_axi_gmem2_WVALID     |  out|    1|          m_axi|         gmem2|       pointer|
|m_axi_gmem2_WREADY     |   in|    1|          m_axi|         gmem2|       pointer|
|m_axi_gmem2_WDATA      |  out|  256|          m_axi|         gmem2|       pointer|
|m_axi_gmem2_WSTRB      |  out|   32|          m_axi|         gmem2|       pointer|
|m_axi_gmem2_WLAST      |  out|    1|          m_axi|         gmem2|       pointer|
|m_axi_gmem2_WID        |  out|    1|          m_axi|         gmem2|       pointer|
|m_axi_gmem2_WUSER      |  out|    1|          m_axi|         gmem2|       pointer|
|m_axi_gmem2_ARVALID    |  out|    1|          m_axi|         gmem2|       pointer|
|m_axi_gmem2_ARREADY    |   in|    1|          m_axi|         gmem2|       pointer|
|m_axi_gmem2_ARADDR     |  out|   64|          m_axi|         gmem2|       pointer|
|m_axi_gmem2_ARID       |  out|    1|          m_axi|         gmem2|       pointer|
|m_axi_gmem2_ARLEN      |  out|    8|          m_axi|         gmem2|       pointer|
|m_axi_gmem2_ARSIZE     |  out|    3|          m_axi|         gmem2|       pointer|
|m_axi_gmem2_ARBURST    |  out|    2|          m_axi|         gmem2|       pointer|
|m_axi_gmem2_ARLOCK     |  out|    2|          m_axi|         gmem2|       pointer|
|m_axi_gmem2_ARCACHE    |  out|    4|          m_axi|         gmem2|       pointer|
|m_axi_gmem2_ARPROT     |  out|    3|          m_axi|         gmem2|       pointer|
|m_axi_gmem2_ARQOS      |  out|    4|          m_axi|         gmem2|       pointer|
|m_axi_gmem2_ARREGION   |  out|    4|          m_axi|         gmem2|       pointer|
|m_axi_gmem2_ARUSER     |  out|    1|          m_axi|         gmem2|       pointer|
|m_axi_gmem2_RVALID     |   in|    1|          m_axi|         gmem2|       pointer|
|m_axi_gmem2_RREADY     |  out|    1|          m_axi|         gmem2|       pointer|
|m_axi_gmem2_RDATA      |   in|  256|          m_axi|         gmem2|       pointer|
|m_axi_gmem2_RLAST      |   in|    1|          m_axi|         gmem2|       pointer|
|m_axi_gmem2_RID        |   in|    1|          m_axi|         gmem2|       pointer|
|m_axi_gmem2_RUSER      |   in|    1|          m_axi|         gmem2|       pointer|
|m_axi_gmem2_RRESP      |   in|    2|          m_axi|         gmem2|       pointer|
|m_axi_gmem2_BVALID     |   in|    1|          m_axi|         gmem2|       pointer|
|m_axi_gmem2_BREADY     |  out|    1|          m_axi|         gmem2|       pointer|
|m_axi_gmem2_BRESP      |   in|    2|          m_axi|         gmem2|       pointer|
|m_axi_gmem2_BID        |   in|    1|          m_axi|         gmem2|       pointer|
|m_axi_gmem2_BUSER      |   in|    1|          m_axi|         gmem2|       pointer|
+-----------------------+-----+-----+---------------+--------------+--------------+

