Thu Mar 19 03:25:51 2026: Running xcd server. This server was built by gradle.
Thu Mar 19 03:25:51 2026: Server was asked to start on port: '34327'
Thu Mar 19 03:25:51 2026: Server is using token UUID: 'f6247704-b2db-4535-a405-c62cd1402cac'
Thu Mar 19 03:25:51 2026: SESSION_MGR: creating session with session uuid: '6d04a3e9-ade5-4ab9-8d63-1f78fcd2ec76' and name 'default'
Thu Mar 19 03:25:51 2026: Attempting to start server on port '34327'
Thu Mar 19 03:25:51 2026: XCD main fifo: created main fifo '/tmp/xcdmainf6247704-b2db-4535-a405-c62cd1402cac', fd read = 13
Thu Mar 19 03:25:51 2026: Running Dispatch Server
Thu Mar 19 03:25:51 2026: Version 2.2.0
Thu Mar 19 03:25:52 2026: Dispatch Server: Accepted socket connection from client
Thu Mar 19 03:25:52 2026: Starting Socket connection
Thu Mar 19 03:25:52 2026: EXCHANGE_TOKEN received, server token: f6247704-b2db-4535-a405-c62cd1402cac, passed token: f6247704-b2db-4535-a405-c62cd1402cac
Thu Mar 19 03:25:52 2026: DISPATCH_HANDLER: Adding handler from function makeHandler in library libxv_system_diagram
Thu Mar 19 03:25:52 2026: SESSION_MGR: creating session with session uuid: 'dbf61ebe-b979-4c1e-a007-327930588160' and name 'vitis-run_compile_work'
Thu Mar 19 03:25:52 2026: KERNEL_SVC: creating session with uuid: 'dbf61ebe-b979-4c1e-a007-327930588160' and name 'vitis-run_compile_work'
Thu Mar 19 03:25:52 2026: GUIDANCE_SMGR: creating guidance session with uuid: 'dbf61ebe-b979-4c1e-a007-327930588160' and name 'vitis-run_compile_work'
Thu Mar 19 03:25:52 2026: SYSTEM_DIAGRAM: creating session with uuid: 'dbf61ebe-b979-4c1e-a007-327930588160' and name 'vitis-run_compile_work'
Thu Mar 19 03:25:56 2026: Dispatch Server: Accepted socket connection from client
Thu Mar 19 03:25:56 2026: Starting Socket connection
Thu Mar 19 03:25:59 2026: SESSION_MGR: closing session for UUID 'dbf61ebe-b979-4c1e-a007-327930588160' with name 'vitis-run_compile_work'
Thu Mar 19 03:25:59 2026: KERNEL_SVC: closing session for UUID 'dbf61ebe-b979-4c1e-a007-327930588160' with name 'vitis-run_compile_work'
Thu Mar 19 03:25:59 2026: GUIDANCE_SMGR: closing session for UUID 'dbf61ebe-b979-4c1e-a007-327930588160' with name 'vitis-run_compile_work'
Thu Mar 19 03:25:59 2026: SYSTEM_DIAGRAM: closing session for UUID 'dbf61ebe-b979-4c1e-a007-327930588160' with name 'vitis-run_compile_work'
Thu Mar 19 03:25:59 2026: STOP_SERVER received, server token: f6247704-b2db-4535-a405-c62cd1402cac, passed token: f6247704-b2db-4535-a405-c62cd1402cac
Thu Mar 19 03:25:59 2026: Socket received request to stop server.
Thu Mar 19 03:25:59 2026: Dispatch Server: do_await_stop
Thu Mar 19 03:25:59 2026: Dispatch Server: stopping mainFifo_
Thu Mar 19 03:25:59 2026: XCD main fifo: Stopping
Thu Mar 19 03:25:59 2026: XCD main fifo: do_read error code: Operation canceled
Thu Mar 19 03:25:59 2026: XCD main fifo: bytes_transferred: 0
Thu Mar 19 03:25:59 2026: SERVER: destructor for server bound to port 34327
Thu Mar 19 03:25:59 2026: XCD main fifo: Good unlink of /tmp/xcdmainf6247704-b2db-4535-a405-c62cd1402cac
Thu Mar 19 03:25:59 2026: Server exiting with status 0.
Thu Mar 19 03:25:59 2026: Closing log file.
Thu Mar 19 03:26:05 2026: Running xcd server. This server was built by gradle.
Thu Mar 19 03:26:05 2026: Server was asked to start on port: '36369'
Thu Mar 19 03:26:05 2026: Server is using token UUID: 'd9096eb6-3893-4e27-a97b-69652986cefb'
Thu Mar 19 03:26:05 2026: SESSION_MGR: creating session with session uuid: '6d04a3e9-ade5-4ab9-8d63-1f78fcd2ec76' and name 'default'
Thu Mar 19 03:26:05 2026: Attempting to start server on port '36369'
Thu Mar 19 03:26:05 2026: XCD main fifo: created main fifo '/tmp/xcdmaind9096eb6-3893-4e27-a97b-69652986cefb', fd read = 13
Thu Mar 19 03:26:05 2026: Running Dispatch Server
Thu Mar 19 03:26:05 2026: Version 2.2.0
Thu Mar 19 03:26:06 2026: Dispatch Server: Accepted socket connection from client
Thu Mar 19 03:26:06 2026: Starting Socket connection
Thu Mar 19 03:26:06 2026: EXCHANGE_TOKEN received, server token: d9096eb6-3893-4e27-a97b-69652986cefb, passed token: d9096eb6-3893-4e27-a97b-69652986cefb
Thu Mar 19 03:26:06 2026: DISPATCH_HANDLER: Adding handler from function makeHandler in library libxv_system_diagram
Thu Mar 19 03:26:06 2026: SESSION_MGR: creating session with session uuid: '1dd51510-cf01-4b94-a975-6fc2afb9535a' and name 'v++_compile_work'
Thu Mar 19 03:26:06 2026: KERNEL_SVC: creating session with uuid: '1dd51510-cf01-4b94-a975-6fc2afb9535a' and name 'v++_compile_work'
Thu Mar 19 03:26:06 2026: GUIDANCE_SMGR: creating guidance session with uuid: '1dd51510-cf01-4b94-a975-6fc2afb9535a' and name 'v++_compile_work'
Thu Mar 19 03:26:06 2026: SYSTEM_DIAGRAM: creating session with uuid: '1dd51510-cf01-4b94-a975-6fc2afb9535a' and name 'v++_compile_work'
Thu Mar 19 03:26:10 2026: Dispatch Server: Accepted socket connection from client
Thu Mar 19 03:26:10 2026: Starting Socket connection
Thu Mar 19 03:26:48 2026: SESSION_MGR: closing session for UUID '1dd51510-cf01-4b94-a975-6fc2afb9535a' with name 'v++_compile_work'
Thu Mar 19 03:26:48 2026: KERNEL_SVC: closing session for UUID '1dd51510-cf01-4b94-a975-6fc2afb9535a' with name 'v++_compile_work'
Thu Mar 19 03:26:48 2026: GUIDANCE_SMGR: closing session for UUID '1dd51510-cf01-4b94-a975-6fc2afb9535a' with name 'v++_compile_work'
Thu Mar 19 03:26:48 2026: SYSTEM_DIAGRAM: closing session for UUID '1dd51510-cf01-4b94-a975-6fc2afb9535a' with name 'v++_compile_work'
Thu Mar 19 03:26:48 2026: STOP_SERVER received, server token: d9096eb6-3893-4e27-a97b-69652986cefb, passed token: d9096eb6-3893-4e27-a97b-69652986cefb
Thu Mar 19 03:26:48 2026: Socket received request to stop server.
Thu Mar 19 03:26:48 2026: Dispatch Server: do_await_stop
Thu Mar 19 03:26:48 2026: Dispatch Server: stopping mainFifo_
Thu Mar 19 03:26:48 2026: XCD main fifo: Stopping
Thu Mar 19 03:26:48 2026: XCD main fifo: do_read error code: Operation canceled
Thu Mar 19 03:26:48 2026: XCD main fifo: bytes_transferred: 0
Thu Mar 19 03:26:48 2026: SERVER: destructor for server bound to port 36369
Thu Mar 19 03:26:48 2026: XCD main fifo: Good unlink of /tmp/xcdmaind9096eb6-3893-4e27-a97b-69652986cefb
Thu Mar 19 03:26:48 2026: Server exiting with status 0.
Thu Mar 19 03:26:48 2026: Closing log file.
Thu Mar 19 03:27:01 2026: Running xcd server. This server was built by gradle.
Thu Mar 19 03:27:01 2026: Server was asked to start on port: '43903'
Thu Mar 19 03:27:01 2026: Server is using token UUID: 'b61668dc-924f-4bd9-9661-135b349aea6a'
Thu Mar 19 03:27:01 2026: SESSION_MGR: creating session with session uuid: '6d04a3e9-ade5-4ab9-8d63-1f78fcd2ec76' and name 'default'
Thu Mar 19 03:27:01 2026: Attempting to start server on port '43903'
Thu Mar 19 03:27:01 2026: XCD main fifo: created main fifo '/tmp/xcdmainb61668dc-924f-4bd9-9661-135b349aea6a', fd read = 13
Thu Mar 19 03:27:01 2026: Running Dispatch Server
Thu Mar 19 03:27:01 2026: Version 2.2.0
Thu Mar 19 03:27:02 2026: Dispatch Server: Accepted socket connection from client
Thu Mar 19 03:27:02 2026: Starting Socket connection
Thu Mar 19 03:27:02 2026: EXCHANGE_TOKEN received, server token: b61668dc-924f-4bd9-9661-135b349aea6a, passed token: b61668dc-924f-4bd9-9661-135b349aea6a
Thu Mar 19 03:27:02 2026: DISPATCH_HANDLER: Adding handler from function makeHandler in library libxv_system_diagram
Thu Mar 19 03:27:02 2026: SESSION_MGR: creating session with session uuid: '0ae5af26-c398-40ef-837c-f4466728e71a' and name 'v++_compile_work'
Thu Mar 19 03:27:02 2026: KERNEL_SVC: creating session with uuid: '0ae5af26-c398-40ef-837c-f4466728e71a' and name 'v++_compile_work'
Thu Mar 19 03:27:02 2026: GUIDANCE_SMGR: creating guidance session with uuid: '0ae5af26-c398-40ef-837c-f4466728e71a' and name 'v++_compile_work'
Thu Mar 19 03:27:02 2026: SYSTEM_DIAGRAM: creating session with uuid: '0ae5af26-c398-40ef-837c-f4466728e71a' and name 'v++_compile_work'
Thu Mar 19 03:27:06 2026: Dispatch Server: Accepted socket connection from client
Thu Mar 19 03:27:06 2026: Starting Socket connection
Thu Mar 19 03:27:44 2026: SESSION_MGR: closing session for UUID '0ae5af26-c398-40ef-837c-f4466728e71a' with name 'v++_compile_work'
Thu Mar 19 03:27:44 2026: KERNEL_SVC: closing session for UUID '0ae5af26-c398-40ef-837c-f4466728e71a' with name 'v++_compile_work'
Thu Mar 19 03:27:44 2026: GUIDANCE_SMGR: closing session for UUID '0ae5af26-c398-40ef-837c-f4466728e71a' with name 'v++_compile_work'
Thu Mar 19 03:27:44 2026: SYSTEM_DIAGRAM: closing session for UUID '0ae5af26-c398-40ef-837c-f4466728e71a' with name 'v++_compile_work'
Thu Mar 19 03:27:44 2026: STOP_SERVER received, server token: b61668dc-924f-4bd9-9661-135b349aea6a, passed token: b61668dc-924f-4bd9-9661-135b349aea6a
Thu Mar 19 03:27:44 2026: Socket received request to stop server.
Thu Mar 19 03:27:44 2026: Dispatch Server: do_await_stop
Thu Mar 19 03:27:44 2026: Dispatch Server: stopping mainFifo_
Thu Mar 19 03:27:44 2026: XCD main fifo: Stopping
Thu Mar 19 03:27:44 2026: XCD main fifo: do_read error code: Operation canceled
Thu Mar 19 03:27:44 2026: XCD main fifo: bytes_transferred: 0
Thu Mar 19 03:27:44 2026: SERVER: destructor for server bound to port 43903
Thu Mar 19 03:27:44 2026: XCD main fifo: Good unlink of /tmp/xcdmainb61668dc-924f-4bd9-9661-135b349aea6a
Thu Mar 19 03:27:44 2026: Server exiting with status 0.
Thu Mar 19 03:27:44 2026: Closing log file.
Thu Mar 19 03:34:12 2026: Running xcd server. This server was built by gradle.
Thu Mar 19 03:34:12 2026: Server was asked to start on port: '43191'
Thu Mar 19 03:34:12 2026: Server is using token UUID: '7ed876f0-450e-4373-9c7c-c3df9dc6792b'
Thu Mar 19 03:34:12 2026: SESSION_MGR: creating session with session uuid: '6d04a3e9-ade5-4ab9-8d63-1f78fcd2ec76' and name 'default'
Thu Mar 19 03:34:12 2026: Attempting to start server on port '43191'
Thu Mar 19 03:34:12 2026: XCD main fifo: created main fifo '/tmp/xcdmain7ed876f0-450e-4373-9c7c-c3df9dc6792b', fd read = 13
Thu Mar 19 03:34:12 2026: Running Dispatch Server
Thu Mar 19 03:34:12 2026: Version 2.2.0
Thu Mar 19 03:34:13 2026: Dispatch Server: Accepted socket connection from client
Thu Mar 19 03:34:13 2026: Starting Socket connection
Thu Mar 19 03:34:13 2026: EXCHANGE_TOKEN received, server token: 7ed876f0-450e-4373-9c7c-c3df9dc6792b, passed token: 7ed876f0-450e-4373-9c7c-c3df9dc6792b
Thu Mar 19 03:34:13 2026: DISPATCH_HANDLER: Adding handler from function makeHandler in library libxv_system_diagram
Thu Mar 19 03:34:13 2026: SESSION_MGR: creating session with session uuid: 'deedb9f0-dfe2-4eae-8655-f7c6477487b4' and name 'vitis-run_compile_work'
Thu Mar 19 03:34:13 2026: KERNEL_SVC: creating session with uuid: 'deedb9f0-dfe2-4eae-8655-f7c6477487b4' and name 'vitis-run_compile_work'
Thu Mar 19 03:34:13 2026: GUIDANCE_SMGR: creating guidance session with uuid: 'deedb9f0-dfe2-4eae-8655-f7c6477487b4' and name 'vitis-run_compile_work'
Thu Mar 19 03:34:13 2026: SYSTEM_DIAGRAM: creating session with uuid: 'deedb9f0-dfe2-4eae-8655-f7c6477487b4' and name 'vitis-run_compile_work'
Thu Mar 19 03:34:17 2026: Dispatch Server: Accepted socket connection from client
Thu Mar 19 03:34:17 2026: Starting Socket connection
Thu Mar 19 03:34:20 2026: SESSION_MGR: closing session for UUID 'deedb9f0-dfe2-4eae-8655-f7c6477487b4' with name 'vitis-run_compile_work'
Thu Mar 19 03:34:20 2026: KERNEL_SVC: closing session for UUID 'deedb9f0-dfe2-4eae-8655-f7c6477487b4' with name 'vitis-run_compile_work'
Thu Mar 19 03:34:20 2026: GUIDANCE_SMGR: closing session for UUID 'deedb9f0-dfe2-4eae-8655-f7c6477487b4' with name 'vitis-run_compile_work'
Thu Mar 19 03:34:20 2026: SYSTEM_DIAGRAM: closing session for UUID 'deedb9f0-dfe2-4eae-8655-f7c6477487b4' with name 'vitis-run_compile_work'
Thu Mar 19 03:34:20 2026: STOP_SERVER received, server token: 7ed876f0-450e-4373-9c7c-c3df9dc6792b, passed token: 7ed876f0-450e-4373-9c7c-c3df9dc6792b
Thu Mar 19 03:34:20 2026: Socket received request to stop server.
Thu Mar 19 03:34:20 2026: Dispatch Server: do_await_stop
Thu Mar 19 03:34:20 2026: Dispatch Server: stopping mainFifo_
Thu Mar 19 03:34:20 2026: XCD main fifo: Stopping
Thu Mar 19 03:34:20 2026: XCD main fifo: do_read error code: Operation canceled
Thu Mar 19 03:34:20 2026: XCD main fifo: bytes_transferred: 0
Thu Mar 19 03:34:20 2026: SERVER: destructor for server bound to port 43191
Thu Mar 19 03:34:20 2026: XCD main fifo: Good unlink of /tmp/xcdmain7ed876f0-450e-4373-9c7c-c3df9dc6792b
Thu Mar 19 03:34:20 2026: Server exiting with status 0.
Thu Mar 19 03:34:20 2026: Closing log file.
Thu Mar 19 03:34:26 2026: Running xcd server. This server was built by gradle.
Thu Mar 19 03:34:26 2026: Server was asked to start on port: '40995'
Thu Mar 19 03:34:26 2026: Server is using token UUID: '229c7497-c8cc-4314-8e95-0c1bfd444248'
Thu Mar 19 03:34:26 2026: SESSION_MGR: creating session with session uuid: '6d04a3e9-ade5-4ab9-8d63-1f78fcd2ec76' and name 'default'
Thu Mar 19 03:34:26 2026: Attempting to start server on port '40995'
Thu Mar 19 03:34:26 2026: XCD main fifo: created main fifo '/tmp/xcdmain229c7497-c8cc-4314-8e95-0c1bfd444248', fd read = 13
Thu Mar 19 03:34:26 2026: Running Dispatch Server
Thu Mar 19 03:34:26 2026: Version 2.2.0
Thu Mar 19 03:34:27 2026: Dispatch Server: Accepted socket connection from client
Thu Mar 19 03:34:27 2026: Starting Socket connection
Thu Mar 19 03:34:27 2026: EXCHANGE_TOKEN received, server token: 229c7497-c8cc-4314-8e95-0c1bfd444248, passed token: 229c7497-c8cc-4314-8e95-0c1bfd444248
Thu Mar 19 03:34:27 2026: DISPATCH_HANDLER: Adding handler from function makeHandler in library libxv_system_diagram
Thu Mar 19 03:34:27 2026: SESSION_MGR: creating session with session uuid: 'baaf0336-88a7-4727-b373-13bc2edc7719' and name 'v++_compile_work'
Thu Mar 19 03:34:27 2026: KERNEL_SVC: creating session with uuid: 'baaf0336-88a7-4727-b373-13bc2edc7719' and name 'v++_compile_work'
Thu Mar 19 03:34:27 2026: GUIDANCE_SMGR: creating guidance session with uuid: 'baaf0336-88a7-4727-b373-13bc2edc7719' and name 'v++_compile_work'
Thu Mar 19 03:34:27 2026: SYSTEM_DIAGRAM: creating session with uuid: 'baaf0336-88a7-4727-b373-13bc2edc7719' and name 'v++_compile_work'
Thu Mar 19 03:34:31 2026: Dispatch Server: Accepted socket connection from client
Thu Mar 19 03:34:31 2026: Starting Socket connection
Thu Mar 19 03:35:30 2026: SESSION_MGR: closing session for UUID 'baaf0336-88a7-4727-b373-13bc2edc7719' with name 'v++_compile_work'
Thu Mar 19 03:35:30 2026: KERNEL_SVC: closing session for UUID 'baaf0336-88a7-4727-b373-13bc2edc7719' with name 'v++_compile_work'
Thu Mar 19 03:35:30 2026: GUIDANCE_SMGR: closing session for UUID 'baaf0336-88a7-4727-b373-13bc2edc7719' with name 'v++_compile_work'
Thu Mar 19 03:35:30 2026: SYSTEM_DIAGRAM: closing session for UUID 'baaf0336-88a7-4727-b373-13bc2edc7719' with name 'v++_compile_work'
Thu Mar 19 03:35:30 2026: STOP_SERVER received, server token: 229c7497-c8cc-4314-8e95-0c1bfd444248, passed token: 229c7497-c8cc-4314-8e95-0c1bfd444248
Thu Mar 19 03:35:30 2026: Socket received request to stop server.
Thu Mar 19 03:35:30 2026: Dispatch Server: do_await_stop
Thu Mar 19 03:35:30 2026: Dispatch Server: stopping mainFifo_
Thu Mar 19 03:35:30 2026: XCD main fifo: Stopping
Thu Mar 19 03:35:30 2026: XCD main fifo: do_read error code: Operation canceled
Thu Mar 19 03:35:30 2026: XCD main fifo: bytes_transferred: 0
Thu Mar 19 03:35:30 2026: SERVER: destructor for server bound to port 40995
Thu Mar 19 03:35:30 2026: XCD main fifo: Good unlink of /tmp/xcdmain229c7497-c8cc-4314-8e95-0c1bfd444248
Thu Mar 19 03:35:30 2026: Server exiting with status 0.
Thu Mar 19 03:35:30 2026: Closing log file.
Thu Mar 19 03:35:44 2026: Running xcd server. This server was built by gradle.
Thu Mar 19 03:35:44 2026: Server was asked to start on port: '44607'
Thu Mar 19 03:35:44 2026: Server is using token UUID: 'dcae6724-59fd-4f52-8dce-a08fd6635633'
Thu Mar 19 03:35:44 2026: SESSION_MGR: creating session with session uuid: '6d04a3e9-ade5-4ab9-8d63-1f78fcd2ec76' and name 'default'
Thu Mar 19 03:35:44 2026: Attempting to start server on port '44607'
Thu Mar 19 03:35:44 2026: XCD main fifo: created main fifo '/tmp/xcdmaindcae6724-59fd-4f52-8dce-a08fd6635633', fd read = 13
Thu Mar 19 03:35:44 2026: Running Dispatch Server
Thu Mar 19 03:35:44 2026: Version 2.2.0
Thu Mar 19 03:35:45 2026: Dispatch Server: Accepted socket connection from client
Thu Mar 19 03:35:45 2026: Starting Socket connection
Thu Mar 19 03:35:45 2026: EXCHANGE_TOKEN received, server token: dcae6724-59fd-4f52-8dce-a08fd6635633, passed token: dcae6724-59fd-4f52-8dce-a08fd6635633
Thu Mar 19 03:35:45 2026: DISPATCH_HANDLER: Adding handler from function makeHandler in library libxv_system_diagram
Thu Mar 19 03:35:45 2026: SESSION_MGR: creating session with session uuid: '739b65e7-a5e1-499a-aa21-40ddec83afd9' and name 'v++_compile_work'
Thu Mar 19 03:35:45 2026: KERNEL_SVC: creating session with uuid: '739b65e7-a5e1-499a-aa21-40ddec83afd9' and name 'v++_compile_work'
Thu Mar 19 03:35:45 2026: GUIDANCE_SMGR: creating guidance session with uuid: '739b65e7-a5e1-499a-aa21-40ddec83afd9' and name 'v++_compile_work'
Thu Mar 19 03:35:45 2026: SYSTEM_DIAGRAM: creating session with uuid: '739b65e7-a5e1-499a-aa21-40ddec83afd9' and name 'v++_compile_work'
Thu Mar 19 03:35:49 2026: Dispatch Server: Accepted socket connection from client
Thu Mar 19 03:35:49 2026: Starting Socket connection
Thu Mar 19 03:36:47 2026: SESSION_MGR: closing session for UUID '739b65e7-a5e1-499a-aa21-40ddec83afd9' with name 'v++_compile_work'
Thu Mar 19 03:36:47 2026: KERNEL_SVC: closing session for UUID '739b65e7-a5e1-499a-aa21-40ddec83afd9' with name 'v++_compile_work'
Thu Mar 19 03:36:47 2026: GUIDANCE_SMGR: closing session for UUID '739b65e7-a5e1-499a-aa21-40ddec83afd9' with name 'v++_compile_work'
Thu Mar 19 03:36:47 2026: SYSTEM_DIAGRAM: closing session for UUID '739b65e7-a5e1-499a-aa21-40ddec83afd9' with name 'v++_compile_work'
Thu Mar 19 03:36:47 2026: STOP_SERVER received, server token: dcae6724-59fd-4f52-8dce-a08fd6635633, passed token: dcae6724-59fd-4f52-8dce-a08fd6635633
Thu Mar 19 03:36:47 2026: Socket received request to stop server.
Thu Mar 19 03:36:47 2026: Dispatch Server: do_await_stop
Thu Mar 19 03:36:47 2026: Dispatch Server: stopping mainFifo_
Thu Mar 19 03:36:47 2026: XCD main fifo: Stopping
Thu Mar 19 03:36:47 2026: XCD main fifo: do_read error code: Operation canceled
Thu Mar 19 03:36:47 2026: XCD main fifo: bytes_transferred: 0
Thu Mar 19 03:36:47 2026: SERVER: destructor for server bound to port 44607
Thu Mar 19 03:36:47 2026: XCD main fifo: Good unlink of /tmp/xcdmaindcae6724-59fd-4f52-8dce-a08fd6635633
Thu Mar 19 03:36:47 2026: Server exiting with status 0.
Thu Mar 19 03:36:47 2026: Closing log file.
Thu Mar 19 03:41:24 2026: Running xcd server. This server was built by gradle.
Thu Mar 19 03:41:24 2026: Server was asked to start on port: '44007'
Thu Mar 19 03:41:24 2026: Server is using token UUID: '8f657556-b2da-4786-ba1e-1be7a172807f'
Thu Mar 19 03:41:24 2026: SESSION_MGR: creating session with session uuid: '6d04a3e9-ade5-4ab9-8d63-1f78fcd2ec76' and name 'default'
Thu Mar 19 03:41:24 2026: Attempting to start server on port '44007'
Thu Mar 19 03:41:24 2026: XCD main fifo: created main fifo '/tmp/xcdmain8f657556-b2da-4786-ba1e-1be7a172807f', fd read = 13
Thu Mar 19 03:41:24 2026: Running Dispatch Server
Thu Mar 19 03:41:24 2026: Version 2.2.0
Thu Mar 19 03:41:24 2026: Dispatch Server: Accepted socket connection from client
Thu Mar 19 03:41:24 2026: Starting Socket connection
Thu Mar 19 03:41:24 2026: EXCHANGE_TOKEN received, server token: 8f657556-b2da-4786-ba1e-1be7a172807f, passed token: 8f657556-b2da-4786-ba1e-1be7a172807f
Thu Mar 19 03:41:25 2026: DISPATCH_HANDLER: Adding handler from function makeHandler in library libxv_system_diagram
Thu Mar 19 03:41:25 2026: SESSION_MGR: creating session with session uuid: '06c8e821-7a72-472d-8f70-88070696e5df' and name 'vitis-run_compile_work'
Thu Mar 19 03:41:25 2026: KERNEL_SVC: creating session with uuid: '06c8e821-7a72-472d-8f70-88070696e5df' and name 'vitis-run_compile_work'
Thu Mar 19 03:41:25 2026: GUIDANCE_SMGR: creating guidance session with uuid: '06c8e821-7a72-472d-8f70-88070696e5df' and name 'vitis-run_compile_work'
Thu Mar 19 03:41:25 2026: SYSTEM_DIAGRAM: creating session with uuid: '06c8e821-7a72-472d-8f70-88070696e5df' and name 'vitis-run_compile_work'
Thu Mar 19 03:41:29 2026: Dispatch Server: Accepted socket connection from client
Thu Mar 19 03:41:29 2026: Starting Socket connection
Thu Mar 19 03:41:32 2026: SESSION_MGR: closing session for UUID '06c8e821-7a72-472d-8f70-88070696e5df' with name 'vitis-run_compile_work'
Thu Mar 19 03:41:32 2026: KERNEL_SVC: closing session for UUID '06c8e821-7a72-472d-8f70-88070696e5df' with name 'vitis-run_compile_work'
Thu Mar 19 03:41:32 2026: GUIDANCE_SMGR: closing session for UUID '06c8e821-7a72-472d-8f70-88070696e5df' with name 'vitis-run_compile_work'
Thu Mar 19 03:41:32 2026: SYSTEM_DIAGRAM: closing session for UUID '06c8e821-7a72-472d-8f70-88070696e5df' with name 'vitis-run_compile_work'
Thu Mar 19 03:41:32 2026: STOP_SERVER received, server token: 8f657556-b2da-4786-ba1e-1be7a172807f, passed token: 8f657556-b2da-4786-ba1e-1be7a172807f
Thu Mar 19 03:41:32 2026: Socket received request to stop server.
Thu Mar 19 03:41:32 2026: Dispatch Server: do_await_stop
Thu Mar 19 03:41:32 2026: Dispatch Server: stopping mainFifo_
Thu Mar 19 03:41:32 2026: XCD main fifo: Stopping
Thu Mar 19 03:41:32 2026: XCD main fifo: do_read error code: Operation canceled
Thu Mar 19 03:41:32 2026: XCD main fifo: bytes_transferred: 0
Thu Mar 19 03:41:32 2026: SERVER: destructor for server bound to port 44007
Thu Mar 19 03:41:32 2026: XCD main fifo: Good unlink of /tmp/xcdmain8f657556-b2da-4786-ba1e-1be7a172807f
Thu Mar 19 03:41:32 2026: Server exiting with status 0.
Thu Mar 19 03:41:32 2026: Closing log file.
Thu Mar 19 03:41:38 2026: Running xcd server. This server was built by gradle.
Thu Mar 19 03:41:38 2026: Server was asked to start on port: '39699'
Thu Mar 19 03:41:38 2026: Server is using token UUID: '7542bd1f-d543-4586-a4cd-e313077591a0'
Thu Mar 19 03:41:38 2026: SESSION_MGR: creating session with session uuid: '6d04a3e9-ade5-4ab9-8d63-1f78fcd2ec76' and name 'default'
Thu Mar 19 03:41:38 2026: Attempting to start server on port '39699'
Thu Mar 19 03:41:38 2026: XCD main fifo: created main fifo '/tmp/xcdmain7542bd1f-d543-4586-a4cd-e313077591a0', fd read = 13
Thu Mar 19 03:41:38 2026: Running Dispatch Server
Thu Mar 19 03:41:38 2026: Version 2.2.0
Thu Mar 19 03:41:39 2026: Dispatch Server: Accepted socket connection from client
Thu Mar 19 03:41:39 2026: Starting Socket connection
Thu Mar 19 03:41:39 2026: EXCHANGE_TOKEN received, server token: 7542bd1f-d543-4586-a4cd-e313077591a0, passed token: 7542bd1f-d543-4586-a4cd-e313077591a0
Thu Mar 19 03:41:39 2026: DISPATCH_HANDLER: Adding handler from function makeHandler in library libxv_system_diagram
Thu Mar 19 03:41:39 2026: SESSION_MGR: creating session with session uuid: '546b6f9a-7a0e-4720-a36d-23c0bd421189' and name 'v++_compile_work'
Thu Mar 19 03:41:39 2026: KERNEL_SVC: creating session with uuid: '546b6f9a-7a0e-4720-a36d-23c0bd421189' and name 'v++_compile_work'
Thu Mar 19 03:41:39 2026: GUIDANCE_SMGR: creating guidance session with uuid: '546b6f9a-7a0e-4720-a36d-23c0bd421189' and name 'v++_compile_work'
Thu Mar 19 03:41:39 2026: SYSTEM_DIAGRAM: creating session with uuid: '546b6f9a-7a0e-4720-a36d-23c0bd421189' and name 'v++_compile_work'
Thu Mar 19 03:41:43 2026: Dispatch Server: Accepted socket connection from client
Thu Mar 19 03:41:43 2026: Starting Socket connection
Thu Mar 19 03:42:21 2026: SESSION_MGR: closing session for UUID '546b6f9a-7a0e-4720-a36d-23c0bd421189' with name 'v++_compile_work'
Thu Mar 19 03:42:21 2026: KERNEL_SVC: closing session for UUID '546b6f9a-7a0e-4720-a36d-23c0bd421189' with name 'v++_compile_work'
Thu Mar 19 03:42:21 2026: GUIDANCE_SMGR: closing session for UUID '546b6f9a-7a0e-4720-a36d-23c0bd421189' with name 'v++_compile_work'
Thu Mar 19 03:42:21 2026: SYSTEM_DIAGRAM: closing session for UUID '546b6f9a-7a0e-4720-a36d-23c0bd421189' with name 'v++_compile_work'
Thu Mar 19 03:42:21 2026: STOP_SERVER received, server token: 7542bd1f-d543-4586-a4cd-e313077591a0, passed token: 7542bd1f-d543-4586-a4cd-e313077591a0
Thu Mar 19 03:42:21 2026: Socket received request to stop server.
Thu Mar 19 03:42:21 2026: Dispatch Server: do_await_stop
Thu Mar 19 03:42:21 2026: Dispatch Server: stopping mainFifo_
Thu Mar 19 03:42:21 2026: XCD main fifo: Stopping
Thu Mar 19 03:42:21 2026: XCD main fifo: do_read error code: Operation canceled
Thu Mar 19 03:42:21 2026: XCD main fifo: bytes_transferred: 0
Thu Mar 19 03:42:21 2026: SERVER: destructor for server bound to port 39699
Thu Mar 19 03:42:21 2026: XCD main fifo: Good unlink of /tmp/xcdmain7542bd1f-d543-4586-a4cd-e313077591a0
Thu Mar 19 03:42:21 2026: Server exiting with status 0.
Thu Mar 19 03:42:21 2026: Closing log file.
Thu Mar 19 03:42:34 2026: Running xcd server. This server was built by gradle.
Thu Mar 19 03:42:34 2026: Server was asked to start on port: '37213'
Thu Mar 19 03:42:34 2026: Server is using token UUID: '8d191947-4371-4790-9cc9-7fb663a01ce1'
Thu Mar 19 03:42:34 2026: SESSION_MGR: creating session with session uuid: '6d04a3e9-ade5-4ab9-8d63-1f78fcd2ec76' and name 'default'
Thu Mar 19 03:42:34 2026: Attempting to start server on port '37213'
Thu Mar 19 03:42:34 2026: XCD main fifo: created main fifo '/tmp/xcdmain8d191947-4371-4790-9cc9-7fb663a01ce1', fd read = 13
Thu Mar 19 03:42:34 2026: Running Dispatch Server
Thu Mar 19 03:42:34 2026: Version 2.2.0
Thu Mar 19 03:42:35 2026: Dispatch Server: Accepted socket connection from client
Thu Mar 19 03:42:35 2026: Starting Socket connection
Thu Mar 19 03:42:35 2026: EXCHANGE_TOKEN received, server token: 8d191947-4371-4790-9cc9-7fb663a01ce1, passed token: 8d191947-4371-4790-9cc9-7fb663a01ce1
Thu Mar 19 03:42:35 2026: DISPATCH_HANDLER: Adding handler from function makeHandler in library libxv_system_diagram
Thu Mar 19 03:42:35 2026: SESSION_MGR: creating session with session uuid: 'e1a2fe74-5068-4625-8d68-b0fb873c54c6' and name 'v++_compile_work'
Thu Mar 19 03:42:35 2026: KERNEL_SVC: creating session with uuid: 'e1a2fe74-5068-4625-8d68-b0fb873c54c6' and name 'v++_compile_work'
Thu Mar 19 03:42:35 2026: GUIDANCE_SMGR: creating guidance session with uuid: 'e1a2fe74-5068-4625-8d68-b0fb873c54c6' and name 'v++_compile_work'
Thu Mar 19 03:42:35 2026: SYSTEM_DIAGRAM: creating session with uuid: 'e1a2fe74-5068-4625-8d68-b0fb873c54c6' and name 'v++_compile_work'
Thu Mar 19 03:42:39 2026: Dispatch Server: Accepted socket connection from client
Thu Mar 19 03:42:39 2026: Starting Socket connection
Thu Mar 19 03:43:17 2026: SESSION_MGR: closing session for UUID 'e1a2fe74-5068-4625-8d68-b0fb873c54c6' with name 'v++_compile_work'
Thu Mar 19 03:43:17 2026: KERNEL_SVC: closing session for UUID 'e1a2fe74-5068-4625-8d68-b0fb873c54c6' with name 'v++_compile_work'
Thu Mar 19 03:43:17 2026: GUIDANCE_SMGR: closing session for UUID 'e1a2fe74-5068-4625-8d68-b0fb873c54c6' with name 'v++_compile_work'
Thu Mar 19 03:43:17 2026: SYSTEM_DIAGRAM: closing session for UUID 'e1a2fe74-5068-4625-8d68-b0fb873c54c6' with name 'v++_compile_work'
Thu Mar 19 03:43:17 2026: STOP_SERVER received, server token: 8d191947-4371-4790-9cc9-7fb663a01ce1, passed token: 8d191947-4371-4790-9cc9-7fb663a01ce1
Thu Mar 19 03:43:17 2026: Socket received request to stop server.
Thu Mar 19 03:43:17 2026: Dispatch Server: do_await_stop
Thu Mar 19 03:43:17 2026: Dispatch Server: stopping mainFifo_
Thu Mar 19 03:43:17 2026: XCD main fifo: Stopping
Thu Mar 19 03:43:17 2026: XCD main fifo: do_read error code: Operation canceled
Thu Mar 19 03:43:17 2026: XCD main fifo: bytes_transferred: 0
Thu Mar 19 03:43:17 2026: SERVER: destructor for server bound to port 37213
Thu Mar 19 03:43:17 2026: XCD main fifo: Good unlink of /tmp/xcdmain8d191947-4371-4790-9cc9-7fb663a01ce1
Thu Mar 19 03:43:17 2026: Server exiting with status 0.
Thu Mar 19 03:43:17 2026: Closing log file.
Thu Mar 19 04:07:23 2026: Running xcd server. This server was built by gradle.
Thu Mar 19 04:07:23 2026: Server was asked to start on port: '41629'
Thu Mar 19 04:07:23 2026: Server is using token UUID: '82b779e7-8215-43b6-940d-cb187d7fd54a'
Thu Mar 19 04:07:23 2026: SESSION_MGR: creating session with session uuid: '6d04a3e9-ade5-4ab9-8d63-1f78fcd2ec76' and name 'default'
Thu Mar 19 04:07:23 2026: Attempting to start server on port '41629'
Thu Mar 19 04:07:23 2026: XCD main fifo: created main fifo '/tmp/xcdmain82b779e7-8215-43b6-940d-cb187d7fd54a', fd read = 13
Thu Mar 19 04:07:23 2026: Running Dispatch Server
Thu Mar 19 04:07:23 2026: Version 2.2.0
Thu Mar 19 04:07:24 2026: Dispatch Server: Accepted socket connection from client
Thu Mar 19 04:07:24 2026: Starting Socket connection
Thu Mar 19 04:07:24 2026: EXCHANGE_TOKEN received, server token: 82b779e7-8215-43b6-940d-cb187d7fd54a, passed token: 82b779e7-8215-43b6-940d-cb187d7fd54a
Thu Mar 19 04:07:24 2026: DISPATCH_HANDLER: Adding handler from function makeHandler in library libxv_system_diagram
Thu Mar 19 04:07:24 2026: SESSION_MGR: creating session with session uuid: '8447fb42-32ab-4ed9-89b9-13f7a61005fa' and name 'vitis-run_compile_work'
Thu Mar 19 04:07:24 2026: KERNEL_SVC: creating session with uuid: '8447fb42-32ab-4ed9-89b9-13f7a61005fa' and name 'vitis-run_compile_work'
Thu Mar 19 04:07:24 2026: GUIDANCE_SMGR: creating guidance session with uuid: '8447fb42-32ab-4ed9-89b9-13f7a61005fa' and name 'vitis-run_compile_work'
Thu Mar 19 04:07:24 2026: SYSTEM_DIAGRAM: creating session with uuid: '8447fb42-32ab-4ed9-89b9-13f7a61005fa' and name 'vitis-run_compile_work'
Thu Mar 19 04:07:28 2026: Dispatch Server: Accepted socket connection from client
Thu Mar 19 04:07:28 2026: Starting Socket connection
Thu Mar 19 04:07:31 2026: SESSION_MGR: closing session for UUID '8447fb42-32ab-4ed9-89b9-13f7a61005fa' with name 'vitis-run_compile_work'
Thu Mar 19 04:07:31 2026: KERNEL_SVC: closing session for UUID '8447fb42-32ab-4ed9-89b9-13f7a61005fa' with name 'vitis-run_compile_work'
Thu Mar 19 04:07:31 2026: GUIDANCE_SMGR: closing session for UUID '8447fb42-32ab-4ed9-89b9-13f7a61005fa' with name 'vitis-run_compile_work'
Thu Mar 19 04:07:31 2026: SYSTEM_DIAGRAM: closing session for UUID '8447fb42-32ab-4ed9-89b9-13f7a61005fa' with name 'vitis-run_compile_work'
Thu Mar 19 04:07:31 2026: STOP_SERVER received, server token: 82b779e7-8215-43b6-940d-cb187d7fd54a, passed token: 82b779e7-8215-43b6-940d-cb187d7fd54a
Thu Mar 19 04:07:31 2026: Socket received request to stop server.
Thu Mar 19 04:07:31 2026: Dispatch Server: do_await_stop
Thu Mar 19 04:07:31 2026: Dispatch Server: stopping mainFifo_
Thu Mar 19 04:07:31 2026: XCD main fifo: Stopping
Thu Mar 19 04:07:31 2026: XCD main fifo: do_read error code: Operation canceled
Thu Mar 19 04:07:31 2026: XCD main fifo: bytes_transferred: 0
Thu Mar 19 04:07:31 2026: SERVER: destructor for server bound to port 41629
Thu Mar 19 04:07:31 2026: XCD main fifo: Good unlink of /tmp/xcdmain82b779e7-8215-43b6-940d-cb187d7fd54a
Thu Mar 19 04:07:31 2026: Server exiting with status 0.
Thu Mar 19 04:07:31 2026: Closing log file.
Thu Mar 19 04:07:37 2026: Running xcd server. This server was built by gradle.
Thu Mar 19 04:07:37 2026: Server was asked to start on port: '44561'
Thu Mar 19 04:07:37 2026: Server is using token UUID: '1a20d8e1-0127-4ff1-8639-60b79ceb797c'
Thu Mar 19 04:07:37 2026: SESSION_MGR: creating session with session uuid: '6d04a3e9-ade5-4ab9-8d63-1f78fcd2ec76' and name 'default'
Thu Mar 19 04:07:37 2026: Attempting to start server on port '44561'
Thu Mar 19 04:07:37 2026: XCD main fifo: created main fifo '/tmp/xcdmain1a20d8e1-0127-4ff1-8639-60b79ceb797c', fd read = 13
Thu Mar 19 04:07:37 2026: Running Dispatch Server
Thu Mar 19 04:07:37 2026: Version 2.2.0
Thu Mar 19 04:07:38 2026: Dispatch Server: Accepted socket connection from client
Thu Mar 19 04:07:38 2026: Starting Socket connection
Thu Mar 19 04:07:38 2026: EXCHANGE_TOKEN received, server token: 1a20d8e1-0127-4ff1-8639-60b79ceb797c, passed token: 1a20d8e1-0127-4ff1-8639-60b79ceb797c
Thu Mar 19 04:07:39 2026: DISPATCH_HANDLER: Adding handler from function makeHandler in library libxv_system_diagram
Thu Mar 19 04:07:39 2026: SESSION_MGR: creating session with session uuid: '21666527-3833-4a5d-9a47-d35ceb2ed2ff' and name 'v++_compile_work'
Thu Mar 19 04:07:39 2026: KERNEL_SVC: creating session with uuid: '21666527-3833-4a5d-9a47-d35ceb2ed2ff' and name 'v++_compile_work'
Thu Mar 19 04:07:39 2026: GUIDANCE_SMGR: creating guidance session with uuid: '21666527-3833-4a5d-9a47-d35ceb2ed2ff' and name 'v++_compile_work'
Thu Mar 19 04:07:39 2026: SYSTEM_DIAGRAM: creating session with uuid: '21666527-3833-4a5d-9a47-d35ceb2ed2ff' and name 'v++_compile_work'
Thu Mar 19 04:07:42 2026: Dispatch Server: Accepted socket connection from client
Thu Mar 19 04:07:42 2026: Starting Socket connection
Thu Mar 19 04:08:21 2026: SESSION_MGR: closing session for UUID '21666527-3833-4a5d-9a47-d35ceb2ed2ff' with name 'v++_compile_work'
Thu Mar 19 04:08:21 2026: KERNEL_SVC: closing session for UUID '21666527-3833-4a5d-9a47-d35ceb2ed2ff' with name 'v++_compile_work'
Thu Mar 19 04:08:21 2026: GUIDANCE_SMGR: closing session for UUID '21666527-3833-4a5d-9a47-d35ceb2ed2ff' with name 'v++_compile_work'
Thu Mar 19 04:08:21 2026: SYSTEM_DIAGRAM: closing session for UUID '21666527-3833-4a5d-9a47-d35ceb2ed2ff' with name 'v++_compile_work'
Thu Mar 19 04:08:21 2026: STOP_SERVER received, server token: 1a20d8e1-0127-4ff1-8639-60b79ceb797c, passed token: 1a20d8e1-0127-4ff1-8639-60b79ceb797c
Thu Mar 19 04:08:21 2026: Socket received request to stop server.
Thu Mar 19 04:08:21 2026: Dispatch Server: do_await_stop
Thu Mar 19 04:08:21 2026: Dispatch Server: stopping mainFifo_
Thu Mar 19 04:08:21 2026: XCD main fifo: Stopping
Thu Mar 19 04:08:21 2026: XCD main fifo: do_read error code: Operation canceled
Thu Mar 19 04:08:21 2026: XCD main fifo: bytes_transferred: 0
Thu Mar 19 04:08:21 2026: SERVER: destructor for server bound to port 44561
Thu Mar 19 04:08:21 2026: XCD main fifo: Good unlink of /tmp/xcdmain1a20d8e1-0127-4ff1-8639-60b79ceb797c
Thu Mar 19 04:08:21 2026: Server exiting with status 0.
Thu Mar 19 04:08:21 2026: Closing log file.
Thu Mar 19 04:08:35 2026: Running xcd server. This server was built by gradle.
Thu Mar 19 04:08:35 2026: Server was asked to start on port: '40549'
Thu Mar 19 04:08:35 2026: Server is using token UUID: '2adadb63-a7fa-41f0-91d8-d1404728e083'
Thu Mar 19 04:08:35 2026: SESSION_MGR: creating session with session uuid: '6d04a3e9-ade5-4ab9-8d63-1f78fcd2ec76' and name 'default'
Thu Mar 19 04:08:35 2026: Attempting to start server on port '40549'
Thu Mar 19 04:08:35 2026: XCD main fifo: created main fifo '/tmp/xcdmain2adadb63-a7fa-41f0-91d8-d1404728e083', fd read = 13
Thu Mar 19 04:08:35 2026: Running Dispatch Server
Thu Mar 19 04:08:35 2026: Version 2.2.0
Thu Mar 19 04:08:36 2026: Dispatch Server: Accepted socket connection from client
Thu Mar 19 04:08:36 2026: Starting Socket connection
Thu Mar 19 04:08:36 2026: EXCHANGE_TOKEN received, server token: 2adadb63-a7fa-41f0-91d8-d1404728e083, passed token: 2adadb63-a7fa-41f0-91d8-d1404728e083
Thu Mar 19 04:08:36 2026: DISPATCH_HANDLER: Adding handler from function makeHandler in library libxv_system_diagram
Thu Mar 19 04:08:36 2026: SESSION_MGR: creating session with session uuid: '312c063f-c548-4088-977a-2a82c4c92a6c' and name 'v++_compile_work'
Thu Mar 19 04:08:36 2026: KERNEL_SVC: creating session with uuid: '312c063f-c548-4088-977a-2a82c4c92a6c' and name 'v++_compile_work'
Thu Mar 19 04:08:36 2026: GUIDANCE_SMGR: creating guidance session with uuid: '312c063f-c548-4088-977a-2a82c4c92a6c' and name 'v++_compile_work'
Thu Mar 19 04:08:36 2026: SYSTEM_DIAGRAM: creating session with uuid: '312c063f-c548-4088-977a-2a82c4c92a6c' and name 'v++_compile_work'
Thu Mar 19 04:08:40 2026: Dispatch Server: Accepted socket connection from client
Thu Mar 19 04:08:40 2026: Starting Socket connection
Thu Mar 19 04:09:18 2026: SESSION_MGR: closing session for UUID '312c063f-c548-4088-977a-2a82c4c92a6c' with name 'v++_compile_work'
Thu Mar 19 04:09:18 2026: KERNEL_SVC: closing session for UUID '312c063f-c548-4088-977a-2a82c4c92a6c' with name 'v++_compile_work'
Thu Mar 19 04:09:18 2026: GUIDANCE_SMGR: closing session for UUID '312c063f-c548-4088-977a-2a82c4c92a6c' with name 'v++_compile_work'
Thu Mar 19 04:09:18 2026: SYSTEM_DIAGRAM: closing session for UUID '312c063f-c548-4088-977a-2a82c4c92a6c' with name 'v++_compile_work'
Thu Mar 19 04:09:18 2026: STOP_SERVER received, server token: 2adadb63-a7fa-41f0-91d8-d1404728e083, passed token: 2adadb63-a7fa-41f0-91d8-d1404728e083
Thu Mar 19 04:09:18 2026: Socket received request to stop server.
Thu Mar 19 04:09:18 2026: Dispatch Server: do_await_stop
Thu Mar 19 04:09:18 2026: Dispatch Server: stopping mainFifo_
Thu Mar 19 04:09:18 2026: XCD main fifo: Stopping
Thu Mar 19 04:09:18 2026: XCD main fifo: do_read error code: Operation canceled
Thu Mar 19 04:09:18 2026: XCD main fifo: bytes_transferred: 0
Thu Mar 19 04:09:18 2026: SERVER: destructor for server bound to port 40549
Thu Mar 19 04:09:18 2026: XCD main fifo: Good unlink of /tmp/xcdmain2adadb63-a7fa-41f0-91d8-d1404728e083
Thu Mar 19 04:09:18 2026: Server exiting with status 0.
Thu Mar 19 04:09:18 2026: Closing log file.
