Thu Mar 19 03:55:17 2026: Running xcd server. This server was built by gradle.
Thu Mar 19 03:55:17 2026: Server was asked to start on port: '46823'
Thu Mar 19 03:55:17 2026: Server is using token UUID: '9c39812a-86e5-41c9-a633-f16435b49018'
Thu Mar 19 03:55:17 2026: SESSION_MGR: creating session with session uuid: '6d04a3e9-ade5-4ab9-8d63-1f78fcd2ec76' and name 'default'
Thu Mar 19 03:55:17 2026: Attempting to start server on port '46823'
Thu Mar 19 03:55:17 2026: XCD main fifo: created main fifo '/tmp/xcdmain9c39812a-86e5-41c9-a633-f16435b49018', fd read = 13
Thu Mar 19 03:55:17 2026: Running Dispatch Server
Thu Mar 19 03:55:17 2026: Version 2.2.0
Thu Mar 19 03:55:18 2026: Dispatch Server: Accepted socket connection from client
Thu Mar 19 03:55:18 2026: Starting Socket connection
Thu Mar 19 03:55:18 2026: EXCHANGE_TOKEN received, server token: 9c39812a-86e5-41c9-a633-f16435b49018, passed token: 9c39812a-86e5-41c9-a633-f16435b49018
Thu Mar 19 03:55:18 2026: DISPATCH_HANDLER: Adding handler from function makeHandler in library libxv_system_diagram
Thu Mar 19 03:55:18 2026: SESSION_MGR: creating session with session uuid: '0cf07877-b16a-4c08-8c6b-1a6eb41d507a' and name 'vitis-run_compile_work'
Thu Mar 19 03:55:18 2026: KERNEL_SVC: creating session with uuid: '0cf07877-b16a-4c08-8c6b-1a6eb41d507a' and name 'vitis-run_compile_work'
Thu Mar 19 03:55:18 2026: GUIDANCE_SMGR: creating guidance session with uuid: '0cf07877-b16a-4c08-8c6b-1a6eb41d507a' and name 'vitis-run_compile_work'
Thu Mar 19 03:55:18 2026: SYSTEM_DIAGRAM: creating session with uuid: '0cf07877-b16a-4c08-8c6b-1a6eb41d507a' and name 'vitis-run_compile_work'
Thu Mar 19 03:55:22 2026: Dispatch Server: Accepted socket connection from client
Thu Mar 19 03:55:22 2026: Starting Socket connection
Thu Mar 19 03:55:25 2026: SESSION_MGR: closing session for UUID '0cf07877-b16a-4c08-8c6b-1a6eb41d507a' with name 'vitis-run_compile_work'
Thu Mar 19 03:55:25 2026: KERNEL_SVC: closing session for UUID '0cf07877-b16a-4c08-8c6b-1a6eb41d507a' with name 'vitis-run_compile_work'
Thu Mar 19 03:55:25 2026: GUIDANCE_SMGR: closing session for UUID '0cf07877-b16a-4c08-8c6b-1a6eb41d507a' with name 'vitis-run_compile_work'
Thu Mar 19 03:55:25 2026: SYSTEM_DIAGRAM: closing session for UUID '0cf07877-b16a-4c08-8c6b-1a6eb41d507a' with name 'vitis-run_compile_work'
Thu Mar 19 03:55:25 2026: STOP_SERVER received, server token: 9c39812a-86e5-41c9-a633-f16435b49018, passed token: 9c39812a-86e5-41c9-a633-f16435b49018
Thu Mar 19 03:55:25 2026: Socket received request to stop server.
Thu Mar 19 03:55:25 2026: Dispatch Server: do_await_stop
Thu Mar 19 03:55:25 2026: Dispatch Server: stopping mainFifo_
Thu Mar 19 03:55:25 2026: XCD main fifo: Stopping
Thu Mar 19 03:55:25 2026: XCD main fifo: do_read error code: Operation canceled
Thu Mar 19 03:55:25 2026: XCD main fifo: bytes_transferred: 0
Thu Mar 19 03:55:25 2026: SERVER: destructor for server bound to port 46823
Thu Mar 19 03:55:25 2026: XCD main fifo: Good unlink of /tmp/xcdmain9c39812a-86e5-41c9-a633-f16435b49018
Thu Mar 19 03:55:25 2026: Server exiting with status 0.
Thu Mar 19 03:55:25 2026: Closing log file.
Thu Mar 19 03:55:31 2026: Running xcd server. This server was built by gradle.
Thu Mar 19 03:55:31 2026: Server was asked to start on port: '44899'
Thu Mar 19 03:55:31 2026: Server is using token UUID: '0cf8ac36-4292-41b5-9687-0b6f4b85f878'
Thu Mar 19 03:55:31 2026: SESSION_MGR: creating session with session uuid: '6d04a3e9-ade5-4ab9-8d63-1f78fcd2ec76' and name 'default'
Thu Mar 19 03:55:31 2026: Attempting to start server on port '44899'
Thu Mar 19 03:55:31 2026: XCD main fifo: created main fifo '/tmp/xcdmain0cf8ac36-4292-41b5-9687-0b6f4b85f878', fd read = 13
Thu Mar 19 03:55:31 2026: Running Dispatch Server
Thu Mar 19 03:55:31 2026: Version 2.2.0
Thu Mar 19 03:55:32 2026: Dispatch Server: Accepted socket connection from client
Thu Mar 19 03:55:32 2026: Starting Socket connection
Thu Mar 19 03:55:32 2026: EXCHANGE_TOKEN received, server token: 0cf8ac36-4292-41b5-9687-0b6f4b85f878, passed token: 0cf8ac36-4292-41b5-9687-0b6f4b85f878
Thu Mar 19 03:55:32 2026: DISPATCH_HANDLER: Adding handler from function makeHandler in library libxv_system_diagram
Thu Mar 19 03:55:32 2026: SESSION_MGR: creating session with session uuid: 'df4a5579-d978-43fa-b526-25a8fb9f56e3' and name 'v++_compile_work'
Thu Mar 19 03:55:32 2026: KERNEL_SVC: creating session with uuid: 'df4a5579-d978-43fa-b526-25a8fb9f56e3' and name 'v++_compile_work'
Thu Mar 19 03:55:32 2026: GUIDANCE_SMGR: creating guidance session with uuid: 'df4a5579-d978-43fa-b526-25a8fb9f56e3' and name 'v++_compile_work'
Thu Mar 19 03:55:32 2026: SYSTEM_DIAGRAM: creating session with uuid: 'df4a5579-d978-43fa-b526-25a8fb9f56e3' and name 'v++_compile_work'
Thu Mar 19 03:55:36 2026: Dispatch Server: Accepted socket connection from client
Thu Mar 19 03:55:36 2026: Starting Socket connection
Thu Mar 19 03:56:18 2026: SESSION_MGR: closing session for UUID 'df4a5579-d978-43fa-b526-25a8fb9f56e3' with name 'v++_compile_work'
Thu Mar 19 03:56:18 2026: KERNEL_SVC: closing session for UUID 'df4a5579-d978-43fa-b526-25a8fb9f56e3' with name 'v++_compile_work'
Thu Mar 19 03:56:18 2026: GUIDANCE_SMGR: closing session for UUID 'df4a5579-d978-43fa-b526-25a8fb9f56e3' with name 'v++_compile_work'
Thu Mar 19 03:56:18 2026: SYSTEM_DIAGRAM: closing session for UUID 'df4a5579-d978-43fa-b526-25a8fb9f56e3' with name 'v++_compile_work'
Thu Mar 19 03:56:18 2026: STOP_SERVER received, server token: 0cf8ac36-4292-41b5-9687-0b6f4b85f878, passed token: 0cf8ac36-4292-41b5-9687-0b6f4b85f878
Thu Mar 19 03:56:18 2026: Socket received request to stop server.
Thu Mar 19 03:56:18 2026: Dispatch Server: do_await_stop
Thu Mar 19 03:56:18 2026: Dispatch Server: stopping mainFifo_
Thu Mar 19 03:56:18 2026: XCD main fifo: Stopping
Thu Mar 19 03:56:18 2026: XCD main fifo: do_read error code: Operation canceled
Thu Mar 19 03:56:18 2026: XCD main fifo: bytes_transferred: 0
Thu Mar 19 03:56:18 2026: SERVER: destructor for server bound to port 44899
Thu Mar 19 03:56:18 2026: XCD main fifo: Good unlink of /tmp/xcdmain0cf8ac36-4292-41b5-9687-0b6f4b85f878
Thu Mar 19 03:56:18 2026: Server exiting with status 0.
Thu Mar 19 03:56:18 2026: Closing log file.
Thu Mar 19 03:56:32 2026: Running xcd server. This server was built by gradle.
Thu Mar 19 03:56:32 2026: Server was asked to start on port: '43329'
Thu Mar 19 03:56:32 2026: Server is using token UUID: '86423784-9878-455c-bb6f-d1f050980d60'
Thu Mar 19 03:56:32 2026: SESSION_MGR: creating session with session uuid: '6d04a3e9-ade5-4ab9-8d63-1f78fcd2ec76' and name 'default'
Thu Mar 19 03:56:32 2026: Attempting to start server on port '43329'
Thu Mar 19 03:56:32 2026: XCD main fifo: created main fifo '/tmp/xcdmain86423784-9878-455c-bb6f-d1f050980d60', fd read = 13
Thu Mar 19 03:56:32 2026: Running Dispatch Server
Thu Mar 19 03:56:32 2026: Version 2.2.0
Thu Mar 19 03:56:33 2026: Dispatch Server: Accepted socket connection from client
Thu Mar 19 03:56:33 2026: Starting Socket connection
Thu Mar 19 03:56:33 2026: EXCHANGE_TOKEN received, server token: 86423784-9878-455c-bb6f-d1f050980d60, passed token: 86423784-9878-455c-bb6f-d1f050980d60
Thu Mar 19 03:56:33 2026: DISPATCH_HANDLER: Adding handler from function makeHandler in library libxv_system_diagram
Thu Mar 19 03:56:33 2026: SESSION_MGR: creating session with session uuid: 'd09784a6-c709-41a2-84fd-0c190d38ad13' and name 'v++_compile_work'
Thu Mar 19 03:56:33 2026: KERNEL_SVC: creating session with uuid: 'd09784a6-c709-41a2-84fd-0c190d38ad13' and name 'v++_compile_work'
Thu Mar 19 03:56:33 2026: GUIDANCE_SMGR: creating guidance session with uuid: 'd09784a6-c709-41a2-84fd-0c190d38ad13' and name 'v++_compile_work'
Thu Mar 19 03:56:33 2026: SYSTEM_DIAGRAM: creating session with uuid: 'd09784a6-c709-41a2-84fd-0c190d38ad13' and name 'v++_compile_work'
Thu Mar 19 03:56:37 2026: Dispatch Server: Accepted socket connection from client
Thu Mar 19 03:56:37 2026: Starting Socket connection
Thu Mar 19 03:57:19 2026: SESSION_MGR: closing session for UUID 'd09784a6-c709-41a2-84fd-0c190d38ad13' with name 'v++_compile_work'
Thu Mar 19 03:57:19 2026: KERNEL_SVC: closing session for UUID 'd09784a6-c709-41a2-84fd-0c190d38ad13' with name 'v++_compile_work'
Thu Mar 19 03:57:19 2026: GUIDANCE_SMGR: closing session for UUID 'd09784a6-c709-41a2-84fd-0c190d38ad13' with name 'v++_compile_work'
Thu Mar 19 03:57:19 2026: SYSTEM_DIAGRAM: closing session for UUID 'd09784a6-c709-41a2-84fd-0c190d38ad13' with name 'v++_compile_work'
Thu Mar 19 03:57:19 2026: STOP_SERVER received, server token: 86423784-9878-455c-bb6f-d1f050980d60, passed token: 86423784-9878-455c-bb6f-d1f050980d60
Thu Mar 19 03:57:19 2026: Socket received request to stop server.
Thu Mar 19 03:57:19 2026: Dispatch Server: do_await_stop
Thu Mar 19 03:57:19 2026: Dispatch Server: stopping mainFifo_
Thu Mar 19 03:57:19 2026: XCD main fifo: Stopping
Thu Mar 19 03:57:19 2026: XCD main fifo: do_read error code: Operation canceled
Thu Mar 19 03:57:19 2026: XCD main fifo: bytes_transferred: 0
Thu Mar 19 03:57:19 2026: SERVER: destructor for server bound to port 43329
Thu Mar 19 03:57:19 2026: XCD main fifo: Good unlink of /tmp/xcdmain86423784-9878-455c-bb6f-d1f050980d60
Thu Mar 19 03:57:19 2026: Server exiting with status 0.
Thu Mar 19 03:57:19 2026: Closing log file.
