Thu Apr  2 09:48:33 2026: Running xcd server. This server was built by gradle.
Thu Apr  2 09:48:33 2026: Server was asked to start on port: '44943'
Thu Apr  2 09:48:33 2026: Server is using token UUID: 'e4b6812a-7a52-43b6-822f-6cfdf344f312'
Thu Apr  2 09:48:33 2026: SESSION_MGR: creating session with session uuid: '6d04a3e9-ade5-4ab9-8d63-1f78fcd2ec76' and name 'default'
Thu Apr  2 09:48:33 2026: Attempting to start server on port '44943'
Thu Apr  2 09:48:33 2026: XCD main fifo: created main fifo '/tmp/xcdmaine4b6812a-7a52-43b6-822f-6cfdf344f312', fd read = 13
Thu Apr  2 09:48:33 2026: Running Dispatch Server
Thu Apr  2 09:48:33 2026: Version 2.2.0
Thu Apr  2 09:48:33 2026: Dispatch Server: Accepted socket connection from client
Thu Apr  2 09:48:33 2026: Starting Socket connection
Thu Apr  2 09:48:33 2026: EXCHANGE_TOKEN received, server token: e4b6812a-7a52-43b6-822f-6cfdf344f312, passed token: e4b6812a-7a52-43b6-822f-6cfdf344f312
Thu Apr  2 09:48:34 2026: DISPATCH_HANDLER: Adding handler from function makeHandler in library libxv_system_diagram
Thu Apr  2 09:48:34 2026: SESSION_MGR: creating session with session uuid: 'e40e75ad-8fc1-4ed8-ad0e-b41724980181' and name 'vitis-run_compile_work'
Thu Apr  2 09:48:34 2026: KERNEL_SVC: creating session with uuid: 'e40e75ad-8fc1-4ed8-ad0e-b41724980181' and name 'vitis-run_compile_work'
Thu Apr  2 09:48:34 2026: GUIDANCE_SMGR: creating guidance session with uuid: 'e40e75ad-8fc1-4ed8-ad0e-b41724980181' and name 'vitis-run_compile_work'
Thu Apr  2 09:48:34 2026: SYSTEM_DIAGRAM: creating session with uuid: 'e40e75ad-8fc1-4ed8-ad0e-b41724980181' and name 'vitis-run_compile_work'
Thu Apr  2 09:48:38 2026: Dispatch Server: Accepted socket connection from client
Thu Apr  2 09:48:38 2026: Starting Socket connection
Thu Apr  2 09:48:41 2026: SESSION_MGR: closing session for UUID 'e40e75ad-8fc1-4ed8-ad0e-b41724980181' with name 'vitis-run_compile_work'
Thu Apr  2 09:48:41 2026: KERNEL_SVC: closing session for UUID 'e40e75ad-8fc1-4ed8-ad0e-b41724980181' with name 'vitis-run_compile_work'
Thu Apr  2 09:48:41 2026: GUIDANCE_SMGR: closing session for UUID 'e40e75ad-8fc1-4ed8-ad0e-b41724980181' with name 'vitis-run_compile_work'
Thu Apr  2 09:48:41 2026: SYSTEM_DIAGRAM: closing session for UUID 'e40e75ad-8fc1-4ed8-ad0e-b41724980181' with name 'vitis-run_compile_work'
Thu Apr  2 09:48:41 2026: STOP_SERVER received, server token: e4b6812a-7a52-43b6-822f-6cfdf344f312, passed token: e4b6812a-7a52-43b6-822f-6cfdf344f312
Thu Apr  2 09:48:41 2026: Socket received request to stop server.
Thu Apr  2 09:48:41 2026: Dispatch Server: do_await_stop
Thu Apr  2 09:48:41 2026: Dispatch Server: stopping mainFifo_
Thu Apr  2 09:48:41 2026: XCD main fifo: Stopping
Thu Apr  2 09:48:41 2026: XCD main fifo: do_read error code: Operation canceled
Thu Apr  2 09:48:41 2026: XCD main fifo: bytes_transferred: 0
Thu Apr  2 09:48:41 2026: SERVER: destructor for server bound to port 44943
Thu Apr  2 09:48:41 2026: XCD main fifo: Good unlink of /tmp/xcdmaine4b6812a-7a52-43b6-822f-6cfdf344f312
Thu Apr  2 09:48:41 2026: Server exiting with status 0.
Thu Apr  2 09:48:41 2026: Closing log file.
Thu Apr  2 09:48:48 2026: Running xcd server. This server was built by gradle.
Thu Apr  2 09:48:48 2026: Server was asked to start on port: '34193'
Thu Apr  2 09:48:48 2026: Server is using token UUID: '160729de-fcc5-41e2-b2a4-6d171cc728c7'
Thu Apr  2 09:48:48 2026: SESSION_MGR: creating session with session uuid: '6d04a3e9-ade5-4ab9-8d63-1f78fcd2ec76' and name 'default'
Thu Apr  2 09:48:48 2026: Attempting to start server on port '34193'
Thu Apr  2 09:48:48 2026: XCD main fifo: created main fifo '/tmp/xcdmain160729de-fcc5-41e2-b2a4-6d171cc728c7', fd read = 13
Thu Apr  2 09:48:48 2026: Running Dispatch Server
Thu Apr  2 09:48:48 2026: Version 2.2.0
Thu Apr  2 09:48:48 2026: Dispatch Server: Accepted socket connection from client
Thu Apr  2 09:48:48 2026: Starting Socket connection
Thu Apr  2 09:48:48 2026: EXCHANGE_TOKEN received, server token: 160729de-fcc5-41e2-b2a4-6d171cc728c7, passed token: 160729de-fcc5-41e2-b2a4-6d171cc728c7
Thu Apr  2 09:48:49 2026: DISPATCH_HANDLER: Adding handler from function makeHandler in library libxv_system_diagram
Thu Apr  2 09:48:49 2026: SESSION_MGR: creating session with session uuid: '2a92c8f3-fd8c-412d-804c-a97a5813a73b' and name 'v++_compile_work'
Thu Apr  2 09:48:49 2026: KERNEL_SVC: creating session with uuid: '2a92c8f3-fd8c-412d-804c-a97a5813a73b' and name 'v++_compile_work'
Thu Apr  2 09:48:49 2026: GUIDANCE_SMGR: creating guidance session with uuid: '2a92c8f3-fd8c-412d-804c-a97a5813a73b' and name 'v++_compile_work'
Thu Apr  2 09:48:49 2026: SYSTEM_DIAGRAM: creating session with uuid: '2a92c8f3-fd8c-412d-804c-a97a5813a73b' and name 'v++_compile_work'
Thu Apr  2 09:48:52 2026: Dispatch Server: Accepted socket connection from client
Thu Apr  2 09:48:52 2026: Starting Socket connection
Thu Apr  2 09:49:31 2026: SESSION_MGR: closing session for UUID '2a92c8f3-fd8c-412d-804c-a97a5813a73b' with name 'v++_compile_work'
Thu Apr  2 09:49:31 2026: KERNEL_SVC: closing session for UUID '2a92c8f3-fd8c-412d-804c-a97a5813a73b' with name 'v++_compile_work'
Thu Apr  2 09:49:31 2026: GUIDANCE_SMGR: closing session for UUID '2a92c8f3-fd8c-412d-804c-a97a5813a73b' with name 'v++_compile_work'
Thu Apr  2 09:49:31 2026: SYSTEM_DIAGRAM: closing session for UUID '2a92c8f3-fd8c-412d-804c-a97a5813a73b' with name 'v++_compile_work'
Thu Apr  2 09:49:31 2026: STOP_SERVER received, server token: 160729de-fcc5-41e2-b2a4-6d171cc728c7, passed token: 160729de-fcc5-41e2-b2a4-6d171cc728c7
Thu Apr  2 09:49:31 2026: Socket received request to stop server.
Thu Apr  2 09:49:31 2026: Dispatch Server: do_await_stop
Thu Apr  2 09:49:31 2026: Dispatch Server: stopping mainFifo_
Thu Apr  2 09:49:31 2026: XCD main fifo: Stopping
Thu Apr  2 09:49:31 2026: XCD main fifo: do_read error code: Operation canceled
Thu Apr  2 09:49:31 2026: XCD main fifo: bytes_transferred: 0
Thu Apr  2 09:49:31 2026: SERVER: destructor for server bound to port 34193
Thu Apr  2 09:49:31 2026: XCD main fifo: Good unlink of /tmp/xcdmain160729de-fcc5-41e2-b2a4-6d171cc728c7
Thu Apr  2 09:49:31 2026: Server exiting with status 0.
Thu Apr  2 09:49:31 2026: Closing log file.
