Thu Mar 19 04:02:09 2026: Running xcd server. This server was built by gradle.
Thu Mar 19 04:02:09 2026: Server was asked to start on port: '39823'
Thu Mar 19 04:02:09 2026: Server is using token UUID: '53438592-bc25-4917-9cae-b634b30d8ade'
Thu Mar 19 04:02:09 2026: SESSION_MGR: creating session with session uuid: '6d04a3e9-ade5-4ab9-8d63-1f78fcd2ec76' and name 'default'
Thu Mar 19 04:02:09 2026: Attempting to start server on port '39823'
Thu Mar 19 04:02:09 2026: XCD main fifo: created main fifo '/tmp/xcdmain53438592-bc25-4917-9cae-b634b30d8ade', fd read = 13
Thu Mar 19 04:02:09 2026: Running Dispatch Server
Thu Mar 19 04:02:09 2026: Version 2.2.0
Thu Mar 19 04:02:10 2026: Dispatch Server: Accepted socket connection from client
Thu Mar 19 04:02:10 2026: Starting Socket connection
Thu Mar 19 04:02:10 2026: EXCHANGE_TOKEN received, server token: 53438592-bc25-4917-9cae-b634b30d8ade, passed token: 53438592-bc25-4917-9cae-b634b30d8ade
Thu Mar 19 04:02:10 2026: DISPATCH_HANDLER: Adding handler from function makeHandler in library libxv_system_diagram
Thu Mar 19 04:02:10 2026: SESSION_MGR: creating session with session uuid: 'a723aff5-bdc2-4303-bf6b-23ad7928f8a6' and name 'vitis-run_compile_work'
Thu Mar 19 04:02:10 2026: KERNEL_SVC: creating session with uuid: 'a723aff5-bdc2-4303-bf6b-23ad7928f8a6' and name 'vitis-run_compile_work'
Thu Mar 19 04:02:10 2026: GUIDANCE_SMGR: creating guidance session with uuid: 'a723aff5-bdc2-4303-bf6b-23ad7928f8a6' and name 'vitis-run_compile_work'
Thu Mar 19 04:02:10 2026: SYSTEM_DIAGRAM: creating session with uuid: 'a723aff5-bdc2-4303-bf6b-23ad7928f8a6' and name 'vitis-run_compile_work'
Thu Mar 19 04:02:14 2026: Dispatch Server: Accepted socket connection from client
Thu Mar 19 04:02:14 2026: Starting Socket connection
Thu Mar 19 04:02:17 2026: SESSION_MGR: closing session for UUID 'a723aff5-bdc2-4303-bf6b-23ad7928f8a6' with name 'vitis-run_compile_work'
Thu Mar 19 04:02:17 2026: KERNEL_SVC: closing session for UUID 'a723aff5-bdc2-4303-bf6b-23ad7928f8a6' with name 'vitis-run_compile_work'
Thu Mar 19 04:02:17 2026: GUIDANCE_SMGR: closing session for UUID 'a723aff5-bdc2-4303-bf6b-23ad7928f8a6' with name 'vitis-run_compile_work'
Thu Mar 19 04:02:17 2026: SYSTEM_DIAGRAM: closing session for UUID 'a723aff5-bdc2-4303-bf6b-23ad7928f8a6' with name 'vitis-run_compile_work'
Thu Mar 19 04:02:17 2026: STOP_SERVER received, server token: 53438592-bc25-4917-9cae-b634b30d8ade, passed token: 53438592-bc25-4917-9cae-b634b30d8ade
Thu Mar 19 04:02:17 2026: Socket received request to stop server.
Thu Mar 19 04:02:17 2026: Dispatch Server: do_await_stop
Thu Mar 19 04:02:17 2026: Dispatch Server: stopping mainFifo_
Thu Mar 19 04:02:17 2026: XCD main fifo: Stopping
Thu Mar 19 04:02:17 2026: XCD main fifo: do_read error code: Operation canceled
Thu Mar 19 04:02:17 2026: XCD main fifo: bytes_transferred: 0
Thu Mar 19 04:02:17 2026: SERVER: destructor for server bound to port 39823
Thu Mar 19 04:02:17 2026: XCD main fifo: Good unlink of /tmp/xcdmain53438592-bc25-4917-9cae-b634b30d8ade
Thu Mar 19 04:02:17 2026: Server exiting with status 0.
Thu Mar 19 04:02:17 2026: Closing log file.
Thu Mar 19 04:02:23 2026: Running xcd server. This server was built by gradle.
Thu Mar 19 04:02:23 2026: Server was asked to start on port: '42285'
Thu Mar 19 04:02:23 2026: Server is using token UUID: 'a9500f28-218c-4f1c-bc63-a1e91ad19686'
Thu Mar 19 04:02:23 2026: SESSION_MGR: creating session with session uuid: '6d04a3e9-ade5-4ab9-8d63-1f78fcd2ec76' and name 'default'
Thu Mar 19 04:02:23 2026: Attempting to start server on port '42285'
Thu Mar 19 04:02:23 2026: XCD main fifo: created main fifo '/tmp/xcdmaina9500f28-218c-4f1c-bc63-a1e91ad19686', fd read = 13
Thu Mar 19 04:02:23 2026: Running Dispatch Server
Thu Mar 19 04:02:23 2026: Version 2.2.0
Thu Mar 19 04:02:24 2026: Dispatch Server: Accepted socket connection from client
Thu Mar 19 04:02:24 2026: Starting Socket connection
Thu Mar 19 04:02:24 2026: EXCHANGE_TOKEN received, server token: a9500f28-218c-4f1c-bc63-a1e91ad19686, passed token: a9500f28-218c-4f1c-bc63-a1e91ad19686
Thu Mar 19 04:02:24 2026: DISPATCH_HANDLER: Adding handler from function makeHandler in library libxv_system_diagram
Thu Mar 19 04:02:24 2026: SESSION_MGR: creating session with session uuid: '1bd7fb78-8e72-49ac-ae8a-6797614e61bb' and name 'v++_compile_work'
Thu Mar 19 04:02:24 2026: KERNEL_SVC: creating session with uuid: '1bd7fb78-8e72-49ac-ae8a-6797614e61bb' and name 'v++_compile_work'
Thu Mar 19 04:02:24 2026: GUIDANCE_SMGR: creating guidance session with uuid: '1bd7fb78-8e72-49ac-ae8a-6797614e61bb' and name 'v++_compile_work'
Thu Mar 19 04:02:24 2026: SYSTEM_DIAGRAM: creating session with uuid: '1bd7fb78-8e72-49ac-ae8a-6797614e61bb' and name 'v++_compile_work'
Thu Mar 19 04:02:28 2026: Dispatch Server: Accepted socket connection from client
Thu Mar 19 04:02:28 2026: Starting Socket connection
Thu Mar 19 04:03:07 2026: SESSION_MGR: closing session for UUID '1bd7fb78-8e72-49ac-ae8a-6797614e61bb' with name 'v++_compile_work'
Thu Mar 19 04:03:07 2026: KERNEL_SVC: closing session for UUID '1bd7fb78-8e72-49ac-ae8a-6797614e61bb' with name 'v++_compile_work'
Thu Mar 19 04:03:07 2026: GUIDANCE_SMGR: closing session for UUID '1bd7fb78-8e72-49ac-ae8a-6797614e61bb' with name 'v++_compile_work'
Thu Mar 19 04:03:07 2026: SYSTEM_DIAGRAM: closing session for UUID '1bd7fb78-8e72-49ac-ae8a-6797614e61bb' with name 'v++_compile_work'
Thu Mar 19 04:03:07 2026: STOP_SERVER received, server token: a9500f28-218c-4f1c-bc63-a1e91ad19686, passed token: a9500f28-218c-4f1c-bc63-a1e91ad19686
Thu Mar 19 04:03:07 2026: Socket received request to stop server.
Thu Mar 19 04:03:07 2026: Dispatch Server: do_await_stop
Thu Mar 19 04:03:07 2026: Dispatch Server: stopping mainFifo_
Thu Mar 19 04:03:07 2026: XCD main fifo: Stopping
Thu Mar 19 04:03:07 2026: XCD main fifo: do_read error code: Operation canceled
Thu Mar 19 04:03:07 2026: XCD main fifo: bytes_transferred: 0
Thu Mar 19 04:03:07 2026: SERVER: destructor for server bound to port 42285
Thu Mar 19 04:03:07 2026: XCD main fifo: Good unlink of /tmp/xcdmaina9500f28-218c-4f1c-bc63-a1e91ad19686
Thu Mar 19 04:03:07 2026: Server exiting with status 0.
Thu Mar 19 04:03:07 2026: Closing log file.
Thu Mar 19 04:03:20 2026: Running xcd server. This server was built by gradle.
Thu Mar 19 04:03:20 2026: Server was asked to start on port: '44093'
Thu Mar 19 04:03:20 2026: Server is using token UUID: '2ead931a-97c2-4133-9251-566a65d241b1'
Thu Mar 19 04:03:20 2026: SESSION_MGR: creating session with session uuid: '6d04a3e9-ade5-4ab9-8d63-1f78fcd2ec76' and name 'default'
Thu Mar 19 04:03:20 2026: Attempting to start server on port '44093'
Thu Mar 19 04:03:20 2026: XCD main fifo: created main fifo '/tmp/xcdmain2ead931a-97c2-4133-9251-566a65d241b1', fd read = 13
Thu Mar 19 04:03:20 2026: Running Dispatch Server
Thu Mar 19 04:03:20 2026: Version 2.2.0
Thu Mar 19 04:03:21 2026: Dispatch Server: Accepted socket connection from client
Thu Mar 19 04:03:21 2026: Starting Socket connection
Thu Mar 19 04:03:21 2026: EXCHANGE_TOKEN received, server token: 2ead931a-97c2-4133-9251-566a65d241b1, passed token: 2ead931a-97c2-4133-9251-566a65d241b1
Thu Mar 19 04:03:21 2026: DISPATCH_HANDLER: Adding handler from function makeHandler in library libxv_system_diagram
Thu Mar 19 04:03:21 2026: SESSION_MGR: creating session with session uuid: '179a4100-8e10-4c12-8d50-77a7a83fcd49' and name 'v++_compile_work'
Thu Mar 19 04:03:21 2026: KERNEL_SVC: creating session with uuid: '179a4100-8e10-4c12-8d50-77a7a83fcd49' and name 'v++_compile_work'
Thu Mar 19 04:03:21 2026: GUIDANCE_SMGR: creating guidance session with uuid: '179a4100-8e10-4c12-8d50-77a7a83fcd49' and name 'v++_compile_work'
Thu Mar 19 04:03:21 2026: SYSTEM_DIAGRAM: creating session with uuid: '179a4100-8e10-4c12-8d50-77a7a83fcd49' and name 'v++_compile_work'
Thu Mar 19 04:03:25 2026: Dispatch Server: Accepted socket connection from client
Thu Mar 19 04:03:25 2026: Starting Socket connection
Thu Mar 19 04:04:03 2026: SESSION_MGR: closing session for UUID '179a4100-8e10-4c12-8d50-77a7a83fcd49' with name 'v++_compile_work'
Thu Mar 19 04:04:03 2026: KERNEL_SVC: closing session for UUID '179a4100-8e10-4c12-8d50-77a7a83fcd49' with name 'v++_compile_work'
Thu Mar 19 04:04:03 2026: GUIDANCE_SMGR: closing session for UUID '179a4100-8e10-4c12-8d50-77a7a83fcd49' with name 'v++_compile_work'
Thu Mar 19 04:04:04 2026: SYSTEM_DIAGRAM: closing session for UUID '179a4100-8e10-4c12-8d50-77a7a83fcd49' with name 'v++_compile_work'
Thu Mar 19 04:04:04 2026: STOP_SERVER received, server token: 2ead931a-97c2-4133-9251-566a65d241b1, passed token: 2ead931a-97c2-4133-9251-566a65d241b1
Thu Mar 19 04:04:04 2026: Socket received request to stop server.
Thu Mar 19 04:04:04 2026: Dispatch Server: do_await_stop
Thu Mar 19 04:04:04 2026: Dispatch Server: stopping mainFifo_
Thu Mar 19 04:04:04 2026: XCD main fifo: Stopping
Thu Mar 19 04:04:04 2026: XCD main fifo: do_read error code: Operation canceled
Thu Mar 19 04:04:04 2026: XCD main fifo: bytes_transferred: 0
Thu Mar 19 04:04:04 2026: SERVER: destructor for server bound to port 44093
Thu Mar 19 04:04:04 2026: XCD main fifo: Good unlink of /tmp/xcdmain2ead931a-97c2-4133-9251-566a65d241b1
Thu Mar 19 04:04:04 2026: Server exiting with status 0.
Thu Mar 19 04:04:04 2026: Closing log file.
