

================================================================
== Vitis HLS Report for 'kernel'
================================================================
* Date:           Thu Apr  2 07:59:33 2026

* Version:        2025.1 (Build 6135595 on May 21 2025)
* Project:        work
* Solution:       hls (Vitis Kernel Flow Target)
* Product family: virtexuplus
* Target device:  xcu200-fsgd2104-2-e


================================================================
== Performance Estimates
================================================================
+ Timing: 
    * Summary: 
    +--------+---------+----------+------------+
    |  Clock |  Target | Estimated| Uncertainty|
    +--------+---------+----------+------------+
    |ap_clk  |  5.00 ns|  3.650 ns|     1.35 ns|
    +--------+---------+----------+------------+

+ Latency: 
    * Summary: 
    +---------+---------+----------+----------+-----+-----+---------+
    |  Latency (cycles) |  Latency (absolute) |  Interval | Pipeline|
    |   min   |   max   |    min   |    max   | min | max |   Type  |
    +---------+---------+----------+----------+-----+-----+---------+
    |      143|      143|  0.715 us|  0.715 us|   16|   16|      yes|
    +---------+---------+----------+----------+-----+-----+---------+

    + Detail: 
        * Instance: 
        N/A

        * Loop: 
        N/A



================================================================
== Utilization Estimates
================================================================
* Summary: 
+---------------------+---------+------+---------+---------+-----+
|         Name        | BRAM_18K|  DSP |    FF   |   LUT   | URAM|
+---------------------+---------+------+---------+---------+-----+
|DSP                  |        -|     -|        -|        -|    -|
|Expression           |        -|     -|        0|      238|    -|
|FIFO                 |        -|     -|        -|        -|    -|
|Instance             |        8|     -|     1676|     2049|    0|
|Memory               |        -|     -|        -|        -|    -|
|Multiplexer          |        -|     -|        0|      158|    -|
|Register             |        -|     -|      607|       32|    -|
+---------------------+---------+------+---------+---------+-----+
|Total                |        8|     0|     2283|     2477|    0|
+---------------------+---------+------+---------+---------+-----+
|Available SLR        |     1440|  2280|   788160|   394080|  320|
+---------------------+---------+------+---------+---------+-----+
|Utilization SLR (%)  |       ~0|     0|       ~0|       ~0|    0|
+---------------------+---------+------+---------+---------+-----+
|Available            |     4320|  6840|  2364480|  1182240|  960|
+---------------------+---------+------+---------+---------+-----+
|Utilization (%)      |       ~0|     0|       ~0|       ~0|    0|
+---------------------+---------+------+---------+---------+-----+

+ Detail: 
    * Instance: 
    +-----------------+---------------+---------+----+------+------+-----+
    |     Instance    |     Module    | BRAM_18K| DSP|  FF  |  LUT | URAM|
    +-----------------+---------------+---------+----+------+------+-----+
    |control_s_axi_U  |control_s_axi  |        0|   0|   246|   424|    0|
    |gmem_m_axi_U     |gmem_m_axi     |        8|   0|  1430|  1625|    0|
    +-----------------+---------------+---------+----+------+------+-----+
    |Total            |               |        8|   0|  1676|  2049|    0|
    +-----------------+---------------+---------+----+------+------+-----+

    * DSP: 
    N/A

    * Memory: 
    N/A

    * FIFO: 
    N/A

    * Expression: 
    +----------------------------+----------+----+---+----+------------+------------+
    |        Variable Name       | Operation| DSP| FF| LUT| Bitwidth P0| Bitwidth P1|
    +----------------------------+----------+----+---+----+------------+------------+
    |add_ln13_10_fu_430_p2       |         +|   0|  0|  14|           7|           7|
    |add_ln13_11_fu_434_p2       |         +|   0|  0|  14|           7|           7|
    |add_ln13_12_fu_438_p2       |         +|   0|  0|  14|           7|           7|
    |add_ln13_13_fu_442_p2       |         +|   0|  0|  14|           7|           7|
    |add_ln13_14_fu_446_p2       |         +|   0|  0|  14|           7|           7|
    |add_ln13_15_fu_450_p2       |         +|   0|  0|  14|           7|           7|
    |add_ln13_1_fu_394_p2        |         +|   0|  0|  14|           7|           7|
    |add_ln13_2_fu_398_p2        |         +|   0|  0|  14|           7|           7|
    |add_ln13_3_fu_402_p2        |         +|   0|  0|  14|           7|           7|
    |add_ln13_4_fu_406_p2        |         +|   0|  0|  14|           7|           7|
    |add_ln13_5_fu_410_p2        |         +|   0|  0|  14|           7|           7|
    |add_ln13_6_fu_414_p2        |         +|   0|  0|  14|           7|           7|
    |add_ln13_7_fu_418_p2        |         +|   0|  0|  14|           7|           7|
    |add_ln13_8_fu_422_p2        |         +|   0|  0|  14|           7|           7|
    |add_ln13_9_fu_426_p2        |         +|   0|  0|  14|           7|           7|
    |add_ln13_fu_390_p2          |         +|   0|  0|  14|           7|           7|
    |ap_block_pp0_stage10_11001  |       and|   0|  0|   2|           1|           1|
    |ap_block_pp0_stage11_11001  |       and|   0|  0|   2|           1|           1|
    |ap_block_pp0_stage15_11001  |       and|   0|  0|   2|           1|           1|
    |ap_block_pp0_stage1_11001   |       and|   0|  0|   2|           1|           1|
    |ap_block_pp0_stage8_11001   |       and|   0|  0|   2|           1|           1|
    |ap_block_pp0_stage0_11001   |        or|   0|  0|   2|           1|           1|
    |ap_enable_pp0               |       xor|   0|  0|   2|           1|           2|
    +----------------------------+----------+----+---+----+------------+------------+
    |Total                       |          |   0|  0| 238|         119|         120|
    +----------------------------+----------+----+---+----+------------+------------+

    * Multiplexer: 
    +-------------------------+----+-----------+-----+-----------+
    |           Name          | LUT| Input Size| Bits| Total Bits|
    +-------------------------+----+-----------+-----+-----------+
    |ap_NS_fsm                |  81|         17|    1|         17|
    |ap_done                  |   9|          2|    1|          2|
    |ap_enable_reg_pp0_iter0  |   9|          2|    1|          2|
    |gmem_0_ARADDR            |  14|          3|   64|        192|
    |gmem_blk_n_AR            |   9|          2|    1|          2|
    |gmem_blk_n_AW            |   9|          2|    1|          2|
    |gmem_blk_n_B             |   9|          2|    1|          2|
    |gmem_blk_n_R             |   9|          2|    1|          2|
    |gmem_blk_n_W             |   9|          2|    1|          2|
    +-------------------------+----+-----------+-----+-----------+
    |Total                    | 158|         34|   72|        223|
    +-------------------------+----+-----------+-----+-----------+

    * Register: 
    +--------------------------------------------+----+----+-----+-----------+
    |                    Name                    | FF | LUT| Bits| Const Bits|
    +--------------------------------------------+----+----+-----+-----------+
    |add_ln13_10_reg_754                         |   7|   0|    7|          0|
    |add_ln13_11_reg_759                         |   7|   0|    7|          0|
    |add_ln13_12_reg_764                         |   7|   0|    7|          0|
    |add_ln13_13_reg_769                         |   7|   0|    7|          0|
    |add_ln13_14_reg_774                         |   7|   0|    7|          0|
    |add_ln13_15_reg_779                         |   7|   0|    7|          0|
    |add_ln13_1_reg_709                          |   7|   0|    7|          0|
    |add_ln13_2_reg_714                          |   7|   0|    7|          0|
    |add_ln13_3_reg_719                          |   7|   0|    7|          0|
    |add_ln13_4_reg_724                          |   7|   0|    7|          0|
    |add_ln13_5_reg_729                          |   7|   0|    7|          0|
    |add_ln13_6_reg_734                          |   7|   0|    7|          0|
    |add_ln13_7_reg_739                          |   7|   0|    7|          0|
    |add_ln13_8_reg_744                          |   7|   0|    7|          0|
    |add_ln13_9_reg_749                          |   7|   0|    7|          0|
    |add_ln13_reg_704                            |   7|   0|    7|          0|
    |ap_CS_fsm                                   |  16|   0|   16|          0|
    |ap_block_pp0_stage10_subdone_grp0_done_reg  |   1|   0|    1|          0|
    |ap_done_reg                                 |   1|   0|    1|          0|
    |ap_enable_reg_pp0_iter0_reg                 |   1|   0|    1|          0|
    |ap_enable_reg_pp0_iter1                     |   1|   0|    1|          0|
    |ap_enable_reg_pp0_iter2                     |   1|   0|    1|          0|
    |ap_enable_reg_pp0_iter3                     |   1|   0|    1|          0|
    |ap_enable_reg_pp0_iter4                     |   1|   0|    1|          0|
    |ap_enable_reg_pp0_iter5                     |   1|   0|    1|          0|
    |ap_enable_reg_pp0_iter6                     |   1|   0|    1|          0|
    |ap_enable_reg_pp0_iter7                     |   1|   0|    1|          0|
    |ap_enable_reg_pp0_iter8                     |   1|   0|    1|          0|
    |ap_rst_n_inv                                |   1|   0|    1|          0|
    |ap_rst_reg_1                                |   1|   0|    1|          0|
    |ap_rst_reg_2                                |   1|   0|    1|          0|
    |trunc_ln13_10_reg_644                       |   7|   0|    7|          0|
    |trunc_ln13_11_reg_569                       |   7|   0|    7|          0|
    |trunc_ln13_12_reg_649                       |   7|   0|    7|          0|
    |trunc_ln13_13_reg_574                       |   7|   0|    7|          0|
    |trunc_ln13_14_reg_654                       |   7|   0|    7|          0|
    |trunc_ln13_15_reg_579                       |   7|   0|    7|          0|
    |trunc_ln13_16_reg_659                       |   7|   0|    7|          0|
    |trunc_ln13_17_reg_584                       |   7|   0|    7|          0|
    |trunc_ln13_18_reg_664                       |   7|   0|    7|          0|
    |trunc_ln13_19_reg_589                       |   7|   0|    7|          0|
    |trunc_ln13_1_reg_517                        |  59|   0|   59|          0|
    |trunc_ln13_20_reg_669                       |   7|   0|    7|          0|
    |trunc_ln13_21_reg_594                       |   7|   0|    7|          0|
    |trunc_ln13_22_reg_674                       |   7|   0|    7|          0|
    |trunc_ln13_23_reg_599                       |   7|   0|    7|          0|
    |trunc_ln13_24_reg_679                       |   7|   0|    7|          0|
    |trunc_ln13_25_reg_604                       |   7|   0|    7|          0|
    |trunc_ln13_26_reg_684                       |   7|   0|    7|          0|
    |trunc_ln13_27_reg_609                       |   7|   0|    7|          0|
    |trunc_ln13_28_reg_689                       |   7|   0|    7|          0|
    |trunc_ln13_29_reg_614                       |   7|   0|    7|          0|
    |trunc_ln13_2_reg_522                        |  59|   0|   59|          0|
    |trunc_ln13_30_reg_694                       |   7|   0|    7|          0|
    |trunc_ln13_31_reg_619                       |   7|   0|    7|          0|
    |trunc_ln13_32_reg_699                       |   7|   0|    7|          0|
    |trunc_ln13_3_reg_639                        |   7|   0|    7|          0|
    |trunc_ln13_4_reg_624                        |   7|   0|    7|          0|
    |trunc_ln13_5_reg_564                        |   7|   0|    7|          0|
    |trunc_ln13_6_reg_549                        |   7|   0|    7|          0|
    |trunc_ln13_7_reg_629                        |   7|   0|    7|          0|
    |trunc_ln13_8_reg_554                        |   7|   0|    7|          0|
    |trunc_ln13_9_reg_634                        |   7|   0|    7|          0|
    |trunc_ln13_reg_544                          |   7|   0|    7|          0|
    |trunc_ln13_s_reg_559                        |   7|   0|    7|          0|
    |trunc_ln_reg_527                            |  59|   0|   59|          0|
    |trunc_ln_reg_527                            |  64|  32|   59|          0|
    +--------------------------------------------+----+----+-----+-----------+
    |Total                                       | 607|  32|  602|          0|
    +--------------------------------------------+----+----+-----+-----------+



================================================================
== Interface
================================================================
* Summary: 
+-----------------------+-----+-----+---------------+--------------+--------------+
|       RTL Ports       | Dir | Bits|    Protocol   | Source Object|    C Type    |
+-----------------------+-----+-----+---------------+--------------+--------------+
|s_axi_control_AWVALID  |   in|    1|          s_axi|       control|        scalar|
|s_axi_control_AWREADY  |  out|    1|          s_axi|       control|        scalar|
|s_axi_control_AWADDR   |   in|    6|          s_axi|       control|        scalar|
|s_axi_control_WVALID   |   in|    1|          s_axi|       control|        scalar|
|s_axi_control_WREADY   |  out|    1|          s_axi|       control|        scalar|
|s_axi_control_WDATA    |   in|   32|          s_axi|       control|        scalar|
|s_axi_control_WSTRB    |   in|    4|          s_axi|       control|        scalar|
|s_axi_control_ARVALID  |   in|    1|          s_axi|       control|        scalar|
|s_axi_control_ARREADY  |  out|    1|          s_axi|       control|        scalar|
|s_axi_control_ARADDR   |   in|    6|          s_axi|       control|        scalar|
|s_axi_control_RVALID   |  out|    1|          s_axi|       control|        scalar|
|s_axi_control_RREADY   |   in|    1|          s_axi|       control|        scalar|
|s_axi_control_RDATA    |  out|   32|          s_axi|       control|        scalar|
|s_axi_control_RRESP    |  out|    2|          s_axi|       control|        scalar|
|s_axi_control_BVALID   |  out|    1|          s_axi|       control|        scalar|
|s_axi_control_BREADY   |   in|    1|          s_axi|       control|        scalar|
|s_axi_control_BRESP    |  out|    2|          s_axi|       control|        scalar|
|ap_clk                 |   in|    1|  ap_ctrl_chain|        kernel|  return value|
|ap_rst_n               |   in|    1|  ap_ctrl_chain|        kernel|  return value|
|interrupt              |  out|    1|  ap_ctrl_chain|        kernel|  return value|
|m_axi_gmem_AWVALID     |  out|    1|          m_axi|          gmem|       pointer|
|m_axi_gmem_AWREADY     |   in|    1|          m_axi|          gmem|       pointer|
|m_axi_gmem_AWADDR      |  out|   64|          m_axi|          gmem|       pointer|
|m_axi_gmem_AWID        |  out|    1|          m_axi|          gmem|       pointer|
|m_axi_gmem_AWLEN       |  out|    8|          m_axi|          gmem|       pointer|
|m_axi_gmem_AWSIZE      |  out|    3|          m_axi|          gmem|       pointer|
|m_axi_gmem_AWBURST     |  out|    2|          m_axi|          gmem|       pointer|
|m_axi_gmem_AWLOCK      |  out|    2|          m_axi|          gmem|       pointer|
|m_axi_gmem_AWCACHE     |  out|    4|          m_axi|          gmem|       pointer|
|m_axi_gmem_AWPROT      |  out|    3|          m_axi|          gmem|       pointer|
|m_axi_gmem_AWQOS       |  out|    4|          m_axi|          gmem|       pointer|
|m_axi_gmem_AWREGION    |  out|    4|          m_axi|          gmem|       pointer|
|m_axi_gmem_AWUSER      |  out|    1|          m_axi|          gmem|       pointer|
|m_axi_gmem_WVALID      |  out|    1|          m_axi|          gmem|       pointer|
|m_axi_gmem_WREADY      |   in|    1|          m_axi|          gmem|       pointer|
|m_axi_gmem_WDATA       |  out|  256|          m_axi|          gmem|       pointer|
|m_axi_gmem_WSTRB       |  out|   32|          m_axi|          gmem|       pointer|
|m_axi_gmem_WLAST       |  out|    1|          m_axi|          gmem|       pointer|
|m_axi_gmem_WID         |  out|    1|          m_axi|          gmem|       pointer|
|m_axi_gmem_WUSER       |  out|    1|          m_axi|          gmem|       pointer|
|m_axi_gmem_ARVALID     |  out|    1|          m_axi|          gmem|       pointer|
|m_axi_gmem_ARREADY     |   in|    1|          m_axi|          gmem|       pointer|
|m_axi_gmem_ARADDR      |  out|   64|          m_axi|          gmem|       pointer|
|m_axi_gmem_ARID        |  out|    1|          m_axi|          gmem|       pointer|
|m_axi_gmem_ARLEN       |  out|    8|          m_axi|          gmem|       pointer|
|m_axi_gmem_ARSIZE      |  out|    3|          m_axi|          gmem|       pointer|
|m_axi_gmem_ARBURST     |  out|    2|          m_axi|          gmem|       pointer|
|m_axi_gmem_ARLOCK      |  out|    2|          m_axi|          gmem|       pointer|
|m_axi_gmem_ARCACHE     |  out|    4|          m_axi|          gmem|       pointer|
|m_axi_gmem_ARPROT      |  out|    3|          m_axi|          gmem|       pointer|
|m_axi_gmem_ARQOS       |  out|    4|          m_axi|          gmem|       pointer|
|m_axi_gmem_ARREGION    |  out|    4|          m_axi|          gmem|       pointer|
|m_axi_gmem_ARUSER      |  out|    1|          m_axi|          gmem|       pointer|
|m_axi_gmem_RVALID      |   in|    1|          m_axi|          gmem|       pointer|
|m_axi_gmem_RREADY      |  out|    1|          m_axi|          gmem|       pointer|
|m_axi_gmem_RDATA       |   in|  256|          m_axi|          gmem|       pointer|
|m_axi_gmem_RLAST       |   in|    1|          m_axi|          gmem|       pointer|
|m_axi_gmem_RID         |   in|    1|          m_axi|          gmem|       pointer|
|m_axi_gmem_RUSER       |   in|    1|          m_axi|          gmem|       pointer|
|m_axi_gmem_RRESP       |   in|    2|          m_axi|          gmem|       pointer|
|m_axi_gmem_BVALID      |   in|    1|          m_axi|          gmem|       pointer|
|m_axi_gmem_BREADY      |  out|    1|          m_axi|          gmem|       pointer|
|m_axi_gmem_BRESP       |   in|    2|          m_axi|          gmem|       pointer|
|m_axi_gmem_BID         |   in|    1|          m_axi|          gmem|       pointer|
|m_axi_gmem_BUSER       |   in|    1|          m_axi|          gmem|       pointer|
+-----------------------+-----+-----+---------------+--------------+--------------+

