  **** HLS Build v2025.1 6135595
INFO: [HLS 200-2005] Using work_dir /home/chengzhy/FormaSyn/examples/vec_add/inter_files/baseline_int13_p2/work 
INFO: [HLS 200-2176] Writing Vitis IDE component file /home/chengzhy/FormaSyn/examples/vec_add/inter_files/baseline_int13_p2/work/vitis-comp.json
INFO: [HLS 200-10] Creating and opening component '/home/chengzhy/FormaSyn/examples/vec_add/inter_files/baseline_int13_p2/work'.
INFO: [HLS 200-1505] Using default flow_target 'vivado'
Resolution: For help on HLS 200-1505 see docs.xilinx.com/access/sources/dita/topic?Doc_Version=2025.1%20English&url=ug1448-hls-guidance&resourceid=200-1505.html
INFO: [HLS 200-2174] Applying component config ini file /home/chengzhy/FormaSyn/examples/vec_add/inter_files/baseline_int13_p2/hls_config.cfg
INFO: [HLS 200-1465] Applying config ini 'syn.file=kernel.cpp' from /home/chengzhy/FormaSyn/examples/vec_add/inter_files/baseline_int13_p2/hls_config.cfg(7)
INFO: [HLS 200-10] Adding design file '/home/chengzhy/FormaSyn/examples/vec_add/inter_files/baseline_int13_p2/kernel.cpp' to the project
INFO: [HLS 200-1465] Applying config ini 'tb.file=kernel_tb.cpp' from /home/chengzhy/FormaSyn/examples/vec_add/inter_files/baseline_int13_p2/hls_config.cfg(8)
INFO: [HLS 200-10] Adding test bench file '/home/chengzhy/FormaSyn/examples/vec_add/inter_files/baseline_int13_p2/kernel_tb.cpp' to the project
INFO: [HLS 200-1465] Applying config ini 'syn.top=kernel' from /home/chengzhy/FormaSyn/examples/vec_add/inter_files/baseline_int13_p2/hls_config.cfg(6)
INFO: [HLS 200-1465] Applying config ini 'flow_target=vitis' from /home/chengzhy/FormaSyn/examples/vec_add/inter_files/baseline_int13_p2/hls_config.cfg(5)
INFO: [HLS 200-1505] Using flow_target 'vitis'
Resolution: For help on HLS 200-1505 see docs.xilinx.com/access/sources/dita/topic?Doc_Version=2025.1%20English&url=ug1448-hls-guidance&resourceid=200-1505.html
INFO: [HLS 200-435] Setting 'open_solution -flow_target vitis' configuration: config_interface -m_axi_latency=64
INFO: [HLS 200-435] Setting 'open_solution -flow_target vitis' configuration: config_interface -m_axi_alignment_byte_size=64
INFO: [HLS 200-435] Setting 'open_solution -flow_target vitis' configuration: config_interface -m_axi_max_widen_bitwidth=512
INFO: [HLS 200-435] Setting 'open_solution -flow_target vitis' configuration: config_rtl -register_reset_num=3
INFO: [HLS 200-1465] Applying config ini 'part=xc7z020clg400-1' from /home/chengzhy/FormaSyn/examples/vec_add/inter_files/baseline_int13_p2/hls_config.cfg(1)
INFO: [HLS 200-1611] Setting target device to 'xc7z020-clg400-1'
INFO: [HLS 200-1465] Applying config ini 'clock=10ns' from /home/chengzhy/FormaSyn/examples/vec_add/inter_files/baseline_int13_p2/hls_config.cfg(4)
INFO: [SYN 201-201] Setting up clock 'default' with a period of 10ns.
INFO: [HLS 200-2176] Writing Vitis IDE component file /home/chengzhy/FormaSyn/examples/vec_add/inter_files/baseline_int13_p2/work/vitis-comp.json
INFO: [HLS 200-111] Finished File checks and directory preparation: CPU user time: 1.57 seconds. CPU system time: 0.58 seconds. Elapsed time: 2.31 seconds; current allocated memory: 257.879 MB.
INFO: [HLS 200-10] Analyzing design file 'kernel.cpp' ... 
INFO: [HLS 200-111] Finished Source Code Analysis and Preprocessing: CPU user time: 1.84 seconds. CPU system time: 0.64 seconds. Elapsed time: 2.48 seconds; current allocated memory: 259.879 MB.
INFO: [HLS 200-777] Using interface defaults for 'Vitis' flow target.
INFO: [HLS 200-1995] There were 163 instructions in the design after the 'Compile/Link' phase of compilation. See the Design Size Report for more details (/home/chengzhy/FormaSyn/examples/vec_add/inter_files/baseline_int13_p2/work/hls/syn/report/csynth_design_size.rpt:2)
INFO: [HLS 200-1995] There were 48 instructions in the design after the 'Unroll/Inline (step 1)' phase of compilation. See the Design Size Report for more details (/home/chengzhy/FormaSyn/examples/vec_add/inter_files/baseline_int13_p2/work/hls/syn/report/csynth_design_size.rpt:2)
INFO: [HLS 200-1995] There were 42 instructions in the design after the 'Unroll/Inline (step 2)' phase of compilation. See the Design Size Report for more details (/home/chengzhy/FormaSyn/examples/vec_add/inter_files/baseline_int13_p2/work/hls/syn/report/csynth_design_size.rpt:2)
INFO: [HLS 200-1995] There were 41 instructions in the design after the 'Unroll/Inline (step 3)' phase of compilation. See the Design Size Report for more details (/home/chengzhy/FormaSyn/examples/vec_add/inter_files/baseline_int13_p2/work/hls/syn/report/csynth_design_size.rpt:2)
INFO: [HLS 200-1995] There were 41 instructions in the design after the 'Unroll/Inline (step 4)' phase of compilation. See the Design Size Report for more details (/home/chengzhy/FormaSyn/examples/vec_add/inter_files/baseline_int13_p2/work/hls/syn/report/csynth_design_size.rpt:2)
INFO: [HLS 200-1995] There were 97 instructions in the design after the 'Array/Struct (step 1)' phase of compilation. See the Design Size Report for more details (/home/chengzhy/FormaSyn/examples/vec_add/inter_files/baseline_int13_p2/work/hls/syn/report/csynth_design_size.rpt:2)
INFO: [HLS 200-1995] There were 49 instructions in the design after the 'Array/Struct (step 2)' phase of compilation. See the Design Size Report for more details (/home/chengzhy/FormaSyn/examples/vec_add/inter_files/baseline_int13_p2/work/hls/syn/report/csynth_design_size.rpt:2)
INFO: [HLS 200-1995] There were 49 instructions in the design after the 'Array/Struct (step 3)' phase of compilation. See the Design Size Report for more details (/home/chengzhy/FormaSyn/examples/vec_add/inter_files/baseline_int13_p2/work/hls/syn/report/csynth_design_size.rpt:2)
INFO: [HLS 200-1995] There were 49 instructions in the design after the 'Array/Struct (step 4)' phase of compilation. See the Design Size Report for more details (/home/chengzhy/FormaSyn/examples/vec_add/inter_files/baseline_int13_p2/work/hls/syn/report/csynth_design_size.rpt:2)
INFO: [HLS 200-1995] There were 80 instructions in the design after the 'Array/Struct (step 5)' phase of compilation. See the Design Size Report for more details (/home/chengzhy/FormaSyn/examples/vec_add/inter_files/baseline_int13_p2/work/hls/syn/report/csynth_design_size.rpt:2)
INFO: [HLS 200-1995] There were 74 instructions in the design after the 'Performance (step 1)' phase of compilation. See the Design Size Report for more details (/home/chengzhy/FormaSyn/examples/vec_add/inter_files/baseline_int13_p2/work/hls/syn/report/csynth_design_size.rpt:2)
INFO: [HLS 200-1995] There were 72 instructions in the design after the 'Performance (step 2)' phase of compilation. See the Design Size Report for more details (/home/chengzhy/FormaSyn/examples/vec_add/inter_files/baseline_int13_p2/work/hls/syn/report/csynth_design_size.rpt:2)
INFO: [HLS 200-1995] There were 72 instructions in the design after the 'Performance (step 3)' phase of compilation. See the Design Size Report for more details (/home/chengzhy/FormaSyn/examples/vec_add/inter_files/baseline_int13_p2/work/hls/syn/report/csynth_design_size.rpt:2)
INFO: [HLS 200-1995] There were 72 instructions in the design after the 'Performance (step 4)' phase of compilation. See the Design Size Report for more details (/home/chengzhy/FormaSyn/examples/vec_add/inter_files/baseline_int13_p2/work/hls/syn/report/csynth_design_size.rpt:2)
INFO: [HLS 200-1995] There were 90 instructions in the design after the 'HW Transforms (step 1)' phase of compilation. See the Design Size Report for more details (/home/chengzhy/FormaSyn/examples/vec_add/inter_files/baseline_int13_p2/work/hls/syn/report/csynth_design_size.rpt:2)
INFO: [HLS 200-1995] There were 95 instructions in the design after the 'HW Transforms (step 2)' phase of compilation. See the Design Size Report for more details (/home/chengzhy/FormaSyn/examples/vec_add/inter_files/baseline_int13_p2/work/hls/syn/report/csynth_design_size.rpt:2)
INFO: [HLS 214-188] Unrolling loop 'loop' (kernel.cpp:19:5) in function 'kernel' partially with a factor of 2 (kernel.cpp:5:0)
INFO: [HLS 214-248] Applying array_partition to 'a': Cyclic partitioning with factor 2 on dimension 1. (kernel.cpp:5:0)
INFO: [HLS 214-248] Applying array_partition to 'b': Cyclic partitioning with factor 2 on dimension 1. (kernel.cpp:5:0)
INFO: [HLS 214-248] Applying array_partition to 'c': Cyclic partitioning with factor 2 on dimension 1. (kernel.cpp:5:0)
INFO: [HLS 200-111] Finished Compiling Optimization and Transform: CPU user time: 1.88 seconds. CPU system time: 0.59 seconds. Elapsed time: 7.08 seconds; current allocated memory: 261.996 MB.
INFO: [HLS 200-111] Finished Checking Pragmas: CPU user time: 0 seconds. CPU system time: 0 seconds. Elapsed time: 0 seconds; current allocated memory: 261.996 MB.
INFO: [HLS 200-10] Starting code transformations ...
INFO: [HLS 200-111] Finished Standard Transforms: CPU user time: 0.01 seconds. CPU system time: 0 seconds. Elapsed time: 0.01 seconds; current allocated memory: 262.117 MB.
INFO: [HLS 200-10] Checking synthesizability ...
INFO: [HLS 200-111] Finished Checking Synthesizability: CPU user time: 0.01 seconds. CPU system time: 0 seconds. Elapsed time: 0.01 seconds; current allocated memory: 262.117 MB.
INFO: [HLS 200-111] Finished Loop, function and other optimizations: CPU user time: 0.03 seconds. CPU system time: 0.01 seconds. Elapsed time: 0.03 seconds; current allocated memory: 283.418 MB.
INFO: [HLS 200-111] Finished Architecture Synthesis: CPU user time: 0.03 seconds. CPU system time: 0 seconds. Elapsed time: 0.03 seconds; current allocated memory: 283.418 MB.
INFO: [HLS 200-10] Starting hardware synthesis ...
INFO: [HLS 200-10] Synthesizing 'kernel' ...
INFO: [HLS 200-10] ----------------------------------------------------------------
INFO: [HLS 200-42] -- Implementing module 'kernel' 
INFO: [HLS 200-10] ----------------------------------------------------------------
INFO: [SCHED 204-11] Starting scheduling ...
INFO: [SCHED 204-61] Pipelining loop 'loop'.
INFO: [HLS 200-1470] Pipelining result : Target II = 8, Final II = 1, Depth = 1, loop 'loop'
INFO: [SCHED 204-11] Finished scheduling.
INFO: [HLS 200-111] Finished Scheduling: CPU user time: 0.04 seconds. CPU system time: 0.02 seconds. Elapsed time: 0.08 seconds; current allocated memory: 283.418 MB.
INFO: [BIND 205-100] Starting micro-architecture generation ...
INFO: [BIND 205-101] Performing variable lifetime analysis.
INFO: [BIND 205-101] Exploring resource sharing.
INFO: [BIND 205-101] Binding ...
INFO: [BIND 205-100] Finished micro-architecture generation.
INFO: [HLS 200-111] Finished Binding: CPU user time: 0.08 seconds. CPU system time: 0 seconds. Elapsed time: 0.07 seconds; current allocated memory: 283.418 MB.
INFO: [HLS 200-10] ----------------------------------------------------------------
INFO: [HLS 200-10] -- Generating RTL for module 'kernel' 
INFO: [HLS 200-10] ----------------------------------------------------------------
WARNING: [RTGEN 206-101] Design contains AXI ports. Reset is fixed to synchronous and active low.
INFO: [RTGEN 206-500] Setting interface mode on port 'kernel/gmem0_0' to 'm_axi'.
INFO: [RTGEN 206-500] Setting interface mode on port 'kernel/gmem0_1' to 'm_axi'.
INFO: [RTGEN 206-500] Setting interface mode on port 'kernel/gmem1_0' to 'm_axi'.
INFO: [RTGEN 206-500] Setting interface mode on port 'kernel/gmem1_1' to 'm_axi'.
INFO: [RTGEN 206-500] Setting interface mode on port 'kernel/gmem2_0' to 'm_axi'.
INFO: [RTGEN 206-500] Setting interface mode on port 'kernel/gmem2_1' to 'm_axi'.
INFO: [RTGEN 206-500] Setting interface mode on port 'kernel/a_0' to 's_axilite & ap_none'.
INFO: [RTGEN 206-500] Setting interface mode on port 'kernel/a_1' to 's_axilite & ap_none'.
INFO: [RTGEN 206-500] Setting interface mode on port 'kernel/b_0' to 's_axilite & ap_none'.
INFO: [RTGEN 206-500] Setting interface mode on port 'kernel/b_1' to 's_axilite & ap_none'.
INFO: [RTGEN 206-500] Setting interface mode on port 'kernel/c_0' to 's_axilite & ap_none'.
INFO: [RTGEN 206-500] Setting interface mode on port 'kernel/c_1' to 's_axilite & ap_none'.
INFO: [RTGEN 206-500] Setting interface mode on function 'kernel' to 's_axilite & ap_ctrl_chain'.
INFO: [RTGEN 206-100] Bundling port 'a_0', 'a_1', 'b_0', 'b_1', 'c_0', 'c_1' and 'return' to AXI-Lite port control.
INFO: [RTGEN 206-100] Finished creating RTL model for 'kernel'.
INFO: [HLS 200-111] Finished Creating RTL model: CPU user time: 0.16 seconds. CPU system time: 0.01 seconds. Elapsed time: 0.17 seconds; current allocated memory: 283.418 MB.
INFO: [HLS 200-111] Finished Generating all RTL models: CPU user time: 0.25 seconds. CPU system time: 0.02 seconds. Elapsed time: 0.27 seconds; current allocated memory: 283.418 MB.
INFO: [HLS 200-111] Finished Updating report files: CPU user time: 0.64 seconds. CPU system time: 0.16 seconds. Elapsed time: 0.8 seconds; current allocated memory: 291.637 MB.
INFO: [VHDL 208-304] Generating VHDL RTL for kernel.
INFO: [VLOG 209-307] Generating Verilog RTL for kernel.
INFO: [HLS 200-790] **** Loop Constraint Status: All loop constraints were NOT satisfied.
INFO: [HLS 200-789] **** Estimated Fmax: 136.99 MHz
INFO: [IMPL 213-8] Exporting RTL as a Vivado IP.

****** Vivado v2025.1 (64-bit)
  **** SW Build 6140274 on Wed May 21 22:58:25 MDT 2025
  **** IP Build 6138677 on Thu May 22 03:10:11 MDT 2025
  **** SharedData Build 6139179 on Tue May 20 17:58:58 MDT 2025
  **** Start of session at: Thu Mar 19 03:44:24 2026
    ** Copyright 1986-2022 Xilinx, Inc. All Rights Reserved.
    ** Copyright 2022-2025 Advanced Micro Devices, Inc. All Rights Reserved.

source run_ippack.tcl -notrace
INFO: calling package_hls_ip ip_types=vitis sysgen json_file=/home/chengzhy/FormaSyn/examples/vec_add/inter_files/baseline_int13_p2/work/hls/hls_data.json outdir=/home/chengzhy/FormaSyn/examples/vec_add/inter_files/baseline_int13_p2/work/hls/impl/ip srcdir=/home/chengzhy/FormaSyn/examples/vec_add/inter_files/baseline_int13_p2/work/hls ippack_options_dict= ippack_options_dict=
INFO: Copied 1 ipmisc file(s) to /home/chengzhy/FormaSyn/examples/vec_add/inter_files/baseline_int13_p2/work/hls/impl/ip/misc
INFO: Copied 8 verilog file(s) to /home/chengzhy/FormaSyn/examples/vec_add/inter_files/baseline_int13_p2/work/hls/impl/ip/hdl/verilog
INFO: Copied 8 vhdl file(s) to /home/chengzhy/FormaSyn/examples/vec_add/inter_files/baseline_int13_p2/work/hls/impl/ip/hdl/vhdl
INFO: Copied 14 swdriver file(s) to /home/chengzhy/FormaSyn/examples/vec_add/inter_files/baseline_int13_p2/work/hls/impl/ip/drivers
WARNING: [Common 17-1496] Vivado tclapp support version doesn't have install/uninstall hooks. Please update support using ::tclapp::update_support command.
WARNING: [Common 17-1496] Vivado tclapp support version doesn't have install/uninstall hooks. Please update support using ::tclapp::update_support command.
WARNING: [Common 17-1496] Vivado tclapp support version doesn't have install/uninstall hooks. Please update support using ::tclapp::update_support command.
WARNING: [Common 17-1496] Vivado tclapp support version doesn't have install/uninstall hooks. Please update support using ::tclapp::update_support command.
WARNING: [Common 17-1496] Vivado tclapp support version doesn't have install/uninstall hooks. Please update support using ::tclapp::update_support command.
WARNING: [Common 17-1496] Vivado tclapp support version doesn't have install/uninstall hooks. Please update support using ::tclapp::update_support command.
INFO: Import ports from HDL: /home/chengzhy/FormaSyn/examples/vec_add/inter_files/baseline_int13_p2/work/hls/impl/ip/hdl/vhdl/kernel.vhd (kernel)
INFO: Add axi4lite interface s_axi_control
INFO: Add clock interface ap_clk
INFO: Add reset interface ap_rst_n
INFO: Add interrupt interface interrupt
INFO: [IP_Flow 19-234] Refreshing IP repositories
INFO: [IP_Flow 19-1704] No user IP repositories specified
INFO: [IP_Flow 19-2313] Loaded Vivado IP repository '/tools/Xilinx/2025.1/Vivado/data/ip'.
INFO: Add axi4full interface m_axi_gmem0_0
INFO: Add axi4full interface m_axi_gmem0_1
INFO: Add axi4full interface m_axi_gmem1_0
INFO: Add axi4full interface m_axi_gmem1_1
INFO: Add axi4full interface m_axi_gmem2_0
INFO: Add axi4full interface m_axi_gmem2_1
INFO: Calling post_process_vitis to specialize IP
INFO: Calling post_process_sysgen to specialize IP
Generating sysgen info xml from json file
INFO: Created IP /home/chengzhy/FormaSyn/examples/vec_add/inter_files/baseline_int13_p2/work/hls/impl/ip/component.xml
INFO: Created IP archive /home/chengzhy/FormaSyn/examples/vec_add/inter_files/baseline_int13_p2/work/hls/impl/ip/xilinx_com_hls_kernel_1_0.zip
INFO: [Common 17-206] Exiting Vivado at Thu Mar 19 03:44:28 2026...
INFO: [HLS 200-802] Generated output file work/kernel.zip
INFO: [HLS 200-112] Total CPU user time: 19.93 seconds. Total CPU system time: 5.16 seconds. Total elapsed time: 41.27 seconds; peak allocated memory: 297.547 MB.
INFO: [v++ 60-791] Total elapsed time: 0h 0m 46s
