

================================================================
== Vitis HLS Report for 'kernel'
================================================================
* Date:           Thu Apr  2 09:49:03 2026

* Version:        2025.1 (Build 6135595 on May 21 2025)
* Project:        work
* Solution:       hls (Vitis Kernel Flow Target)
* Product family: virtexuplus
* Target device:  xcu200-fsgd2104-2-e


================================================================
== Performance Estimates
================================================================
+ Timing: 
    * Summary: 
    +--------+---------+----------+------------+
    |  Clock |  Target | Estimated| Uncertainty|
    +--------+---------+----------+------------+
    |ap_clk  |  5.00 ns|  3.650 ns|     1.35 ns|
    +--------+---------+----------+------------+

+ Latency: 
    * Summary: 
    +---------+---------+----------+----------+-----+-----+---------+
    |  Latency (cycles) |  Latency (absolute) |  Interval | Pipeline|
    |   min   |   max   |    min   |    max   | min | max |   Type  |
    +---------+---------+----------+----------+-----+-----+---------+
    |      143|      143|  0.715 us|  0.715 us|    2|    2|      yes|
    +---------+---------+----------+----------+-----+-----+---------+

    + Detail: 
        * Instance: 
        N/A

        * Loop: 
        N/A



================================================================
== Utilization Estimates
================================================================
* Summary: 
+---------------------+---------+------+---------+---------+-----+
|         Name        | BRAM_18K|  DSP |    FF   |   LUT   | URAM|
+---------------------+---------+------+---------+---------+-----+
|DSP                  |        -|     -|        -|        -|    -|
|Expression           |        -|     -|        0|      246|    -|
|FIFO                 |        -|     -|        -|        -|    -|
|Instance             |        8|     -|     1676|     2049|    0|
|Memory               |        -|     -|        -|        -|    -|
|Multiplexer          |        -|     -|        0|       91|    -|
|Register             |        -|     -|      666|       32|    -|
+---------------------+---------+------+---------+---------+-----+
|Total                |        8|     0|     2342|     2418|    0|
+---------------------+---------+------+---------+---------+-----+
|Available SLR        |     1440|  2280|   788160|   394080|  320|
+---------------------+---------+------+---------+---------+-----+
|Utilization SLR (%)  |       ~0|     0|       ~0|       ~0|    0|
+---------------------+---------+------+---------+---------+-----+
|Available            |     4320|  6840|  2364480|  1182240|  960|
+---------------------+---------+------+---------+---------+-----+
|Utilization (%)      |       ~0|     0|       ~0|       ~0|    0|
+---------------------+---------+------+---------+---------+-----+

+ Detail: 
    * Instance: 
    +-----------------+---------------+---------+----+------+------+-----+
    |     Instance    |     Module    | BRAM_18K| DSP|  FF  |  LUT | URAM|
    +-----------------+---------------+---------+----+------+------+-----+
    |control_s_axi_U  |control_s_axi  |        0|   0|   246|   424|    0|
    |gmem_m_axi_U     |gmem_m_axi     |        8|   0|  1430|  1625|    0|
    +-----------------+---------------+---------+----+------+------+-----+
    |Total            |               |        8|   0|  1676|  2049|    0|
    +-----------------+---------------+---------+----+------+------+-----+

    * DSP: 
    N/A

    * Memory: 
    N/A

    * FIFO: 
    N/A

    * Expression: 
    +--------------------------------+----------+----+---+----+------------+------------+
    |          Variable Name         | Operation| DSP| FF| LUT| Bitwidth P0| Bitwidth P1|
    +--------------------------------+----------+----+---+----+------------+------------+
    |add_ln13_10_fu_432_p2           |         +|   0|  0|  14|           7|           7|
    |add_ln13_11_fu_436_p2           |         +|   0|  0|  14|           7|           7|
    |add_ln13_12_fu_440_p2           |         +|   0|  0|  14|           7|           7|
    |add_ln13_13_fu_444_p2           |         +|   0|  0|  14|           7|           7|
    |add_ln13_14_fu_448_p2           |         +|   0|  0|  14|           7|           7|
    |add_ln13_15_fu_452_p2           |         +|   0|  0|  14|           7|           7|
    |add_ln13_1_fu_396_p2            |         +|   0|  0|  14|           7|           7|
    |add_ln13_2_fu_400_p2            |         +|   0|  0|  14|           7|           7|
    |add_ln13_3_fu_404_p2            |         +|   0|  0|  14|           7|           7|
    |add_ln13_4_fu_408_p2            |         +|   0|  0|  14|           7|           7|
    |add_ln13_5_fu_412_p2            |         +|   0|  0|  14|           7|           7|
    |add_ln13_6_fu_416_p2            |         +|   0|  0|  14|           7|           7|
    |add_ln13_7_fu_420_p2            |         +|   0|  0|  14|           7|           7|
    |add_ln13_8_fu_424_p2            |         +|   0|  0|  14|           7|           7|
    |add_ln13_9_fu_428_p2            |         +|   0|  0|  14|           7|           7|
    |add_ln13_fu_392_p2              |         +|   0|  0|  14|           7|           7|
    |ap_block_pp0_stage1_11001_grp1  |       and|   0|  0|   2|           1|           1|
    |ap_block_pp0_stage1_11001_grp4  |       and|   0|  0|   2|           1|           1|
    |ap_block_pp0_stage1_11001_grp6  |       and|   0|  0|   2|           1|           1|
    |ap_block_pp0_stage1_11001_grp7  |       and|   0|  0|   2|           1|           1|
    |ap_block_pp0_stage0_11001       |        or|   0|  0|   2|           1|           1|
    |ap_block_pp0_stage0_11001_grp0  |        or|   0|  0|   2|           1|           1|
    |ap_block_pp0_stage0_11001_grp2  |        or|   0|  0|   2|           1|           1|
    |ap_block_pp0_stage0_11001_grp3  |        or|   0|  0|   2|           1|           1|
    |ap_block_pp0_stage0_11001_grp5  |        or|   0|  0|   2|           1|           1|
    |ap_block_pp0_stage1_11001       |        or|   0|  0|   2|           1|           1|
    |ap_enable_pp0                   |       xor|   0|  0|   2|           1|           2|
    +--------------------------------+----------+----+---+----+------------+------------+
    |Total                           |          |   0|  0| 246|         123|         124|
    +--------------------------------+----------+----+---+----+------------+------------+

    * Multiplexer: 
    +-------------------------+----+-----------+-----+-----------+
    |           Name          | LUT| Input Size| Bits| Total Bits|
    +-------------------------+----+-----------+-----+-----------+
    |ap_NS_fsm                |  14|          3|    1|          3|
    |ap_done                  |   9|          2|    1|          2|
    |ap_enable_reg_pp0_iter0  |   9|          2|    1|          2|
    |gmem_0_ARADDR            |  14|          3|   64|        192|
    |gmem_blk_n_AR            |   9|          2|    1|          2|
    |gmem_blk_n_AW            |   9|          2|    1|          2|
    |gmem_blk_n_B             |   9|          2|    1|          2|
    |gmem_blk_n_R             |   9|          2|    1|          2|
    |gmem_blk_n_W             |   9|          2|    1|          2|
    +-------------------------+----+-----------+-----+-----------+
    |Total                    |  91|         20|   72|        209|
    +-------------------------+----+-----------+-----+-----------+

    * Register: 
    +-------------------------------------------------+----+----+-----+-----------+
    |                       Name                      | FF | LUT| Bits| Const Bits|
    +-------------------------------------------------+----+----+-----+-----------+
    |add_ln13_10_reg_756                              |   7|   0|    7|          0|
    |add_ln13_11_reg_761                              |   7|   0|    7|          0|
    |add_ln13_12_reg_766                              |   7|   0|    7|          0|
    |add_ln13_13_reg_771                              |   7|   0|    7|          0|
    |add_ln13_14_reg_776                              |   7|   0|    7|          0|
    |add_ln13_15_reg_781                              |   7|   0|    7|          0|
    |add_ln13_1_reg_711                               |   7|   0|    7|          0|
    |add_ln13_2_reg_716                               |   7|   0|    7|          0|
    |add_ln13_3_reg_721                               |   7|   0|    7|          0|
    |add_ln13_4_reg_726                               |   7|   0|    7|          0|
    |add_ln13_5_reg_731                               |   7|   0|    7|          0|
    |add_ln13_6_reg_736                               |   7|   0|    7|          0|
    |add_ln13_7_reg_741                               |   7|   0|    7|          0|
    |add_ln13_8_reg_746                               |   7|   0|    7|          0|
    |add_ln13_9_reg_751                               |   7|   0|    7|          0|
    |add_ln13_reg_706                                 |   7|   0|    7|          0|
    |ap_CS_fsm                                        |   2|   0|    2|          0|
    |ap_block_pp0_stage0_subdone_grp0_done_reg        |   1|   0|    1|          0|
    |ap_block_pp0_stage0_subdone_grp0_done_reg_iter0  |   1|   0|    1|          0|
    |ap_block_pp0_stage0_subdone_grp2_done_reg        |   1|   0|    1|          0|
    |ap_block_pp0_stage0_subdone_grp2_done_reg_iter0  |   1|   0|    1|          0|
    |ap_block_pp0_stage0_subdone_grp3_done_reg        |   1|   0|    1|          0|
    |ap_block_pp0_stage0_subdone_grp5_done_reg        |   1|   0|    1|          0|
    |ap_block_pp0_stage0_subdone_grp5_done_reg_iter0  |   1|   0|    1|          0|
    |ap_block_pp0_stage1_subdone_grp1_done_reg        |   1|   0|    1|          0|
    |ap_block_pp0_stage1_subdone_grp4_done_reg        |   1|   0|    1|          0|
    |ap_block_pp0_stage1_subdone_grp6_done_reg        |   1|   0|    1|          0|
    |ap_block_pp0_stage1_subdone_grp7_done_reg        |   1|   0|    1|          0|
    |ap_done_reg                                      |   1|   0|    1|          0|
    |ap_enable_reg_pp0_iter0_reg                      |   1|   0|    1|          0|
    |ap_enable_reg_pp0_iter1                          |   1|   0|    1|          0|
    |ap_enable_reg_pp0_iter10                         |   1|   0|    1|          0|
    |ap_enable_reg_pp0_iter11                         |   1|   0|    1|          0|
    |ap_enable_reg_pp0_iter12                         |   1|   0|    1|          0|
    |ap_enable_reg_pp0_iter13                         |   1|   0|    1|          0|
    |ap_enable_reg_pp0_iter14                         |   1|   0|    1|          0|
    |ap_enable_reg_pp0_iter15                         |   1|   0|    1|          0|
    |ap_enable_reg_pp0_iter16                         |   1|   0|    1|          0|
    |ap_enable_reg_pp0_iter17                         |   1|   0|    1|          0|
    |ap_enable_reg_pp0_iter18                         |   1|   0|    1|          0|
    |ap_enable_reg_pp0_iter19                         |   1|   0|    1|          0|
    |ap_enable_reg_pp0_iter2                          |   1|   0|    1|          0|
    |ap_enable_reg_pp0_iter20                         |   1|   0|    1|          0|
    |ap_enable_reg_pp0_iter21                         |   1|   0|    1|          0|
    |ap_enable_reg_pp0_iter22                         |   1|   0|    1|          0|
    |ap_enable_reg_pp0_iter23                         |   1|   0|    1|          0|
    |ap_enable_reg_pp0_iter24                         |   1|   0|    1|          0|
    |ap_enable_reg_pp0_iter25                         |   1|   0|    1|          0|
    |ap_enable_reg_pp0_iter26                         |   1|   0|    1|          0|
    |ap_enable_reg_pp0_iter27                         |   1|   0|    1|          0|
    |ap_enable_reg_pp0_iter28                         |   1|   0|    1|          0|
    |ap_enable_reg_pp0_iter29                         |   1|   0|    1|          0|
    |ap_enable_reg_pp0_iter3                          |   1|   0|    1|          0|
    |ap_enable_reg_pp0_iter30                         |   1|   0|    1|          0|
    |ap_enable_reg_pp0_iter31                         |   1|   0|    1|          0|
    |ap_enable_reg_pp0_iter32                         |   1|   0|    1|          0|
    |ap_enable_reg_pp0_iter33                         |   1|   0|    1|          0|
    |ap_enable_reg_pp0_iter34                         |   1|   0|    1|          0|
    |ap_enable_reg_pp0_iter35                         |   1|   0|    1|          0|
    |ap_enable_reg_pp0_iter36                         |   1|   0|    1|          0|
    |ap_enable_reg_pp0_iter37                         |   1|   0|    1|          0|
    |ap_enable_reg_pp0_iter38                         |   1|   0|    1|          0|
    |ap_enable_reg_pp0_iter39                         |   1|   0|    1|          0|
    |ap_enable_reg_pp0_iter4                          |   1|   0|    1|          0|
    |ap_enable_reg_pp0_iter40                         |   1|   0|    1|          0|
    |ap_enable_reg_pp0_iter41                         |   1|   0|    1|          0|
    |ap_enable_reg_pp0_iter42                         |   1|   0|    1|          0|
    |ap_enable_reg_pp0_iter43                         |   1|   0|    1|          0|
    |ap_enable_reg_pp0_iter44                         |   1|   0|    1|          0|
    |ap_enable_reg_pp0_iter45                         |   1|   0|    1|          0|
    |ap_enable_reg_pp0_iter46                         |   1|   0|    1|          0|
    |ap_enable_reg_pp0_iter47                         |   1|   0|    1|          0|
    |ap_enable_reg_pp0_iter48                         |   1|   0|    1|          0|
    |ap_enable_reg_pp0_iter49                         |   1|   0|    1|          0|
    |ap_enable_reg_pp0_iter5                          |   1|   0|    1|          0|
    |ap_enable_reg_pp0_iter50                         |   1|   0|    1|          0|
    |ap_enable_reg_pp0_iter51                         |   1|   0|    1|          0|
    |ap_enable_reg_pp0_iter52                         |   1|   0|    1|          0|
    |ap_enable_reg_pp0_iter53                         |   1|   0|    1|          0|
    |ap_enable_reg_pp0_iter54                         |   1|   0|    1|          0|
    |ap_enable_reg_pp0_iter55                         |   1|   0|    1|          0|
    |ap_enable_reg_pp0_iter56                         |   1|   0|    1|          0|
    |ap_enable_reg_pp0_iter57                         |   1|   0|    1|          0|
    |ap_enable_reg_pp0_iter58                         |   1|   0|    1|          0|
    |ap_enable_reg_pp0_iter59                         |   1|   0|    1|          0|
    |ap_enable_reg_pp0_iter6                          |   1|   0|    1|          0|
    |ap_enable_reg_pp0_iter60                         |   1|   0|    1|          0|
    |ap_enable_reg_pp0_iter61                         |   1|   0|    1|          0|
    |ap_enable_reg_pp0_iter62                         |   1|   0|    1|          0|
    |ap_enable_reg_pp0_iter63                         |   1|   0|    1|          0|
    |ap_enable_reg_pp0_iter64                         |   1|   0|    1|          0|
    |ap_enable_reg_pp0_iter65                         |   1|   0|    1|          0|
    |ap_enable_reg_pp0_iter66                         |   1|   0|    1|          0|
    |ap_enable_reg_pp0_iter67                         |   1|   0|    1|          0|
    |ap_enable_reg_pp0_iter68                         |   1|   0|    1|          0|
    |ap_enable_reg_pp0_iter69                         |   1|   0|    1|          0|
    |ap_enable_reg_pp0_iter7                          |   1|   0|    1|          0|
    |ap_enable_reg_pp0_iter70                         |   1|   0|    1|          0|
    |ap_enable_reg_pp0_iter71                         |   1|   0|    1|          0|
    |ap_enable_reg_pp0_iter8                          |   1|   0|    1|          0|
    |ap_enable_reg_pp0_iter9                          |   1|   0|    1|          0|
    |ap_rst_n_inv                                     |   1|   0|    1|          0|
    |ap_rst_reg_1                                     |   1|   0|    1|          0|
    |ap_rst_reg_2                                     |   1|   0|    1|          0|
    |trunc_ln13_10_reg_646                            |   7|   0|    7|          0|
    |trunc_ln13_11_reg_571                            |   7|   0|    7|          0|
    |trunc_ln13_12_reg_651                            |   7|   0|    7|          0|
    |trunc_ln13_13_reg_576                            |   7|   0|    7|          0|
    |trunc_ln13_14_reg_656                            |   7|   0|    7|          0|
    |trunc_ln13_15_reg_581                            |   7|   0|    7|          0|
    |trunc_ln13_16_reg_661                            |   7|   0|    7|          0|
    |trunc_ln13_17_reg_586                            |   7|   0|    7|          0|
    |trunc_ln13_18_reg_666                            |   7|   0|    7|          0|
    |trunc_ln13_19_reg_591                            |   7|   0|    7|          0|
    |trunc_ln13_1_reg_519                             |  59|   0|   59|          0|
    |trunc_ln13_20_reg_671                            |   7|   0|    7|          0|
    |trunc_ln13_21_reg_596                            |   7|   0|    7|          0|
    |trunc_ln13_22_reg_676                            |   7|   0|    7|          0|
    |trunc_ln13_23_reg_601                            |   7|   0|    7|          0|
    |trunc_ln13_24_reg_681                            |   7|   0|    7|          0|
    |trunc_ln13_25_reg_606                            |   7|   0|    7|          0|
    |trunc_ln13_26_reg_686                            |   7|   0|    7|          0|
    |trunc_ln13_27_reg_611                            |   7|   0|    7|          0|
    |trunc_ln13_28_reg_691                            |   7|   0|    7|          0|
    |trunc_ln13_29_reg_616                            |   7|   0|    7|          0|
    |trunc_ln13_2_reg_524                             |  59|   0|   59|          0|
    |trunc_ln13_30_reg_696                            |   7|   0|    7|          0|
    |trunc_ln13_31_reg_621                            |   7|   0|    7|          0|
    |trunc_ln13_32_reg_701                            |   7|   0|    7|          0|
    |trunc_ln13_3_reg_641                             |   7|   0|    7|          0|
    |trunc_ln13_4_reg_626                             |   7|   0|    7|          0|
    |trunc_ln13_5_reg_566                             |   7|   0|    7|          0|
    |trunc_ln13_6_reg_551                             |   7|   0|    7|          0|
    |trunc_ln13_7_reg_631                             |   7|   0|    7|          0|
    |trunc_ln13_8_reg_556                             |   7|   0|    7|          0|
    |trunc_ln13_9_reg_636                             |   7|   0|    7|          0|
    |trunc_ln13_reg_546                               |   7|   0|    7|          0|
    |trunc_ln13_s_reg_561                             |   7|   0|    7|          0|
    |trunc_ln_reg_529                                 |  59|   0|   59|          0|
    |trunc_ln_reg_529                                 |  64|  32|   59|          0|
    +-------------------------------------------------+----+----+-----+-----------+
    |Total                                            | 666|  32|  661|          0|
    +-------------------------------------------------+----+----+-----+-----------+



================================================================
== Interface
================================================================
* Summary: 
+-----------------------+-----+-----+---------------+--------------+--------------+
|       RTL Ports       | Dir | Bits|    Protocol   | Source Object|    C Type    |
+-----------------------+-----+-----+---------------+--------------+--------------+
|s_axi_control_AWVALID  |   in|    1|          s_axi|       control|        scalar|
|s_axi_control_AWREADY  |  out|    1|          s_axi|       control|        scalar|
|s_axi_control_AWADDR   |   in|    6|          s_axi|       control|        scalar|
|s_axi_control_WVALID   |   in|    1|          s_axi|       control|        scalar|
|s_axi_control_WREADY   |  out|    1|          s_axi|       control|        scalar|
|s_axi_control_WDATA    |   in|   32|          s_axi|       control|        scalar|
|s_axi_control_WSTRB    |   in|    4|          s_axi|       control|        scalar|
|s_axi_control_ARVALID  |   in|    1|          s_axi|       control|        scalar|
|s_axi_control_ARREADY  |  out|    1|          s_axi|       control|        scalar|
|s_axi_control_ARADDR   |   in|    6|          s_axi|       control|        scalar|
|s_axi_control_RVALID   |  out|    1|          s_axi|       control|        scalar|
|s_axi_control_RREADY   |   in|    1|          s_axi|       control|        scalar|
|s_axi_control_RDATA    |  out|   32|          s_axi|       control|        scalar|
|s_axi_control_RRESP    |  out|    2|          s_axi|       control|        scalar|
|s_axi_control_BVALID   |  out|    1|          s_axi|       control|        scalar|
|s_axi_control_BREADY   |   in|    1|          s_axi|       control|        scalar|
|s_axi_control_BRESP    |  out|    2|          s_axi|       control|        scalar|
|ap_clk                 |   in|    1|  ap_ctrl_chain|        kernel|  return value|
|ap_rst_n               |   in|    1|  ap_ctrl_chain|        kernel|  return value|
|interrupt              |  out|    1|  ap_ctrl_chain|        kernel|  return value|
|m_axi_gmem_AWVALID     |  out|    1|          m_axi|          gmem|       pointer|
|m_axi_gmem_AWREADY     |   in|    1|          m_axi|          gmem|       pointer|
|m_axi_gmem_AWADDR      |  out|   64|          m_axi|          gmem|       pointer|
|m_axi_gmem_AWID        |  out|    1|          m_axi|          gmem|       pointer|
|m_axi_gmem_AWLEN       |  out|    8|          m_axi|          gmem|       pointer|
|m_axi_gmem_AWSIZE      |  out|    3|          m_axi|          gmem|       pointer|
|m_axi_gmem_AWBURST     |  out|    2|          m_axi|          gmem|       pointer|
|m_axi_gmem_AWLOCK      |  out|    2|          m_axi|          gmem|       pointer|
|m_axi_gmem_AWCACHE     |  out|    4|          m_axi|          gmem|       pointer|
|m_axi_gmem_AWPROT      |  out|    3|          m_axi|          gmem|       pointer|
|m_axi_gmem_AWQOS       |  out|    4|          m_axi|          gmem|       pointer|
|m_axi_gmem_AWREGION    |  out|    4|          m_axi|          gmem|       pointer|
|m_axi_gmem_AWUSER      |  out|    1|          m_axi|          gmem|       pointer|
|m_axi_gmem_WVALID      |  out|    1|          m_axi|          gmem|       pointer|
|m_axi_gmem_WREADY      |   in|    1|          m_axi|          gmem|       pointer|
|m_axi_gmem_WDATA       |  out|  256|          m_axi|          gmem|       pointer|
|m_axi_gmem_WSTRB       |  out|   32|          m_axi|          gmem|       pointer|
|m_axi_gmem_WLAST       |  out|    1|          m_axi|          gmem|       pointer|
|m_axi_gmem_WID         |  out|    1|          m_axi|          gmem|       pointer|
|m_axi_gmem_WUSER       |  out|    1|          m_axi|          gmem|       pointer|
|m_axi_gmem_ARVALID     |  out|    1|          m_axi|          gmem|       pointer|
|m_axi_gmem_ARREADY     |   in|    1|          m_axi|          gmem|       pointer|
|m_axi_gmem_ARADDR      |  out|   64|          m_axi|          gmem|       pointer|
|m_axi_gmem_ARID        |  out|    1|          m_axi|          gmem|       pointer|
|m_axi_gmem_ARLEN       |  out|    8|          m_axi|          gmem|       pointer|
|m_axi_gmem_ARSIZE      |  out|    3|          m_axi|          gmem|       pointer|
|m_axi_gmem_ARBURST     |  out|    2|          m_axi|          gmem|       pointer|
|m_axi_gmem_ARLOCK      |  out|    2|          m_axi|          gmem|       pointer|
|m_axi_gmem_ARCACHE     |  out|    4|          m_axi|          gmem|       pointer|
|m_axi_gmem_ARPROT      |  out|    3|          m_axi|          gmem|       pointer|
|m_axi_gmem_ARQOS       |  out|    4|          m_axi|          gmem|       pointer|
|m_axi_gmem_ARREGION    |  out|    4|          m_axi|          gmem|       pointer|
|m_axi_gmem_ARUSER      |  out|    1|          m_axi|          gmem|       pointer|
|m_axi_gmem_RVALID      |   in|    1|          m_axi|          gmem|       pointer|
|m_axi_gmem_RREADY      |  out|    1|          m_axi|          gmem|       pointer|
|m_axi_gmem_RDATA       |   in|  256|          m_axi|          gmem|       pointer|
|m_axi_gmem_RLAST       |   in|    1|          m_axi|          gmem|       pointer|
|m_axi_gmem_RID         |   in|    1|          m_axi|          gmem|       pointer|
|m_axi_gmem_RUSER       |   in|    1|          m_axi|          gmem|       pointer|
|m_axi_gmem_RRESP       |   in|    2|          m_axi|          gmem|       pointer|
|m_axi_gmem_BVALID      |   in|    1|          m_axi|          gmem|       pointer|
|m_axi_gmem_BREADY      |  out|    1|          m_axi|          gmem|       pointer|
|m_axi_gmem_BRESP       |   in|    2|          m_axi|          gmem|       pointer|
|m_axi_gmem_BID         |   in|    1|          m_axi|          gmem|       pointer|
|m_axi_gmem_BUSER       |   in|    1|          m_axi|          gmem|       pointer|
+-----------------------+-----+-----+---------------+--------------+--------------+

