

================================================================
== Vitis HLS Report for 'Loop_VITIS_LOOP_22_1_proc'
================================================================
* Date:           Thu Apr  9 04:24:16 2026

* Version:        2025.1 (Build 6135595 on May 21 2025)
* Project:        work
* Solution:       hls (Vitis Kernel Flow Target)
* Product family: zynq
* Target device:  xc7z020-clg400-1


================================================================
== Performance Estimates
================================================================
+ Timing: 
    * Summary: 
    +--------+----------+----------+------------+
    |  Clock |  Target  | Estimated| Uncertainty|
    +--------+----------+----------+------------+
    |ap_clk  |  10.00 ns|  5.728 ns|     2.70 ns|
    +--------+----------+----------+------------+

+ Latency: 
    * Summary: 
    +---------+---------+----------+----------+-----+-----+------------------------------------------------+
    |  Latency (cycles) |  Latency (absolute) |  Interval |                    Pipeline                    |
    |   min   |   max   |    min   |    max   | min | max |                      Type                      |
    +---------+---------+----------+----------+-----+-----+------------------------------------------------+
    |        ?|        ?|         ?|         ?|    0|    0|  loop auto-rewind stp (delay=0 clock cycles(s))|
    +---------+---------+----------+----------+-----+-----+------------------------------------------------+

    + Detail: 
        * Instance: 
        N/A

        * Loop: 
        +-------------------+---------+---------+----------+-----------+-----------+------+----------+
        |                   |  Latency (cycles) | Iteration|  Initiation Interval  | Trip |          |
        |     Loop Name     |   min   |   max   |  Latency |  achieved |   target  | Count| Pipelined|
        +-------------------+---------+---------+----------+-----------+-----------+------+----------+
        |- VITIS_LOOP_22_1  |        ?|        ?|         3|          1|          1|     ?|       yes|
        +-------------------+---------+---------+----------+-----------+-----------+------+----------+



================================================================
== Utilization Estimates
================================================================
* Summary: 
+-----------------+---------+-----+--------+-------+-----+
|       Name      | BRAM_18K| DSP |   FF   |  LUT  | URAM|
+-----------------+---------+-----+--------+-------+-----+
|DSP              |        -|    -|       -|      -|    -|
|Expression       |        -|    -|       0|     94|    -|
|FIFO             |        -|    -|       -|      -|    -|
|Instance         |        -|    -|       -|      -|    -|
|Memory           |        -|    -|       -|      -|    -|
|Multiplexer      |        -|    -|       0|     63|    -|
|Register         |        -|    -|      40|      -|    -|
+-----------------+---------+-----+--------+-------+-----+
|Total            |        0|    0|      40|    157|    0|
+-----------------+---------+-----+--------+-------+-----+
|Available        |      280|  220|  106400|  53200|    0|
+-----------------+---------+-----+--------+-------+-----+
|Utilization (%)  |        0|    0|      ~0|     ~0|    0|
+-----------------+---------+-----+--------+-------+-----+

+ Detail: 
    * Instance: 
    N/A

    * DSP: 
    N/A

    * Memory: 
    N/A

    * FIFO: 
    N/A

    * Expression: 
    +--------------------------------+----------+----+---+----+------------+------------+
    |          Variable Name         | Operation| DSP| FF| LUT| Bitwidth P0| Bitwidth P1|
    +--------------------------------+----------+----+---+----+------------+------------+
    |i_1_fu_82_p2                    |         +|   0|  0|  39|          32|           1|
    |ap_condition_108                |       and|   0|  0|   2|           1|           1|
    |ap_condition_110                |       and|   0|  0|   2|           1|           1|
    |icmp_ln22_fu_76_p2              |      icmp|   0|  0|  39|          32|          32|
    |ap_block_pp0_stage0_01001_grp1  |        or|   0|  0|   2|           1|           1|
    |ap_block_pp0_stage0_11001_grp0  |        or|   0|  0|   2|           1|           1|
    |ap_enable_pp0                   |       xor|   0|  0|   2|           1|           2|
    |out1_fu_114_p2                  |       xor|   0|  0|   2|           1|           1|
    |out2_fu_119_p2                  |       xor|   0|  0|   2|           1|           1|
    |xor_ln36_fu_108_p2              |       xor|   0|  0|   2|           1|           1|
    +--------------------------------+----------+----+---+----+------------+------------+
    |Total                           |          |   0|  0|  94|          72|          42|
    +--------------------------------+----------+----+---+----+------------+------------+

    * Multiplexer: 
    +-------------------------+----+-----------+-----+-----------+
    |           Name          | LUT| Input Size| Bits| Total Bits|
    +-------------------------+----+-----------+-----+-----------+
    |ap_done_int              |   9|          2|    1|          2|
    |ap_enable_reg_pp0_iter1  |   9|          2|    1|          2|
    |ap_sig_allocacmp_i_2     |   9|          2|   32|         64|
    |bit_in_stream_blk_n      |   9|          2|    1|          2|
    |i_fu_36                  |   9|          2|   32|         64|
    |state_fu_40              |   9|          2|    2|          4|
    |y_out_stream_blk_n       |   9|          2|    1|          2|
    +-------------------------+----+-----------+-----+-----------+
    |Total                    |  63|         14|   70|        140|
    +-------------------------+----+-----------+-----+-----------+

    * Register: 
    +----------------------------------+----+----+-----+-----------+
    |               Name               | FF | LUT| Bits| Const Bits|
    +----------------------------------+----+----+-----+-----------+
    |ap_CS_fsm                         |   1|   0|    1|          0|
    |ap_done_reg                       |   1|   0|    1|          0|
    |ap_enable_reg_pp0_iter1           |   1|   0|    1|          0|
    |ap_enable_reg_pp0_iter2           |   1|   0|    1|          0|
    |ap_loop_exit_ready_pp0_iter1_reg  |   1|   0|    1|          0|
    |bit_in_reg_163                    |   1|   0|    1|          0|
    |i_fu_36                           |  32|   0|   32|          0|
    |state_fu_40                       |   2|   0|    2|          0|
    +----------------------------------+----+----+-----+-----------+
    |Total                             |  40|   0|   40|          0|
    +----------------------------------+----+----+-----+-----------+



================================================================
== Interface
================================================================
* Summary: 
+-----------------------+-----+-----+------------+---------------------------+--------------+
|       RTL Ports       | Dir | Bits|  Protocol  |       Source Object       |    C Type    |
+-----------------------+-----+-----+------------+---------------------------+--------------+
|ap_clk                 |   in|    1|  ap_ctrl_hs|  Loop_VITIS_LOOP_22_1_proc|  return value|
|ap_rst                 |   in|    1|  ap_ctrl_hs|  Loop_VITIS_LOOP_22_1_proc|  return value|
|ap_start               |   in|    1|  ap_ctrl_hs|  Loop_VITIS_LOOP_22_1_proc|  return value|
|ap_done                |  out|    1|  ap_ctrl_hs|  Loop_VITIS_LOOP_22_1_proc|  return value|
|ap_continue            |   in|    1|  ap_ctrl_hs|  Loop_VITIS_LOOP_22_1_proc|  return value|
|ap_idle                |  out|    1|  ap_ctrl_hs|  Loop_VITIS_LOOP_22_1_proc|  return value|
|ap_ready               |  out|    1|  ap_ctrl_hs|  Loop_VITIS_LOOP_22_1_proc|  return value|
|bit_in_stream_dout     |   in|    1|     ap_fifo|              bit_in_stream|       pointer|
|bit_in_stream_empty_n  |   in|    1|     ap_fifo|              bit_in_stream|       pointer|
|bit_in_stream_read     |  out|    1|     ap_fifo|              bit_in_stream|       pointer|
|y_out_stream_din       |  out|    2|     ap_fifo|               y_out_stream|       pointer|
|y_out_stream_full_n    |   in|    1|     ap_fifo|               y_out_stream|       pointer|
|y_out_stream_write     |  out|    1|     ap_fifo|               y_out_stream|       pointer|
|num_bits               |   in|   32|     ap_none|                   num_bits|        scalar|
+-----------------------+-----+-----+------------+---------------------------+--------------+

