Thu Mar 19 03:32:50 2026: Running xcd server. This server was built by gradle.
Thu Mar 19 03:32:50 2026: Server was asked to start on port: '36619'
Thu Mar 19 03:32:50 2026: Server is using token UUID: '34a5df6f-4e3a-41e5-9c7b-6127c03ffa07'
Thu Mar 19 03:32:50 2026: SESSION_MGR: creating session with session uuid: '6d04a3e9-ade5-4ab9-8d63-1f78fcd2ec76' and name 'default'
Thu Mar 19 03:32:50 2026: Attempting to start server on port '36619'
Thu Mar 19 03:32:50 2026: XCD main fifo: created main fifo '/tmp/xcdmain34a5df6f-4e3a-41e5-9c7b-6127c03ffa07', fd read = 13
Thu Mar 19 03:32:50 2026: Running Dispatch Server
Thu Mar 19 03:32:50 2026: Version 2.2.0
Thu Mar 19 03:32:50 2026: Dispatch Server: Accepted socket connection from client
Thu Mar 19 03:32:50 2026: Starting Socket connection
Thu Mar 19 03:32:50 2026: EXCHANGE_TOKEN received, server token: 34a5df6f-4e3a-41e5-9c7b-6127c03ffa07, passed token: 34a5df6f-4e3a-41e5-9c7b-6127c03ffa07
Thu Mar 19 03:32:51 2026: DISPATCH_HANDLER: Adding handler from function makeHandler in library libxv_system_diagram
Thu Mar 19 03:32:51 2026: SESSION_MGR: creating session with session uuid: '009f3a91-c497-4f21-b74e-407dfbbaef4d' and name 'vitis-run_compile_work'
Thu Mar 19 03:32:51 2026: KERNEL_SVC: creating session with uuid: '009f3a91-c497-4f21-b74e-407dfbbaef4d' and name 'vitis-run_compile_work'
Thu Mar 19 03:32:51 2026: GUIDANCE_SMGR: creating guidance session with uuid: '009f3a91-c497-4f21-b74e-407dfbbaef4d' and name 'vitis-run_compile_work'
Thu Mar 19 03:32:51 2026: SYSTEM_DIAGRAM: creating session with uuid: '009f3a91-c497-4f21-b74e-407dfbbaef4d' and name 'vitis-run_compile_work'
Thu Mar 19 03:32:54 2026: Dispatch Server: Accepted socket connection from client
Thu Mar 19 03:32:54 2026: Starting Socket connection
Thu Mar 19 03:32:57 2026: SESSION_MGR: closing session for UUID '009f3a91-c497-4f21-b74e-407dfbbaef4d' with name 'vitis-run_compile_work'
Thu Mar 19 03:32:57 2026: KERNEL_SVC: closing session for UUID '009f3a91-c497-4f21-b74e-407dfbbaef4d' with name 'vitis-run_compile_work'
Thu Mar 19 03:32:57 2026: GUIDANCE_SMGR: closing session for UUID '009f3a91-c497-4f21-b74e-407dfbbaef4d' with name 'vitis-run_compile_work'
Thu Mar 19 03:32:57 2026: SYSTEM_DIAGRAM: closing session for UUID '009f3a91-c497-4f21-b74e-407dfbbaef4d' with name 'vitis-run_compile_work'
Thu Mar 19 03:32:57 2026: STOP_SERVER received, server token: 34a5df6f-4e3a-41e5-9c7b-6127c03ffa07, passed token: 34a5df6f-4e3a-41e5-9c7b-6127c03ffa07
Thu Mar 19 03:32:57 2026: Socket received request to stop server.
Thu Mar 19 03:32:57 2026: Dispatch Server: do_await_stop
Thu Mar 19 03:32:57 2026: Dispatch Server: stopping mainFifo_
Thu Mar 19 03:32:57 2026: XCD main fifo: Stopping
Thu Mar 19 03:32:57 2026: XCD main fifo: do_read error code: Operation canceled
Thu Mar 19 03:32:57 2026: XCD main fifo: bytes_transferred: 0
Thu Mar 19 03:32:57 2026: SERVER: destructor for server bound to port 36619
Thu Mar 19 03:32:57 2026: XCD main fifo: Good unlink of /tmp/xcdmain34a5df6f-4e3a-41e5-9c7b-6127c03ffa07
Thu Mar 19 03:32:57 2026: Server exiting with status 0.
Thu Mar 19 03:32:57 2026: Closing log file.
Thu Mar 19 03:33:04 2026: Running xcd server. This server was built by gradle.
Thu Mar 19 03:33:04 2026: Server was asked to start on port: '46441'
Thu Mar 19 03:33:04 2026: Server is using token UUID: '6e7e3cfd-fa50-4cc2-a60d-24e360fd9664'
Thu Mar 19 03:33:04 2026: SESSION_MGR: creating session with session uuid: '6d04a3e9-ade5-4ab9-8d63-1f78fcd2ec76' and name 'default'
Thu Mar 19 03:33:04 2026: Attempting to start server on port '46441'
Thu Mar 19 03:33:04 2026: XCD main fifo: created main fifo '/tmp/xcdmain6e7e3cfd-fa50-4cc2-a60d-24e360fd9664', fd read = 13
Thu Mar 19 03:33:04 2026: Running Dispatch Server
Thu Mar 19 03:33:04 2026: Version 2.2.0
Thu Mar 19 03:33:04 2026: Dispatch Server: Accepted socket connection from client
Thu Mar 19 03:33:04 2026: Starting Socket connection
Thu Mar 19 03:33:04 2026: EXCHANGE_TOKEN received, server token: 6e7e3cfd-fa50-4cc2-a60d-24e360fd9664, passed token: 6e7e3cfd-fa50-4cc2-a60d-24e360fd9664
Thu Mar 19 03:33:05 2026: DISPATCH_HANDLER: Adding handler from function makeHandler in library libxv_system_diagram
Thu Mar 19 03:33:05 2026: SESSION_MGR: creating session with session uuid: '12e77850-6ac6-4c97-b61f-4fbb6fff459d' and name 'v++_compile_work'
Thu Mar 19 03:33:05 2026: KERNEL_SVC: creating session with uuid: '12e77850-6ac6-4c97-b61f-4fbb6fff459d' and name 'v++_compile_work'
Thu Mar 19 03:33:05 2026: GUIDANCE_SMGR: creating guidance session with uuid: '12e77850-6ac6-4c97-b61f-4fbb6fff459d' and name 'v++_compile_work'
Thu Mar 19 03:33:05 2026: SYSTEM_DIAGRAM: creating session with uuid: '12e77850-6ac6-4c97-b61f-4fbb6fff459d' and name 'v++_compile_work'
Thu Mar 19 03:33:09 2026: Dispatch Server: Accepted socket connection from client
Thu Mar 19 03:33:09 2026: Starting Socket connection
Thu Mar 19 03:33:48 2026: SESSION_MGR: closing session for UUID '12e77850-6ac6-4c97-b61f-4fbb6fff459d' with name 'v++_compile_work'
Thu Mar 19 03:33:48 2026: KERNEL_SVC: closing session for UUID '12e77850-6ac6-4c97-b61f-4fbb6fff459d' with name 'v++_compile_work'
Thu Mar 19 03:33:48 2026: GUIDANCE_SMGR: closing session for UUID '12e77850-6ac6-4c97-b61f-4fbb6fff459d' with name 'v++_compile_work'
Thu Mar 19 03:33:48 2026: SYSTEM_DIAGRAM: closing session for UUID '12e77850-6ac6-4c97-b61f-4fbb6fff459d' with name 'v++_compile_work'
Thu Mar 19 03:33:48 2026: STOP_SERVER received, server token: 6e7e3cfd-fa50-4cc2-a60d-24e360fd9664, passed token: 6e7e3cfd-fa50-4cc2-a60d-24e360fd9664
Thu Mar 19 03:33:48 2026: Socket received request to stop server.
Thu Mar 19 03:33:48 2026: Dispatch Server: do_await_stop
Thu Mar 19 03:33:48 2026: Dispatch Server: stopping mainFifo_
Thu Mar 19 03:33:48 2026: XCD main fifo: Stopping
Thu Mar 19 03:33:48 2026: XCD main fifo: do_read error code: Operation canceled
Thu Mar 19 03:33:48 2026: XCD main fifo: bytes_transferred: 0
Thu Mar 19 03:33:48 2026: SERVER: destructor for server bound to port 46441
Thu Mar 19 03:33:48 2026: XCD main fifo: Good unlink of /tmp/xcdmain6e7e3cfd-fa50-4cc2-a60d-24e360fd9664
Thu Mar 19 03:33:48 2026: Server exiting with status 0.
Thu Mar 19 03:33:48 2026: Closing log file.
Thu Mar 19 03:34:02 2026: Running xcd server. This server was built by gradle.
Thu Mar 19 03:34:02 2026: Server was asked to start on port: '39925'
Thu Mar 19 03:34:02 2026: Server is using token UUID: '9abe8c57-9af9-41c0-965e-bf6f530727b1'
Thu Mar 19 03:34:02 2026: SESSION_MGR: creating session with session uuid: '6d04a3e9-ade5-4ab9-8d63-1f78fcd2ec76' and name 'default'
Thu Mar 19 03:34:02 2026: Attempting to start server on port '39925'
Thu Mar 19 03:34:02 2026: XCD main fifo: created main fifo '/tmp/xcdmain9abe8c57-9af9-41c0-965e-bf6f530727b1', fd read = 13
Thu Mar 19 03:34:02 2026: Running Dispatch Server
Thu Mar 19 03:34:02 2026: Version 2.2.0
Thu Mar 19 03:34:03 2026: Dispatch Server: Accepted socket connection from client
Thu Mar 19 03:34:03 2026: Starting Socket connection
Thu Mar 19 03:34:03 2026: EXCHANGE_TOKEN received, server token: 9abe8c57-9af9-41c0-965e-bf6f530727b1, passed token: 9abe8c57-9af9-41c0-965e-bf6f530727b1
Thu Mar 19 03:34:03 2026: DISPATCH_HANDLER: Adding handler from function makeHandler in library libxv_system_diagram
Thu Mar 19 03:34:03 2026: SESSION_MGR: creating session with session uuid: '5f505089-6591-4676-8266-9233816986f1' and name 'v++_compile_work'
Thu Mar 19 03:34:03 2026: KERNEL_SVC: creating session with uuid: '5f505089-6591-4676-8266-9233816986f1' and name 'v++_compile_work'
Thu Mar 19 03:34:03 2026: GUIDANCE_SMGR: creating guidance session with uuid: '5f505089-6591-4676-8266-9233816986f1' and name 'v++_compile_work'
Thu Mar 19 03:34:03 2026: SYSTEM_DIAGRAM: creating session with uuid: '5f505089-6591-4676-8266-9233816986f1' and name 'v++_compile_work'
Thu Mar 19 03:34:07 2026: Dispatch Server: Accepted socket connection from client
Thu Mar 19 03:34:07 2026: Starting Socket connection
Thu Mar 19 03:34:46 2026: SESSION_MGR: closing session for UUID '5f505089-6591-4676-8266-9233816986f1' with name 'v++_compile_work'
Thu Mar 19 03:34:46 2026: KERNEL_SVC: closing session for UUID '5f505089-6591-4676-8266-9233816986f1' with name 'v++_compile_work'
Thu Mar 19 03:34:46 2026: GUIDANCE_SMGR: closing session for UUID '5f505089-6591-4676-8266-9233816986f1' with name 'v++_compile_work'
Thu Mar 19 03:34:46 2026: SYSTEM_DIAGRAM: closing session for UUID '5f505089-6591-4676-8266-9233816986f1' with name 'v++_compile_work'
Thu Mar 19 03:34:46 2026: STOP_SERVER received, server token: 9abe8c57-9af9-41c0-965e-bf6f530727b1, passed token: 9abe8c57-9af9-41c0-965e-bf6f530727b1
Thu Mar 19 03:34:46 2026: Socket received request to stop server.
Thu Mar 19 03:34:46 2026: Dispatch Server: do_await_stop
Thu Mar 19 03:34:46 2026: Dispatch Server: stopping mainFifo_
Thu Mar 19 03:34:46 2026: XCD main fifo: Stopping
Thu Mar 19 03:34:46 2026: XCD main fifo: do_read error code: Operation canceled
Thu Mar 19 03:34:46 2026: XCD main fifo: bytes_transferred: 0
Thu Mar 19 03:34:46 2026: SERVER: destructor for server bound to port 39925
Thu Mar 19 03:34:46 2026: XCD main fifo: Good unlink of /tmp/xcdmain9abe8c57-9af9-41c0-965e-bf6f530727b1
Thu Mar 19 03:34:46 2026: Server exiting with status 0.
Thu Mar 19 03:34:46 2026: Closing log file.
