Thu Mar 19 03:44:22 2026: Running xcd server. This server was built by gradle.
Thu Mar 19 03:44:22 2026: Server was asked to start on port: '33327'
Thu Mar 19 03:44:22 2026: Server is using token UUID: '91de6d01-4a14-48af-8595-653bcc27e326'
Thu Mar 19 03:44:22 2026: SESSION_MGR: creating session with session uuid: '6d04a3e9-ade5-4ab9-8d63-1f78fcd2ec76' and name 'default'
Thu Mar 19 03:44:22 2026: Attempting to start server on port '33327'
Thu Mar 19 03:44:22 2026: XCD main fifo: created main fifo '/tmp/xcdmain91de6d01-4a14-48af-8595-653bcc27e326', fd read = 13
Thu Mar 19 03:44:22 2026: Running Dispatch Server
Thu Mar 19 03:44:22 2026: Version 2.2.0
Thu Mar 19 03:44:23 2026: Dispatch Server: Accepted socket connection from client
Thu Mar 19 03:44:23 2026: Starting Socket connection
Thu Mar 19 03:44:23 2026: EXCHANGE_TOKEN received, server token: 91de6d01-4a14-48af-8595-653bcc27e326, passed token: 91de6d01-4a14-48af-8595-653bcc27e326
Thu Mar 19 03:44:23 2026: DISPATCH_HANDLER: Adding handler from function makeHandler in library libxv_system_diagram
Thu Mar 19 03:44:23 2026: SESSION_MGR: creating session with session uuid: 'd915f38d-357a-4dc9-969e-ac86c376edd0' and name 'vitis-run_compile_work'
Thu Mar 19 03:44:23 2026: KERNEL_SVC: creating session with uuid: 'd915f38d-357a-4dc9-969e-ac86c376edd0' and name 'vitis-run_compile_work'
Thu Mar 19 03:44:23 2026: GUIDANCE_SMGR: creating guidance session with uuid: 'd915f38d-357a-4dc9-969e-ac86c376edd0' and name 'vitis-run_compile_work'
Thu Mar 19 03:44:23 2026: SYSTEM_DIAGRAM: creating session with uuid: 'd915f38d-357a-4dc9-969e-ac86c376edd0' and name 'vitis-run_compile_work'
Thu Mar 19 03:44:27 2026: Dispatch Server: Accepted socket connection from client
Thu Mar 19 03:44:27 2026: Starting Socket connection
Thu Mar 19 03:44:30 2026: SESSION_MGR: closing session for UUID 'd915f38d-357a-4dc9-969e-ac86c376edd0' with name 'vitis-run_compile_work'
Thu Mar 19 03:44:30 2026: KERNEL_SVC: closing session for UUID 'd915f38d-357a-4dc9-969e-ac86c376edd0' with name 'vitis-run_compile_work'
Thu Mar 19 03:44:30 2026: GUIDANCE_SMGR: closing session for UUID 'd915f38d-357a-4dc9-969e-ac86c376edd0' with name 'vitis-run_compile_work'
Thu Mar 19 03:44:30 2026: SYSTEM_DIAGRAM: closing session for UUID 'd915f38d-357a-4dc9-969e-ac86c376edd0' with name 'vitis-run_compile_work'
Thu Mar 19 03:44:30 2026: STOP_SERVER received, server token: 91de6d01-4a14-48af-8595-653bcc27e326, passed token: 91de6d01-4a14-48af-8595-653bcc27e326
Thu Mar 19 03:44:30 2026: Socket received request to stop server.
Thu Mar 19 03:44:30 2026: Dispatch Server: do_await_stop
Thu Mar 19 03:44:30 2026: Dispatch Server: stopping mainFifo_
Thu Mar 19 03:44:30 2026: XCD main fifo: Stopping
Thu Mar 19 03:44:30 2026: XCD main fifo: do_read error code: Operation canceled
Thu Mar 19 03:44:30 2026: XCD main fifo: bytes_transferred: 0
Thu Mar 19 03:44:30 2026: SERVER: destructor for server bound to port 33327
Thu Mar 19 03:44:30 2026: XCD main fifo: Good unlink of /tmp/xcdmain91de6d01-4a14-48af-8595-653bcc27e326
Thu Mar 19 03:44:30 2026: Server exiting with status 0.
Thu Mar 19 03:44:30 2026: Closing log file.
Thu Mar 19 03:44:36 2026: Running xcd server. This server was built by gradle.
Thu Mar 19 03:44:36 2026: Server was asked to start on port: '38859'
Thu Mar 19 03:44:36 2026: Server is using token UUID: '432f1cc2-8f85-4864-88f8-4aebab74c4e6'
Thu Mar 19 03:44:36 2026: SESSION_MGR: creating session with session uuid: '6d04a3e9-ade5-4ab9-8d63-1f78fcd2ec76' and name 'default'
Thu Mar 19 03:44:36 2026: Attempting to start server on port '38859'
Thu Mar 19 03:44:36 2026: XCD main fifo: created main fifo '/tmp/xcdmain432f1cc2-8f85-4864-88f8-4aebab74c4e6', fd read = 13
Thu Mar 19 03:44:36 2026: Running Dispatch Server
Thu Mar 19 03:44:36 2026: Version 2.2.0
Thu Mar 19 03:44:37 2026: Dispatch Server: Accepted socket connection from client
Thu Mar 19 03:44:37 2026: Starting Socket connection
Thu Mar 19 03:44:37 2026: EXCHANGE_TOKEN received, server token: 432f1cc2-8f85-4864-88f8-4aebab74c4e6, passed token: 432f1cc2-8f85-4864-88f8-4aebab74c4e6
Thu Mar 19 03:44:37 2026: DISPATCH_HANDLER: Adding handler from function makeHandler in library libxv_system_diagram
Thu Mar 19 03:44:37 2026: SESSION_MGR: creating session with session uuid: '6f0922e8-d48e-4020-9bc1-e2f40417a820' and name 'v++_compile_work'
Thu Mar 19 03:44:37 2026: KERNEL_SVC: creating session with uuid: '6f0922e8-d48e-4020-9bc1-e2f40417a820' and name 'v++_compile_work'
Thu Mar 19 03:44:37 2026: GUIDANCE_SMGR: creating guidance session with uuid: '6f0922e8-d48e-4020-9bc1-e2f40417a820' and name 'v++_compile_work'
Thu Mar 19 03:44:37 2026: SYSTEM_DIAGRAM: creating session with uuid: '6f0922e8-d48e-4020-9bc1-e2f40417a820' and name 'v++_compile_work'
Thu Mar 19 03:44:41 2026: Dispatch Server: Accepted socket connection from client
Thu Mar 19 03:44:41 2026: Starting Socket connection
Thu Mar 19 03:45:21 2026: SESSION_MGR: closing session for UUID '6f0922e8-d48e-4020-9bc1-e2f40417a820' with name 'v++_compile_work'
Thu Mar 19 03:45:21 2026: KERNEL_SVC: closing session for UUID '6f0922e8-d48e-4020-9bc1-e2f40417a820' with name 'v++_compile_work'
Thu Mar 19 03:45:21 2026: GUIDANCE_SMGR: closing session for UUID '6f0922e8-d48e-4020-9bc1-e2f40417a820' with name 'v++_compile_work'
Thu Mar 19 03:45:21 2026: SYSTEM_DIAGRAM: closing session for UUID '6f0922e8-d48e-4020-9bc1-e2f40417a820' with name 'v++_compile_work'
Thu Mar 19 03:45:21 2026: STOP_SERVER received, server token: 432f1cc2-8f85-4864-88f8-4aebab74c4e6, passed token: 432f1cc2-8f85-4864-88f8-4aebab74c4e6
Thu Mar 19 03:45:21 2026: Socket received request to stop server.
Thu Mar 19 03:45:21 2026: Dispatch Server: do_await_stop
Thu Mar 19 03:45:21 2026: Dispatch Server: stopping mainFifo_
Thu Mar 19 03:45:21 2026: XCD main fifo: Stopping
Thu Mar 19 03:45:21 2026: XCD main fifo: do_read error code: Operation canceled
Thu Mar 19 03:45:21 2026: XCD main fifo: bytes_transferred: 0
Thu Mar 19 03:45:21 2026: SERVER: destructor for server bound to port 38859
Thu Mar 19 03:45:21 2026: XCD main fifo: Good unlink of /tmp/xcdmain432f1cc2-8f85-4864-88f8-4aebab74c4e6
Thu Mar 19 03:45:21 2026: Server exiting with status 0.
Thu Mar 19 03:45:21 2026: Closing log file.
Thu Mar 19 03:45:34 2026: Running xcd server. This server was built by gradle.
Thu Mar 19 03:45:34 2026: Server was asked to start on port: '38829'
Thu Mar 19 03:45:34 2026: Server is using token UUID: 'e22b2762-4476-4a48-ac78-1c96c5c0e241'
Thu Mar 19 03:45:34 2026: SESSION_MGR: creating session with session uuid: '6d04a3e9-ade5-4ab9-8d63-1f78fcd2ec76' and name 'default'
Thu Mar 19 03:45:34 2026: Attempting to start server on port '38829'
Thu Mar 19 03:45:34 2026: XCD main fifo: created main fifo '/tmp/xcdmaine22b2762-4476-4a48-ac78-1c96c5c0e241', fd read = 13
Thu Mar 19 03:45:34 2026: Running Dispatch Server
Thu Mar 19 03:45:34 2026: Version 2.2.0
Thu Mar 19 03:45:35 2026: Dispatch Server: Accepted socket connection from client
Thu Mar 19 03:45:35 2026: Starting Socket connection
Thu Mar 19 03:45:35 2026: EXCHANGE_TOKEN received, server token: e22b2762-4476-4a48-ac78-1c96c5c0e241, passed token: e22b2762-4476-4a48-ac78-1c96c5c0e241
Thu Mar 19 03:45:35 2026: DISPATCH_HANDLER: Adding handler from function makeHandler in library libxv_system_diagram
Thu Mar 19 03:45:35 2026: SESSION_MGR: creating session with session uuid: 'e856388b-7ba1-4908-bf7f-9f99541c719d' and name 'v++_compile_work'
Thu Mar 19 03:45:35 2026: KERNEL_SVC: creating session with uuid: 'e856388b-7ba1-4908-bf7f-9f99541c719d' and name 'v++_compile_work'
Thu Mar 19 03:45:35 2026: GUIDANCE_SMGR: creating guidance session with uuid: 'e856388b-7ba1-4908-bf7f-9f99541c719d' and name 'v++_compile_work'
Thu Mar 19 03:45:35 2026: SYSTEM_DIAGRAM: creating session with uuid: 'e856388b-7ba1-4908-bf7f-9f99541c719d' and name 'v++_compile_work'
Thu Mar 19 03:45:39 2026: Dispatch Server: Accepted socket connection from client
Thu Mar 19 03:45:39 2026: Starting Socket connection
Thu Mar 19 03:46:18 2026: SESSION_MGR: closing session for UUID 'e856388b-7ba1-4908-bf7f-9f99541c719d' with name 'v++_compile_work'
Thu Mar 19 03:46:18 2026: KERNEL_SVC: closing session for UUID 'e856388b-7ba1-4908-bf7f-9f99541c719d' with name 'v++_compile_work'
Thu Mar 19 03:46:18 2026: GUIDANCE_SMGR: closing session for UUID 'e856388b-7ba1-4908-bf7f-9f99541c719d' with name 'v++_compile_work'
Thu Mar 19 03:46:18 2026: SYSTEM_DIAGRAM: closing session for UUID 'e856388b-7ba1-4908-bf7f-9f99541c719d' with name 'v++_compile_work'
Thu Mar 19 03:46:18 2026: STOP_SERVER received, server token: e22b2762-4476-4a48-ac78-1c96c5c0e241, passed token: e22b2762-4476-4a48-ac78-1c96c5c0e241
Thu Mar 19 03:46:18 2026: Socket received request to stop server.
Thu Mar 19 03:46:18 2026: Dispatch Server: do_await_stop
Thu Mar 19 03:46:18 2026: Dispatch Server: stopping mainFifo_
Thu Mar 19 03:46:18 2026: XCD main fifo: Stopping
Thu Mar 19 03:46:18 2026: XCD main fifo: do_read error code: Operation canceled
Thu Mar 19 03:46:18 2026: XCD main fifo: bytes_transferred: 0
Thu Mar 19 03:46:18 2026: SERVER: destructor for server bound to port 38829
Thu Mar 19 03:46:18 2026: XCD main fifo: Good unlink of /tmp/xcdmaine22b2762-4476-4a48-ac78-1c96c5c0e241
Thu Mar 19 03:46:18 2026: Server exiting with status 0.
Thu Mar 19 03:46:18 2026: Closing log file.
