

================================================================
== Vitis HLS Report for 'kernel'
================================================================
* Date:           Thu Mar 19 03:52:24 2026

* Version:        2025.1 (Build 6135595 on May 21 2025)
* Project:        work
* Solution:       hls (Vitis Kernel Flow Target)
* Product family: virtexuplus
* Target device:  xcu200-fsgd2104-2-e


================================================================
== Performance Estimates
================================================================
+ Timing: 
    * Summary: 
    +--------+---------+----------+------------+
    |  Clock |  Target | Estimated| Uncertainty|
    +--------+---------+----------+------------+
    |ap_clk  |  5.00 ns|  3.650 ns|     1.35 ns|
    +--------+---------+----------+------------+

+ Latency: 
    * Summary: 
    +---------+---------+----------+----------+-----+-----+---------+
    |  Latency (cycles) |  Latency (absolute) |  Interval | Pipeline|
    |   min   |   max   |    min   |    max   | min | max |   Type  |
    +---------+---------+----------+----------+-----+-----+---------+
    |      151|      151|  0.755 us|  0.755 us|  152|  152|       no|
    +---------+---------+----------+----------+-----+-----+---------+

    + Detail: 
        * Instance: 
        N/A

        * Loop: 
        +----------+---------+---------+----------+-----------+-----------+------+----------+
        |          |  Latency (cycles) | Iteration|  Initiation Interval  | Trip |          |
        | Loop Name|   min   |   max   |  Latency |  achieved |   target  | Count| Pipelined|
        +----------+---------+---------+----------+-----------+-----------+------+----------+
        |- loop    |        7|        7|         1|          1|          8|     8|       yes|
        +----------+---------+---------+----------+-----------+-----------+------+----------+



================================================================
== Utilization Estimates
================================================================
* Summary: 
+---------------------+---------+------+---------+---------+-----+
|         Name        | BRAM_18K|  DSP |    FF   |   LUT   | URAM|
+---------------------+---------+------+---------+---------+-----+
|DSP                  |        -|     -|        -|        -|    -|
|Expression           |        -|     -|        0|       56|    -|
|FIFO                 |        -|     -|        -|        -|    -|
|Instance             |        8|     -|     4588|     6146|    0|
|Memory               |        -|     -|        -|        -|    -|
|Multiplexer          |        -|     -|        0|      967|    -|
|Register             |        -|     -|     1614|        -|    -|
+---------------------+---------+------+---------+---------+-----+
|Total                |        8|     0|     6202|     7169|    0|
+---------------------+---------+------+---------+---------+-----+
|Available SLR        |     1440|  2280|   788160|   394080|  320|
+---------------------+---------+------+---------+---------+-----+
|Utilization SLR (%)  |       ~0|     0|       ~0|        1|    0|
+---------------------+---------+------+---------+---------+-----+
|Available            |     4320|  6840|  2364480|  1182240|  960|
+---------------------+---------+------+---------+---------+-----+
|Utilization (%)      |       ~0|     0|       ~0|       ~0|    0|
+---------------------+---------+------+---------+---------+-----+

+ Detail: 
    * Instance: 
    +-----------------+---------------+---------+----+-----+-----+-----+
    |     Instance    |     Module    | BRAM_18K| DSP|  FF | LUT | URAM|
    +-----------------+---------------+---------+----+-----+-----+-----+
    |control_s_axi_U  |control_s_axi  |        0|   0|  456|  808|    0|
    |gmem0_0_m_axi_U  |gmem0_0_m_axi  |        2|   0|  722|  866|    0|
    |gmem0_1_m_axi_U  |gmem0_1_m_axi  |        2|   0|  722|  866|    0|
    |gmem1_0_m_axi_U  |gmem1_0_m_axi  |        2|   0|  722|  866|    0|
    |gmem1_1_m_axi_U  |gmem1_1_m_axi  |        2|   0|  722|  866|    0|
    |gmem2_0_m_axi_U  |gmem2_0_m_axi  |        0|   0|  622|  937|    0|
    |gmem2_1_m_axi_U  |gmem2_1_m_axi  |        0|   0|  622|  937|    0|
    +-----------------+---------------+---------+----+-----+-----+-----+
    |Total            |               |        8|   0| 4588| 6146|    0|
    +-----------------+---------------+---------+----+-----+-----+-----+

    * DSP: 
    N/A

    * Memory: 
    N/A

    * FIFO: 
    N/A

    * Expression: 
    +----------------------+----------+----+---+----+------------+------------+
    |     Variable Name    | Operation| DSP| FF| LUT| Bitwidth P0| Bitwidth P1|
    +----------------------+----------+----+---+----+------------+------------+
    |add_ln22_1_fu_554_p2  |         +|   0|  0|  16|           9|           9|
    |add_ln22_fu_504_p2    |         +|   0|  0|  16|           9|           9|
    |i_fu_608_p2           |         +|   0|  0|  12|           5|           2|
    |ap_block_state1       |        or|   0|  0|   2|           1|           1|
    |ap_block_state145     |        or|   0|  0|   2|           1|           1|
    |ap_block_state2_io    |        or|   0|  0|   2|           1|           1|
    |ap_block_state73      |        or|   0|  0|   2|           1|           1|
    |ap_block_state76_io   |        or|   0|  0|   2|           1|           1|
    |ap_block_state77_io   |        or|   0|  0|   2|           1|           1|
    +----------------------+----------+----+---+----+------------+------------+
    |Total                 |          |   0|  0|  56|          29|          26|
    +----------------------+----------+----+---+----+------------+------------+

    * Multiplexer: 
    +--------------------+-----+-----------+-----+-----------+
    |        Name        | LUT | Input Size| Bits| Total Bits|
    +--------------------+-----+-----------+-----+-----------+
    |ap_NS_fsm           |  769|        146|    1|        146|
    |ap_done             |    9|          2|    1|          2|
    |gmem0_0_blk_n_AR    |    9|          2|    1|          2|
    |gmem0_0_blk_n_R     |    9|          2|    1|          2|
    |gmem0_1_blk_n_AR    |    9|          2|    1|          2|
    |gmem0_1_blk_n_R     |    9|          2|    1|          2|
    |gmem1_0_blk_n_AR    |    9|          2|    1|          2|
    |gmem1_0_blk_n_R     |    9|          2|    1|          2|
    |gmem1_1_blk_n_AR    |    9|          2|    1|          2|
    |gmem1_1_blk_n_R     |    9|          2|    1|          2|
    |gmem2_0_blk_n_AW    |    9|          2|    1|          2|
    |gmem2_0_blk_n_B     |    9|          2|    1|          2|
    |gmem2_0_blk_n_W     |    9|          2|    1|          2|
    |gmem2_1_blk_n_AW    |    9|          2|    1|          2|
    |gmem2_1_blk_n_B     |    9|          2|    1|          2|
    |gmem2_1_blk_n_W     |    9|          2|    1|          2|
    |i1_fu_138           |    9|          2|    5|         10|
    |shiftreg104_fu_150  |    9|          2|   64|        128|
    |shiftreg125_fu_154  |    9|          2|   64|        128|
    |shiftreg146_fu_158  |    9|          2|  114|        228|
    |shiftreg168_fu_162  |    9|          2|  114|        228|
    |shiftreg2_fu_142    |    9|          2|   64|        128|
    |shiftreg83_fu_146   |    9|          2|   64|        128|
    +--------------------+-----+-----------+-----+-----------+
    |Total               |  967|        190|  505|       1154|
    +--------------------+-----+-----------+-----+-----------+

    * Register: 
    +---------------------------+-----+----+-----+-----------+
    |            Name           |  FF | LUT| Bits| Const Bits|
    +---------------------------+-----+----+-----+-----------+
    |ap_CS_fsm                  |  145|   0|  145|          0|
    |ap_done_reg                |    1|   0|    1|          0|
    |ap_rst_n_inv               |    1|   0|    1|          0|
    |ap_rst_reg_1               |    1|   0|    1|          0|
    |ap_rst_reg_2               |    1|   0|    1|          0|
    |gmem0_0_addr_read_reg_776  |   64|   0|   64|          0|
    |gmem0_1_addr_read_reg_786  |   64|   0|   64|          0|
    |gmem1_0_addr_read_reg_781  |   64|   0|   64|          0|
    |gmem1_1_addr_read_reg_791  |   64|   0|   64|          0|
    |gmem2_0_addr_reg_803       |   64|   0|   64|          0|
    |gmem2_1_addr_reg_796       |   64|   0|   64|          0|
    |i1_fu_138                  |    5|   0|    5|          0|
    |p_cast1_reg_747            |   60|   0|   60|          0|
    |p_cast_reg_742             |   60|   0|   60|          0|
    |shiftreg104_fu_150         |   64|   0|   64|          0|
    |shiftreg125_fu_154         |   64|   0|   64|          0|
    |shiftreg146_fu_158         |  114|   0|  121|          7|
    |shiftreg168_fu_162         |  114|   0|  121|          7|
    |shiftreg2_fu_142           |   64|   0|   64|          0|
    |shiftreg83_fu_146          |   64|   0|   64|          0|
    |tmp_1_reg_815              |  114|   0|  121|          7|
    |tmp_reg_810                |  114|   0|  121|          7|
    |trunc_ln19_1_reg_727       |   61|   0|   61|          0|
    |trunc_ln19_2_reg_732       |   61|   0|   61|          0|
    |trunc_ln19_3_reg_737       |   61|   0|   61|          0|
    |trunc_ln_reg_722           |   61|   0|   61|          0|
    +---------------------------+-----+----+-----+-----------+
    |Total                      | 1614|   0| 1642|         28|
    +---------------------------+-----+----+-----+-----------+



================================================================
== Interface
================================================================
* Summary: 
+------------------------+-----+-----+---------------+--------------+--------------+
|        RTL Ports       | Dir | Bits|    Protocol   | Source Object|    C Type    |
+------------------------+-----+-----+---------------+--------------+--------------+
|s_axi_control_AWVALID   |   in|    1|          s_axi|       control|        scalar|
|s_axi_control_AWREADY   |  out|    1|          s_axi|       control|        scalar|
|s_axi_control_AWADDR    |   in|    7|          s_axi|       control|        scalar|
|s_axi_control_WVALID    |   in|    1|          s_axi|       control|        scalar|
|s_axi_control_WREADY    |  out|    1|          s_axi|       control|        scalar|
|s_axi_control_WDATA     |   in|   32|          s_axi|       control|        scalar|
|s_axi_control_WSTRB     |   in|    4|          s_axi|       control|        scalar|
|s_axi_control_ARVALID   |   in|    1|          s_axi|       control|        scalar|
|s_axi_control_ARREADY   |  out|    1|          s_axi|       control|        scalar|
|s_axi_control_ARADDR    |   in|    7|          s_axi|       control|        scalar|
|s_axi_control_RVALID    |  out|    1|          s_axi|       control|        scalar|
|s_axi_control_RREADY    |   in|    1|          s_axi|       control|        scalar|
|s_axi_control_RDATA     |  out|   32|          s_axi|       control|        scalar|
|s_axi_control_RRESP     |  out|    2|          s_axi|       control|        scalar|
|s_axi_control_BVALID    |  out|    1|          s_axi|       control|        scalar|
|s_axi_control_BREADY    |   in|    1|          s_axi|       control|        scalar|
|s_axi_control_BRESP     |  out|    2|          s_axi|       control|        scalar|
|ap_clk                  |   in|    1|  ap_ctrl_chain|        kernel|  return value|
|ap_rst_n                |   in|    1|  ap_ctrl_chain|        kernel|  return value|
|interrupt               |  out|    1|  ap_ctrl_chain|        kernel|  return value|
|m_axi_gmem0_0_AWVALID   |  out|    1|          m_axi|       gmem0_0|       pointer|
|m_axi_gmem0_0_AWREADY   |   in|    1|          m_axi|       gmem0_0|       pointer|
|m_axi_gmem0_0_AWADDR    |  out|   64|          m_axi|       gmem0_0|       pointer|
|m_axi_gmem0_0_AWID      |  out|    1|          m_axi|       gmem0_0|       pointer|
|m_axi_gmem0_0_AWLEN     |  out|    8|          m_axi|       gmem0_0|       pointer|
|m_axi_gmem0_0_AWSIZE    |  out|    3|          m_axi|       gmem0_0|       pointer|
|m_axi_gmem0_0_AWBURST   |  out|    2|          m_axi|       gmem0_0|       pointer|
|m_axi_gmem0_0_AWLOCK    |  out|    2|          m_axi|       gmem0_0|       pointer|
|m_axi_gmem0_0_AWCACHE   |  out|    4|          m_axi|       gmem0_0|       pointer|
|m_axi_gmem0_0_AWPROT    |  out|    3|          m_axi|       gmem0_0|       pointer|
|m_axi_gmem0_0_AWQOS     |  out|    4|          m_axi|       gmem0_0|       pointer|
|m_axi_gmem0_0_AWREGION  |  out|    4|          m_axi|       gmem0_0|       pointer|
|m_axi_gmem0_0_AWUSER    |  out|    1|          m_axi|       gmem0_0|       pointer|
|m_axi_gmem0_0_WVALID    |  out|    1|          m_axi|       gmem0_0|       pointer|
|m_axi_gmem0_0_WREADY    |   in|    1|          m_axi|       gmem0_0|       pointer|
|m_axi_gmem0_0_WDATA     |  out|   64|          m_axi|       gmem0_0|       pointer|
|m_axi_gmem0_0_WSTRB     |  out|    8|          m_axi|       gmem0_0|       pointer|
|m_axi_gmem0_0_WLAST     |  out|    1|          m_axi|       gmem0_0|       pointer|
|m_axi_gmem0_0_WID       |  out|    1|          m_axi|       gmem0_0|       pointer|
|m_axi_gmem0_0_WUSER     |  out|    1|          m_axi|       gmem0_0|       pointer|
|m_axi_gmem0_0_ARVALID   |  out|    1|          m_axi|       gmem0_0|       pointer|
|m_axi_gmem0_0_ARREADY   |   in|    1|          m_axi|       gmem0_0|       pointer|
|m_axi_gmem0_0_ARADDR    |  out|   64|          m_axi|       gmem0_0|       pointer|
|m_axi_gmem0_0_ARID      |  out|    1|          m_axi|       gmem0_0|       pointer|
|m_axi_gmem0_0_ARLEN     |  out|    8|          m_axi|       gmem0_0|       pointer|
|m_axi_gmem0_0_ARSIZE    |  out|    3|          m_axi|       gmem0_0|       pointer|
|m_axi_gmem0_0_ARBURST   |  out|    2|          m_axi|       gmem0_0|       pointer|
|m_axi_gmem0_0_ARLOCK    |  out|    2|          m_axi|       gmem0_0|       pointer|
|m_axi_gmem0_0_ARCACHE   |  out|    4|          m_axi|       gmem0_0|       pointer|
|m_axi_gmem0_0_ARPROT    |  out|    3|          m_axi|       gmem0_0|       pointer|
|m_axi_gmem0_0_ARQOS     |  out|    4|          m_axi|       gmem0_0|       pointer|
|m_axi_gmem0_0_ARREGION  |  out|    4|          m_axi|       gmem0_0|       pointer|
|m_axi_gmem0_0_ARUSER    |  out|    1|          m_axi|       gmem0_0|       pointer|
|m_axi_gmem0_0_RVALID    |   in|    1|          m_axi|       gmem0_0|       pointer|
|m_axi_gmem0_0_RREADY    |  out|    1|          m_axi|       gmem0_0|       pointer|
|m_axi_gmem0_0_RDATA     |   in|   64|          m_axi|       gmem0_0|       pointer|
|m_axi_gmem0_0_RLAST     |   in|    1|          m_axi|       gmem0_0|       pointer|
|m_axi_gmem0_0_RID       |   in|    1|          m_axi|       gmem0_0|       pointer|
|m_axi_gmem0_0_RUSER     |   in|    1|          m_axi|       gmem0_0|       pointer|
|m_axi_gmem0_0_RRESP     |   in|    2|          m_axi|       gmem0_0|       pointer|
|m_axi_gmem0_0_BVALID    |   in|    1|          m_axi|       gmem0_0|       pointer|
|m_axi_gmem0_0_BREADY    |  out|    1|          m_axi|       gmem0_0|       pointer|
|m_axi_gmem0_0_BRESP     |   in|    2|          m_axi|       gmem0_0|       pointer|
|m_axi_gmem0_0_BID       |   in|    1|          m_axi|       gmem0_0|       pointer|
|m_axi_gmem0_0_BUSER     |   in|    1|          m_axi|       gmem0_0|       pointer|
|m_axi_gmem0_1_AWVALID   |  out|    1|          m_axi|       gmem0_1|       pointer|
|m_axi_gmem0_1_AWREADY   |   in|    1|          m_axi|       gmem0_1|       pointer|
|m_axi_gmem0_1_AWADDR    |  out|   64|          m_axi|       gmem0_1|       pointer|
|m_axi_gmem0_1_AWID      |  out|    1|          m_axi|       gmem0_1|       pointer|
|m_axi_gmem0_1_AWLEN     |  out|    8|          m_axi|       gmem0_1|       pointer|
|m_axi_gmem0_1_AWSIZE    |  out|    3|          m_axi|       gmem0_1|       pointer|
|m_axi_gmem0_1_AWBURST   |  out|    2|          m_axi|       gmem0_1|       pointer|
|m_axi_gmem0_1_AWLOCK    |  out|    2|          m_axi|       gmem0_1|       pointer|
|m_axi_gmem0_1_AWCACHE   |  out|    4|          m_axi|       gmem0_1|       pointer|
|m_axi_gmem0_1_AWPROT    |  out|    3|          m_axi|       gmem0_1|       pointer|
|m_axi_gmem0_1_AWQOS     |  out|    4|          m_axi|       gmem0_1|       pointer|
|m_axi_gmem0_1_AWREGION  |  out|    4|          m_axi|       gmem0_1|       pointer|
|m_axi_gmem0_1_AWUSER    |  out|    1|          m_axi|       gmem0_1|       pointer|
|m_axi_gmem0_1_WVALID    |  out|    1|          m_axi|       gmem0_1|       pointer|
|m_axi_gmem0_1_WREADY    |   in|    1|          m_axi|       gmem0_1|       pointer|
|m_axi_gmem0_1_WDATA     |  out|   64|          m_axi|       gmem0_1|       pointer|
|m_axi_gmem0_1_WSTRB     |  out|    8|          m_axi|       gmem0_1|       pointer|
|m_axi_gmem0_1_WLAST     |  out|    1|          m_axi|       gmem0_1|       pointer|
|m_axi_gmem0_1_WID       |  out|    1|          m_axi|       gmem0_1|       pointer|
|m_axi_gmem0_1_WUSER     |  out|    1|          m_axi|       gmem0_1|       pointer|
|m_axi_gmem0_1_ARVALID   |  out|    1|          m_axi|       gmem0_1|       pointer|
|m_axi_gmem0_1_ARREADY   |   in|    1|          m_axi|       gmem0_1|       pointer|
|m_axi_gmem0_1_ARADDR    |  out|   64|          m_axi|       gmem0_1|       pointer|
|m_axi_gmem0_1_ARID      |  out|    1|          m_axi|       gmem0_1|       pointer|
|m_axi_gmem0_1_ARLEN     |  out|    8|          m_axi|       gmem0_1|       pointer|
|m_axi_gmem0_1_ARSIZE    |  out|    3|          m_axi|       gmem0_1|       pointer|
|m_axi_gmem0_1_ARBURST   |  out|    2|          m_axi|       gmem0_1|       pointer|
|m_axi_gmem0_1_ARLOCK    |  out|    2|          m_axi|       gmem0_1|       pointer|
|m_axi_gmem0_1_ARCACHE   |  out|    4|          m_axi|       gmem0_1|       pointer|
|m_axi_gmem0_1_ARPROT    |  out|    3|          m_axi|       gmem0_1|       pointer|
|m_axi_gmem0_1_ARQOS     |  out|    4|          m_axi|       gmem0_1|       pointer|
|m_axi_gmem0_1_ARREGION  |  out|    4|          m_axi|       gmem0_1|       pointer|
|m_axi_gmem0_1_ARUSER    |  out|    1|          m_axi|       gmem0_1|       pointer|
|m_axi_gmem0_1_RVALID    |   in|    1|          m_axi|       gmem0_1|       pointer|
|m_axi_gmem0_1_RREADY    |  out|    1|          m_axi|       gmem0_1|       pointer|
|m_axi_gmem0_1_RDATA     |   in|   64|          m_axi|       gmem0_1|       pointer|
|m_axi_gmem0_1_RLAST     |   in|    1|          m_axi|       gmem0_1|       pointer|
|m_axi_gmem0_1_RID       |   in|    1|          m_axi|       gmem0_1|       pointer|
|m_axi_gmem0_1_RUSER     |   in|    1|          m_axi|       gmem0_1|       pointer|
|m_axi_gmem0_1_RRESP     |   in|    2|          m_axi|       gmem0_1|       pointer|
|m_axi_gmem0_1_BVALID    |   in|    1|          m_axi|       gmem0_1|       pointer|
|m_axi_gmem0_1_BREADY    |  out|    1|          m_axi|       gmem0_1|       pointer|
|m_axi_gmem0_1_BRESP     |   in|    2|          m_axi|       gmem0_1|       pointer|
|m_axi_gmem0_1_BID       |   in|    1|          m_axi|       gmem0_1|       pointer|
|m_axi_gmem0_1_BUSER     |   in|    1|          m_axi|       gmem0_1|       pointer|
|m_axi_gmem1_0_AWVALID   |  out|    1|          m_axi|       gmem1_0|       pointer|
|m_axi_gmem1_0_AWREADY   |   in|    1|          m_axi|       gmem1_0|       pointer|
|m_axi_gmem1_0_AWADDR    |  out|   64|          m_axi|       gmem1_0|       pointer|
|m_axi_gmem1_0_AWID      |  out|    1|          m_axi|       gmem1_0|       pointer|
|m_axi_gmem1_0_AWLEN     |  out|    8|          m_axi|       gmem1_0|       pointer|
|m_axi_gmem1_0_AWSIZE    |  out|    3|          m_axi|       gmem1_0|       pointer|
|m_axi_gmem1_0_AWBURST   |  out|    2|          m_axi|       gmem1_0|       pointer|
|m_axi_gmem1_0_AWLOCK    |  out|    2|          m_axi|       gmem1_0|       pointer|
|m_axi_gmem1_0_AWCACHE   |  out|    4|          m_axi|       gmem1_0|       pointer|
|m_axi_gmem1_0_AWPROT    |  out|    3|          m_axi|       gmem1_0|       pointer|
|m_axi_gmem1_0_AWQOS     |  out|    4|          m_axi|       gmem1_0|       pointer|
|m_axi_gmem1_0_AWREGION  |  out|    4|          m_axi|       gmem1_0|       pointer|
|m_axi_gmem1_0_AWUSER    |  out|    1|          m_axi|       gmem1_0|       pointer|
|m_axi_gmem1_0_WVALID    |  out|    1|          m_axi|       gmem1_0|       pointer|
|m_axi_gmem1_0_WREADY    |   in|    1|          m_axi|       gmem1_0|       pointer|
|m_axi_gmem1_0_WDATA     |  out|   64|          m_axi|       gmem1_0|       pointer|
|m_axi_gmem1_0_WSTRB     |  out|    8|          m_axi|       gmem1_0|       pointer|
|m_axi_gmem1_0_WLAST     |  out|    1|          m_axi|       gmem1_0|       pointer|
|m_axi_gmem1_0_WID       |  out|    1|          m_axi|       gmem1_0|       pointer|
|m_axi_gmem1_0_WUSER     |  out|    1|          m_axi|       gmem1_0|       pointer|
|m_axi_gmem1_0_ARVALID   |  out|    1|          m_axi|       gmem1_0|       pointer|
|m_axi_gmem1_0_ARREADY   |   in|    1|          m_axi|       gmem1_0|       pointer|
|m_axi_gmem1_0_ARADDR    |  out|   64|          m_axi|       gmem1_0|       pointer|
|m_axi_gmem1_0_ARID      |  out|    1|          m_axi|       gmem1_0|       pointer|
|m_axi_gmem1_0_ARLEN     |  out|    8|          m_axi|       gmem1_0|       pointer|
|m_axi_gmem1_0_ARSIZE    |  out|    3|          m_axi|       gmem1_0|       pointer|
|m_axi_gmem1_0_ARBURST   |  out|    2|          m_axi|       gmem1_0|       pointer|
|m_axi_gmem1_0_ARLOCK    |  out|    2|          m_axi|       gmem1_0|       pointer|
|m_axi_gmem1_0_ARCACHE   |  out|    4|          m_axi|       gmem1_0|       pointer|
|m_axi_gmem1_0_ARPROT    |  out|    3|          m_axi|       gmem1_0|       pointer|
|m_axi_gmem1_0_ARQOS     |  out|    4|          m_axi|       gmem1_0|       pointer|
|m_axi_gmem1_0_ARREGION  |  out|    4|          m_axi|       gmem1_0|       pointer|
|m_axi_gmem1_0_ARUSER    |  out|    1|          m_axi|       gmem1_0|       pointer|
|m_axi_gmem1_0_RVALID    |   in|    1|          m_axi|       gmem1_0|       pointer|
|m_axi_gmem1_0_RREADY    |  out|    1|          m_axi|       gmem1_0|       pointer|
|m_axi_gmem1_0_RDATA     |   in|   64|          m_axi|       gmem1_0|       pointer|
|m_axi_gmem1_0_RLAST     |   in|    1|          m_axi|       gmem1_0|       pointer|
|m_axi_gmem1_0_RID       |   in|    1|          m_axi|       gmem1_0|       pointer|
|m_axi_gmem1_0_RUSER     |   in|    1|          m_axi|       gmem1_0|       pointer|
|m_axi_gmem1_0_RRESP     |   in|    2|          m_axi|       gmem1_0|       pointer|
|m_axi_gmem1_0_BVALID    |   in|    1|          m_axi|       gmem1_0|       pointer|
|m_axi_gmem1_0_BREADY    |  out|    1|          m_axi|       gmem1_0|       pointer|
|m_axi_gmem1_0_BRESP     |   in|    2|          m_axi|       gmem1_0|       pointer|
|m_axi_gmem1_0_BID       |   in|    1|          m_axi|       gmem1_0|       pointer|
|m_axi_gmem1_0_BUSER     |   in|    1|          m_axi|       gmem1_0|       pointer|
|m_axi_gmem1_1_AWVALID   |  out|    1|          m_axi|       gmem1_1|       pointer|
|m_axi_gmem1_1_AWREADY   |   in|    1|          m_axi|       gmem1_1|       pointer|
|m_axi_gmem1_1_AWADDR    |  out|   64|          m_axi|       gmem1_1|       pointer|
|m_axi_gmem1_1_AWID      |  out|    1|          m_axi|       gmem1_1|       pointer|
|m_axi_gmem1_1_AWLEN     |  out|    8|          m_axi|       gmem1_1|       pointer|
|m_axi_gmem1_1_AWSIZE    |  out|    3|          m_axi|       gmem1_1|       pointer|
|m_axi_gmem1_1_AWBURST   |  out|    2|          m_axi|       gmem1_1|       pointer|
|m_axi_gmem1_1_AWLOCK    |  out|    2|          m_axi|       gmem1_1|       pointer|
|m_axi_gmem1_1_AWCACHE   |  out|    4|          m_axi|       gmem1_1|       pointer|
|m_axi_gmem1_1_AWPROT    |  out|    3|          m_axi|       gmem1_1|       pointer|
|m_axi_gmem1_1_AWQOS     |  out|    4|          m_axi|       gmem1_1|       pointer|
|m_axi_gmem1_1_AWREGION  |  out|    4|          m_axi|       gmem1_1|       pointer|
|m_axi_gmem1_1_AWUSER    |  out|    1|          m_axi|       gmem1_1|       pointer|
|m_axi_gmem1_1_WVALID    |  out|    1|          m_axi|       gmem1_1|       pointer|
|m_axi_gmem1_1_WREADY    |   in|    1|          m_axi|       gmem1_1|       pointer|
|m_axi_gmem1_1_WDATA     |  out|   64|          m_axi|       gmem1_1|       pointer|
|m_axi_gmem1_1_WSTRB     |  out|    8|          m_axi|       gmem1_1|       pointer|
|m_axi_gmem1_1_WLAST     |  out|    1|          m_axi|       gmem1_1|       pointer|
|m_axi_gmem1_1_WID       |  out|    1|          m_axi|       gmem1_1|       pointer|
|m_axi_gmem1_1_WUSER     |  out|    1|          m_axi|       gmem1_1|       pointer|
|m_axi_gmem1_1_ARVALID   |  out|    1|          m_axi|       gmem1_1|       pointer|
|m_axi_gmem1_1_ARREADY   |   in|    1|          m_axi|       gmem1_1|       pointer|
|m_axi_gmem1_1_ARADDR    |  out|   64|          m_axi|       gmem1_1|       pointer|
|m_axi_gmem1_1_ARID      |  out|    1|          m_axi|       gmem1_1|       pointer|
|m_axi_gmem1_1_ARLEN     |  out|    8|          m_axi|       gmem1_1|       pointer|
|m_axi_gmem1_1_ARSIZE    |  out|    3|          m_axi|       gmem1_1|       pointer|
|m_axi_gmem1_1_ARBURST   |  out|    2|          m_axi|       gmem1_1|       pointer|
|m_axi_gmem1_1_ARLOCK    |  out|    2|          m_axi|       gmem1_1|       pointer|
|m_axi_gmem1_1_ARCACHE   |  out|    4|          m_axi|       gmem1_1|       pointer|
|m_axi_gmem1_1_ARPROT    |  out|    3|          m_axi|       gmem1_1|       pointer|
|m_axi_gmem1_1_ARQOS     |  out|    4|          m_axi|       gmem1_1|       pointer|
|m_axi_gmem1_1_ARREGION  |  out|    4|          m_axi|       gmem1_1|       pointer|
|m_axi_gmem1_1_ARUSER    |  out|    1|          m_axi|       gmem1_1|       pointer|
|m_axi_gmem1_1_RVALID    |   in|    1|          m_axi|       gmem1_1|       pointer|
|m_axi_gmem1_1_RREADY    |  out|    1|          m_axi|       gmem1_1|       pointer|
|m_axi_gmem1_1_RDATA     |   in|   64|          m_axi|       gmem1_1|       pointer|
|m_axi_gmem1_1_RLAST     |   in|    1|          m_axi|       gmem1_1|       pointer|
|m_axi_gmem1_1_RID       |   in|    1|          m_axi|       gmem1_1|       pointer|
|m_axi_gmem1_1_RUSER     |   in|    1|          m_axi|       gmem1_1|       pointer|
|m_axi_gmem1_1_RRESP     |   in|    2|          m_axi|       gmem1_1|       pointer|
|m_axi_gmem1_1_BVALID    |   in|    1|          m_axi|       gmem1_1|       pointer|
|m_axi_gmem1_1_BREADY    |  out|    1|          m_axi|       gmem1_1|       pointer|
|m_axi_gmem1_1_BRESP     |   in|    2|          m_axi|       gmem1_1|       pointer|
|m_axi_gmem1_1_BID       |   in|    1|          m_axi|       gmem1_1|       pointer|
|m_axi_gmem1_1_BUSER     |   in|    1|          m_axi|       gmem1_1|       pointer|
|m_axi_gmem2_0_AWVALID   |  out|    1|          m_axi|       gmem2_0|       pointer|
|m_axi_gmem2_0_AWREADY   |   in|    1|          m_axi|       gmem2_0|       pointer|
|m_axi_gmem2_0_AWADDR    |  out|   64|          m_axi|       gmem2_0|       pointer|
|m_axi_gmem2_0_AWID      |  out|    1|          m_axi|       gmem2_0|       pointer|
|m_axi_gmem2_0_AWLEN     |  out|    8|          m_axi|       gmem2_0|       pointer|
|m_axi_gmem2_0_AWSIZE    |  out|    3|          m_axi|       gmem2_0|       pointer|
|m_axi_gmem2_0_AWBURST   |  out|    2|          m_axi|       gmem2_0|       pointer|
|m_axi_gmem2_0_AWLOCK    |  out|    2|          m_axi|       gmem2_0|       pointer|
|m_axi_gmem2_0_AWCACHE   |  out|    4|          m_axi|       gmem2_0|       pointer|
|m_axi_gmem2_0_AWPROT    |  out|    3|          m_axi|       gmem2_0|       pointer|
|m_axi_gmem2_0_AWQOS     |  out|    4|          m_axi|       gmem2_0|       pointer|
|m_axi_gmem2_0_AWREGION  |  out|    4|          m_axi|       gmem2_0|       pointer|
|m_axi_gmem2_0_AWUSER    |  out|    1|          m_axi|       gmem2_0|       pointer|
|m_axi_gmem2_0_WVALID    |  out|    1|          m_axi|       gmem2_0|       pointer|
|m_axi_gmem2_0_WREADY    |   in|    1|          m_axi|       gmem2_0|       pointer|
|m_axi_gmem2_0_WDATA     |  out|  128|          m_axi|       gmem2_0|       pointer|
|m_axi_gmem2_0_WSTRB     |  out|   16|          m_axi|       gmem2_0|       pointer|
|m_axi_gmem2_0_WLAST     |  out|    1|          m_axi|       gmem2_0|       pointer|
|m_axi_gmem2_0_WID       |  out|    1|          m_axi|       gmem2_0|       pointer|
|m_axi_gmem2_0_WUSER     |  out|    1|          m_axi|       gmem2_0|       pointer|
|m_axi_gmem2_0_ARVALID   |  out|    1|          m_axi|       gmem2_0|       pointer|
|m_axi_gmem2_0_ARREADY   |   in|    1|          m_axi|       gmem2_0|       pointer|
|m_axi_gmem2_0_ARADDR    |  out|   64|          m_axi|       gmem2_0|       pointer|
|m_axi_gmem2_0_ARID      |  out|    1|          m_axi|       gmem2_0|       pointer|
|m_axi_gmem2_0_ARLEN     |  out|    8|          m_axi|       gmem2_0|       pointer|
|m_axi_gmem2_0_ARSIZE    |  out|    3|          m_axi|       gmem2_0|       pointer|
|m_axi_gmem2_0_ARBURST   |  out|    2|          m_axi|       gmem2_0|       pointer|
|m_axi_gmem2_0_ARLOCK    |  out|    2|          m_axi|       gmem2_0|       pointer|
|m_axi_gmem2_0_ARCACHE   |  out|    4|          m_axi|       gmem2_0|       pointer|
|m_axi_gmem2_0_ARPROT    |  out|    3|          m_axi|       gmem2_0|       pointer|
|m_axi_gmem2_0_ARQOS     |  out|    4|          m_axi|       gmem2_0|       pointer|
|m_axi_gmem2_0_ARREGION  |  out|    4|          m_axi|       gmem2_0|       pointer|
|m_axi_gmem2_0_ARUSER    |  out|    1|          m_axi|       gmem2_0|       pointer|
|m_axi_gmem2_0_RVALID    |   in|    1|          m_axi|       gmem2_0|       pointer|
|m_axi_gmem2_0_RREADY    |  out|    1|          m_axi|       gmem2_0|       pointer|
|m_axi_gmem2_0_RDATA     |   in|  128|          m_axi|       gmem2_0|       pointer|
|m_axi_gmem2_0_RLAST     |   in|    1|          m_axi|       gmem2_0|       pointer|
|m_axi_gmem2_0_RID       |   in|    1|          m_axi|       gmem2_0|       pointer|
|m_axi_gmem2_0_RUSER     |   in|    1|          m_axi|       gmem2_0|       pointer|
|m_axi_gmem2_0_RRESP     |   in|    2|          m_axi|       gmem2_0|       pointer|
|m_axi_gmem2_0_BVALID    |   in|    1|          m_axi|       gmem2_0|       pointer|
|m_axi_gmem2_0_BREADY    |  out|    1|          m_axi|       gmem2_0|       pointer|
|m_axi_gmem2_0_BRESP     |   in|    2|          m_axi|       gmem2_0|       pointer|
|m_axi_gmem2_0_BID       |   in|    1|          m_axi|       gmem2_0|       pointer|
|m_axi_gmem2_0_BUSER     |   in|    1|          m_axi|       gmem2_0|       pointer|
|m_axi_gmem2_1_AWVALID   |  out|    1|          m_axi|       gmem2_1|       pointer|
|m_axi_gmem2_1_AWREADY   |   in|    1|          m_axi|       gmem2_1|       pointer|
|m_axi_gmem2_1_AWADDR    |  out|   64|          m_axi|       gmem2_1|       pointer|
|m_axi_gmem2_1_AWID      |  out|    1|          m_axi|       gmem2_1|       pointer|
|m_axi_gmem2_1_AWLEN     |  out|    8|          m_axi|       gmem2_1|       pointer|
|m_axi_gmem2_1_AWSIZE    |  out|    3|          m_axi|       gmem2_1|       pointer|
|m_axi_gmem2_1_AWBURST   |  out|    2|          m_axi|       gmem2_1|       pointer|
|m_axi_gmem2_1_AWLOCK    |  out|    2|          m_axi|       gmem2_1|       pointer|
|m_axi_gmem2_1_AWCACHE   |  out|    4|          m_axi|       gmem2_1|       pointer|
|m_axi_gmem2_1_AWPROT    |  out|    3|          m_axi|       gmem2_1|       pointer|
|m_axi_gmem2_1_AWQOS     |  out|    4|          m_axi|       gmem2_1|       pointer|
|m_axi_gmem2_1_AWREGION  |  out|    4|          m_axi|       gmem2_1|       pointer|
|m_axi_gmem2_1_AWUSER    |  out|    1|          m_axi|       gmem2_1|       pointer|
|m_axi_gmem2_1_WVALID    |  out|    1|          m_axi|       gmem2_1|       pointer|
|m_axi_gmem2_1_WREADY    |   in|    1|          m_axi|       gmem2_1|       pointer|
|m_axi_gmem2_1_WDATA     |  out|  128|          m_axi|       gmem2_1|       pointer|
|m_axi_gmem2_1_WSTRB     |  out|   16|          m_axi|       gmem2_1|       pointer|
|m_axi_gmem2_1_WLAST     |  out|    1|          m_axi|       gmem2_1|       pointer|
|m_axi_gmem2_1_WID       |  out|    1|          m_axi|       gmem2_1|       pointer|
|m_axi_gmem2_1_WUSER     |  out|    1|          m_axi|       gmem2_1|       pointer|
|m_axi_gmem2_1_ARVALID   |  out|    1|          m_axi|       gmem2_1|       pointer|
|m_axi_gmem2_1_ARREADY   |   in|    1|          m_axi|       gmem2_1|       pointer|
|m_axi_gmem2_1_ARADDR    |  out|   64|          m_axi|       gmem2_1|       pointer|
|m_axi_gmem2_1_ARID      |  out|    1|          m_axi|       gmem2_1|       pointer|
|m_axi_gmem2_1_ARLEN     |  out|    8|          m_axi|       gmem2_1|       pointer|
|m_axi_gmem2_1_ARSIZE    |  out|    3|          m_axi|       gmem2_1|       pointer|
|m_axi_gmem2_1_ARBURST   |  out|    2|          m_axi|       gmem2_1|       pointer|
|m_axi_gmem2_1_ARLOCK    |  out|    2|          m_axi|       gmem2_1|       pointer|
|m_axi_gmem2_1_ARCACHE   |  out|    4|          m_axi|       gmem2_1|       pointer|
|m_axi_gmem2_1_ARPROT    |  out|    3|          m_axi|       gmem2_1|       pointer|
|m_axi_gmem2_1_ARQOS     |  out|    4|          m_axi|       gmem2_1|       pointer|
|m_axi_gmem2_1_ARREGION  |  out|    4|          m_axi|       gmem2_1|       pointer|
|m_axi_gmem2_1_ARUSER    |  out|    1|          m_axi|       gmem2_1|       pointer|
|m_axi_gmem2_1_RVALID    |   in|    1|          m_axi|       gmem2_1|       pointer|
|m_axi_gmem2_1_RREADY    |  out|    1|          m_axi|       gmem2_1|       pointer|
|m_axi_gmem2_1_RDATA     |   in|  128|          m_axi|       gmem2_1|       pointer|
|m_axi_gmem2_1_RLAST     |   in|    1|          m_axi|       gmem2_1|       pointer|
|m_axi_gmem2_1_RID       |   in|    1|          m_axi|       gmem2_1|       pointer|
|m_axi_gmem2_1_RUSER     |   in|    1|          m_axi|       gmem2_1|       pointer|
|m_axi_gmem2_1_RRESP     |   in|    2|          m_axi|       gmem2_1|       pointer|
|m_axi_gmem2_1_BVALID    |   in|    1|          m_axi|       gmem2_1|       pointer|
|m_axi_gmem2_1_BREADY    |  out|    1|          m_axi|       gmem2_1|       pointer|
|m_axi_gmem2_1_BRESP     |   in|    2|          m_axi|       gmem2_1|       pointer|
|m_axi_gmem2_1_BID       |   in|    1|          m_axi|       gmem2_1|       pointer|
|m_axi_gmem2_1_BUSER     |   in|    1|          m_axi|       gmem2_1|       pointer|
+------------------------+-----+-----+---------------+--------------+--------------+

