Thu Mar 19 03:51:13 2026: Running xcd server. This server was built by gradle.
Thu Mar 19 03:51:13 2026: Server was asked to start on port: '35141'
Thu Mar 19 03:51:13 2026: Server is using token UUID: 'c9a1d7a0-7a3c-48d1-be7e-a0b49fdbfa41'
Thu Mar 19 03:51:13 2026: SESSION_MGR: creating session with session uuid: '6d04a3e9-ade5-4ab9-8d63-1f78fcd2ec76' and name 'default'
Thu Mar 19 03:51:13 2026: Attempting to start server on port '35141'
Thu Mar 19 03:51:13 2026: XCD main fifo: created main fifo '/tmp/xcdmainc9a1d7a0-7a3c-48d1-be7e-a0b49fdbfa41', fd read = 13
Thu Mar 19 03:51:13 2026: Running Dispatch Server
Thu Mar 19 03:51:13 2026: Version 2.2.0
Thu Mar 19 03:51:13 2026: Dispatch Server: Accepted socket connection from client
Thu Mar 19 03:51:13 2026: Starting Socket connection
Thu Mar 19 03:51:13 2026: EXCHANGE_TOKEN received, server token: c9a1d7a0-7a3c-48d1-be7e-a0b49fdbfa41, passed token: c9a1d7a0-7a3c-48d1-be7e-a0b49fdbfa41
Thu Mar 19 03:51:14 2026: DISPATCH_HANDLER: Adding handler from function makeHandler in library libxv_system_diagram
Thu Mar 19 03:51:14 2026: SESSION_MGR: creating session with session uuid: '7835de12-e226-446a-91f9-d0dcb00df7ae' and name 'vitis-run_compile_work'
Thu Mar 19 03:51:14 2026: KERNEL_SVC: creating session with uuid: '7835de12-e226-446a-91f9-d0dcb00df7ae' and name 'vitis-run_compile_work'
Thu Mar 19 03:51:14 2026: GUIDANCE_SMGR: creating guidance session with uuid: '7835de12-e226-446a-91f9-d0dcb00df7ae' and name 'vitis-run_compile_work'
Thu Mar 19 03:51:14 2026: SYSTEM_DIAGRAM: creating session with uuid: '7835de12-e226-446a-91f9-d0dcb00df7ae' and name 'vitis-run_compile_work'
Thu Mar 19 03:51:18 2026: Dispatch Server: Accepted socket connection from client
Thu Mar 19 03:51:18 2026: Starting Socket connection
Thu Mar 19 03:51:21 2026: SESSION_MGR: closing session for UUID '7835de12-e226-446a-91f9-d0dcb00df7ae' with name 'vitis-run_compile_work'
Thu Mar 19 03:51:21 2026: KERNEL_SVC: closing session for UUID '7835de12-e226-446a-91f9-d0dcb00df7ae' with name 'vitis-run_compile_work'
Thu Mar 19 03:51:21 2026: GUIDANCE_SMGR: closing session for UUID '7835de12-e226-446a-91f9-d0dcb00df7ae' with name 'vitis-run_compile_work'
Thu Mar 19 03:51:21 2026: SYSTEM_DIAGRAM: closing session for UUID '7835de12-e226-446a-91f9-d0dcb00df7ae' with name 'vitis-run_compile_work'
Thu Mar 19 03:51:21 2026: STOP_SERVER received, server token: c9a1d7a0-7a3c-48d1-be7e-a0b49fdbfa41, passed token: c9a1d7a0-7a3c-48d1-be7e-a0b49fdbfa41
Thu Mar 19 03:51:21 2026: Socket received request to stop server.
Thu Mar 19 03:51:21 2026: Dispatch Server: do_await_stop
Thu Mar 19 03:51:21 2026: Dispatch Server: stopping mainFifo_
Thu Mar 19 03:51:21 2026: XCD main fifo: Stopping
Thu Mar 19 03:51:21 2026: XCD main fifo: do_read error code: Operation canceled
Thu Mar 19 03:51:21 2026: XCD main fifo: bytes_transferred: 0
Thu Mar 19 03:51:21 2026: SERVER: destructor for server bound to port 35141
Thu Mar 19 03:51:21 2026: XCD main fifo: Good unlink of /tmp/xcdmainc9a1d7a0-7a3c-48d1-be7e-a0b49fdbfa41
Thu Mar 19 03:51:21 2026: Server exiting with status 0.
Thu Mar 19 03:51:21 2026: Closing log file.
Thu Mar 19 03:51:27 2026: Running xcd server. This server was built by gradle.
Thu Mar 19 03:51:27 2026: Server was asked to start on port: '37521'
Thu Mar 19 03:51:27 2026: Server is using token UUID: '27885302-70eb-4939-a0ea-3107a7bd5aa6'
Thu Mar 19 03:51:27 2026: SESSION_MGR: creating session with session uuid: '6d04a3e9-ade5-4ab9-8d63-1f78fcd2ec76' and name 'default'
Thu Mar 19 03:51:27 2026: Attempting to start server on port '37521'
Thu Mar 19 03:51:27 2026: XCD main fifo: created main fifo '/tmp/xcdmain27885302-70eb-4939-a0ea-3107a7bd5aa6', fd read = 13
Thu Mar 19 03:51:27 2026: Running Dispatch Server
Thu Mar 19 03:51:27 2026: Version 2.2.0
Thu Mar 19 03:51:28 2026: Dispatch Server: Accepted socket connection from client
Thu Mar 19 03:51:28 2026: Starting Socket connection
Thu Mar 19 03:51:28 2026: EXCHANGE_TOKEN received, server token: 27885302-70eb-4939-a0ea-3107a7bd5aa6, passed token: 27885302-70eb-4939-a0ea-3107a7bd5aa6
Thu Mar 19 03:51:28 2026: DISPATCH_HANDLER: Adding handler from function makeHandler in library libxv_system_diagram
Thu Mar 19 03:51:28 2026: SESSION_MGR: creating session with session uuid: 'af64295a-bff8-4135-95a4-e7b82ffb5afb' and name 'v++_compile_work'
Thu Mar 19 03:51:28 2026: KERNEL_SVC: creating session with uuid: 'af64295a-bff8-4135-95a4-e7b82ffb5afb' and name 'v++_compile_work'
Thu Mar 19 03:51:28 2026: GUIDANCE_SMGR: creating guidance session with uuid: 'af64295a-bff8-4135-95a4-e7b82ffb5afb' and name 'v++_compile_work'
Thu Mar 19 03:51:28 2026: SYSTEM_DIAGRAM: creating session with uuid: 'af64295a-bff8-4135-95a4-e7b82ffb5afb' and name 'v++_compile_work'
Thu Mar 19 03:51:32 2026: Dispatch Server: Accepted socket connection from client
Thu Mar 19 03:51:32 2026: Starting Socket connection
Thu Mar 19 03:52:10 2026: SESSION_MGR: closing session for UUID 'af64295a-bff8-4135-95a4-e7b82ffb5afb' with name 'v++_compile_work'
Thu Mar 19 03:52:10 2026: KERNEL_SVC: closing session for UUID 'af64295a-bff8-4135-95a4-e7b82ffb5afb' with name 'v++_compile_work'
Thu Mar 19 03:52:10 2026: GUIDANCE_SMGR: closing session for UUID 'af64295a-bff8-4135-95a4-e7b82ffb5afb' with name 'v++_compile_work'
Thu Mar 19 03:52:10 2026: SYSTEM_DIAGRAM: closing session for UUID 'af64295a-bff8-4135-95a4-e7b82ffb5afb' with name 'v++_compile_work'
Thu Mar 19 03:52:10 2026: STOP_SERVER received, server token: 27885302-70eb-4939-a0ea-3107a7bd5aa6, passed token: 27885302-70eb-4939-a0ea-3107a7bd5aa6
Thu Mar 19 03:52:10 2026: Socket received request to stop server.
Thu Mar 19 03:52:10 2026: Dispatch Server: do_await_stop
Thu Mar 19 03:52:10 2026: Dispatch Server: stopping mainFifo_
Thu Mar 19 03:52:10 2026: XCD main fifo: Stopping
Thu Mar 19 03:52:10 2026: XCD main fifo: do_read error code: Operation canceled
Thu Mar 19 03:52:10 2026: XCD main fifo: bytes_transferred: 0
Thu Mar 19 03:52:10 2026: SERVER: destructor for server bound to port 37521
Thu Mar 19 03:52:10 2026: XCD main fifo: Good unlink of /tmp/xcdmain27885302-70eb-4939-a0ea-3107a7bd5aa6
Thu Mar 19 03:52:10 2026: Server exiting with status 0.
Thu Mar 19 03:52:10 2026: Closing log file.
Thu Mar 19 03:52:23 2026: Running xcd server. This server was built by gradle.
Thu Mar 19 03:52:23 2026: Server was asked to start on port: '37177'
Thu Mar 19 03:52:23 2026: Server is using token UUID: '70703e79-598b-4256-a61f-e315dfa953eb'
Thu Mar 19 03:52:23 2026: SESSION_MGR: creating session with session uuid: '6d04a3e9-ade5-4ab9-8d63-1f78fcd2ec76' and name 'default'
Thu Mar 19 03:52:23 2026: Attempting to start server on port '37177'
Thu Mar 19 03:52:23 2026: XCD main fifo: created main fifo '/tmp/xcdmain70703e79-598b-4256-a61f-e315dfa953eb', fd read = 13
Thu Mar 19 03:52:23 2026: Running Dispatch Server
Thu Mar 19 03:52:23 2026: Version 2.2.0
Thu Mar 19 03:52:24 2026: Dispatch Server: Accepted socket connection from client
Thu Mar 19 03:52:24 2026: Starting Socket connection
Thu Mar 19 03:52:24 2026: EXCHANGE_TOKEN received, server token: 70703e79-598b-4256-a61f-e315dfa953eb, passed token: 70703e79-598b-4256-a61f-e315dfa953eb
Thu Mar 19 03:52:24 2026: DISPATCH_HANDLER: Adding handler from function makeHandler in library libxv_system_diagram
Thu Mar 19 03:52:24 2026: SESSION_MGR: creating session with session uuid: '15942552-b533-4f6e-a68e-eb8648a32e81' and name 'v++_compile_work'
Thu Mar 19 03:52:24 2026: KERNEL_SVC: creating session with uuid: '15942552-b533-4f6e-a68e-eb8648a32e81' and name 'v++_compile_work'
Thu Mar 19 03:52:24 2026: GUIDANCE_SMGR: creating guidance session with uuid: '15942552-b533-4f6e-a68e-eb8648a32e81' and name 'v++_compile_work'
Thu Mar 19 03:52:24 2026: SYSTEM_DIAGRAM: creating session with uuid: '15942552-b533-4f6e-a68e-eb8648a32e81' and name 'v++_compile_work'
Thu Mar 19 03:52:28 2026: Dispatch Server: Accepted socket connection from client
Thu Mar 19 03:52:28 2026: Starting Socket connection
Thu Mar 19 03:53:06 2026: SESSION_MGR: closing session for UUID '15942552-b533-4f6e-a68e-eb8648a32e81' with name 'v++_compile_work'
Thu Mar 19 03:53:06 2026: KERNEL_SVC: closing session for UUID '15942552-b533-4f6e-a68e-eb8648a32e81' with name 'v++_compile_work'
Thu Mar 19 03:53:06 2026: GUIDANCE_SMGR: closing session for UUID '15942552-b533-4f6e-a68e-eb8648a32e81' with name 'v++_compile_work'
Thu Mar 19 03:53:06 2026: SYSTEM_DIAGRAM: closing session for UUID '15942552-b533-4f6e-a68e-eb8648a32e81' with name 'v++_compile_work'
Thu Mar 19 03:53:06 2026: STOP_SERVER received, server token: 70703e79-598b-4256-a61f-e315dfa953eb, passed token: 70703e79-598b-4256-a61f-e315dfa953eb
Thu Mar 19 03:53:06 2026: Socket received request to stop server.
Thu Mar 19 03:53:06 2026: Dispatch Server: do_await_stop
Thu Mar 19 03:53:06 2026: Dispatch Server: stopping mainFifo_
Thu Mar 19 03:53:06 2026: XCD main fifo: Stopping
Thu Mar 19 03:53:06 2026: XCD main fifo: do_read error code: Operation canceled
Thu Mar 19 03:53:06 2026: XCD main fifo: bytes_transferred: 0
Thu Mar 19 03:53:06 2026: SERVER: destructor for server bound to port 37177
Thu Mar 19 03:53:06 2026: XCD main fifo: Good unlink of /tmp/xcdmain70703e79-598b-4256-a61f-e315dfa953eb
Thu Mar 19 03:53:06 2026: Server exiting with status 0.
Thu Mar 19 03:53:06 2026: Closing log file.
