  **** HLS Build v2025.1 6135595
INFO: [HLS 200-2005] Using work_dir /home/chengzhy/FormaSyn/examples/vec_add/inter_files/minimal_baseline/work 
INFO: [HLS 200-2176] Writing Vitis IDE component file /home/chengzhy/FormaSyn/examples/vec_add/inter_files/minimal_baseline/work/vitis-comp.json
INFO: [HLS 200-10] Creating and opening component '/home/chengzhy/FormaSyn/examples/vec_add/inter_files/minimal_baseline/work'.
INFO: [HLS 200-1505] Using default flow_target 'vivado'
Resolution: For help on HLS 200-1505 see docs.xilinx.com/access/sources/dita/topic?Doc_Version=2025.1%20English&url=ug1448-hls-guidance&resourceid=200-1505.html
INFO: [HLS 200-2174] Applying component config ini file /home/chengzhy/FormaSyn/examples/vec_add/inter_files/minimal_baseline/hls_config.cfg
INFO: [HLS 200-1465] Applying config ini 'syn.file=kernel.cpp' from /home/chengzhy/FormaSyn/examples/vec_add/inter_files/minimal_baseline/hls_config.cfg(7)
INFO: [HLS 200-10] Adding design file '/home/chengzhy/FormaSyn/examples/vec_add/inter_files/minimal_baseline/kernel.cpp' to the project
INFO: [HLS 200-1465] Applying config ini 'tb.file=kernel_tb.cpp' from /home/chengzhy/FormaSyn/examples/vec_add/inter_files/minimal_baseline/hls_config.cfg(8)
INFO: [HLS 200-10] Adding test bench file '/home/chengzhy/FormaSyn/examples/vec_add/inter_files/minimal_baseline/kernel_tb.cpp' to the project
INFO: [HLS 200-1465] Applying config ini 'syn.top=kernel' from /home/chengzhy/FormaSyn/examples/vec_add/inter_files/minimal_baseline/hls_config.cfg(6)
INFO: [HLS 200-1465] Applying config ini 'flow_target=vitis' from /home/chengzhy/FormaSyn/examples/vec_add/inter_files/minimal_baseline/hls_config.cfg(5)
INFO: [HLS 200-1505] Using flow_target 'vitis'
Resolution: For help on HLS 200-1505 see docs.xilinx.com/access/sources/dita/topic?Doc_Version=2025.1%20English&url=ug1448-hls-guidance&resourceid=200-1505.html
INFO: [HLS 200-435] Setting 'open_solution -flow_target vitis' configuration: config_interface -m_axi_latency=64
INFO: [HLS 200-435] Setting 'open_solution -flow_target vitis' configuration: config_interface -m_axi_alignment_byte_size=64
INFO: [HLS 200-435] Setting 'open_solution -flow_target vitis' configuration: config_interface -m_axi_max_widen_bitwidth=512
INFO: [HLS 200-435] Setting 'open_solution -flow_target vitis' configuration: config_rtl -register_reset_num=3
INFO: [HLS 200-1465] Applying config ini 'part=xcu200-fsgd2104-2-e' from /home/chengzhy/FormaSyn/examples/vec_add/inter_files/minimal_baseline/hls_config.cfg(1)
INFO: [HLS 200-1611] Setting target device to 'xcu200-fsgd2104-2-e'
INFO: [HLS 200-1465] Applying config ini 'clock=5.0ns' from /home/chengzhy/FormaSyn/examples/vec_add/inter_files/minimal_baseline/hls_config.cfg(4)
INFO: [SYN 201-201] Setting up clock 'default' with a period of 5ns.
INFO: [HLS 200-2176] Writing Vitis IDE component file /home/chengzhy/FormaSyn/examples/vec_add/inter_files/minimal_baseline/work/vitis-comp.json
INFO: [HLS 200-111] Finished File checks and directory preparation: CPU user time: 1.55 seconds. CPU system time: 0.59 seconds. Elapsed time: 2.25 seconds; current allocated memory: 257.867 MB.
INFO: [HLS 200-10] Analyzing design file 'kernel.cpp' ... 
INFO: [HLS 200-111] Finished Source Code Analysis and Preprocessing: CPU user time: 1.82 seconds. CPU system time: 0.71 seconds. Elapsed time: 2.54 seconds; current allocated memory: 259.871 MB.
INFO: [HLS 200-777] Using interface defaults for 'Vitis' flow target.
INFO: [HLS 200-1995] There were 225 instructions in the design after the 'Compile/Link' phase of compilation. See the Design Size Report for more details (/home/chengzhy/FormaSyn/examples/vec_add/inter_files/minimal_baseline/work/hls/syn/report/csynth_design_size.rpt:2)
INFO: [HLS 200-1995] There were 353 instructions in the design after the 'Unroll/Inline (step 1)' phase of compilation. See the Design Size Report for more details (/home/chengzhy/FormaSyn/examples/vec_add/inter_files/minimal_baseline/work/hls/syn/report/csynth_design_size.rpt:2)
INFO: [HLS 200-1995] There were 222 instructions in the design after the 'Unroll/Inline (step 2)' phase of compilation. See the Design Size Report for more details (/home/chengzhy/FormaSyn/examples/vec_add/inter_files/minimal_baseline/work/hls/syn/report/csynth_design_size.rpt:2)
INFO: [HLS 200-1995] There were 233 instructions in the design after the 'Unroll/Inline (step 3)' phase of compilation. See the Design Size Report for more details (/home/chengzhy/FormaSyn/examples/vec_add/inter_files/minimal_baseline/work/hls/syn/report/csynth_design_size.rpt:2)
INFO: [HLS 200-1995] There were 233 instructions in the design after the 'Unroll/Inline (step 4)' phase of compilation. See the Design Size Report for more details (/home/chengzhy/FormaSyn/examples/vec_add/inter_files/minimal_baseline/work/hls/syn/report/csynth_design_size.rpt:2)
INFO: [HLS 200-1995] There were 236 instructions in the design after the 'Array/Struct (step 1)' phase of compilation. See the Design Size Report for more details (/home/chengzhy/FormaSyn/examples/vec_add/inter_files/minimal_baseline/work/hls/syn/report/csynth_design_size.rpt:2)
INFO: [HLS 200-1995] There were 236 instructions in the design after the 'Array/Struct (step 2)' phase of compilation. See the Design Size Report for more details (/home/chengzhy/FormaSyn/examples/vec_add/inter_files/minimal_baseline/work/hls/syn/report/csynth_design_size.rpt:2)
INFO: [HLS 200-1995] There were 236 instructions in the design after the 'Array/Struct (step 3)' phase of compilation. See the Design Size Report for more details (/home/chengzhy/FormaSyn/examples/vec_add/inter_files/minimal_baseline/work/hls/syn/report/csynth_design_size.rpt:2)
INFO: [HLS 200-1995] There were 236 instructions in the design after the 'Array/Struct (step 4)' phase of compilation. See the Design Size Report for more details (/home/chengzhy/FormaSyn/examples/vec_add/inter_files/minimal_baseline/work/hls/syn/report/csynth_design_size.rpt:2)
INFO: [HLS 200-1995] There were 276 instructions in the design after the 'Array/Struct (step 5)' phase of compilation. See the Design Size Report for more details (/home/chengzhy/FormaSyn/examples/vec_add/inter_files/minimal_baseline/work/hls/syn/report/csynth_design_size.rpt:2)
INFO: [HLS 200-1995] There were 257 instructions in the design after the 'Performance (step 1)' phase of compilation. See the Design Size Report for more details (/home/chengzhy/FormaSyn/examples/vec_add/inter_files/minimal_baseline/work/hls/syn/report/csynth_design_size.rpt:2)
INFO: [HLS 200-1995] There were 257 instructions in the design after the 'Performance (step 2)' phase of compilation. See the Design Size Report for more details (/home/chengzhy/FormaSyn/examples/vec_add/inter_files/minimal_baseline/work/hls/syn/report/csynth_design_size.rpt:2)
INFO: [HLS 200-1995] There were 257 instructions in the design after the 'Performance (step 3)' phase of compilation. See the Design Size Report for more details (/home/chengzhy/FormaSyn/examples/vec_add/inter_files/minimal_baseline/work/hls/syn/report/csynth_design_size.rpt:2)
INFO: [HLS 200-1995] There were 257 instructions in the design after the 'Performance (step 4)' phase of compilation. See the Design Size Report for more details (/home/chengzhy/FormaSyn/examples/vec_add/inter_files/minimal_baseline/work/hls/syn/report/csynth_design_size.rpt:2)
INFO: [HLS 200-1995] There were 258 instructions in the design after the 'HW Transforms (step 1)' phase of compilation. See the Design Size Report for more details (/home/chengzhy/FormaSyn/examples/vec_add/inter_files/minimal_baseline/work/hls/syn/report/csynth_design_size.rpt:2)
INFO: [HLS 200-1995] There were 260 instructions in the design after the 'HW Transforms (step 2)' phase of compilation. See the Design Size Report for more details (/home/chengzhy/FormaSyn/examples/vec_add/inter_files/minimal_baseline/work/hls/syn/report/csynth_design_size.rpt:2)
INFO: [HLS 214-291] Loop 'VITIS_LOOP_11_1' is marked as complete unroll implied by the pipeline pragma (kernel.cpp:11:19)
INFO: [HLS 214-186] Unrolling loop 'VITIS_LOOP_11_1' (kernel.cpp:11:19) in function 'kernel' completely with a factor of 16 (kernel.cpp:9:0)
WARNING: [HLS 214-414] Cannot apply interface mode 'ap_none' on function argument 'a' since this interface mode only supports scalar types (kernel.cpp:9:0)
WARNING: [HLS 214-414] Cannot apply interface mode 'ap_none' on function argument 'b' since this interface mode only supports scalar types (kernel.cpp:9:0)
WARNING: [HLS 214-414] Cannot apply interface mode 'ap_none' on function argument 'c' since this interface mode only supports scalar types (kernel.cpp:9:0)
INFO: [HLS 200-111] Finished Compiling Optimization and Transform: CPU user time: 1.92 seconds. CPU system time: 0.59 seconds. Elapsed time: 7.08 seconds; current allocated memory: 261.844 MB.
INFO: [HLS 200-111] Finished Checking Pragmas: CPU user time: 0 seconds. CPU system time: 0 seconds. Elapsed time: 0 seconds; current allocated memory: 261.844 MB.
INFO: [HLS 200-10] Starting code transformations ...
INFO: [HLS 200-111] Finished Standard Transforms: CPU user time: 0.01 seconds. CPU system time: 0 seconds. Elapsed time: 0.02 seconds; current allocated memory: 261.988 MB.
INFO: [HLS 200-10] Checking synthesizability ...
INFO: [HLS 200-111] Finished Checking Synthesizability: CPU user time: 0.01 seconds. CPU system time: 0 seconds. Elapsed time: 0.01 seconds; current allocated memory: 262.031 MB.
INFO: [XFORM 203-11] Balancing expressions in function 'kernel' (kernel.cpp:5:1)...14 expression(s) balanced.
INFO: [HLS 200-111] Finished Loop, function and other optimizations: CPU user time: 0.04 seconds. CPU system time: 0.02 seconds. Elapsed time: 0.05 seconds; current allocated memory: 282.918 MB.
INFO: [HLS 200-111] Finished Architecture Synthesis: CPU user time: 0.03 seconds. CPU system time: 0 seconds. Elapsed time: 0.02 seconds; current allocated memory: 282.918 MB.
INFO: [HLS 200-10] Starting hardware synthesis ...
INFO: [HLS 200-10] Synthesizing 'kernel' ...
INFO: [HLS 200-10] ----------------------------------------------------------------
INFO: [HLS 200-42] -- Implementing module 'kernel' 
INFO: [HLS 200-10] ----------------------------------------------------------------
INFO: [SCHED 204-11] Starting scheduling ...
INFO: [SCHED 204-61] Pipelining function 'kernel'.
INFO: [HLS 200-1470] Pipelining result : Target II = 16, Final II = 16, Depth = 144, function 'kernel'
INFO: [SCHED 204-11] Finished scheduling.
INFO: [HLS 200-111] Finished Scheduling: CPU user time: 0.05 seconds. CPU system time: 0.01 seconds. Elapsed time: 0.08 seconds; current allocated memory: 282.918 MB.
INFO: [BIND 205-100] Starting micro-architecture generation ...
INFO: [BIND 205-101] Performing variable lifetime analysis.
INFO: [BIND 205-101] Exploring resource sharing.
INFO: [BIND 205-101] Binding ...
INFO: [BIND 205-100] Finished micro-architecture generation.
INFO: [HLS 200-111] Finished Binding: CPU user time: 0.04 seconds. CPU system time: 0.01 seconds. Elapsed time: 0.04 seconds; current allocated memory: 282.918 MB.
INFO: [HLS 200-10] ----------------------------------------------------------------
INFO: [HLS 200-10] -- Generating RTL for module 'kernel' 
INFO: [HLS 200-10] ----------------------------------------------------------------
WARNING: [RTGEN 206-101] Design contains AXI ports. Reset is fixed to synchronous and active low.
INFO: [RTGEN 206-500] Setting interface mode on port 'kernel/gmem' to 'm_axi'.
INFO: [RTGEN 206-500] Setting interface mode on port 'kernel/a' to 's_axilite & ap_none'.
INFO: [RTGEN 206-500] Setting interface mode on port 'kernel/b' to 's_axilite & ap_none'.
INFO: [RTGEN 206-500] Setting interface mode on port 'kernel/c' to 's_axilite & ap_none'.
INFO: [RTGEN 206-500] Setting interface mode on function 'kernel' to 's_axilite & ap_ctrl_chain'.
INFO: [HLS 200-1030] Apply Unified Pipeline Control on module 'kernel' pipeline 'kernel' pipeline type 'function pipeline'
INFO: [RTGEN 206-100] Bundling port 'a', 'b', 'c' and 'return' to AXI-Lite port control.
INFO: [RTGEN 206-100] Finished creating RTL model for 'kernel'.
INFO: [HLS 200-111] Finished Creating RTL model: CPU user time: 0.07 seconds. CPU system time: 0 seconds. Elapsed time: 0.08 seconds; current allocated memory: 282.918 MB.
INFO: [HLS 200-111] Finished Generating all RTL models: CPU user time: 0.31 seconds. CPU system time: 0.01 seconds. Elapsed time: 0.32 seconds; current allocated memory: 282.918 MB.
INFO: [HLS 200-111] Finished Updating report files: CPU user time: 0.29 seconds. CPU system time: 0.09 seconds. Elapsed time: 0.38 seconds; current allocated memory: 283.652 MB.
INFO: [VHDL 208-304] Generating VHDL RTL for kernel.
INFO: [VLOG 209-307] Generating Verilog RTL for kernel.
INFO: [HLS 200-789] **** Estimated Fmax: 273.97 MHz
INFO: [IMPL 213-8] Exporting RTL as a Vivado IP.

****** Vivado v2025.1 (64-bit)
  **** SW Build 6140274 on Wed May 21 22:58:25 MDT 2025
  **** IP Build 6138677 on Thu May 22 03:10:11 MDT 2025
  **** SharedData Build 6139179 on Tue May 20 17:58:58 MDT 2025
  **** Start of session at: Thu Apr  2 06:57:48 2026
    ** Copyright 1986-2022 Xilinx, Inc. All Rights Reserved.
    ** Copyright 2022-2025 Advanced Micro Devices, Inc. All Rights Reserved.

source run_ippack.tcl -notrace
INFO: calling package_hls_ip ip_types=vitis sysgen json_file=/home/chengzhy/FormaSyn/examples/vec_add/inter_files/minimal_baseline/work/hls/hls_data.json outdir=/home/chengzhy/FormaSyn/examples/vec_add/inter_files/minimal_baseline/work/hls/impl/ip srcdir=/home/chengzhy/FormaSyn/examples/vec_add/inter_files/minimal_baseline/work/hls ippack_options_dict= ippack_options_dict=
INFO: Copied 1 ipmisc file(s) to /home/chengzhy/FormaSyn/examples/vec_add/inter_files/minimal_baseline/work/hls/impl/ip/misc
INFO: Copied 3 verilog file(s) to /home/chengzhy/FormaSyn/examples/vec_add/inter_files/minimal_baseline/work/hls/impl/ip/hdl/verilog
INFO: Copied 3 vhdl file(s) to /home/chengzhy/FormaSyn/examples/vec_add/inter_files/minimal_baseline/work/hls/impl/ip/hdl/vhdl
INFO: Copied 10 swdriver file(s) to /home/chengzhy/FormaSyn/examples/vec_add/inter_files/minimal_baseline/work/hls/impl/ip/drivers
WARNING: [Common 17-1496] Vivado tclapp support version doesn't have install/uninstall hooks. Please update support using ::tclapp::update_support command.
WARNING: [Common 17-1496] Vivado tclapp support version doesn't have install/uninstall hooks. Please update support using ::tclapp::update_support command.
WARNING: [Common 17-1496] Vivado tclapp support version doesn't have install/uninstall hooks. Please update support using ::tclapp::update_support command.
WARNING: [Common 17-1496] Vivado tclapp support version doesn't have install/uninstall hooks. Please update support using ::tclapp::update_support command.
WARNING: [Common 17-1496] Vivado tclapp support version doesn't have install/uninstall hooks. Please update support using ::tclapp::update_support command.
WARNING: [Common 17-1496] Vivado tclapp support version doesn't have install/uninstall hooks. Please update support using ::tclapp::update_support command.
INFO: Import ports from HDL: /home/chengzhy/FormaSyn/examples/vec_add/inter_files/minimal_baseline/work/hls/impl/ip/hdl/vhdl/kernel.vhd (kernel)
INFO: Add axi4lite interface s_axi_control
INFO: Add clock interface ap_clk
INFO: Add reset interface ap_rst_n
INFO: Add interrupt interface interrupt
INFO: [IP_Flow 19-234] Refreshing IP repositories
INFO: [IP_Flow 19-1704] No user IP repositories specified
INFO: [IP_Flow 19-2313] Loaded Vivado IP repository '/tools/Xilinx/2025.1/Vivado/data/ip'.
INFO: Add axi4full interface m_axi_gmem
INFO: Calling post_process_vitis to specialize IP
INFO: Calling post_process_sysgen to specialize IP
Generating sysgen info xml from json file
INFO: Created IP /home/chengzhy/FormaSyn/examples/vec_add/inter_files/minimal_baseline/work/hls/impl/ip/component.xml
INFO: Created IP archive /home/chengzhy/FormaSyn/examples/vec_add/inter_files/minimal_baseline/work/hls/impl/ip/xilinx_com_hls_kernel_1_0.zip
INFO: [Common 17-206] Exiting Vivado at Thu Apr  2 06:57:52 2026...
INFO: [HLS 200-802] Generated output file work/kernel.zip
INFO: [HLS 200-112] Total CPU user time: 17.84 seconds. Total CPU system time: 4.17 seconds. Total elapsed time: 39.65 seconds; peak allocated memory: 287.035 MB.
INFO: [v++ 60-791] Total elapsed time: 0h 0m 44s
