  **** HLS Build v2025.1 6135595
INFO: [HLS 200-2005] Using work_dir /home/chengzhy/FormaSyn/examples/vec_add/inter_files/minimal_baseline/work 
INFO: [HLS 200-2176] Writing Vitis IDE component file /home/chengzhy/FormaSyn/examples/vec_add/inter_files/minimal_baseline/work/vitis-comp.json
INFO: [HLS 200-10] Creating and opening component '/home/chengzhy/FormaSyn/examples/vec_add/inter_files/minimal_baseline/work'.
INFO: [HLS 200-1505] Using default flow_target 'vivado'
Resolution: For help on HLS 200-1505 see docs.xilinx.com/access/sources/dita/topic?Doc_Version=2025.1%20English&url=ug1448-hls-guidance&resourceid=200-1505.html
INFO: [HLS 200-2174] Applying component config ini file /home/chengzhy/FormaSyn/examples/vec_add/inter_files/minimal_baseline/hls_config.cfg
INFO: [HLS 200-1465] Applying config ini 'syn.file=kernel.cpp' from /home/chengzhy/FormaSyn/examples/vec_add/inter_files/minimal_baseline/hls_config.cfg(7)
INFO: [HLS 200-10] Adding design file '/home/chengzhy/FormaSyn/examples/vec_add/inter_files/minimal_baseline/kernel.cpp' to the project
INFO: [HLS 200-1465] Applying config ini 'tb.file=kernel_tb.cpp' from /home/chengzhy/FormaSyn/examples/vec_add/inter_files/minimal_baseline/hls_config.cfg(8)
INFO: [HLS 200-10] Adding test bench file '/home/chengzhy/FormaSyn/examples/vec_add/inter_files/minimal_baseline/kernel_tb.cpp' to the project
INFO: [HLS 200-1465] Applying config ini 'syn.top=kernel' from /home/chengzhy/FormaSyn/examples/vec_add/inter_files/minimal_baseline/hls_config.cfg(6)
INFO: [HLS 200-1465] Applying config ini 'flow_target=vitis' from /home/chengzhy/FormaSyn/examples/vec_add/inter_files/minimal_baseline/hls_config.cfg(5)
INFO: [HLS 200-1505] Using flow_target 'vitis'
Resolution: For help on HLS 200-1505 see docs.xilinx.com/access/sources/dita/topic?Doc_Version=2025.1%20English&url=ug1448-hls-guidance&resourceid=200-1505.html
INFO: [HLS 200-435] Setting 'open_solution -flow_target vitis' configuration: config_interface -m_axi_latency=64
INFO: [HLS 200-435] Setting 'open_solution -flow_target vitis' configuration: config_interface -m_axi_alignment_byte_size=64
INFO: [HLS 200-435] Setting 'open_solution -flow_target vitis' configuration: config_interface -m_axi_max_widen_bitwidth=512
INFO: [HLS 200-435] Setting 'open_solution -flow_target vitis' configuration: config_rtl -register_reset_num=3
INFO: [HLS 200-1465] Applying config ini 'part=xcu200-fsgd2104-2-e' from /home/chengzhy/FormaSyn/examples/vec_add/inter_files/minimal_baseline/hls_config.cfg(1)
INFO: [HLS 200-1611] Setting target device to 'xcu200-fsgd2104-2-e'
INFO: [HLS 200-1465] Applying config ini 'clock=5.0ns' from /home/chengzhy/FormaSyn/examples/vec_add/inter_files/minimal_baseline/hls_config.cfg(4)
INFO: [SYN 201-201] Setting up clock 'default' with a period of 5ns.
INFO: [HLS 200-2176] Writing Vitis IDE component file /home/chengzhy/FormaSyn/examples/vec_add/inter_files/minimal_baseline/work/vitis-comp.json
INFO: [SIM 211-2] *************** CSIM start ***************
INFO: [SIM 211-4] CSIM will launch CLANG as the compiler.
INFO: [HLS 200-2036] Building debug C Simulation binaries
   Compiling ../../../../kernel_tb.cpp in debug mode
   Compiling ../../../../kernel.cpp in debug mode
   Generating csim.exe
@@OUTPUT c:-5,-2,1,4,7,10,13,16,19,22,25,28,31,34,37,40
@@MISMATCH 0
INFO: [SIM 211-1] CSim done with 0 errors.
INFO: [SIM 211-3] *************** CSIM finish ***************
INFO: [HLS 200-112] Total CPU user time: 4.26 seconds. Total CPU system time: 1.19 seconds. Total elapsed time: 5.36 seconds; peak allocated memory: 260.902 MB.
INFO: [vitis-run 60-791] Total elapsed time: 0h 0m 10s
