================================================================
== Design Size Report
================================================================

* Total Instructions per Compilation Phase
+---------------+-----------------------------+--------------+----------------------------------------------------------------------------------------+
| Phase         | Step                        | Instructions | Description                                                                            |
+---------------+-----------------------------+--------------+----------------------------------------------------------------------------------------+
| Compile/Link  |                             | 225          | After all functions are compiled and linked into a single design                       |
|               |                             |              |                                                                                        |
| Unroll/Inline |                             |              | After user unroll and inline pragmas are applied                                       |
|               | (1) unroll                  | 353          | user unroll pragmas are applied                                                        |
|               | (2) simplification          | 222          | simplification of applied user unroll pragmas                                          |
|               | (3) inline                  | 233          | user inline pragmas are applied                                                        |
|               | (4) simplification          | 233          | simplification of applied user inline pragmas                                          |
|               |                             |              |                                                                                        |
| Array/Struct  |                             |              | After user array partition and struct aggregate/disaggregate pragmas are applied       |
|               | (1) array partition         | 236          | user array partition pragmas are applied                                               |
|               | (2) simplification          | 236          | simplification of applied user array partition & struct aggregate/disaggregate pragmas |
|               | (3) aggregate/disaggregate  | 236          | user struct aggregate/disaggregate pragmas are applied                                 |
|               | (4) array reshape           | 236          | apply array reshape pragmas                                                            |
|               | (5) access patterns         | 276          | array access pattern optmizations                                                      |
|               |                             |              |                                                                                        |
| Performance   |                             |              | After transformations are applied to meet performance pragma targets                   |
|               | (1) loop simplification     | 257          | loop and instruction simplification                                                    |
|               | (2) parallelization         | 257          | loops are unrolled or pipelined to meet performance targets                            |
|               | (3) array partition         | 257          | arrays are partitioned to meet performance targets                                     |
|               | (4) simplification          | 257          | simplification of design after performance transformations                             |
|               |                             |              |                                                                                        |
| HW Transforms |                             |              | After hardware transfomations                                                          |
|               | (1) lowering                | 258          | initial conversion to HW specific instructions                                         |
|               | (2) optimizations           | 260          | high level synthesis optimizations                                                     |
+---------------+-----------------------------+--------------+----------------------------------------------------------------------------------------+

* Instructions per Function for each Compilation Phase
+----------+--------------+--------------+---------------+--------------+-------------+---------------+
| Function | Location     | Compile/Link | Unroll/Inline | Array/Struct | Performance | HW Transforms |
+----------+--------------+--------------+---------------+--------------+-------------+---------------+
|   kernel | kernel.cpp:5 | 225          | 233           | 276          | 257         | 260           |
+----------+--------------+--------------+---------------+--------------+-------------+---------------+

* Design Size Message Settings
+---------------------------------------------+--------+------------------------------------------------------------------+
| Message Setting                             | Value  | Description                                                      |
+---------------------------------------------+--------+------------------------------------------------------------------+
| config_compile -design_size_maximum_warning | 100000 | Show a warning when total design instructions exceeds this value |
+---------------------------------------------+--------+------------------------------------------------------------------+


