Thu Mar 19 03:59:57 2026: Running xcd server. This server was built by gradle.
Thu Mar 19 03:59:57 2026: Server was asked to start on port: '35149'
Thu Mar 19 03:59:57 2026: Server is using token UUID: '4dfd250b-1cdb-4f1e-801f-95ac4788c321'
Thu Mar 19 03:59:57 2026: SESSION_MGR: creating session with session uuid: '6d04a3e9-ade5-4ab9-8d63-1f78fcd2ec76' and name 'default'
Thu Mar 19 03:59:57 2026: Attempting to start server on port '35149'
Thu Mar 19 03:59:57 2026: XCD main fifo: created main fifo '/tmp/xcdmain4dfd250b-1cdb-4f1e-801f-95ac4788c321', fd read = 13
Thu Mar 19 03:59:57 2026: Running Dispatch Server
Thu Mar 19 03:59:57 2026: Version 2.2.0
Thu Mar 19 03:59:58 2026: Dispatch Server: Accepted socket connection from client
Thu Mar 19 03:59:58 2026: Starting Socket connection
Thu Mar 19 03:59:58 2026: EXCHANGE_TOKEN received, server token: 4dfd250b-1cdb-4f1e-801f-95ac4788c321, passed token: 4dfd250b-1cdb-4f1e-801f-95ac4788c321
Thu Mar 19 03:59:58 2026: DISPATCH_HANDLER: Adding handler from function makeHandler in library libxv_system_diagram
Thu Mar 19 03:59:58 2026: SESSION_MGR: creating session with session uuid: '4f8e927c-d05c-4608-b393-d4b6e6e83db9' and name 'vitis-run_compile_work'
Thu Mar 19 03:59:58 2026: KERNEL_SVC: creating session with uuid: '4f8e927c-d05c-4608-b393-d4b6e6e83db9' and name 'vitis-run_compile_work'
Thu Mar 19 03:59:58 2026: GUIDANCE_SMGR: creating guidance session with uuid: '4f8e927c-d05c-4608-b393-d4b6e6e83db9' and name 'vitis-run_compile_work'
Thu Mar 19 03:59:58 2026: SYSTEM_DIAGRAM: creating session with uuid: '4f8e927c-d05c-4608-b393-d4b6e6e83db9' and name 'vitis-run_compile_work'
Thu Mar 19 04:00:02 2026: Dispatch Server: Accepted socket connection from client
Thu Mar 19 04:00:02 2026: Starting Socket connection
Thu Mar 19 04:00:05 2026: SESSION_MGR: closing session for UUID '4f8e927c-d05c-4608-b393-d4b6e6e83db9' with name 'vitis-run_compile_work'
Thu Mar 19 04:00:05 2026: KERNEL_SVC: closing session for UUID '4f8e927c-d05c-4608-b393-d4b6e6e83db9' with name 'vitis-run_compile_work'
Thu Mar 19 04:00:05 2026: GUIDANCE_SMGR: closing session for UUID '4f8e927c-d05c-4608-b393-d4b6e6e83db9' with name 'vitis-run_compile_work'
Thu Mar 19 04:00:05 2026: SYSTEM_DIAGRAM: closing session for UUID '4f8e927c-d05c-4608-b393-d4b6e6e83db9' with name 'vitis-run_compile_work'
Thu Mar 19 04:00:05 2026: STOP_SERVER received, server token: 4dfd250b-1cdb-4f1e-801f-95ac4788c321, passed token: 4dfd250b-1cdb-4f1e-801f-95ac4788c321
Thu Mar 19 04:00:05 2026: Socket received request to stop server.
Thu Mar 19 04:00:05 2026: Dispatch Server: do_await_stop
Thu Mar 19 04:00:05 2026: Dispatch Server: stopping mainFifo_
Thu Mar 19 04:00:05 2026: XCD main fifo: Stopping
Thu Mar 19 04:00:05 2026: XCD main fifo: do_read error code: Operation canceled
Thu Mar 19 04:00:05 2026: XCD main fifo: bytes_transferred: 0
Thu Mar 19 04:00:05 2026: SERVER: destructor for server bound to port 35149
Thu Mar 19 04:00:05 2026: XCD main fifo: Good unlink of /tmp/xcdmain4dfd250b-1cdb-4f1e-801f-95ac4788c321
Thu Mar 19 04:00:05 2026: Server exiting with status 0.
Thu Mar 19 04:00:05 2026: Closing log file.
Thu Mar 19 04:00:11 2026: Running xcd server. This server was built by gradle.
Thu Mar 19 04:00:11 2026: Server was asked to start on port: '39041'
Thu Mar 19 04:00:11 2026: Server is using token UUID: '4b6ffe96-ce60-4a8a-ae8e-e1fd02c110aa'
Thu Mar 19 04:00:11 2026: SESSION_MGR: creating session with session uuid: '6d04a3e9-ade5-4ab9-8d63-1f78fcd2ec76' and name 'default'
Thu Mar 19 04:00:11 2026: Attempting to start server on port '39041'
Thu Mar 19 04:00:11 2026: XCD main fifo: created main fifo '/tmp/xcdmain4b6ffe96-ce60-4a8a-ae8e-e1fd02c110aa', fd read = 13
Thu Mar 19 04:00:11 2026: Running Dispatch Server
Thu Mar 19 04:00:11 2026: Version 2.2.0
Thu Mar 19 04:00:12 2026: Dispatch Server: Accepted socket connection from client
Thu Mar 19 04:00:12 2026: Starting Socket connection
Thu Mar 19 04:00:12 2026: EXCHANGE_TOKEN received, server token: 4b6ffe96-ce60-4a8a-ae8e-e1fd02c110aa, passed token: 4b6ffe96-ce60-4a8a-ae8e-e1fd02c110aa
Thu Mar 19 04:00:12 2026: DISPATCH_HANDLER: Adding handler from function makeHandler in library libxv_system_diagram
Thu Mar 19 04:00:12 2026: SESSION_MGR: creating session with session uuid: '139a2b1b-d376-400e-9e09-65c4164d55a8' and name 'v++_compile_work'
Thu Mar 19 04:00:12 2026: KERNEL_SVC: creating session with uuid: '139a2b1b-d376-400e-9e09-65c4164d55a8' and name 'v++_compile_work'
Thu Mar 19 04:00:12 2026: GUIDANCE_SMGR: creating guidance session with uuid: '139a2b1b-d376-400e-9e09-65c4164d55a8' and name 'v++_compile_work'
Thu Mar 19 04:00:12 2026: SYSTEM_DIAGRAM: creating session with uuid: '139a2b1b-d376-400e-9e09-65c4164d55a8' and name 'v++_compile_work'
Thu Mar 19 04:00:16 2026: Dispatch Server: Accepted socket connection from client
Thu Mar 19 04:00:16 2026: Starting Socket connection
Thu Mar 19 04:00:55 2026: SESSION_MGR: closing session for UUID '139a2b1b-d376-400e-9e09-65c4164d55a8' with name 'v++_compile_work'
Thu Mar 19 04:00:55 2026: KERNEL_SVC: closing session for UUID '139a2b1b-d376-400e-9e09-65c4164d55a8' with name 'v++_compile_work'
Thu Mar 19 04:00:55 2026: GUIDANCE_SMGR: closing session for UUID '139a2b1b-d376-400e-9e09-65c4164d55a8' with name 'v++_compile_work'
Thu Mar 19 04:00:55 2026: SYSTEM_DIAGRAM: closing session for UUID '139a2b1b-d376-400e-9e09-65c4164d55a8' with name 'v++_compile_work'
Thu Mar 19 04:00:55 2026: STOP_SERVER received, server token: 4b6ffe96-ce60-4a8a-ae8e-e1fd02c110aa, passed token: 4b6ffe96-ce60-4a8a-ae8e-e1fd02c110aa
Thu Mar 19 04:00:55 2026: Socket received request to stop server.
Thu Mar 19 04:00:55 2026: Dispatch Server: do_await_stop
Thu Mar 19 04:00:55 2026: Dispatch Server: stopping mainFifo_
Thu Mar 19 04:00:55 2026: XCD main fifo: Stopping
Thu Mar 19 04:00:55 2026: XCD main fifo: do_read error code: Operation canceled
Thu Mar 19 04:00:55 2026: XCD main fifo: bytes_transferred: 0
Thu Mar 19 04:00:55 2026: SERVER: destructor for server bound to port 39041
Thu Mar 19 04:00:55 2026: XCD main fifo: Good unlink of /tmp/xcdmain4b6ffe96-ce60-4a8a-ae8e-e1fd02c110aa
Thu Mar 19 04:00:55 2026: Server exiting with status 0.
Thu Mar 19 04:00:55 2026: Closing log file.
Thu Mar 19 04:01:09 2026: Running xcd server. This server was built by gradle.
Thu Mar 19 04:01:09 2026: Server was asked to start on port: '41179'
Thu Mar 19 04:01:09 2026: Server is using token UUID: 'adc0ee56-3ff4-46f2-aeb0-335321aa274f'
Thu Mar 19 04:01:09 2026: SESSION_MGR: creating session with session uuid: '6d04a3e9-ade5-4ab9-8d63-1f78fcd2ec76' and name 'default'
Thu Mar 19 04:01:09 2026: Attempting to start server on port '41179'
Thu Mar 19 04:01:09 2026: XCD main fifo: created main fifo '/tmp/xcdmainadc0ee56-3ff4-46f2-aeb0-335321aa274f', fd read = 13
Thu Mar 19 04:01:09 2026: Running Dispatch Server
Thu Mar 19 04:01:09 2026: Version 2.2.0
Thu Mar 19 04:01:10 2026: Dispatch Server: Accepted socket connection from client
Thu Mar 19 04:01:10 2026: Starting Socket connection
Thu Mar 19 04:01:10 2026: EXCHANGE_TOKEN received, server token: adc0ee56-3ff4-46f2-aeb0-335321aa274f, passed token: adc0ee56-3ff4-46f2-aeb0-335321aa274f
Thu Mar 19 04:01:10 2026: DISPATCH_HANDLER: Adding handler from function makeHandler in library libxv_system_diagram
Thu Mar 19 04:01:10 2026: SESSION_MGR: creating session with session uuid: '43f105cc-997d-4092-9a26-36946be5b53d' and name 'v++_compile_work'
Thu Mar 19 04:01:10 2026: KERNEL_SVC: creating session with uuid: '43f105cc-997d-4092-9a26-36946be5b53d' and name 'v++_compile_work'
Thu Mar 19 04:01:10 2026: GUIDANCE_SMGR: creating guidance session with uuid: '43f105cc-997d-4092-9a26-36946be5b53d' and name 'v++_compile_work'
Thu Mar 19 04:01:10 2026: SYSTEM_DIAGRAM: creating session with uuid: '43f105cc-997d-4092-9a26-36946be5b53d' and name 'v++_compile_work'
Thu Mar 19 04:01:14 2026: Dispatch Server: Accepted socket connection from client
Thu Mar 19 04:01:14 2026: Starting Socket connection
Thu Mar 19 04:01:52 2026: SESSION_MGR: closing session for UUID '43f105cc-997d-4092-9a26-36946be5b53d' with name 'v++_compile_work'
Thu Mar 19 04:01:52 2026: KERNEL_SVC: closing session for UUID '43f105cc-997d-4092-9a26-36946be5b53d' with name 'v++_compile_work'
Thu Mar 19 04:01:52 2026: GUIDANCE_SMGR: closing session for UUID '43f105cc-997d-4092-9a26-36946be5b53d' with name 'v++_compile_work'
Thu Mar 19 04:01:53 2026: SYSTEM_DIAGRAM: closing session for UUID '43f105cc-997d-4092-9a26-36946be5b53d' with name 'v++_compile_work'
Thu Mar 19 04:01:53 2026: STOP_SERVER received, server token: adc0ee56-3ff4-46f2-aeb0-335321aa274f, passed token: adc0ee56-3ff4-46f2-aeb0-335321aa274f
Thu Mar 19 04:01:53 2026: Socket received request to stop server.
Thu Mar 19 04:01:53 2026: Dispatch Server: do_await_stop
Thu Mar 19 04:01:53 2026: Dispatch Server: stopping mainFifo_
Thu Mar 19 04:01:53 2026: XCD main fifo: Stopping
Thu Mar 19 04:01:53 2026: XCD main fifo: do_read error code: Operation canceled
Thu Mar 19 04:01:53 2026: XCD main fifo: bytes_transferred: 0
Thu Mar 19 04:01:53 2026: SERVER: destructor for server bound to port 41179
Thu Mar 19 04:01:53 2026: XCD main fifo: Good unlink of /tmp/xcdmainadc0ee56-3ff4-46f2-aeb0-335321aa274f
Thu Mar 19 04:01:53 2026: Server exiting with status 0.
Thu Mar 19 04:01:53 2026: Closing log file.
