Thu Apr  2 07:48:42 2026: Running xcd server. This server was built by gradle.
Thu Apr  2 07:48:42 2026: Server was asked to start on port: '36993'
Thu Apr  2 07:48:42 2026: Server is using token UUID: 'db401237-d946-4cdd-96d3-8a7ee14c9c53'
Thu Apr  2 07:48:42 2026: SESSION_MGR: creating session with session uuid: '6d04a3e9-ade5-4ab9-8d63-1f78fcd2ec76' and name 'default'
Thu Apr  2 07:48:42 2026: Attempting to start server on port '36993'
Thu Apr  2 07:48:42 2026: XCD main fifo: created main fifo '/tmp/xcdmaindb401237-d946-4cdd-96d3-8a7ee14c9c53', fd read = 13
Thu Apr  2 07:48:42 2026: Running Dispatch Server
Thu Apr  2 07:48:42 2026: Version 2.2.0
Thu Apr  2 07:48:43 2026: Dispatch Server: Accepted socket connection from client
Thu Apr  2 07:48:43 2026: Starting Socket connection
Thu Apr  2 07:48:43 2026: EXCHANGE_TOKEN received, server token: db401237-d946-4cdd-96d3-8a7ee14c9c53, passed token: db401237-d946-4cdd-96d3-8a7ee14c9c53
Thu Apr  2 07:48:43 2026: DISPATCH_HANDLER: Adding handler from function makeHandler in library libxv_system_diagram
Thu Apr  2 07:48:43 2026: SESSION_MGR: creating session with session uuid: '1bc43824-0285-4997-9707-920c9f967557' and name 'vitis-run_compile_work'
Thu Apr  2 07:48:43 2026: KERNEL_SVC: creating session with uuid: '1bc43824-0285-4997-9707-920c9f967557' and name 'vitis-run_compile_work'
Thu Apr  2 07:48:43 2026: GUIDANCE_SMGR: creating guidance session with uuid: '1bc43824-0285-4997-9707-920c9f967557' and name 'vitis-run_compile_work'
Thu Apr  2 07:48:43 2026: SYSTEM_DIAGRAM: creating session with uuid: '1bc43824-0285-4997-9707-920c9f967557' and name 'vitis-run_compile_work'
Thu Apr  2 07:48:47 2026: Dispatch Server: Accepted socket connection from client
Thu Apr  2 07:48:47 2026: Starting Socket connection
Thu Apr  2 07:48:51 2026: SESSION_MGR: closing session for UUID '1bc43824-0285-4997-9707-920c9f967557' with name 'vitis-run_compile_work'
Thu Apr  2 07:48:51 2026: KERNEL_SVC: closing session for UUID '1bc43824-0285-4997-9707-920c9f967557' with name 'vitis-run_compile_work'
Thu Apr  2 07:48:51 2026: GUIDANCE_SMGR: closing session for UUID '1bc43824-0285-4997-9707-920c9f967557' with name 'vitis-run_compile_work'
Thu Apr  2 07:48:51 2026: SYSTEM_DIAGRAM: closing session for UUID '1bc43824-0285-4997-9707-920c9f967557' with name 'vitis-run_compile_work'
Thu Apr  2 07:48:51 2026: STOP_SERVER received, server token: db401237-d946-4cdd-96d3-8a7ee14c9c53, passed token: db401237-d946-4cdd-96d3-8a7ee14c9c53
Thu Apr  2 07:48:51 2026: Socket received request to stop server.
Thu Apr  2 07:48:51 2026: Dispatch Server: do_await_stop
Thu Apr  2 07:48:51 2026: Dispatch Server: stopping mainFifo_
Thu Apr  2 07:48:51 2026: XCD main fifo: Stopping
Thu Apr  2 07:48:51 2026: XCD main fifo: do_read error code: Operation canceled
Thu Apr  2 07:48:51 2026: XCD main fifo: bytes_transferred: 0
Thu Apr  2 07:48:51 2026: SERVER: destructor for server bound to port 36993
Thu Apr  2 07:48:51 2026: XCD main fifo: Good unlink of /tmp/xcdmaindb401237-d946-4cdd-96d3-8a7ee14c9c53
Thu Apr  2 07:48:51 2026: Server exiting with status 0.
Thu Apr  2 07:48:51 2026: Closing log file.
Thu Apr  2 07:48:57 2026: Running xcd server. This server was built by gradle.
Thu Apr  2 07:48:57 2026: Server was asked to start on port: '42215'
Thu Apr  2 07:48:57 2026: Server is using token UUID: '3761f80f-5484-474f-90ec-ac983351652e'
Thu Apr  2 07:48:57 2026: SESSION_MGR: creating session with session uuid: '6d04a3e9-ade5-4ab9-8d63-1f78fcd2ec76' and name 'default'
Thu Apr  2 07:48:57 2026: Attempting to start server on port '42215'
Thu Apr  2 07:48:57 2026: XCD main fifo: created main fifo '/tmp/xcdmain3761f80f-5484-474f-90ec-ac983351652e', fd read = 13
Thu Apr  2 07:48:57 2026: Running Dispatch Server
Thu Apr  2 07:48:57 2026: Version 2.2.0
Thu Apr  2 07:48:58 2026: Dispatch Server: Accepted socket connection from client
Thu Apr  2 07:48:58 2026: Starting Socket connection
Thu Apr  2 07:48:58 2026: EXCHANGE_TOKEN received, server token: 3761f80f-5484-474f-90ec-ac983351652e, passed token: 3761f80f-5484-474f-90ec-ac983351652e
Thu Apr  2 07:48:58 2026: DISPATCH_HANDLER: Adding handler from function makeHandler in library libxv_system_diagram
Thu Apr  2 07:48:58 2026: SESSION_MGR: creating session with session uuid: '0fcec68b-f2d4-47f2-8c1e-567280c32462' and name 'v++_compile_work'
Thu Apr  2 07:48:58 2026: KERNEL_SVC: creating session with uuid: '0fcec68b-f2d4-47f2-8c1e-567280c32462' and name 'v++_compile_work'
Thu Apr  2 07:48:58 2026: GUIDANCE_SMGR: creating guidance session with uuid: '0fcec68b-f2d4-47f2-8c1e-567280c32462' and name 'v++_compile_work'
Thu Apr  2 07:48:58 2026: SYSTEM_DIAGRAM: creating session with uuid: '0fcec68b-f2d4-47f2-8c1e-567280c32462' and name 'v++_compile_work'
Thu Apr  2 07:49:02 2026: Dispatch Server: Accepted socket connection from client
Thu Apr  2 07:49:02 2026: Starting Socket connection
Thu Apr  2 07:49:29 2026: Running xcd server. This server was built by gradle.
Thu Apr  2 07:49:29 2026: Server was asked to start on port: '45745'
Thu Apr  2 07:49:29 2026: Server is using token UUID: 'fcef5af7-5ec1-4749-8422-9ee56e53a29d'
Thu Apr  2 07:49:29 2026: SESSION_MGR: creating session with session uuid: '6d04a3e9-ade5-4ab9-8d63-1f78fcd2ec76' and name 'default'
Thu Apr  2 07:49:29 2026: Attempting to start server on port '45745'
Thu Apr  2 07:49:29 2026: XCD main fifo: created main fifo '/tmp/xcdmainfcef5af7-5ec1-4749-8422-9ee56e53a29d', fd read = 13
Thu Apr  2 07:49:29 2026: Running Dispatch Server
Thu Apr  2 07:49:29 2026: Version 2.2.0
Thu Apr  2 07:49:30 2026: Dispatch Server: Accepted socket connection from client
Thu Apr  2 07:49:30 2026: Starting Socket connection
Thu Apr  2 07:49:30 2026: EXCHANGE_TOKEN received, server token: fcef5af7-5ec1-4749-8422-9ee56e53a29d, passed token: fcef5af7-5ec1-4749-8422-9ee56e53a29d
Thu Apr  2 07:49:31 2026: DISPATCH_HANDLER: Adding handler from function makeHandler in library libxv_system_diagram
Thu Apr  2 07:49:31 2026: SESSION_MGR: creating session with session uuid: 'a40ace37-8b80-4bb2-93db-c2f1de848198' and name 'vitis-run_compile_work'
Thu Apr  2 07:49:31 2026: KERNEL_SVC: creating session with uuid: 'a40ace37-8b80-4bb2-93db-c2f1de848198' and name 'vitis-run_compile_work'
Thu Apr  2 07:49:31 2026: GUIDANCE_SMGR: creating guidance session with uuid: 'a40ace37-8b80-4bb2-93db-c2f1de848198' and name 'vitis-run_compile_work'
Thu Apr  2 07:49:31 2026: SYSTEM_DIAGRAM: creating session with uuid: 'a40ace37-8b80-4bb2-93db-c2f1de848198' and name 'vitis-run_compile_work'
Thu Apr  2 07:49:34 2026: Dispatch Server: Accepted socket connection from client
Thu Apr  2 07:49:34 2026: Starting Socket connection
Thu Apr  2 07:49:38 2026: SESSION_MGR: closing session for UUID 'a40ace37-8b80-4bb2-93db-c2f1de848198' with name 'vitis-run_compile_work'
Thu Apr  2 07:49:38 2026: KERNEL_SVC: closing session for UUID 'a40ace37-8b80-4bb2-93db-c2f1de848198' with name 'vitis-run_compile_work'
Thu Apr  2 07:49:38 2026: GUIDANCE_SMGR: closing session for UUID 'a40ace37-8b80-4bb2-93db-c2f1de848198' with name 'vitis-run_compile_work'
Thu Apr  2 07:49:38 2026: SYSTEM_DIAGRAM: closing session for UUID 'a40ace37-8b80-4bb2-93db-c2f1de848198' with name 'vitis-run_compile_work'
Thu Apr  2 07:49:38 2026: STOP_SERVER received, server token: fcef5af7-5ec1-4749-8422-9ee56e53a29d, passed token: fcef5af7-5ec1-4749-8422-9ee56e53a29d
Thu Apr  2 07:49:38 2026: Socket received request to stop server.
Thu Apr  2 07:49:38 2026: Dispatch Server: do_await_stop
Thu Apr  2 07:49:38 2026: Dispatch Server: stopping mainFifo_
Thu Apr  2 07:49:38 2026: XCD main fifo: Stopping
Thu Apr  2 07:49:38 2026: XCD main fifo: do_read error code: Operation canceled
Thu Apr  2 07:49:38 2026: XCD main fifo: bytes_transferred: 0
Thu Apr  2 07:49:38 2026: SERVER: destructor for server bound to port 45745
Thu Apr  2 07:49:38 2026: XCD main fifo: Good unlink of /tmp/xcdmainfcef5af7-5ec1-4749-8422-9ee56e53a29d
Thu Apr  2 07:49:38 2026: Server exiting with status 0.
Thu Apr  2 07:49:38 2026: Closing log file.
Thu Apr  2 07:49:40 2026: SESSION_MGR: closing session for UUID '0fcec68b-f2d4-47f2-8c1e-567280c32462' with name 'v++_compile_work'
Thu Apr  2 07:49:40 2026: KERNEL_SVC: closing session for UUID '0fcec68b-f2d4-47f2-8c1e-567280c32462' with name 'v++_compile_work'
Thu Apr  2 07:49:40 2026: GUIDANCE_SMGR: closing session for UUID '0fcec68b-f2d4-47f2-8c1e-567280c32462' with name 'v++_compile_work'
Thu Apr  2 07:49:40 2026: SYSTEM_DIAGRAM: closing session for UUID '0fcec68b-f2d4-47f2-8c1e-567280c32462' with name 'v++_compile_work'
Thu Apr  2 07:49:40 2026: STOP_SERVER received, server token: 3761f80f-5484-474f-90ec-ac983351652e, passed token: 3761f80f-5484-474f-90ec-ac983351652e
Thu Apr  2 07:49:40 2026: Socket received request to stop server.
Thu Apr  2 07:49:40 2026: Dispatch Server: do_await_stop
Thu Apr  2 07:49:40 2026: Dispatch Server: stopping mainFifo_
Thu Apr  2 07:49:40 2026: XCD main fifo: Stopping
Thu Apr  2 07:49:40 2026: XCD main fifo: do_read error code: Operation canceled
Thu Apr  2 07:49:40 2026: XCD main fifo: bytes_transferred: 0
Thu Apr  2 07:49:40 2026: SERVER: destructor for server bound to port 42215
Thu Apr  2 07:49:40 2026: XCD main fifo: Good unlink of /tmp/xcdmain3761f80f-5484-474f-90ec-ac983351652e
Thu Apr  2 07:49:40 2026: Server exiting with status 0.
Thu Apr  2 07:49:40 2026: Closing log file.
Thu Apr  2 07:49:44 2026: Running xcd server. This server was built by gradle.
Thu Apr  2 07:49:44 2026: Server was asked to start on port: '37411'
Thu Apr  2 07:49:44 2026: Server is using token UUID: '4a28d51b-32bc-4d9c-9ad3-66543038e181'
Thu Apr  2 07:49:44 2026: SESSION_MGR: creating session with session uuid: '6d04a3e9-ade5-4ab9-8d63-1f78fcd2ec76' and name 'default'
Thu Apr  2 07:49:44 2026: Attempting to start server on port '37411'
Thu Apr  2 07:49:44 2026: XCD main fifo: created main fifo '/tmp/xcdmain4a28d51b-32bc-4d9c-9ad3-66543038e181', fd read = 13
Thu Apr  2 07:49:44 2026: Running Dispatch Server
Thu Apr  2 07:49:44 2026: Version 2.2.0
Thu Apr  2 07:49:45 2026: Dispatch Server: Accepted socket connection from client
Thu Apr  2 07:49:45 2026: Starting Socket connection
Thu Apr  2 07:49:45 2026: EXCHANGE_TOKEN received, server token: 4a28d51b-32bc-4d9c-9ad3-66543038e181, passed token: 4a28d51b-32bc-4d9c-9ad3-66543038e181
Thu Apr  2 07:49:45 2026: DISPATCH_HANDLER: Adding handler from function makeHandler in library libxv_system_diagram
Thu Apr  2 07:49:45 2026: SESSION_MGR: creating session with session uuid: 'e6f65394-7051-40d0-a4cc-3442a0ef874a' and name 'v++_compile_work'
Thu Apr  2 07:49:45 2026: KERNEL_SVC: creating session with uuid: 'e6f65394-7051-40d0-a4cc-3442a0ef874a' and name 'v++_compile_work'
Thu Apr  2 07:49:45 2026: GUIDANCE_SMGR: creating guidance session with uuid: 'e6f65394-7051-40d0-a4cc-3442a0ef874a' and name 'v++_compile_work'
Thu Apr  2 07:49:45 2026: SYSTEM_DIAGRAM: creating session with uuid: 'e6f65394-7051-40d0-a4cc-3442a0ef874a' and name 'v++_compile_work'
Thu Apr  2 07:49:49 2026: Dispatch Server: Accepted socket connection from client
Thu Apr  2 07:49:49 2026: Starting Socket connection
Thu Apr  2 07:50:27 2026: SESSION_MGR: closing session for UUID 'e6f65394-7051-40d0-a4cc-3442a0ef874a' with name 'v++_compile_work'
Thu Apr  2 07:50:27 2026: KERNEL_SVC: closing session for UUID 'e6f65394-7051-40d0-a4cc-3442a0ef874a' with name 'v++_compile_work'
Thu Apr  2 07:50:27 2026: GUIDANCE_SMGR: closing session for UUID 'e6f65394-7051-40d0-a4cc-3442a0ef874a' with name 'v++_compile_work'
Thu Apr  2 07:50:27 2026: SYSTEM_DIAGRAM: closing session for UUID 'e6f65394-7051-40d0-a4cc-3442a0ef874a' with name 'v++_compile_work'
Thu Apr  2 07:50:27 2026: STOP_SERVER received, server token: 4a28d51b-32bc-4d9c-9ad3-66543038e181, passed token: 4a28d51b-32bc-4d9c-9ad3-66543038e181
Thu Apr  2 07:50:27 2026: Socket received request to stop server.
Thu Apr  2 07:50:27 2026: Dispatch Server: do_await_stop
Thu Apr  2 07:50:27 2026: Dispatch Server: stopping mainFifo_
Thu Apr  2 07:50:27 2026: XCD main fifo: Stopping
Thu Apr  2 07:50:27 2026: XCD main fifo: do_read error code: Operation canceled
Thu Apr  2 07:50:27 2026: XCD main fifo: bytes_transferred: 0
Thu Apr  2 07:50:27 2026: SERVER: destructor for server bound to port 37411
Thu Apr  2 07:50:27 2026: XCD main fifo: Good unlink of /tmp/xcdmain4a28d51b-32bc-4d9c-9ad3-66543038e181
Thu Apr  2 07:50:27 2026: Server exiting with status 0.
Thu Apr  2 07:50:27 2026: Closing log file.
