Thu Mar 19 03:53:22 2026: Running xcd server. This server was built by gradle.
Thu Mar 19 03:53:22 2026: Server was asked to start on port: '44317'
Thu Mar 19 03:53:22 2026: Server is using token UUID: '9c9de479-e6e8-4989-bfef-bf65430fb59b'
Thu Mar 19 03:53:22 2026: SESSION_MGR: creating session with session uuid: '6d04a3e9-ade5-4ab9-8d63-1f78fcd2ec76' and name 'default'
Thu Mar 19 03:53:22 2026: Attempting to start server on port '44317'
Thu Mar 19 03:53:22 2026: XCD main fifo: created main fifo '/tmp/xcdmain9c9de479-e6e8-4989-bfef-bf65430fb59b', fd read = 13
Thu Mar 19 03:53:22 2026: Running Dispatch Server
Thu Mar 19 03:53:22 2026: Version 2.2.0
Thu Mar 19 03:53:22 2026: Dispatch Server: Accepted socket connection from client
Thu Mar 19 03:53:22 2026: Starting Socket connection
Thu Mar 19 03:53:22 2026: EXCHANGE_TOKEN received, server token: 9c9de479-e6e8-4989-bfef-bf65430fb59b, passed token: 9c9de479-e6e8-4989-bfef-bf65430fb59b
Thu Mar 19 03:53:23 2026: DISPATCH_HANDLER: Adding handler from function makeHandler in library libxv_system_diagram
Thu Mar 19 03:53:23 2026: SESSION_MGR: creating session with session uuid: 'e8ecaae0-abc8-4eb3-97a1-b120d35caeb5' and name 'vitis-run_compile_work'
Thu Mar 19 03:53:23 2026: KERNEL_SVC: creating session with uuid: 'e8ecaae0-abc8-4eb3-97a1-b120d35caeb5' and name 'vitis-run_compile_work'
Thu Mar 19 03:53:23 2026: GUIDANCE_SMGR: creating guidance session with uuid: 'e8ecaae0-abc8-4eb3-97a1-b120d35caeb5' and name 'vitis-run_compile_work'
Thu Mar 19 03:53:23 2026: SYSTEM_DIAGRAM: creating session with uuid: 'e8ecaae0-abc8-4eb3-97a1-b120d35caeb5' and name 'vitis-run_compile_work'
Thu Mar 19 03:53:27 2026: Dispatch Server: Accepted socket connection from client
Thu Mar 19 03:53:27 2026: Starting Socket connection
Thu Mar 19 03:53:29 2026: SESSION_MGR: closing session for UUID 'e8ecaae0-abc8-4eb3-97a1-b120d35caeb5' with name 'vitis-run_compile_work'
Thu Mar 19 03:53:29 2026: KERNEL_SVC: closing session for UUID 'e8ecaae0-abc8-4eb3-97a1-b120d35caeb5' with name 'vitis-run_compile_work'
Thu Mar 19 03:53:29 2026: GUIDANCE_SMGR: closing session for UUID 'e8ecaae0-abc8-4eb3-97a1-b120d35caeb5' with name 'vitis-run_compile_work'
Thu Mar 19 03:53:29 2026: SYSTEM_DIAGRAM: closing session for UUID 'e8ecaae0-abc8-4eb3-97a1-b120d35caeb5' with name 'vitis-run_compile_work'
Thu Mar 19 03:53:29 2026: STOP_SERVER received, server token: 9c9de479-e6e8-4989-bfef-bf65430fb59b, passed token: 9c9de479-e6e8-4989-bfef-bf65430fb59b
Thu Mar 19 03:53:29 2026: Socket received request to stop server.
Thu Mar 19 03:53:29 2026: Dispatch Server: do_await_stop
Thu Mar 19 03:53:29 2026: Dispatch Server: stopping mainFifo_
Thu Mar 19 03:53:29 2026: XCD main fifo: Stopping
Thu Mar 19 03:53:29 2026: XCD main fifo: do_read error code: Operation canceled
Thu Mar 19 03:53:29 2026: XCD main fifo: bytes_transferred: 0
Thu Mar 19 03:53:29 2026: SERVER: destructor for server bound to port 44317
Thu Mar 19 03:53:29 2026: XCD main fifo: Good unlink of /tmp/xcdmain9c9de479-e6e8-4989-bfef-bf65430fb59b
Thu Mar 19 03:53:29 2026: Server exiting with status 0.
Thu Mar 19 03:53:29 2026: Closing log file.
Thu Mar 19 03:53:36 2026: Running xcd server. This server was built by gradle.
Thu Mar 19 03:53:36 2026: Server was asked to start on port: '37623'
Thu Mar 19 03:53:36 2026: Server is using token UUID: '782c7d35-9da0-4767-bfd7-53f89cdc6667'
Thu Mar 19 03:53:36 2026: SESSION_MGR: creating session with session uuid: '6d04a3e9-ade5-4ab9-8d63-1f78fcd2ec76' and name 'default'
Thu Mar 19 03:53:36 2026: Attempting to start server on port '37623'
Thu Mar 19 03:53:36 2026: XCD main fifo: created main fifo '/tmp/xcdmain782c7d35-9da0-4767-bfd7-53f89cdc6667', fd read = 13
Thu Mar 19 03:53:36 2026: Running Dispatch Server
Thu Mar 19 03:53:36 2026: Version 2.2.0
Thu Mar 19 03:53:37 2026: Dispatch Server: Accepted socket connection from client
Thu Mar 19 03:53:37 2026: Starting Socket connection
Thu Mar 19 03:53:37 2026: EXCHANGE_TOKEN received, server token: 782c7d35-9da0-4767-bfd7-53f89cdc6667, passed token: 782c7d35-9da0-4767-bfd7-53f89cdc6667
Thu Mar 19 03:53:37 2026: DISPATCH_HANDLER: Adding handler from function makeHandler in library libxv_system_diagram
Thu Mar 19 03:53:37 2026: SESSION_MGR: creating session with session uuid: '285f12e0-d59b-4a40-abb0-d7fa2658eac4' and name 'v++_compile_work'
Thu Mar 19 03:53:37 2026: KERNEL_SVC: creating session with uuid: '285f12e0-d59b-4a40-abb0-d7fa2658eac4' and name 'v++_compile_work'
Thu Mar 19 03:53:37 2026: GUIDANCE_SMGR: creating guidance session with uuid: '285f12e0-d59b-4a40-abb0-d7fa2658eac4' and name 'v++_compile_work'
Thu Mar 19 03:53:37 2026: SYSTEM_DIAGRAM: creating session with uuid: '285f12e0-d59b-4a40-abb0-d7fa2658eac4' and name 'v++_compile_work'
Thu Mar 19 03:53:41 2026: Dispatch Server: Accepted socket connection from client
Thu Mar 19 03:53:41 2026: Starting Socket connection
Thu Mar 19 03:54:20 2026: SESSION_MGR: closing session for UUID '285f12e0-d59b-4a40-abb0-d7fa2658eac4' with name 'v++_compile_work'
Thu Mar 19 03:54:20 2026: KERNEL_SVC: closing session for UUID '285f12e0-d59b-4a40-abb0-d7fa2658eac4' with name 'v++_compile_work'
Thu Mar 19 03:54:20 2026: GUIDANCE_SMGR: closing session for UUID '285f12e0-d59b-4a40-abb0-d7fa2658eac4' with name 'v++_compile_work'
Thu Mar 19 03:54:20 2026: SYSTEM_DIAGRAM: closing session for UUID '285f12e0-d59b-4a40-abb0-d7fa2658eac4' with name 'v++_compile_work'
Thu Mar 19 03:54:20 2026: STOP_SERVER received, server token: 782c7d35-9da0-4767-bfd7-53f89cdc6667, passed token: 782c7d35-9da0-4767-bfd7-53f89cdc6667
Thu Mar 19 03:54:20 2026: Socket received request to stop server.
Thu Mar 19 03:54:20 2026: Dispatch Server: do_await_stop
Thu Mar 19 03:54:20 2026: Dispatch Server: stopping mainFifo_
Thu Mar 19 03:54:20 2026: XCD main fifo: Stopping
Thu Mar 19 03:54:20 2026: XCD main fifo: do_read error code: Operation canceled
Thu Mar 19 03:54:20 2026: XCD main fifo: bytes_transferred: 0
Thu Mar 19 03:54:20 2026: SERVER: destructor for server bound to port 37623
Thu Mar 19 03:54:20 2026: XCD main fifo: Good unlink of /tmp/xcdmain782c7d35-9da0-4767-bfd7-53f89cdc6667
Thu Mar 19 03:54:20 2026: Server exiting with status 0.
Thu Mar 19 03:54:20 2026: Closing log file.
Thu Mar 19 03:54:34 2026: Running xcd server. This server was built by gradle.
Thu Mar 19 03:54:34 2026: Server was asked to start on port: '39525'
Thu Mar 19 03:54:34 2026: Server is using token UUID: 'd97db26c-e2d7-4369-be91-4086acee9739'
Thu Mar 19 03:54:34 2026: SESSION_MGR: creating session with session uuid: '6d04a3e9-ade5-4ab9-8d63-1f78fcd2ec76' and name 'default'
Thu Mar 19 03:54:34 2026: Attempting to start server on port '39525'
Thu Mar 19 03:54:34 2026: XCD main fifo: created main fifo '/tmp/xcdmaind97db26c-e2d7-4369-be91-4086acee9739', fd read = 13
Thu Mar 19 03:54:34 2026: Running Dispatch Server
Thu Mar 19 03:54:34 2026: Version 2.2.0
Thu Mar 19 03:54:35 2026: Dispatch Server: Accepted socket connection from client
Thu Mar 19 03:54:35 2026: Starting Socket connection
Thu Mar 19 03:54:35 2026: EXCHANGE_TOKEN received, server token: d97db26c-e2d7-4369-be91-4086acee9739, passed token: d97db26c-e2d7-4369-be91-4086acee9739
Thu Mar 19 03:54:35 2026: DISPATCH_HANDLER: Adding handler from function makeHandler in library libxv_system_diagram
Thu Mar 19 03:54:35 2026: SESSION_MGR: creating session with session uuid: 'f0e9461e-01db-4a2a-bd97-856486ca5629' and name 'v++_compile_work'
Thu Mar 19 03:54:35 2026: KERNEL_SVC: creating session with uuid: 'f0e9461e-01db-4a2a-bd97-856486ca5629' and name 'v++_compile_work'
Thu Mar 19 03:54:35 2026: GUIDANCE_SMGR: creating guidance session with uuid: 'f0e9461e-01db-4a2a-bd97-856486ca5629' and name 'v++_compile_work'
Thu Mar 19 03:54:35 2026: SYSTEM_DIAGRAM: creating session with uuid: 'f0e9461e-01db-4a2a-bd97-856486ca5629' and name 'v++_compile_work'
Thu Mar 19 03:54:39 2026: Dispatch Server: Accepted socket connection from client
Thu Mar 19 03:54:39 2026: Starting Socket connection
Thu Mar 19 03:55:18 2026: SESSION_MGR: closing session for UUID 'f0e9461e-01db-4a2a-bd97-856486ca5629' with name 'v++_compile_work'
Thu Mar 19 03:55:18 2026: KERNEL_SVC: closing session for UUID 'f0e9461e-01db-4a2a-bd97-856486ca5629' with name 'v++_compile_work'
Thu Mar 19 03:55:18 2026: GUIDANCE_SMGR: closing session for UUID 'f0e9461e-01db-4a2a-bd97-856486ca5629' with name 'v++_compile_work'
Thu Mar 19 03:55:18 2026: SYSTEM_DIAGRAM: closing session for UUID 'f0e9461e-01db-4a2a-bd97-856486ca5629' with name 'v++_compile_work'
Thu Mar 19 03:55:18 2026: STOP_SERVER received, server token: d97db26c-e2d7-4369-be91-4086acee9739, passed token: d97db26c-e2d7-4369-be91-4086acee9739
Thu Mar 19 03:55:18 2026: Socket received request to stop server.
Thu Mar 19 03:55:18 2026: Dispatch Server: do_await_stop
Thu Mar 19 03:55:18 2026: Dispatch Server: stopping mainFifo_
Thu Mar 19 03:55:18 2026: XCD main fifo: Stopping
Thu Mar 19 03:55:18 2026: XCD main fifo: do_read error code: Operation canceled
Thu Mar 19 03:55:18 2026: XCD main fifo: bytes_transferred: 0
Thu Mar 19 03:55:18 2026: SERVER: destructor for server bound to port 39525
Thu Mar 19 03:55:18 2026: XCD main fifo: Good unlink of /tmp/xcdmaind97db26c-e2d7-4369-be91-4086acee9739
Thu Mar 19 03:55:18 2026: Server exiting with status 0.
Thu Mar 19 03:55:18 2026: Closing log file.
