================================================================
== Design Size Report
================================================================

* Total Instructions per Compilation Phase
+---------------+-----------------------------+--------------+----------------------------------------------------------------------------------------+
| Phase         | Step                        | Instructions | Description                                                                            |
+---------------+-----------------------------+--------------+----------------------------------------------------------------------------------------+
| Compile/Link  |                             | 163          | After all functions are compiled and linked into a single design                       |
|               |                             |              |                                                                                        |
| Unroll/Inline |                             |              | After user unroll and inline pragmas are applied                                       |
|               | (1) unroll                  | 150          | user unroll pragmas are applied                                                        |
|               | (2) simplification          | 132          | simplification of applied user unroll pragmas                                          |
|               | (3) inline                  | 125          | user inline pragmas are applied                                                        |
|               | (4) simplification          | 125          | simplification of applied user inline pragmas                                          |
|               |                             |              |                                                                                        |
| Array/Struct  |                             |              | After user array partition and struct aggregate/disaggregate pragmas are applied       |
|               | (1) array partition         | 529          | user array partition pragmas are applied                                               |
|               | (2) simplification          | 169          | simplification of applied user array partition & struct aggregate/disaggregate pragmas |
|               | (3) aggregate/disaggregate  | 169          | user struct aggregate/disaggregate pragmas are applied                                 |
|               | (4) array reshape           | 169          | apply array reshape pragmas                                                            |
|               | (5) access patterns         | 296          | array access pattern optmizations                                                      |
|               |                             |              |                                                                                        |
| Performance   |                             |              | After transformations are applied to meet performance pragma targets                   |
|               | (1) loop simplification     | 272          | loop and instruction simplification                                                    |
|               | (2) parallelization         | 264          | loops are unrolled or pipelined to meet performance targets                            |
|               | (3) array partition         | 264          | arrays are partitioned to meet performance targets                                     |
|               | (4) simplification          | 264          | simplification of design after performance transformations                             |
|               |                             |              |                                                                                        |
| HW Transforms |                             |              | After hardware transfomations                                                          |
|               | (1) lowering                | 336          | initial conversion to HW specific instructions                                         |
|               | (2) optimizations           | 341          | high level synthesis optimizations                                                     |
+---------------+-----------------------------+--------------+----------------------------------------------------------------------------------------+

* Instructions per Function for each Compilation Phase
+----------+--------------+--------------+---------------+--------------+-------------+---------------+
| Function | Location     | Compile/Link | Unroll/Inline | Array/Struct | Performance | HW Transforms |
+----------+--------------+--------------+---------------+--------------+-------------+---------------+
|   kernel | kernel.cpp:5 | 163          | 125           | 296          | 264         | 341           |
+----------+--------------+--------------+---------------+--------------+-------------+---------------+

* Design Size Message Settings
+---------------------------------------------+--------+------------------------------------------------------------------+
| Message Setting                             | Value  | Description                                                      |
+---------------------------------------------+--------+------------------------------------------------------------------+
| config_compile -design_size_maximum_warning | 100000 | Show a warning when total design instructions exceeds this value |
+---------------------------------------------+--------+------------------------------------------------------------------+


