Thu Mar 19 03:30:22 2026: Running xcd server. This server was built by gradle.
Thu Mar 19 03:30:22 2026: Server was asked to start on port: '46167'
Thu Mar 19 03:30:22 2026: Server is using token UUID: 'b2187d96-f750-4e07-a5b8-df2597275551'
Thu Mar 19 03:30:22 2026: SESSION_MGR: creating session with session uuid: '6d04a3e9-ade5-4ab9-8d63-1f78fcd2ec76' and name 'default'
Thu Mar 19 03:30:22 2026: Attempting to start server on port '46167'
Thu Mar 19 03:30:22 2026: XCD main fifo: created main fifo '/tmp/xcdmainb2187d96-f750-4e07-a5b8-df2597275551', fd read = 13
Thu Mar 19 03:30:22 2026: Running Dispatch Server
Thu Mar 19 03:30:22 2026: Version 2.2.0
Thu Mar 19 03:30:23 2026: Dispatch Server: Accepted socket connection from client
Thu Mar 19 03:30:23 2026: Starting Socket connection
Thu Mar 19 03:30:23 2026: EXCHANGE_TOKEN received, server token: b2187d96-f750-4e07-a5b8-df2597275551, passed token: b2187d96-f750-4e07-a5b8-df2597275551
Thu Mar 19 03:30:23 2026: DISPATCH_HANDLER: Adding handler from function makeHandler in library libxv_system_diagram
Thu Mar 19 03:30:23 2026: SESSION_MGR: creating session with session uuid: '90d0bd1e-2dfc-46dc-bdb1-af6f99b0d897' and name 'vitis-run_compile_work'
Thu Mar 19 03:30:23 2026: KERNEL_SVC: creating session with uuid: '90d0bd1e-2dfc-46dc-bdb1-af6f99b0d897' and name 'vitis-run_compile_work'
Thu Mar 19 03:30:23 2026: GUIDANCE_SMGR: creating guidance session with uuid: '90d0bd1e-2dfc-46dc-bdb1-af6f99b0d897' and name 'vitis-run_compile_work'
Thu Mar 19 03:30:23 2026: SYSTEM_DIAGRAM: creating session with uuid: '90d0bd1e-2dfc-46dc-bdb1-af6f99b0d897' and name 'vitis-run_compile_work'
Thu Mar 19 03:30:27 2026: Dispatch Server: Accepted socket connection from client
Thu Mar 19 03:30:27 2026: Starting Socket connection
Thu Mar 19 03:30:30 2026: SESSION_MGR: closing session for UUID '90d0bd1e-2dfc-46dc-bdb1-af6f99b0d897' with name 'vitis-run_compile_work'
Thu Mar 19 03:30:30 2026: KERNEL_SVC: closing session for UUID '90d0bd1e-2dfc-46dc-bdb1-af6f99b0d897' with name 'vitis-run_compile_work'
Thu Mar 19 03:30:30 2026: GUIDANCE_SMGR: closing session for UUID '90d0bd1e-2dfc-46dc-bdb1-af6f99b0d897' with name 'vitis-run_compile_work'
Thu Mar 19 03:30:30 2026: SYSTEM_DIAGRAM: closing session for UUID '90d0bd1e-2dfc-46dc-bdb1-af6f99b0d897' with name 'vitis-run_compile_work'
Thu Mar 19 03:30:30 2026: STOP_SERVER received, server token: b2187d96-f750-4e07-a5b8-df2597275551, passed token: b2187d96-f750-4e07-a5b8-df2597275551
Thu Mar 19 03:30:30 2026: Socket received request to stop server.
Thu Mar 19 03:30:30 2026: Dispatch Server: do_await_stop
Thu Mar 19 03:30:30 2026: Dispatch Server: stopping mainFifo_
Thu Mar 19 03:30:30 2026: XCD main fifo: Stopping
Thu Mar 19 03:30:30 2026: XCD main fifo: do_read error code: Operation canceled
Thu Mar 19 03:30:30 2026: XCD main fifo: bytes_transferred: 0
Thu Mar 19 03:30:30 2026: SERVER: destructor for server bound to port 46167
Thu Mar 19 03:30:30 2026: XCD main fifo: Good unlink of /tmp/xcdmainb2187d96-f750-4e07-a5b8-df2597275551
Thu Mar 19 03:30:30 2026: Server exiting with status 0.
Thu Mar 19 03:30:30 2026: Closing log file.
Thu Mar 19 03:30:36 2026: Running xcd server. This server was built by gradle.
Thu Mar 19 03:30:36 2026: Server was asked to start on port: '42983'
Thu Mar 19 03:30:36 2026: Server is using token UUID: 'd2ed22d6-93ac-4e5b-899a-2cd46c72a023'
Thu Mar 19 03:30:36 2026: SESSION_MGR: creating session with session uuid: '6d04a3e9-ade5-4ab9-8d63-1f78fcd2ec76' and name 'default'
Thu Mar 19 03:30:36 2026: Attempting to start server on port '42983'
Thu Mar 19 03:30:36 2026: XCD main fifo: created main fifo '/tmp/xcdmaind2ed22d6-93ac-4e5b-899a-2cd46c72a023', fd read = 13
Thu Mar 19 03:30:36 2026: Running Dispatch Server
Thu Mar 19 03:30:36 2026: Version 2.2.0
Thu Mar 19 03:30:37 2026: Dispatch Server: Accepted socket connection from client
Thu Mar 19 03:30:37 2026: Starting Socket connection
Thu Mar 19 03:30:37 2026: EXCHANGE_TOKEN received, server token: d2ed22d6-93ac-4e5b-899a-2cd46c72a023, passed token: d2ed22d6-93ac-4e5b-899a-2cd46c72a023
Thu Mar 19 03:30:38 2026: DISPATCH_HANDLER: Adding handler from function makeHandler in library libxv_system_diagram
Thu Mar 19 03:30:38 2026: SESSION_MGR: creating session with session uuid: '2373f02b-4633-4bc1-b6c4-0c0427b3e403' and name 'v++_compile_work'
Thu Mar 19 03:30:38 2026: KERNEL_SVC: creating session with uuid: '2373f02b-4633-4bc1-b6c4-0c0427b3e403' and name 'v++_compile_work'
Thu Mar 19 03:30:38 2026: GUIDANCE_SMGR: creating guidance session with uuid: '2373f02b-4633-4bc1-b6c4-0c0427b3e403' and name 'v++_compile_work'
Thu Mar 19 03:30:38 2026: SYSTEM_DIAGRAM: creating session with uuid: '2373f02b-4633-4bc1-b6c4-0c0427b3e403' and name 'v++_compile_work'
Thu Mar 19 03:30:41 2026: Dispatch Server: Accepted socket connection from client
Thu Mar 19 03:30:41 2026: Starting Socket connection
Thu Mar 19 03:31:22 2026: SESSION_MGR: closing session for UUID '2373f02b-4633-4bc1-b6c4-0c0427b3e403' with name 'v++_compile_work'
Thu Mar 19 03:31:22 2026: KERNEL_SVC: closing session for UUID '2373f02b-4633-4bc1-b6c4-0c0427b3e403' with name 'v++_compile_work'
Thu Mar 19 03:31:22 2026: GUIDANCE_SMGR: closing session for UUID '2373f02b-4633-4bc1-b6c4-0c0427b3e403' with name 'v++_compile_work'
Thu Mar 19 03:31:23 2026: SYSTEM_DIAGRAM: closing session for UUID '2373f02b-4633-4bc1-b6c4-0c0427b3e403' with name 'v++_compile_work'
Thu Mar 19 03:31:23 2026: STOP_SERVER received, server token: d2ed22d6-93ac-4e5b-899a-2cd46c72a023, passed token: d2ed22d6-93ac-4e5b-899a-2cd46c72a023
Thu Mar 19 03:31:23 2026: Socket received request to stop server.
Thu Mar 19 03:31:23 2026: Dispatch Server: do_await_stop
Thu Mar 19 03:31:23 2026: Dispatch Server: stopping mainFifo_
Thu Mar 19 03:31:23 2026: XCD main fifo: Stopping
Thu Mar 19 03:31:23 2026: XCD main fifo: do_read error code: Operation canceled
Thu Mar 19 03:31:23 2026: XCD main fifo: bytes_transferred: 0
Thu Mar 19 03:31:23 2026: SERVER: destructor for server bound to port 42983
Thu Mar 19 03:31:23 2026: XCD main fifo: Good unlink of /tmp/xcdmaind2ed22d6-93ac-4e5b-899a-2cd46c72a023
Thu Mar 19 03:31:23 2026: Server exiting with status 0.
Thu Mar 19 03:31:23 2026: Closing log file.
Thu Mar 19 03:31:36 2026: Running xcd server. This server was built by gradle.
Thu Mar 19 03:31:36 2026: Server was asked to start on port: '34235'
Thu Mar 19 03:31:36 2026: Server is using token UUID: '7e71893b-ee3a-46af-bda1-dd34acdd55c2'
Thu Mar 19 03:31:36 2026: SESSION_MGR: creating session with session uuid: '6d04a3e9-ade5-4ab9-8d63-1f78fcd2ec76' and name 'default'
Thu Mar 19 03:31:36 2026: Attempting to start server on port '34235'
Thu Mar 19 03:31:36 2026: XCD main fifo: created main fifo '/tmp/xcdmain7e71893b-ee3a-46af-bda1-dd34acdd55c2', fd read = 13
Thu Mar 19 03:31:36 2026: Running Dispatch Server
Thu Mar 19 03:31:36 2026: Version 2.2.0
Thu Mar 19 03:31:37 2026: Dispatch Server: Accepted socket connection from client
Thu Mar 19 03:31:37 2026: Starting Socket connection
Thu Mar 19 03:31:37 2026: EXCHANGE_TOKEN received, server token: 7e71893b-ee3a-46af-bda1-dd34acdd55c2, passed token: 7e71893b-ee3a-46af-bda1-dd34acdd55c2
Thu Mar 19 03:31:37 2026: DISPATCH_HANDLER: Adding handler from function makeHandler in library libxv_system_diagram
Thu Mar 19 03:31:37 2026: SESSION_MGR: creating session with session uuid: '73c24a23-cebd-4736-9889-9fc7deb81e7b' and name 'v++_compile_work'
Thu Mar 19 03:31:37 2026: KERNEL_SVC: creating session with uuid: '73c24a23-cebd-4736-9889-9fc7deb81e7b' and name 'v++_compile_work'
Thu Mar 19 03:31:37 2026: GUIDANCE_SMGR: creating guidance session with uuid: '73c24a23-cebd-4736-9889-9fc7deb81e7b' and name 'v++_compile_work'
Thu Mar 19 03:31:37 2026: SYSTEM_DIAGRAM: creating session with uuid: '73c24a23-cebd-4736-9889-9fc7deb81e7b' and name 'v++_compile_work'
Thu Mar 19 03:31:41 2026: Dispatch Server: Accepted socket connection from client
Thu Mar 19 03:31:41 2026: Starting Socket connection
Thu Mar 19 03:32:22 2026: SESSION_MGR: closing session for UUID '73c24a23-cebd-4736-9889-9fc7deb81e7b' with name 'v++_compile_work'
Thu Mar 19 03:32:22 2026: KERNEL_SVC: closing session for UUID '73c24a23-cebd-4736-9889-9fc7deb81e7b' with name 'v++_compile_work'
Thu Mar 19 03:32:22 2026: GUIDANCE_SMGR: closing session for UUID '73c24a23-cebd-4736-9889-9fc7deb81e7b' with name 'v++_compile_work'
Thu Mar 19 03:32:22 2026: SYSTEM_DIAGRAM: closing session for UUID '73c24a23-cebd-4736-9889-9fc7deb81e7b' with name 'v++_compile_work'
Thu Mar 19 03:32:22 2026: STOP_SERVER received, server token: 7e71893b-ee3a-46af-bda1-dd34acdd55c2, passed token: 7e71893b-ee3a-46af-bda1-dd34acdd55c2
Thu Mar 19 03:32:22 2026: Socket received request to stop server.
Thu Mar 19 03:32:22 2026: Dispatch Server: do_await_stop
Thu Mar 19 03:32:22 2026: Dispatch Server: stopping mainFifo_
Thu Mar 19 03:32:22 2026: XCD main fifo: Stopping
Thu Mar 19 03:32:22 2026: XCD main fifo: do_read error code: Operation canceled
Thu Mar 19 03:32:22 2026: XCD main fifo: bytes_transferred: 0
Thu Mar 19 03:32:22 2026: SERVER: destructor for server bound to port 34235
Thu Mar 19 03:32:22 2026: XCD main fifo: Good unlink of /tmp/xcdmain7e71893b-ee3a-46af-bda1-dd34acdd55c2
Thu Mar 19 03:32:22 2026: Server exiting with status 0.
Thu Mar 19 03:32:22 2026: Closing log file.
