

================================================================
== Vitis HLS Report for 'kernel'
================================================================
* Date:           Thu Apr  9 04:23:11 2026

* Version:        2025.1 (Build 6135595 on May 21 2025)
* Project:        work
* Solution:       hls (Vitis Kernel Flow Target)
* Product family: zynq
* Target device:  xc7z020-clg400-1


================================================================
== Performance Estimates
================================================================
+ Timing: 
    * Summary: 
    +--------+----------+----------+------------+
    |  Clock |  Target  | Estimated| Uncertainty|
    +--------+----------+----------+------------+
    |ap_clk  |  10.00 ns|  6.933 ns|     2.70 ns|
    +--------+----------+----------+------------+

+ Latency: 
    * Summary: 
    +---------+---------+-----------+-----------+-----+-----+---------+
    |  Latency (cycles) |   Latency (absolute)  |  Interval | Pipeline|
    |   min   |   max   |    min    |    max    | min | max |   Type  |
    +---------+---------+-----------+-----------+-----+-----+---------+
    |        2|        2|  20.000 ns|  20.000 ns|    1|    1|      yes|
    +---------+---------+-----------+-----------+-----+-----+---------+

    + Detail: 
        * Instance: 
        N/A

        * Loop: 
        N/A



================================================================
== Utilization Estimates
================================================================
* Summary: 
+-----------------+---------+-----+--------+-------+-----+
|       Name      | BRAM_18K| DSP |   FF   |  LUT  | URAM|
+-----------------+---------+-----+--------+-------+-----+
|DSP              |        -|    -|       -|      -|    -|
|Expression       |        -|    -|       0|    488|    -|
|FIFO             |        -|    -|       -|      -|    -|
|Instance         |        0|    -|     134|    188|    -|
|Memory           |        -|    -|       -|      -|    -|
|Multiplexer      |        -|    -|       0|     18|    -|
|Register         |        -|    -|     139|      -|    -|
+-----------------+---------+-----+--------+-------+-----+
|Total            |        0|    0|     273|    694|    0|
+-----------------+---------+-----+--------+-------+-----+
|Available        |      280|  220|  106400|  53200|    0|
+-----------------+---------+-----+--------+-------+-----+
|Utilization (%)  |        0|    0|      ~0|      1|    0|
+-----------------+---------+-----+--------+-------+-----+

+ Detail: 
    * Instance: 
    +-----------------+---------------+---------+----+-----+-----+-----+
    |     Instance    |     Module    | BRAM_18K| DSP|  FF | LUT | URAM|
    +-----------------+---------------+---------+----+-----+-----+-----+
    |control_s_axi_U  |control_s_axi  |        0|   0|  134|  188|    0|
    +-----------------+---------------+---------+----+-----+-----+-----+
    |Total            |               |        0|   0|  134|  188|    0|
    +-----------------+---------------+---------+----+-----+-----+-----+

    * DSP: 
    N/A

    * Memory: 
    N/A

    * FIFO: 
    N/A

    * Expression: 
    +---------------------------+----------+----+---+-----+------------+------------+
    |       Variable Name       | Operation| DSP| FF| LUT | Bitwidth P0| Bitwidth P1|
    +---------------------------+----------+----+---+-----+------------+------------+
    |add_ln35_fu_82_p2          |         +|   0|  0|   14|           6|           2|
    |max_val_fu_149_p2          |         +|   0|  0|   38|          31|           2|
    |min_val_fu_158_p2          |         -|   0|  0|   39|           1|          32|
    |sub_ln35_fu_96_p2          |         -|   0|  0|   14|           1|           6|
    |icmp_ln47_fu_164_p2        |      icmp|   0|  0|   39|          32|          32|
    |icmp_ln49_fu_169_p2        |      icmp|   0|  0|   39|          32|          32|
    |lshr_ln35_fu_110_p2        |      lshr|   0|  0|  104|           1|          33|
    |ap_block_pp0_stage0_01001  |        or|   0|  0|    2|           1|           1|
    |empty_12_fu_138_p3         |    select|   0|  0|   31|           1|          31|
    |result_fu_189_p3           |    select|   0|  0|   31|           1|          31|
    |select_ln49_fu_181_p3      |    select|   0|  0|   31|           1|          31|
    |shl_ln35_fu_124_p2         |       shl|   0|  0|  104|           1|          33|
    |ap_enable_pp0              |       xor|   0|  0|    2|           1|           2|
    +---------------------------+----------+----+---+-----+------------+------------+
    |Total                      |          |   0|  0|  488|         110|         268|
    +---------------------------+----------+----+---+-----+------------+------------+

    * Multiplexer: 
    +---------+----+-----------+-----+-----------+
    |   Name  | LUT| Input Size| Bits| Total Bits|
    +---------+----+-----------+-----+-----------+
    |ap_done  |   9|          2|    1|          2|
    |y_out    |   9|          2|   32|         64|
    +---------+----+-----------+-----+-----------+
    |Total    |  18|          4|   33|         66|
    +---------+----+-----------+-----+-----------+

    * Register: 
    +---------------------------------+----+----+-----+-----------+
    |               Name              | FF | LUT| Bits| Const Bits|
    +---------------------------------+----+----+-----+-----------+
    |ap_CS_fsm                        |   1|   0|    1|          0|
    |ap_done_reg                      |   1|   0|    1|          0|
    |ap_enable_reg_pp0_iter1          |   1|   0|    1|          0|
    |ap_enable_reg_pp0_iter2          |   1|   0|    1|          0|
    |ap_rst_n_inv                     |   1|   0|    1|          0|
    |ap_rst_reg_1                     |   1|   0|    1|          0|
    |ap_rst_reg_2                     |   1|   0|    1|          0|
    |bits_read_reg_202                |   5|   0|    5|          0|
    |empty_12_reg_214                 |  31|   0|   31|          0|
    |x_in_read_reg_207                |  32|   0|   32|          0|
    |x_in_read_reg_207_pp0_iter1_reg  |  32|   0|   32|          0|
    |y_out_preg                       |  32|   0|   32|          0|
    +---------------------------------+----+----+-----+-----------+
    |Total                            | 139|   0|  139|          0|
    +---------------------------------+----+----+-----+-----------+



================================================================
== Interface
================================================================
* Summary: 
+-----------------------+-----+-----+---------------+--------------+--------------+
|       RTL Ports       | Dir | Bits|    Protocol   | Source Object|    C Type    |
+-----------------------+-----+-----+---------------+--------------+--------------+
|s_axi_control_AWVALID  |   in|    1|          s_axi|       control|       pointer|
|s_axi_control_AWREADY  |  out|    1|          s_axi|       control|       pointer|
|s_axi_control_AWADDR   |   in|    6|          s_axi|       control|       pointer|
|s_axi_control_WVALID   |   in|    1|          s_axi|       control|       pointer|
|s_axi_control_WREADY   |  out|    1|          s_axi|       control|       pointer|
|s_axi_control_WDATA    |   in|   32|          s_axi|       control|       pointer|
|s_axi_control_WSTRB    |   in|    4|          s_axi|       control|       pointer|
|s_axi_control_ARVALID  |   in|    1|          s_axi|       control|       pointer|
|s_axi_control_ARREADY  |  out|    1|          s_axi|       control|       pointer|
|s_axi_control_ARADDR   |   in|    6|          s_axi|       control|       pointer|
|s_axi_control_RVALID   |  out|    1|          s_axi|       control|       pointer|
|s_axi_control_RREADY   |   in|    1|          s_axi|       control|       pointer|
|s_axi_control_RDATA    |  out|   32|          s_axi|       control|       pointer|
|s_axi_control_RRESP    |  out|    2|          s_axi|       control|       pointer|
|s_axi_control_BVALID   |  out|    1|          s_axi|       control|       pointer|
|s_axi_control_BREADY   |   in|    1|          s_axi|       control|       pointer|
|s_axi_control_BRESP    |  out|    2|          s_axi|       control|       pointer|
|ap_clk                 |   in|    1|  ap_ctrl_chain|        kernel|  return value|
|ap_rst_n               |   in|    1|  ap_ctrl_chain|        kernel|  return value|
|interrupt              |  out|    1|  ap_ctrl_chain|        kernel|  return value|
+-----------------------+-----+-----+---------------+--------------+--------------+

