Thu Apr  2 09:47:26 2026: Running xcd server. This server was built by gradle.
Thu Apr  2 09:47:26 2026: Server was asked to start on port: '34079'
Thu Apr  2 09:47:26 2026: Server is using token UUID: '2b2ed57c-5153-4333-ae10-9a27b508e985'
Thu Apr  2 09:47:26 2026: SESSION_MGR: creating session with session uuid: '6d04a3e9-ade5-4ab9-8d63-1f78fcd2ec76' and name 'default'
Thu Apr  2 09:47:26 2026: Attempting to start server on port '34079'
Thu Apr  2 09:47:26 2026: XCD main fifo: created main fifo '/tmp/xcdmain2b2ed57c-5153-4333-ae10-9a27b508e985', fd read = 13
Thu Apr  2 09:47:26 2026: Running Dispatch Server
Thu Apr  2 09:47:26 2026: Version 2.2.0
Thu Apr  2 09:47:27 2026: Dispatch Server: Accepted socket connection from client
Thu Apr  2 09:47:27 2026: Starting Socket connection
Thu Apr  2 09:47:27 2026: EXCHANGE_TOKEN received, server token: 2b2ed57c-5153-4333-ae10-9a27b508e985, passed token: 2b2ed57c-5153-4333-ae10-9a27b508e985
Thu Apr  2 09:47:27 2026: DISPATCH_HANDLER: Adding handler from function makeHandler in library libxv_system_diagram
Thu Apr  2 09:47:27 2026: SESSION_MGR: creating session with session uuid: '68fd425e-4c39-44ef-9343-9c96b1fb73f1' and name 'vitis-run_compile_work'
Thu Apr  2 09:47:27 2026: KERNEL_SVC: creating session with uuid: '68fd425e-4c39-44ef-9343-9c96b1fb73f1' and name 'vitis-run_compile_work'
Thu Apr  2 09:47:27 2026: GUIDANCE_SMGR: creating guidance session with uuid: '68fd425e-4c39-44ef-9343-9c96b1fb73f1' and name 'vitis-run_compile_work'
Thu Apr  2 09:47:27 2026: SYSTEM_DIAGRAM: creating session with uuid: '68fd425e-4c39-44ef-9343-9c96b1fb73f1' and name 'vitis-run_compile_work'
Thu Apr  2 09:47:31 2026: Dispatch Server: Accepted socket connection from client
Thu Apr  2 09:47:31 2026: Starting Socket connection
Thu Apr  2 09:47:35 2026: SESSION_MGR: closing session for UUID '68fd425e-4c39-44ef-9343-9c96b1fb73f1' with name 'vitis-run_compile_work'
Thu Apr  2 09:47:35 2026: KERNEL_SVC: closing session for UUID '68fd425e-4c39-44ef-9343-9c96b1fb73f1' with name 'vitis-run_compile_work'
Thu Apr  2 09:47:35 2026: GUIDANCE_SMGR: closing session for UUID '68fd425e-4c39-44ef-9343-9c96b1fb73f1' with name 'vitis-run_compile_work'
Thu Apr  2 09:47:35 2026: SYSTEM_DIAGRAM: closing session for UUID '68fd425e-4c39-44ef-9343-9c96b1fb73f1' with name 'vitis-run_compile_work'
Thu Apr  2 09:47:35 2026: STOP_SERVER received, server token: 2b2ed57c-5153-4333-ae10-9a27b508e985, passed token: 2b2ed57c-5153-4333-ae10-9a27b508e985
Thu Apr  2 09:47:35 2026: Socket received request to stop server.
Thu Apr  2 09:47:35 2026: Dispatch Server: do_await_stop
Thu Apr  2 09:47:35 2026: Dispatch Server: stopping mainFifo_
Thu Apr  2 09:47:35 2026: XCD main fifo: Stopping
Thu Apr  2 09:47:35 2026: XCD main fifo: do_read error code: Operation canceled
Thu Apr  2 09:47:35 2026: XCD main fifo: bytes_transferred: 0
Thu Apr  2 09:47:35 2026: SERVER: destructor for server bound to port 34079
Thu Apr  2 09:47:35 2026: XCD main fifo: Good unlink of /tmp/xcdmain2b2ed57c-5153-4333-ae10-9a27b508e985
Thu Apr  2 09:47:35 2026: Server exiting with status 0.
Thu Apr  2 09:47:35 2026: Closing log file.
Thu Apr  2 09:47:41 2026: Running xcd server. This server was built by gradle.
Thu Apr  2 09:47:41 2026: Server was asked to start on port: '38949'
Thu Apr  2 09:47:41 2026: Server is using token UUID: '01351eb8-5935-4cb6-8d09-c979dde0e9b6'
Thu Apr  2 09:47:41 2026: SESSION_MGR: creating session with session uuid: '6d04a3e9-ade5-4ab9-8d63-1f78fcd2ec76' and name 'default'
Thu Apr  2 09:47:41 2026: Attempting to start server on port '38949'
Thu Apr  2 09:47:41 2026: XCD main fifo: created main fifo '/tmp/xcdmain01351eb8-5935-4cb6-8d09-c979dde0e9b6', fd read = 13
Thu Apr  2 09:47:41 2026: Running Dispatch Server
Thu Apr  2 09:47:41 2026: Version 2.2.0
Thu Apr  2 09:47:42 2026: Dispatch Server: Accepted socket connection from client
Thu Apr  2 09:47:42 2026: Starting Socket connection
Thu Apr  2 09:47:42 2026: EXCHANGE_TOKEN received, server token: 01351eb8-5935-4cb6-8d09-c979dde0e9b6, passed token: 01351eb8-5935-4cb6-8d09-c979dde0e9b6
Thu Apr  2 09:47:42 2026: DISPATCH_HANDLER: Adding handler from function makeHandler in library libxv_system_diagram
Thu Apr  2 09:47:42 2026: SESSION_MGR: creating session with session uuid: 'f876426d-c4f0-4bff-8f5f-fd815d9e9242' and name 'v++_compile_work'
Thu Apr  2 09:47:42 2026: KERNEL_SVC: creating session with uuid: 'f876426d-c4f0-4bff-8f5f-fd815d9e9242' and name 'v++_compile_work'
Thu Apr  2 09:47:42 2026: GUIDANCE_SMGR: creating guidance session with uuid: 'f876426d-c4f0-4bff-8f5f-fd815d9e9242' and name 'v++_compile_work'
Thu Apr  2 09:47:42 2026: SYSTEM_DIAGRAM: creating session with uuid: 'f876426d-c4f0-4bff-8f5f-fd815d9e9242' and name 'v++_compile_work'
Thu Apr  2 09:47:46 2026: Dispatch Server: Accepted socket connection from client
Thu Apr  2 09:47:46 2026: Starting Socket connection
Thu Apr  2 09:48:24 2026: SESSION_MGR: closing session for UUID 'f876426d-c4f0-4bff-8f5f-fd815d9e9242' with name 'v++_compile_work'
Thu Apr  2 09:48:24 2026: KERNEL_SVC: closing session for UUID 'f876426d-c4f0-4bff-8f5f-fd815d9e9242' with name 'v++_compile_work'
Thu Apr  2 09:48:24 2026: GUIDANCE_SMGR: closing session for UUID 'f876426d-c4f0-4bff-8f5f-fd815d9e9242' with name 'v++_compile_work'
Thu Apr  2 09:48:24 2026: SYSTEM_DIAGRAM: closing session for UUID 'f876426d-c4f0-4bff-8f5f-fd815d9e9242' with name 'v++_compile_work'
Thu Apr  2 09:48:24 2026: STOP_SERVER received, server token: 01351eb8-5935-4cb6-8d09-c979dde0e9b6, passed token: 01351eb8-5935-4cb6-8d09-c979dde0e9b6
Thu Apr  2 09:48:24 2026: Socket received request to stop server.
Thu Apr  2 09:48:24 2026: Dispatch Server: do_await_stop
Thu Apr  2 09:48:24 2026: Dispatch Server: stopping mainFifo_
Thu Apr  2 09:48:24 2026: XCD main fifo: Stopping
Thu Apr  2 09:48:24 2026: XCD main fifo: do_read error code: Operation canceled
Thu Apr  2 09:48:24 2026: XCD main fifo: bytes_transferred: 0
Thu Apr  2 09:48:24 2026: SERVER: destructor for server bound to port 38949
Thu Apr  2 09:48:24 2026: XCD main fifo: Good unlink of /tmp/xcdmain01351eb8-5935-4cb6-8d09-c979dde0e9b6
Thu Apr  2 09:48:24 2026: Server exiting with status 0.
Thu Apr  2 09:48:24 2026: Closing log file.
