/home/chengzhy/FormaSyn/examples/vec_add/inter_files/vector16_int16_p8/work/hls/.autopilot/db/kernel.pp.0.cpp:2254:5: warning: Added loop label VITIS_LOOP_676_1:   [xilinx-label-all-loops]
    for (unsigned i = low; i != high+1; ++i) {
    ^~~
    VITIS_LOOP_676_1: 
/home/chengzhy/FormaSyn/examples/vec_add/inter_files/vector16_int16_p8/work/hls/.autopilot/db/kernel.pp.0.cpp:2254:5: note: FIX-IT applied suggested code changes
/home/chengzhy/FormaSyn/examples/vec_add/inter_files/vector16_int16_p8/work/hls/.autopilot/db/kernel.pp.0.cpp:2268:5: warning: Added loop label VITIS_LOOP_690_1:   [xilinx-label-all-loops]
    for (unsigned i = low; i != high+1; ++i) {
    ^~~
    VITIS_LOOP_690_1: 
/home/chengzhy/FormaSyn/examples/vec_add/inter_files/vector16_int16_p8/work/hls/.autopilot/db/kernel.pp.0.cpp:2268:5: note: FIX-IT applied suggested code changes
/home/chengzhy/FormaSyn/examples/vec_add/inter_files/vector16_int16_p8/work/hls/.autopilot/db/kernel.pp.0.cpp:2282:5: warning: Added loop label VITIS_LOOP_704_1:   [xilinx-label-all-loops]
    for (unsigned i = low; i != high+1; ++i) {
    ^~~
    VITIS_LOOP_704_1: 
/home/chengzhy/FormaSyn/examples/vec_add/inter_files/vector16_int16_p8/work/hls/.autopilot/db/kernel.pp.0.cpp:2282:5: note: FIX-IT applied suggested code changes
/home/chengzhy/FormaSyn/examples/vec_add/inter_files/vector16_int16_p8/work/hls/.autopilot/db/kernel.pp.0.cpp:4250:7: warning: Added loop label VITIS_LOOP_1248_1:   [xilinx-label-all-loops]
      for (i = 0; i < __N - 1; ++i) {
      ^~~
      VITIS_LOOP_1248_1: 
/home/chengzhy/FormaSyn/examples/vec_add/inter_files/vector16_int16_p8/work/hls/.autopilot/db/kernel.pp.0.cpp:4250:7: note: FIX-IT applied suggested code changes
/home/chengzhy/FormaSyn/examples/vec_add/inter_files/vector16_int16_p8/work/hls/.autopilot/db/kernel.pp.0.cpp:6345:2: warning: Added loop label VITIS_LOOP_11_1:   [xilinx-label-all-loops]
 for (int i = 0; i < 16; i++) {
 ^~~
 VITIS_LOOP_11_1: 
/home/chengzhy/FormaSyn/examples/vec_add/inter_files/vector16_int16_p8/work/hls/.autopilot/db/kernel.pp.0.cpp:6345:2: note: FIX-IT applied suggested code changes
