

================================================================
== Vitis HLS Report for 'kernel'
================================================================
* Date:           Thu Mar 19 03:31:52 2026

* Version:        2025.1 (Build 6135595 on May 21 2025)
* Project:        work
* Solution:       hls (Vitis Kernel Flow Target)
* Product family: zynq
* Target device:  xc7z020-clg400-1


================================================================
== Performance Estimates
================================================================
+ Timing: 
    * Summary: 
    +--------+----------+----------+------------+
    |  Clock |  Target  | Estimated| Uncertainty|
    +--------+----------+----------+------------+
    |ap_clk  |  10.00 ns|  7.300 ns|     2.70 ns|
    +--------+----------+----------+------------+

+ Latency: 
    * Summary: 
    +---------+---------+----------+----------+-----+-----+---------+
    |  Latency (cycles) |  Latency (absolute) |  Interval | Pipeline|
    |   min   |   max   |    min   |    max   | min | max |   Type  |
    +---------+---------+----------+----------+-----+-----+---------+
    |      147|      147|  1.470 us|  1.470 us|  148|  148|       no|
    +---------+---------+----------+----------+-----+-----+---------+

    + Detail: 
        * Instance: 
        N/A

        * Loop: 
        +------------+---------+---------+----------+-----------+-----------+------+----------+
        |            |  Latency (cycles) | Iteration|  Initiation Interval  | Trip |          |
        |  Loop Name |   min   |   max   |  Latency |  achieved |   target  | Count| Pipelined|
        +------------+---------+---------+----------+-----------+-----------+------+----------+
        |- loop_add  |        3|        3|         1|          1|          4|     4|       yes|
        +------------+---------+---------+----------+-----------+-----------+------+----------+



================================================================
== Utilization Estimates
================================================================
* Summary: 
+-----------------+---------+-----+--------+-------+-----+
|       Name      | BRAM_18K| DSP |   FF   |  LUT  | URAM|
+-----------------+---------+-----+--------+-------+-----+
|DSP              |        -|    -|       -|      -|    -|
|Expression       |        -|    -|       0|     81|    -|
|FIFO             |        -|    -|       -|      -|    -|
|Instance         |       16|    -|    8904|  10236|    -|
|Memory           |        -|    -|       -|      -|    -|
|Multiplexer      |        -|    -|       0|   1158|    -|
|Register         |        -|    -|    1902|      -|    -|
+-----------------+---------+-----+--------+-------+-----+
|Total            |       16|    0|   10806|  11475|    0|
+-----------------+---------+-----+--------+-------+-----+
|Available        |      280|  220|  106400|  53200|    0|
+-----------------+---------+-----+--------+-------+-----+
|Utilization (%)  |        5|    0|      10|     21|    0|
+-----------------+---------+-----+--------+-------+-----+

+ Detail: 
    * Instance: 
    +-----------------+---------------+---------+----+-----+------+-----+
    |     Instance    |     Module    | BRAM_18K| DSP|  FF |  LUT | URAM|
    +-----------------+---------------+---------+----+-----+------+-----+
    |control_s_axi_U  |control_s_axi  |        0|   0|  876|  1576|    0|
    |gmem0_0_m_axi_U  |gmem0_0_m_axi  |        2|   0|  671|   657|    0|
    |gmem0_1_m_axi_U  |gmem0_1_m_axi  |        2|   0|  671|   657|    0|
    |gmem0_2_m_axi_U  |gmem0_2_m_axi  |        2|   0|  671|   657|    0|
    |gmem0_3_m_axi_U  |gmem0_3_m_axi  |        2|   0|  671|   657|    0|
    |gmem1_0_m_axi_U  |gmem1_0_m_axi  |        2|   0|  671|   657|    0|
    |gmem1_1_m_axi_U  |gmem1_1_m_axi  |        2|   0|  671|   657|    0|
    |gmem1_2_m_axi_U  |gmem1_2_m_axi  |        2|   0|  671|   657|    0|
    |gmem1_3_m_axi_U  |gmem1_3_m_axi  |        2|   0|  671|   657|    0|
    |gmem2_0_m_axi_U  |gmem2_0_m_axi  |        0|   0|  665|   851|    0|
    |gmem2_1_m_axi_U  |gmem2_1_m_axi  |        0|   0|  665|   851|    0|
    |gmem2_2_m_axi_U  |gmem2_2_m_axi  |        0|   0|  665|   851|    0|
    |gmem2_3_m_axi_U  |gmem2_3_m_axi  |        0|   0|  665|   851|    0|
    +-----------------+---------------+---------+----+-----+------+-----+
    |Total            |               |       16|   0| 8904| 10236|    0|
    +-----------------+---------------+---------+----+-----+------+-----+

    * DSP: 
    N/A

    * Memory: 
    N/A

    * FIFO: 
    N/A

    * Expression: 
    +----------------------+----------+----+---+----+------------+------------+
    |     Variable Name    | Operation| DSP| FF| LUT| Bitwidth P0| Bitwidth P1|
    +----------------------+----------+----+---+----+------------+------------+
    |add_ln22_1_fu_926_p2  |         +|   0|  0|  14|           7|           7|
    |add_ln22_2_fu_954_p2  |         +|   0|  0|  14|           7|           7|
    |add_ln22_3_fu_982_p2  |         +|   0|  0|  14|           7|           7|
    |add_ln22_fu_856_p2    |         +|   0|  0|  14|           7|           7|
    |i_fu_1068_p2          |         +|   0|  0|  13|           5|           3|
    |ap_block_state1       |        or|   0|  0|   2|           1|           1|
    |ap_block_state145     |        or|   0|  0|   2|           1|           1|
    |ap_block_state2_io    |        or|   0|  0|   2|           1|           1|
    |ap_block_state73      |        or|   0|  0|   2|           1|           1|
    |ap_block_state76_io   |        or|   0|  0|   2|           1|           1|
    |ap_block_state77_io   |        or|   0|  0|   2|           1|           1|
    +----------------------+----------+----+---+----+------------+------------+
    |Total                 |          |   0|  0|  81|          39|          37|
    +----------------------+----------+----+---+----+------------+------------+

    * Multiplexer: 
    +---------------------+-----+-----------+-----+-----------+
    |         Name        | LUT | Input Size| Bits| Total Bits|
    +---------------------+-----+-----------+-----+-----------+
    |ap_NS_fsm            |  780|        146|    1|        146|
    |ap_done              |    9|          2|    1|          2|
    |gmem0_0_blk_n_AR     |    9|          2|    1|          2|
    |gmem0_0_blk_n_R      |    9|          2|    1|          2|
    |gmem0_1_blk_n_AR     |    9|          2|    1|          2|
    |gmem0_1_blk_n_R      |    9|          2|    1|          2|
    |gmem0_2_blk_n_AR     |    9|          2|    1|          2|
    |gmem0_2_blk_n_R      |    9|          2|    1|          2|
    |gmem0_3_blk_n_AR     |    9|          2|    1|          2|
    |gmem0_3_blk_n_R      |    9|          2|    1|          2|
    |gmem1_0_blk_n_AR     |    9|          2|    1|          2|
    |gmem1_0_blk_n_R      |    9|          2|    1|          2|
    |gmem1_1_blk_n_AR     |    9|          2|    1|          2|
    |gmem1_1_blk_n_R      |    9|          2|    1|          2|
    |gmem1_2_blk_n_AR     |    9|          2|    1|          2|
    |gmem1_2_blk_n_R      |    9|          2|    1|          2|
    |gmem1_3_blk_n_AR     |    9|          2|    1|          2|
    |gmem1_3_blk_n_R      |    9|          2|    1|          2|
    |gmem2_0_blk_n_AW     |    9|          2|    1|          2|
    |gmem2_0_blk_n_B      |    9|          2|    1|          2|
    |gmem2_0_blk_n_W      |    9|          2|    1|          2|
    |gmem2_1_blk_n_AW     |    9|          2|    1|          2|
    |gmem2_1_blk_n_B      |    9|          2|    1|          2|
    |gmem2_1_blk_n_W      |    9|          2|    1|          2|
    |gmem2_2_blk_n_AW     |    9|          2|    1|          2|
    |gmem2_2_blk_n_B      |    9|          2|    1|          2|
    |gmem2_2_blk_n_W      |    9|          2|    1|          2|
    |gmem2_3_blk_n_AW     |    9|          2|    1|          2|
    |gmem2_3_blk_n_B      |    9|          2|    1|          2|
    |gmem2_3_blk_n_W      |    9|          2|    1|          2|
    |i1_fu_188            |    9|          2|    5|         10|
    |shiftreg163_fu_196   |    9|          2|   32|         64|
    |shiftreg184_fu_200   |    9|          2|   32|         64|
    |shiftreg205_fu_204   |    9|          2|   32|         64|
    |shiftreg226_fu_208   |    9|          2|   32|         64|
    |shiftreg247_fu_212   |    9|          2|   32|         64|
    |shiftreg268_fu_216   |    9|          2|   32|         64|
    |shiftreg289_fu_220   |    9|          2|   32|         64|
    |shiftreg2_fu_192     |    9|          2|   32|         64|
    |shiftreg3010_fu_224  |    9|          2|   28|         56|
    |shiftreg3212_fu_228  |    9|          2|   28|         56|
    |shiftreg3414_fu_232  |    9|          2|   28|         56|
    |shiftreg3616_fu_236  |    9|          2|   28|         56|
    +---------------------+-----+-----------+-----+-----------+
    |Total                | 1158|        230|  403|        950|
    +---------------------+-----+-----------+-----+-----------+

    * Register: 
    +----------------------------+-----+----+-----+-----------+
    |            Name            |  FF | LUT| Bits| Const Bits|
    +----------------------------+-----+----+-----+-----------+
    |ap_CS_fsm                   |  145|   0|  145|          0|
    |ap_done_reg                 |    1|   0|    1|          0|
    |ap_rst_n_inv                |    1|   0|    1|          0|
    |ap_rst_reg_1                |    1|   0|    1|          0|
    |ap_rst_reg_2                |    1|   0|    1|          0|
    |gmem0_0_addr_read_reg_1306  |   32|   0|   32|          0|
    |gmem0_0_addr_reg_1238       |   64|   0|   64|          0|
    |gmem0_1_addr_read_reg_1316  |   32|   0|   32|          0|
    |gmem0_1_addr_reg_1250       |   64|   0|   64|          0|
    |gmem0_2_addr_read_reg_1321  |   32|   0|   32|          0|
    |gmem0_2_addr_reg_1256       |   64|   0|   64|          0|
    |gmem0_3_addr_read_reg_1326  |   32|   0|   32|          0|
    |gmem0_3_addr_reg_1262       |   64|   0|   64|          0|
    |gmem1_0_addr_read_reg_1311  |   32|   0|   32|          0|
    |gmem1_0_addr_reg_1244       |   64|   0|   64|          0|
    |gmem1_1_addr_read_reg_1331  |   32|   0|   32|          0|
    |gmem1_1_addr_reg_1268       |   64|   0|   64|          0|
    |gmem1_2_addr_read_reg_1336  |   32|   0|   32|          0|
    |gmem1_2_addr_reg_1274       |   64|   0|   64|          0|
    |gmem1_3_addr_read_reg_1341  |   32|   0|   32|          0|
    |gmem1_3_addr_reg_1280       |   64|   0|   64|          0|
    |gmem2_0_addr_reg_1367       |   64|   0|   64|          0|
    |gmem2_1_addr_reg_1360       |   64|   0|   64|          0|
    |gmem2_2_addr_reg_1353       |   64|   0|   64|          0|
    |gmem2_3_addr_reg_1346       |   64|   0|   64|          0|
    |i1_fu_188                   |    5|   0|    5|          0|
    |or_ln22_1_reg_1379          |   28|   0|   64|         36|
    |or_ln22_2_reg_1384          |   28|   0|   64|         36|
    |or_ln22_3_reg_1389          |   28|   0|   64|         36|
    |or_ln_reg_1374              |   28|   0|   64|         36|
    |p_cast1_reg_1291            |   61|   0|   61|          0|
    |p_cast2_reg_1296            |   61|   0|   61|          0|
    |p_cast3_reg_1301            |   61|   0|   61|          0|
    |p_cast_reg_1286             |   61|   0|   61|          0|
    |shiftreg163_fu_196          |   32|   0|   32|          0|
    |shiftreg184_fu_200          |   32|   0|   32|          0|
    |shiftreg205_fu_204          |   32|   0|   32|          0|
    |shiftreg226_fu_208          |   32|   0|   32|          0|
    |shiftreg247_fu_212          |   32|   0|   32|          0|
    |shiftreg268_fu_216          |   32|   0|   32|          0|
    |shiftreg289_fu_220          |   32|   0|   32|          0|
    |shiftreg2_fu_192            |   32|   0|   32|          0|
    |shiftreg3010_fu_224         |   28|   0|   64|         36|
    |shiftreg3212_fu_228         |   28|   0|   64|         36|
    |shiftreg3414_fu_232         |   28|   0|   64|         36|
    |shiftreg3616_fu_236         |   28|   0|   64|         36|
    +----------------------------+-----+----+-----+-----------+
    |Total                       | 1902|   0| 2190|        288|
    +----------------------------+-----+----+-----+-----------+



================================================================
== Interface
================================================================
* Summary: 
+------------------------+-----+-----+---------------+--------------+--------------+
|        RTL Ports       | Dir | Bits|    Protocol   | Source Object|    C Type    |
+------------------------+-----+-----+---------------+--------------+--------------+
|s_axi_control_AWVALID   |   in|    1|          s_axi|       control|        scalar|
|s_axi_control_AWREADY   |  out|    1|          s_axi|       control|        scalar|
|s_axi_control_AWADDR    |   in|    8|          s_axi|       control|        scalar|
|s_axi_control_WVALID    |   in|    1|          s_axi|       control|        scalar|
|s_axi_control_WREADY    |  out|    1|          s_axi|       control|        scalar|
|s_axi_control_WDATA     |   in|   32|          s_axi|       control|        scalar|
|s_axi_control_WSTRB     |   in|    4|          s_axi|       control|        scalar|
|s_axi_control_ARVALID   |   in|    1|          s_axi|       control|        scalar|
|s_axi_control_ARREADY   |  out|    1|          s_axi|       control|        scalar|
|s_axi_control_ARADDR    |   in|    8|          s_axi|       control|        scalar|
|s_axi_control_RVALID    |  out|    1|          s_axi|       control|        scalar|
|s_axi_control_RREADY    |   in|    1|          s_axi|       control|        scalar|
|s_axi_control_RDATA     |  out|   32|          s_axi|       control|        scalar|
|s_axi_control_RRESP     |  out|    2|          s_axi|       control|        scalar|
|s_axi_control_BVALID    |  out|    1|          s_axi|       control|        scalar|
|s_axi_control_BREADY    |   in|    1|          s_axi|       control|        scalar|
|s_axi_control_BRESP     |  out|    2|          s_axi|       control|        scalar|
|ap_clk                  |   in|    1|  ap_ctrl_chain|        kernel|  return value|
|ap_rst_n                |   in|    1|  ap_ctrl_chain|        kernel|  return value|
|interrupt               |  out|    1|  ap_ctrl_chain|        kernel|  return value|
|m_axi_gmem0_0_AWVALID   |  out|    1|          m_axi|       gmem0_0|       pointer|
|m_axi_gmem0_0_AWREADY   |   in|    1|          m_axi|       gmem0_0|       pointer|
|m_axi_gmem0_0_AWADDR    |  out|   64|          m_axi|       gmem0_0|       pointer|
|m_axi_gmem0_0_AWID      |  out|    1|          m_axi|       gmem0_0|       pointer|
|m_axi_gmem0_0_AWLEN     |  out|    8|          m_axi|       gmem0_0|       pointer|
|m_axi_gmem0_0_AWSIZE    |  out|    3|          m_axi|       gmem0_0|       pointer|
|m_axi_gmem0_0_AWBURST   |  out|    2|          m_axi|       gmem0_0|       pointer|
|m_axi_gmem0_0_AWLOCK    |  out|    2|          m_axi|       gmem0_0|       pointer|
|m_axi_gmem0_0_AWCACHE   |  out|    4|          m_axi|       gmem0_0|       pointer|
|m_axi_gmem0_0_AWPROT    |  out|    3|          m_axi|       gmem0_0|       pointer|
|m_axi_gmem0_0_AWQOS     |  out|    4|          m_axi|       gmem0_0|       pointer|
|m_axi_gmem0_0_AWREGION  |  out|    4|          m_axi|       gmem0_0|       pointer|
|m_axi_gmem0_0_AWUSER    |  out|    1|          m_axi|       gmem0_0|       pointer|
|m_axi_gmem0_0_WVALID    |  out|    1|          m_axi|       gmem0_0|       pointer|
|m_axi_gmem0_0_WREADY    |   in|    1|          m_axi|       gmem0_0|       pointer|
|m_axi_gmem0_0_WDATA     |  out|   32|          m_axi|       gmem0_0|       pointer|
|m_axi_gmem0_0_WSTRB     |  out|    4|          m_axi|       gmem0_0|       pointer|
|m_axi_gmem0_0_WLAST     |  out|    1|          m_axi|       gmem0_0|       pointer|
|m_axi_gmem0_0_WID       |  out|    1|          m_axi|       gmem0_0|       pointer|
|m_axi_gmem0_0_WUSER     |  out|    1|          m_axi|       gmem0_0|       pointer|
|m_axi_gmem0_0_ARVALID   |  out|    1|          m_axi|       gmem0_0|       pointer|
|m_axi_gmem0_0_ARREADY   |   in|    1|          m_axi|       gmem0_0|       pointer|
|m_axi_gmem0_0_ARADDR    |  out|   64|          m_axi|       gmem0_0|       pointer|
|m_axi_gmem0_0_ARID      |  out|    1|          m_axi|       gmem0_0|       pointer|
|m_axi_gmem0_0_ARLEN     |  out|    8|          m_axi|       gmem0_0|       pointer|
|m_axi_gmem0_0_ARSIZE    |  out|    3|          m_axi|       gmem0_0|       pointer|
|m_axi_gmem0_0_ARBURST   |  out|    2|          m_axi|       gmem0_0|       pointer|
|m_axi_gmem0_0_ARLOCK    |  out|    2|          m_axi|       gmem0_0|       pointer|
|m_axi_gmem0_0_ARCACHE   |  out|    4|          m_axi|       gmem0_0|       pointer|
|m_axi_gmem0_0_ARPROT    |  out|    3|          m_axi|       gmem0_0|       pointer|
|m_axi_gmem0_0_ARQOS     |  out|    4|          m_axi|       gmem0_0|       pointer|
|m_axi_gmem0_0_ARREGION  |  out|    4|          m_axi|       gmem0_0|       pointer|
|m_axi_gmem0_0_ARUSER    |  out|    1|          m_axi|       gmem0_0|       pointer|
|m_axi_gmem0_0_RVALID    |   in|    1|          m_axi|       gmem0_0|       pointer|
|m_axi_gmem0_0_RREADY    |  out|    1|          m_axi|       gmem0_0|       pointer|
|m_axi_gmem0_0_RDATA     |   in|   32|          m_axi|       gmem0_0|       pointer|
|m_axi_gmem0_0_RLAST     |   in|    1|          m_axi|       gmem0_0|       pointer|
|m_axi_gmem0_0_RID       |   in|    1|          m_axi|       gmem0_0|       pointer|
|m_axi_gmem0_0_RUSER     |   in|    1|          m_axi|       gmem0_0|       pointer|
|m_axi_gmem0_0_RRESP     |   in|    2|          m_axi|       gmem0_0|       pointer|
|m_axi_gmem0_0_BVALID    |   in|    1|          m_axi|       gmem0_0|       pointer|
|m_axi_gmem0_0_BREADY    |  out|    1|          m_axi|       gmem0_0|       pointer|
|m_axi_gmem0_0_BRESP     |   in|    2|          m_axi|       gmem0_0|       pointer|
|m_axi_gmem0_0_BID       |   in|    1|          m_axi|       gmem0_0|       pointer|
|m_axi_gmem0_0_BUSER     |   in|    1|          m_axi|       gmem0_0|       pointer|
|m_axi_gmem0_1_AWVALID   |  out|    1|          m_axi|       gmem0_1|       pointer|
|m_axi_gmem0_1_AWREADY   |   in|    1|          m_axi|       gmem0_1|       pointer|
|m_axi_gmem0_1_AWADDR    |  out|   64|          m_axi|       gmem0_1|       pointer|
|m_axi_gmem0_1_AWID      |  out|    1|          m_axi|       gmem0_1|       pointer|
|m_axi_gmem0_1_AWLEN     |  out|    8|          m_axi|       gmem0_1|       pointer|
|m_axi_gmem0_1_AWSIZE    |  out|    3|          m_axi|       gmem0_1|       pointer|
|m_axi_gmem0_1_AWBURST   |  out|    2|          m_axi|       gmem0_1|       pointer|
|m_axi_gmem0_1_AWLOCK    |  out|    2|          m_axi|       gmem0_1|       pointer|
|m_axi_gmem0_1_AWCACHE   |  out|    4|          m_axi|       gmem0_1|       pointer|
|m_axi_gmem0_1_AWPROT    |  out|    3|          m_axi|       gmem0_1|       pointer|
|m_axi_gmem0_1_AWQOS     |  out|    4|          m_axi|       gmem0_1|       pointer|
|m_axi_gmem0_1_AWREGION  |  out|    4|          m_axi|       gmem0_1|       pointer|
|m_axi_gmem0_1_AWUSER    |  out|    1|          m_axi|       gmem0_1|       pointer|
|m_axi_gmem0_1_WVALID    |  out|    1|          m_axi|       gmem0_1|       pointer|
|m_axi_gmem0_1_WREADY    |   in|    1|          m_axi|       gmem0_1|       pointer|
|m_axi_gmem0_1_WDATA     |  out|   32|          m_axi|       gmem0_1|       pointer|
|m_axi_gmem0_1_WSTRB     |  out|    4|          m_axi|       gmem0_1|       pointer|
|m_axi_gmem0_1_WLAST     |  out|    1|          m_axi|       gmem0_1|       pointer|
|m_axi_gmem0_1_WID       |  out|    1|          m_axi|       gmem0_1|       pointer|
|m_axi_gmem0_1_WUSER     |  out|    1|          m_axi|       gmem0_1|       pointer|
|m_axi_gmem0_1_ARVALID   |  out|    1|          m_axi|       gmem0_1|       pointer|
|m_axi_gmem0_1_ARREADY   |   in|    1|          m_axi|       gmem0_1|       pointer|
|m_axi_gmem0_1_ARADDR    |  out|   64|          m_axi|       gmem0_1|       pointer|
|m_axi_gmem0_1_ARID      |  out|    1|          m_axi|       gmem0_1|       pointer|
|m_axi_gmem0_1_ARLEN     |  out|    8|          m_axi|       gmem0_1|       pointer|
|m_axi_gmem0_1_ARSIZE    |  out|    3|          m_axi|       gmem0_1|       pointer|
|m_axi_gmem0_1_ARBURST   |  out|    2|          m_axi|       gmem0_1|       pointer|
|m_axi_gmem0_1_ARLOCK    |  out|    2|          m_axi|       gmem0_1|       pointer|
|m_axi_gmem0_1_ARCACHE   |  out|    4|          m_axi|       gmem0_1|       pointer|
|m_axi_gmem0_1_ARPROT    |  out|    3|          m_axi|       gmem0_1|       pointer|
|m_axi_gmem0_1_ARQOS     |  out|    4|          m_axi|       gmem0_1|       pointer|
|m_axi_gmem0_1_ARREGION  |  out|    4|          m_axi|       gmem0_1|       pointer|
|m_axi_gmem0_1_ARUSER    |  out|    1|          m_axi|       gmem0_1|       pointer|
|m_axi_gmem0_1_RVALID    |   in|    1|          m_axi|       gmem0_1|       pointer|
|m_axi_gmem0_1_RREADY    |  out|    1|          m_axi|       gmem0_1|       pointer|
|m_axi_gmem0_1_RDATA     |   in|   32|          m_axi|       gmem0_1|       pointer|
|m_axi_gmem0_1_RLAST     |   in|    1|          m_axi|       gmem0_1|       pointer|
|m_axi_gmem0_1_RID       |   in|    1|          m_axi|       gmem0_1|       pointer|
|m_axi_gmem0_1_RUSER     |   in|    1|          m_axi|       gmem0_1|       pointer|
|m_axi_gmem0_1_RRESP     |   in|    2|          m_axi|       gmem0_1|       pointer|
|m_axi_gmem0_1_BVALID    |   in|    1|          m_axi|       gmem0_1|       pointer|
|m_axi_gmem0_1_BREADY    |  out|    1|          m_axi|       gmem0_1|       pointer|
|m_axi_gmem0_1_BRESP     |   in|    2|          m_axi|       gmem0_1|       pointer|
|m_axi_gmem0_1_BID       |   in|    1|          m_axi|       gmem0_1|       pointer|
|m_axi_gmem0_1_BUSER     |   in|    1|          m_axi|       gmem0_1|       pointer|
|m_axi_gmem0_2_AWVALID   |  out|    1|          m_axi|       gmem0_2|       pointer|
|m_axi_gmem0_2_AWREADY   |   in|    1|          m_axi|       gmem0_2|       pointer|
|m_axi_gmem0_2_AWADDR    |  out|   64|          m_axi|       gmem0_2|       pointer|
|m_axi_gmem0_2_AWID      |  out|    1|          m_axi|       gmem0_2|       pointer|
|m_axi_gmem0_2_AWLEN     |  out|    8|          m_axi|       gmem0_2|       pointer|
|m_axi_gmem0_2_AWSIZE    |  out|    3|          m_axi|       gmem0_2|       pointer|
|m_axi_gmem0_2_AWBURST   |  out|    2|          m_axi|       gmem0_2|       pointer|
|m_axi_gmem0_2_AWLOCK    |  out|    2|          m_axi|       gmem0_2|       pointer|
|m_axi_gmem0_2_AWCACHE   |  out|    4|          m_axi|       gmem0_2|       pointer|
|m_axi_gmem0_2_AWPROT    |  out|    3|          m_axi|       gmem0_2|       pointer|
|m_axi_gmem0_2_AWQOS     |  out|    4|          m_axi|       gmem0_2|       pointer|
|m_axi_gmem0_2_AWREGION  |  out|    4|          m_axi|       gmem0_2|       pointer|
|m_axi_gmem0_2_AWUSER    |  out|    1|          m_axi|       gmem0_2|       pointer|
|m_axi_gmem0_2_WVALID    |  out|    1|          m_axi|       gmem0_2|       pointer|
|m_axi_gmem0_2_WREADY    |   in|    1|          m_axi|       gmem0_2|       pointer|
|m_axi_gmem0_2_WDATA     |  out|   32|          m_axi|       gmem0_2|       pointer|
|m_axi_gmem0_2_WSTRB     |  out|    4|          m_axi|       gmem0_2|       pointer|
|m_axi_gmem0_2_WLAST     |  out|    1|          m_axi|       gmem0_2|       pointer|
|m_axi_gmem0_2_WID       |  out|    1|          m_axi|       gmem0_2|       pointer|
|m_axi_gmem0_2_WUSER     |  out|    1|          m_axi|       gmem0_2|       pointer|
|m_axi_gmem0_2_ARVALID   |  out|    1|          m_axi|       gmem0_2|       pointer|
|m_axi_gmem0_2_ARREADY   |   in|    1|          m_axi|       gmem0_2|       pointer|
|m_axi_gmem0_2_ARADDR    |  out|   64|          m_axi|       gmem0_2|       pointer|
|m_axi_gmem0_2_ARID      |  out|    1|          m_axi|       gmem0_2|       pointer|
|m_axi_gmem0_2_ARLEN     |  out|    8|          m_axi|       gmem0_2|       pointer|
|m_axi_gmem0_2_ARSIZE    |  out|    3|          m_axi|       gmem0_2|       pointer|
|m_axi_gmem0_2_ARBURST   |  out|    2|          m_axi|       gmem0_2|       pointer|
|m_axi_gmem0_2_ARLOCK    |  out|    2|          m_axi|       gmem0_2|       pointer|
|m_axi_gmem0_2_ARCACHE   |  out|    4|          m_axi|       gmem0_2|       pointer|
|m_axi_gmem0_2_ARPROT    |  out|    3|          m_axi|       gmem0_2|       pointer|
|m_axi_gmem0_2_ARQOS     |  out|    4|          m_axi|       gmem0_2|       pointer|
|m_axi_gmem0_2_ARREGION  |  out|    4|          m_axi|       gmem0_2|       pointer|
|m_axi_gmem0_2_ARUSER    |  out|    1|          m_axi|       gmem0_2|       pointer|
|m_axi_gmem0_2_RVALID    |   in|    1|          m_axi|       gmem0_2|       pointer|
|m_axi_gmem0_2_RREADY    |  out|    1|          m_axi|       gmem0_2|       pointer|
|m_axi_gmem0_2_RDATA     |   in|   32|          m_axi|       gmem0_2|       pointer|
|m_axi_gmem0_2_RLAST     |   in|    1|          m_axi|       gmem0_2|       pointer|
|m_axi_gmem0_2_RID       |   in|    1|          m_axi|       gmem0_2|       pointer|
|m_axi_gmem0_2_RUSER     |   in|    1|          m_axi|       gmem0_2|       pointer|
|m_axi_gmem0_2_RRESP     |   in|    2|          m_axi|       gmem0_2|       pointer|
|m_axi_gmem0_2_BVALID    |   in|    1|          m_axi|       gmem0_2|       pointer|
|m_axi_gmem0_2_BREADY    |  out|    1|          m_axi|       gmem0_2|       pointer|
|m_axi_gmem0_2_BRESP     |   in|    2|          m_axi|       gmem0_2|       pointer|
|m_axi_gmem0_2_BID       |   in|    1|          m_axi|       gmem0_2|       pointer|
|m_axi_gmem0_2_BUSER     |   in|    1|          m_axi|       gmem0_2|       pointer|
|m_axi_gmem0_3_AWVALID   |  out|    1|          m_axi|       gmem0_3|       pointer|
|m_axi_gmem0_3_AWREADY   |   in|    1|          m_axi|       gmem0_3|       pointer|
|m_axi_gmem0_3_AWADDR    |  out|   64|          m_axi|       gmem0_3|       pointer|
|m_axi_gmem0_3_AWID      |  out|    1|          m_axi|       gmem0_3|       pointer|
|m_axi_gmem0_3_AWLEN     |  out|    8|          m_axi|       gmem0_3|       pointer|
|m_axi_gmem0_3_AWSIZE    |  out|    3|          m_axi|       gmem0_3|       pointer|
|m_axi_gmem0_3_AWBURST   |  out|    2|          m_axi|       gmem0_3|       pointer|
|m_axi_gmem0_3_AWLOCK    |  out|    2|          m_axi|       gmem0_3|       pointer|
|m_axi_gmem0_3_AWCACHE   |  out|    4|          m_axi|       gmem0_3|       pointer|
|m_axi_gmem0_3_AWPROT    |  out|    3|          m_axi|       gmem0_3|       pointer|
|m_axi_gmem0_3_AWQOS     |  out|    4|          m_axi|       gmem0_3|       pointer|
|m_axi_gmem0_3_AWREGION  |  out|    4|          m_axi|       gmem0_3|       pointer|
|m_axi_gmem0_3_AWUSER    |  out|    1|          m_axi|       gmem0_3|       pointer|
|m_axi_gmem0_3_WVALID    |  out|    1|          m_axi|       gmem0_3|       pointer|
|m_axi_gmem0_3_WREADY    |   in|    1|          m_axi|       gmem0_3|       pointer|
|m_axi_gmem0_3_WDATA     |  out|   32|          m_axi|       gmem0_3|       pointer|
|m_axi_gmem0_3_WSTRB     |  out|    4|          m_axi|       gmem0_3|       pointer|
|m_axi_gmem0_3_WLAST     |  out|    1|          m_axi|       gmem0_3|       pointer|
|m_axi_gmem0_3_WID       |  out|    1|          m_axi|       gmem0_3|       pointer|
|m_axi_gmem0_3_WUSER     |  out|    1|          m_axi|       gmem0_3|       pointer|
|m_axi_gmem0_3_ARVALID   |  out|    1|          m_axi|       gmem0_3|       pointer|
|m_axi_gmem0_3_ARREADY   |   in|    1|          m_axi|       gmem0_3|       pointer|
|m_axi_gmem0_3_ARADDR    |  out|   64|          m_axi|       gmem0_3|       pointer|
|m_axi_gmem0_3_ARID      |  out|    1|          m_axi|       gmem0_3|       pointer|
|m_axi_gmem0_3_ARLEN     |  out|    8|          m_axi|       gmem0_3|       pointer|
|m_axi_gmem0_3_ARSIZE    |  out|    3|          m_axi|       gmem0_3|       pointer|
|m_axi_gmem0_3_ARBURST   |  out|    2|          m_axi|       gmem0_3|       pointer|
|m_axi_gmem0_3_ARLOCK    |  out|    2|          m_axi|       gmem0_3|       pointer|
|m_axi_gmem0_3_ARCACHE   |  out|    4|          m_axi|       gmem0_3|       pointer|
|m_axi_gmem0_3_ARPROT    |  out|    3|          m_axi|       gmem0_3|       pointer|
|m_axi_gmem0_3_ARQOS     |  out|    4|          m_axi|       gmem0_3|       pointer|
|m_axi_gmem0_3_ARREGION  |  out|    4|          m_axi|       gmem0_3|       pointer|
|m_axi_gmem0_3_ARUSER    |  out|    1|          m_axi|       gmem0_3|       pointer|
|m_axi_gmem0_3_RVALID    |   in|    1|          m_axi|       gmem0_3|       pointer|
|m_axi_gmem0_3_RREADY    |  out|    1|          m_axi|       gmem0_3|       pointer|
|m_axi_gmem0_3_RDATA     |   in|   32|          m_axi|       gmem0_3|       pointer|
|m_axi_gmem0_3_RLAST     |   in|    1|          m_axi|       gmem0_3|       pointer|
|m_axi_gmem0_3_RID       |   in|    1|          m_axi|       gmem0_3|       pointer|
|m_axi_gmem0_3_RUSER     |   in|    1|          m_axi|       gmem0_3|       pointer|
|m_axi_gmem0_3_RRESP     |   in|    2|          m_axi|       gmem0_3|       pointer|
|m_axi_gmem0_3_BVALID    |   in|    1|          m_axi|       gmem0_3|       pointer|
|m_axi_gmem0_3_BREADY    |  out|    1|          m_axi|       gmem0_3|       pointer|
|m_axi_gmem0_3_BRESP     |   in|    2|          m_axi|       gmem0_3|       pointer|
|m_axi_gmem0_3_BID       |   in|    1|          m_axi|       gmem0_3|       pointer|
|m_axi_gmem0_3_BUSER     |   in|    1|          m_axi|       gmem0_3|       pointer|
|m_axi_gmem1_0_AWVALID   |  out|    1|          m_axi|       gmem1_0|       pointer|
|m_axi_gmem1_0_AWREADY   |   in|    1|          m_axi|       gmem1_0|       pointer|
|m_axi_gmem1_0_AWADDR    |  out|   64|          m_axi|       gmem1_0|       pointer|
|m_axi_gmem1_0_AWID      |  out|    1|          m_axi|       gmem1_0|       pointer|
|m_axi_gmem1_0_AWLEN     |  out|    8|          m_axi|       gmem1_0|       pointer|
|m_axi_gmem1_0_AWSIZE    |  out|    3|          m_axi|       gmem1_0|       pointer|
|m_axi_gmem1_0_AWBURST   |  out|    2|          m_axi|       gmem1_0|       pointer|
|m_axi_gmem1_0_AWLOCK    |  out|    2|          m_axi|       gmem1_0|       pointer|
|m_axi_gmem1_0_AWCACHE   |  out|    4|          m_axi|       gmem1_0|       pointer|
|m_axi_gmem1_0_AWPROT    |  out|    3|          m_axi|       gmem1_0|       pointer|
|m_axi_gmem1_0_AWQOS     |  out|    4|          m_axi|       gmem1_0|       pointer|
|m_axi_gmem1_0_AWREGION  |  out|    4|          m_axi|       gmem1_0|       pointer|
|m_axi_gmem1_0_AWUSER    |  out|    1|          m_axi|       gmem1_0|       pointer|
|m_axi_gmem1_0_WVALID    |  out|    1|          m_axi|       gmem1_0|       pointer|
|m_axi_gmem1_0_WREADY    |   in|    1|          m_axi|       gmem1_0|       pointer|
|m_axi_gmem1_0_WDATA     |  out|   32|          m_axi|       gmem1_0|       pointer|
|m_axi_gmem1_0_WSTRB     |  out|    4|          m_axi|       gmem1_0|       pointer|
|m_axi_gmem1_0_WLAST     |  out|    1|          m_axi|       gmem1_0|       pointer|
|m_axi_gmem1_0_WID       |  out|    1|          m_axi|       gmem1_0|       pointer|
|m_axi_gmem1_0_WUSER     |  out|    1|          m_axi|       gmem1_0|       pointer|
|m_axi_gmem1_0_ARVALID   |  out|    1|          m_axi|       gmem1_0|       pointer|
|m_axi_gmem1_0_ARREADY   |   in|    1|          m_axi|       gmem1_0|       pointer|
|m_axi_gmem1_0_ARADDR    |  out|   64|          m_axi|       gmem1_0|       pointer|
|m_axi_gmem1_0_ARID      |  out|    1|          m_axi|       gmem1_0|       pointer|
|m_axi_gmem1_0_ARLEN     |  out|    8|          m_axi|       gmem1_0|       pointer|
|m_axi_gmem1_0_ARSIZE    |  out|    3|          m_axi|       gmem1_0|       pointer|
|m_axi_gmem1_0_ARBURST   |  out|    2|          m_axi|       gmem1_0|       pointer|
|m_axi_gmem1_0_ARLOCK    |  out|    2|          m_axi|       gmem1_0|       pointer|
|m_axi_gmem1_0_ARCACHE   |  out|    4|          m_axi|       gmem1_0|       pointer|
|m_axi_gmem1_0_ARPROT    |  out|    3|          m_axi|       gmem1_0|       pointer|
|m_axi_gmem1_0_ARQOS     |  out|    4|          m_axi|       gmem1_0|       pointer|
|m_axi_gmem1_0_ARREGION  |  out|    4|          m_axi|       gmem1_0|       pointer|
|m_axi_gmem1_0_ARUSER    |  out|    1|          m_axi|       gmem1_0|       pointer|
|m_axi_gmem1_0_RVALID    |   in|    1|          m_axi|       gmem1_0|       pointer|
|m_axi_gmem1_0_RREADY    |  out|    1|          m_axi|       gmem1_0|       pointer|
|m_axi_gmem1_0_RDATA     |   in|   32|          m_axi|       gmem1_0|       pointer|
|m_axi_gmem1_0_RLAST     |   in|    1|          m_axi|       gmem1_0|       pointer|
|m_axi_gmem1_0_RID       |   in|    1|          m_axi|       gmem1_0|       pointer|
|m_axi_gmem1_0_RUSER     |   in|    1|          m_axi|       gmem1_0|       pointer|
|m_axi_gmem1_0_RRESP     |   in|    2|          m_axi|       gmem1_0|       pointer|
|m_axi_gmem1_0_BVALID    |   in|    1|          m_axi|       gmem1_0|       pointer|
|m_axi_gmem1_0_BREADY    |  out|    1|          m_axi|       gmem1_0|       pointer|
|m_axi_gmem1_0_BRESP     |   in|    2|          m_axi|       gmem1_0|       pointer|
|m_axi_gmem1_0_BID       |   in|    1|          m_axi|       gmem1_0|       pointer|
|m_axi_gmem1_0_BUSER     |   in|    1|          m_axi|       gmem1_0|       pointer|
|m_axi_gmem1_1_AWVALID   |  out|    1|          m_axi|       gmem1_1|       pointer|
|m_axi_gmem1_1_AWREADY   |   in|    1|          m_axi|       gmem1_1|       pointer|
|m_axi_gmem1_1_AWADDR    |  out|   64|          m_axi|       gmem1_1|       pointer|
|m_axi_gmem1_1_AWID      |  out|    1|          m_axi|       gmem1_1|       pointer|
|m_axi_gmem1_1_AWLEN     |  out|    8|          m_axi|       gmem1_1|       pointer|
|m_axi_gmem1_1_AWSIZE    |  out|    3|          m_axi|       gmem1_1|       pointer|
|m_axi_gmem1_1_AWBURST   |  out|    2|          m_axi|       gmem1_1|       pointer|
|m_axi_gmem1_1_AWLOCK    |  out|    2|          m_axi|       gmem1_1|       pointer|
|m_axi_gmem1_1_AWCACHE   |  out|    4|          m_axi|       gmem1_1|       pointer|
|m_axi_gmem1_1_AWPROT    |  out|    3|          m_axi|       gmem1_1|       pointer|
|m_axi_gmem1_1_AWQOS     |  out|    4|          m_axi|       gmem1_1|       pointer|
|m_axi_gmem1_1_AWREGION  |  out|    4|          m_axi|       gmem1_1|       pointer|
|m_axi_gmem1_1_AWUSER    |  out|    1|          m_axi|       gmem1_1|       pointer|
|m_axi_gmem1_1_WVALID    |  out|    1|          m_axi|       gmem1_1|       pointer|
|m_axi_gmem1_1_WREADY    |   in|    1|          m_axi|       gmem1_1|       pointer|
|m_axi_gmem1_1_WDATA     |  out|   32|          m_axi|       gmem1_1|       pointer|
|m_axi_gmem1_1_WSTRB     |  out|    4|          m_axi|       gmem1_1|       pointer|
|m_axi_gmem1_1_WLAST     |  out|    1|          m_axi|       gmem1_1|       pointer|
|m_axi_gmem1_1_WID       |  out|    1|          m_axi|       gmem1_1|       pointer|
|m_axi_gmem1_1_WUSER     |  out|    1|          m_axi|       gmem1_1|       pointer|
|m_axi_gmem1_1_ARVALID   |  out|    1|          m_axi|       gmem1_1|       pointer|
|m_axi_gmem1_1_ARREADY   |   in|    1|          m_axi|       gmem1_1|       pointer|
|m_axi_gmem1_1_ARADDR    |  out|   64|          m_axi|       gmem1_1|       pointer|
|m_axi_gmem1_1_ARID      |  out|    1|          m_axi|       gmem1_1|       pointer|
|m_axi_gmem1_1_ARLEN     |  out|    8|          m_axi|       gmem1_1|       pointer|
|m_axi_gmem1_1_ARSIZE    |  out|    3|          m_axi|       gmem1_1|       pointer|
|m_axi_gmem1_1_ARBURST   |  out|    2|          m_axi|       gmem1_1|       pointer|
|m_axi_gmem1_1_ARLOCK    |  out|    2|          m_axi|       gmem1_1|       pointer|
|m_axi_gmem1_1_ARCACHE   |  out|    4|          m_axi|       gmem1_1|       pointer|
|m_axi_gmem1_1_ARPROT    |  out|    3|          m_axi|       gmem1_1|       pointer|
|m_axi_gmem1_1_ARQOS     |  out|    4|          m_axi|       gmem1_1|       pointer|
|m_axi_gmem1_1_ARREGION  |  out|    4|          m_axi|       gmem1_1|       pointer|
|m_axi_gmem1_1_ARUSER    |  out|    1|          m_axi|       gmem1_1|       pointer|
|m_axi_gmem1_1_RVALID    |   in|    1|          m_axi|       gmem1_1|       pointer|
|m_axi_gmem1_1_RREADY    |  out|    1|          m_axi|       gmem1_1|       pointer|
|m_axi_gmem1_1_RDATA     |   in|   32|          m_axi|       gmem1_1|       pointer|
|m_axi_gmem1_1_RLAST     |   in|    1|          m_axi|       gmem1_1|       pointer|
|m_axi_gmem1_1_RID       |   in|    1|          m_axi|       gmem1_1|       pointer|
|m_axi_gmem1_1_RUSER     |   in|    1|          m_axi|       gmem1_1|       pointer|
|m_axi_gmem1_1_RRESP     |   in|    2|          m_axi|       gmem1_1|       pointer|
|m_axi_gmem1_1_BVALID    |   in|    1|          m_axi|       gmem1_1|       pointer|
|m_axi_gmem1_1_BREADY    |  out|    1|          m_axi|       gmem1_1|       pointer|
|m_axi_gmem1_1_BRESP     |   in|    2|          m_axi|       gmem1_1|       pointer|
|m_axi_gmem1_1_BID       |   in|    1|          m_axi|       gmem1_1|       pointer|
|m_axi_gmem1_1_BUSER     |   in|    1|          m_axi|       gmem1_1|       pointer|
|m_axi_gmem1_2_AWVALID   |  out|    1|          m_axi|       gmem1_2|       pointer|
|m_axi_gmem1_2_AWREADY   |   in|    1|          m_axi|       gmem1_2|       pointer|
|m_axi_gmem1_2_AWADDR    |  out|   64|          m_axi|       gmem1_2|       pointer|
|m_axi_gmem1_2_AWID      |  out|    1|          m_axi|       gmem1_2|       pointer|
|m_axi_gmem1_2_AWLEN     |  out|    8|          m_axi|       gmem1_2|       pointer|
|m_axi_gmem1_2_AWSIZE    |  out|    3|          m_axi|       gmem1_2|       pointer|
|m_axi_gmem1_2_AWBURST   |  out|    2|          m_axi|       gmem1_2|       pointer|
|m_axi_gmem1_2_AWLOCK    |  out|    2|          m_axi|       gmem1_2|       pointer|
|m_axi_gmem1_2_AWCACHE   |  out|    4|          m_axi|       gmem1_2|       pointer|
|m_axi_gmem1_2_AWPROT    |  out|    3|          m_axi|       gmem1_2|       pointer|
|m_axi_gmem1_2_AWQOS     |  out|    4|          m_axi|       gmem1_2|       pointer|
|m_axi_gmem1_2_AWREGION  |  out|    4|          m_axi|       gmem1_2|       pointer|
|m_axi_gmem1_2_AWUSER    |  out|    1|          m_axi|       gmem1_2|       pointer|
|m_axi_gmem1_2_WVALID    |  out|    1|          m_axi|       gmem1_2|       pointer|
|m_axi_gmem1_2_WREADY    |   in|    1|          m_axi|       gmem1_2|       pointer|
|m_axi_gmem1_2_WDATA     |  out|   32|          m_axi|       gmem1_2|       pointer|
|m_axi_gmem1_2_WSTRB     |  out|    4|          m_axi|       gmem1_2|       pointer|
|m_axi_gmem1_2_WLAST     |  out|    1|          m_axi|       gmem1_2|       pointer|
|m_axi_gmem1_2_WID       |  out|    1|          m_axi|       gmem1_2|       pointer|
|m_axi_gmem1_2_WUSER     |  out|    1|          m_axi|       gmem1_2|       pointer|
|m_axi_gmem1_2_ARVALID   |  out|    1|          m_axi|       gmem1_2|       pointer|
|m_axi_gmem1_2_ARREADY   |   in|    1|          m_axi|       gmem1_2|       pointer|
|m_axi_gmem1_2_ARADDR    |  out|   64|          m_axi|       gmem1_2|       pointer|
|m_axi_gmem1_2_ARID      |  out|    1|          m_axi|       gmem1_2|       pointer|
|m_axi_gmem1_2_ARLEN     |  out|    8|          m_axi|       gmem1_2|       pointer|
|m_axi_gmem1_2_ARSIZE    |  out|    3|          m_axi|       gmem1_2|       pointer|
|m_axi_gmem1_2_ARBURST   |  out|    2|          m_axi|       gmem1_2|       pointer|
|m_axi_gmem1_2_ARLOCK    |  out|    2|          m_axi|       gmem1_2|       pointer|
|m_axi_gmem1_2_ARCACHE   |  out|    4|          m_axi|       gmem1_2|       pointer|
|m_axi_gmem1_2_ARPROT    |  out|    3|          m_axi|       gmem1_2|       pointer|
|m_axi_gmem1_2_ARQOS     |  out|    4|          m_axi|       gmem1_2|       pointer|
|m_axi_gmem1_2_ARREGION  |  out|    4|          m_axi|       gmem1_2|       pointer|
|m_axi_gmem1_2_ARUSER    |  out|    1|          m_axi|       gmem1_2|       pointer|
|m_axi_gmem1_2_RVALID    |   in|    1|          m_axi|       gmem1_2|       pointer|
|m_axi_gmem1_2_RREADY    |  out|    1|          m_axi|       gmem1_2|       pointer|
|m_axi_gmem1_2_RDATA     |   in|   32|          m_axi|       gmem1_2|       pointer|
|m_axi_gmem1_2_RLAST     |   in|    1|          m_axi|       gmem1_2|       pointer|
|m_axi_gmem1_2_RID       |   in|    1|          m_axi|       gmem1_2|       pointer|
|m_axi_gmem1_2_RUSER     |   in|    1|          m_axi|       gmem1_2|       pointer|
|m_axi_gmem1_2_RRESP     |   in|    2|          m_axi|       gmem1_2|       pointer|
|m_axi_gmem1_2_BVALID    |   in|    1|          m_axi|       gmem1_2|       pointer|
|m_axi_gmem1_2_BREADY    |  out|    1|          m_axi|       gmem1_2|       pointer|
|m_axi_gmem1_2_BRESP     |   in|    2|          m_axi|       gmem1_2|       pointer|
|m_axi_gmem1_2_BID       |   in|    1|          m_axi|       gmem1_2|       pointer|
|m_axi_gmem1_2_BUSER     |   in|    1|          m_axi|       gmem1_2|       pointer|
|m_axi_gmem1_3_AWVALID   |  out|    1|          m_axi|       gmem1_3|       pointer|
|m_axi_gmem1_3_AWREADY   |   in|    1|          m_axi|       gmem1_3|       pointer|
|m_axi_gmem1_3_AWADDR    |  out|   64|          m_axi|       gmem1_3|       pointer|
|m_axi_gmem1_3_AWID      |  out|    1|          m_axi|       gmem1_3|       pointer|
|m_axi_gmem1_3_AWLEN     |  out|    8|          m_axi|       gmem1_3|       pointer|
|m_axi_gmem1_3_AWSIZE    |  out|    3|          m_axi|       gmem1_3|       pointer|
|m_axi_gmem1_3_AWBURST   |  out|    2|          m_axi|       gmem1_3|       pointer|
|m_axi_gmem1_3_AWLOCK    |  out|    2|          m_axi|       gmem1_3|       pointer|
|m_axi_gmem1_3_AWCACHE   |  out|    4|          m_axi|       gmem1_3|       pointer|
|m_axi_gmem1_3_AWPROT    |  out|    3|          m_axi|       gmem1_3|       pointer|
|m_axi_gmem1_3_AWQOS     |  out|    4|          m_axi|       gmem1_3|       pointer|
|m_axi_gmem1_3_AWREGION  |  out|    4|          m_axi|       gmem1_3|       pointer|
|m_axi_gmem1_3_AWUSER    |  out|    1|          m_axi|       gmem1_3|       pointer|
|m_axi_gmem1_3_WVALID    |  out|    1|          m_axi|       gmem1_3|       pointer|
|m_axi_gmem1_3_WREADY    |   in|    1|          m_axi|       gmem1_3|       pointer|
|m_axi_gmem1_3_WDATA     |  out|   32|          m_axi|       gmem1_3|       pointer|
|m_axi_gmem1_3_WSTRB     |  out|    4|          m_axi|       gmem1_3|       pointer|
|m_axi_gmem1_3_WLAST     |  out|    1|          m_axi|       gmem1_3|       pointer|
|m_axi_gmem1_3_WID       |  out|    1|          m_axi|       gmem1_3|       pointer|
|m_axi_gmem1_3_WUSER     |  out|    1|          m_axi|       gmem1_3|       pointer|
|m_axi_gmem1_3_ARVALID   |  out|    1|          m_axi|       gmem1_3|       pointer|
|m_axi_gmem1_3_ARREADY   |   in|    1|          m_axi|       gmem1_3|       pointer|
|m_axi_gmem1_3_ARADDR    |  out|   64|          m_axi|       gmem1_3|       pointer|
|m_axi_gmem1_3_ARID      |  out|    1|          m_axi|       gmem1_3|       pointer|
|m_axi_gmem1_3_ARLEN     |  out|    8|          m_axi|       gmem1_3|       pointer|
|m_axi_gmem1_3_ARSIZE    |  out|    3|          m_axi|       gmem1_3|       pointer|
|m_axi_gmem1_3_ARBURST   |  out|    2|          m_axi|       gmem1_3|       pointer|
|m_axi_gmem1_3_ARLOCK    |  out|    2|          m_axi|       gmem1_3|       pointer|
|m_axi_gmem1_3_ARCACHE   |  out|    4|          m_axi|       gmem1_3|       pointer|
|m_axi_gmem1_3_ARPROT    |  out|    3|          m_axi|       gmem1_3|       pointer|
|m_axi_gmem1_3_ARQOS     |  out|    4|          m_axi|       gmem1_3|       pointer|
|m_axi_gmem1_3_ARREGION  |  out|    4|          m_axi|       gmem1_3|       pointer|
|m_axi_gmem1_3_ARUSER    |  out|    1|          m_axi|       gmem1_3|       pointer|
|m_axi_gmem1_3_RVALID    |   in|    1|          m_axi|       gmem1_3|       pointer|
|m_axi_gmem1_3_RREADY    |  out|    1|          m_axi|       gmem1_3|       pointer|
|m_axi_gmem1_3_RDATA     |   in|   32|          m_axi|       gmem1_3|       pointer|
|m_axi_gmem1_3_RLAST     |   in|    1|          m_axi|       gmem1_3|       pointer|
|m_axi_gmem1_3_RID       |   in|    1|          m_axi|       gmem1_3|       pointer|
|m_axi_gmem1_3_RUSER     |   in|    1|          m_axi|       gmem1_3|       pointer|
|m_axi_gmem1_3_RRESP     |   in|    2|          m_axi|       gmem1_3|       pointer|
|m_axi_gmem1_3_BVALID    |   in|    1|          m_axi|       gmem1_3|       pointer|
|m_axi_gmem1_3_BREADY    |  out|    1|          m_axi|       gmem1_3|       pointer|
|m_axi_gmem1_3_BRESP     |   in|    2|          m_axi|       gmem1_3|       pointer|
|m_axi_gmem1_3_BID       |   in|    1|          m_axi|       gmem1_3|       pointer|
|m_axi_gmem1_3_BUSER     |   in|    1|          m_axi|       gmem1_3|       pointer|
|m_axi_gmem2_0_AWVALID   |  out|    1|          m_axi|       gmem2_0|       pointer|
|m_axi_gmem2_0_AWREADY   |   in|    1|          m_axi|       gmem2_0|       pointer|
|m_axi_gmem2_0_AWADDR    |  out|   64|          m_axi|       gmem2_0|       pointer|
|m_axi_gmem2_0_AWID      |  out|    1|          m_axi|       gmem2_0|       pointer|
|m_axi_gmem2_0_AWLEN     |  out|    8|          m_axi|       gmem2_0|       pointer|
|m_axi_gmem2_0_AWSIZE    |  out|    3|          m_axi|       gmem2_0|       pointer|
|m_axi_gmem2_0_AWBURST   |  out|    2|          m_axi|       gmem2_0|       pointer|
|m_axi_gmem2_0_AWLOCK    |  out|    2|          m_axi|       gmem2_0|       pointer|
|m_axi_gmem2_0_AWCACHE   |  out|    4|          m_axi|       gmem2_0|       pointer|
|m_axi_gmem2_0_AWPROT    |  out|    3|          m_axi|       gmem2_0|       pointer|
|m_axi_gmem2_0_AWQOS     |  out|    4|          m_axi|       gmem2_0|       pointer|
|m_axi_gmem2_0_AWREGION  |  out|    4|          m_axi|       gmem2_0|       pointer|
|m_axi_gmem2_0_AWUSER    |  out|    1|          m_axi|       gmem2_0|       pointer|
|m_axi_gmem2_0_WVALID    |  out|    1|          m_axi|       gmem2_0|       pointer|
|m_axi_gmem2_0_WREADY    |   in|    1|          m_axi|       gmem2_0|       pointer|
|m_axi_gmem2_0_WDATA     |  out|   64|          m_axi|       gmem2_0|       pointer|
|m_axi_gmem2_0_WSTRB     |  out|    8|          m_axi|       gmem2_0|       pointer|
|m_axi_gmem2_0_WLAST     |  out|    1|          m_axi|       gmem2_0|       pointer|
|m_axi_gmem2_0_WID       |  out|    1|          m_axi|       gmem2_0|       pointer|
|m_axi_gmem2_0_WUSER     |  out|    1|          m_axi|       gmem2_0|       pointer|
|m_axi_gmem2_0_ARVALID   |  out|    1|          m_axi|       gmem2_0|       pointer|
|m_axi_gmem2_0_ARREADY   |   in|    1|          m_axi|       gmem2_0|       pointer|
|m_axi_gmem2_0_ARADDR    |  out|   64|          m_axi|       gmem2_0|       pointer|
|m_axi_gmem2_0_ARID      |  out|    1|          m_axi|       gmem2_0|       pointer|
|m_axi_gmem2_0_ARLEN     |  out|    8|          m_axi|       gmem2_0|       pointer|
|m_axi_gmem2_0_ARSIZE    |  out|    3|          m_axi|       gmem2_0|       pointer|
|m_axi_gmem2_0_ARBURST   |  out|    2|          m_axi|       gmem2_0|       pointer|
|m_axi_gmem2_0_ARLOCK    |  out|    2|          m_axi|       gmem2_0|       pointer|
|m_axi_gmem2_0_ARCACHE   |  out|    4|          m_axi|       gmem2_0|       pointer|
|m_axi_gmem2_0_ARPROT    |  out|    3|          m_axi|       gmem2_0|       pointer|
|m_axi_gmem2_0_ARQOS     |  out|    4|          m_axi|       gmem2_0|       pointer|
|m_axi_gmem2_0_ARREGION  |  out|    4|          m_axi|       gmem2_0|       pointer|
|m_axi_gmem2_0_ARUSER    |  out|    1|          m_axi|       gmem2_0|       pointer|
|m_axi_gmem2_0_RVALID    |   in|    1|          m_axi|       gmem2_0|       pointer|
|m_axi_gmem2_0_RREADY    |  out|    1|          m_axi|       gmem2_0|       pointer|
|m_axi_gmem2_0_RDATA     |   in|   64|          m_axi|       gmem2_0|       pointer|
|m_axi_gmem2_0_RLAST     |   in|    1|          m_axi|       gmem2_0|       pointer|
|m_axi_gmem2_0_RID       |   in|    1|          m_axi|       gmem2_0|       pointer|
|m_axi_gmem2_0_RUSER     |   in|    1|          m_axi|       gmem2_0|       pointer|
|m_axi_gmem2_0_RRESP     |   in|    2|          m_axi|       gmem2_0|       pointer|
|m_axi_gmem2_0_BVALID    |   in|    1|          m_axi|       gmem2_0|       pointer|
|m_axi_gmem2_0_BREADY    |  out|    1|          m_axi|       gmem2_0|       pointer|
|m_axi_gmem2_0_BRESP     |   in|    2|          m_axi|       gmem2_0|       pointer|
|m_axi_gmem2_0_BID       |   in|    1|          m_axi|       gmem2_0|       pointer|
|m_axi_gmem2_0_BUSER     |   in|    1|          m_axi|       gmem2_0|       pointer|
|m_axi_gmem2_1_AWVALID   |  out|    1|          m_axi|       gmem2_1|       pointer|
|m_axi_gmem2_1_AWREADY   |   in|    1|          m_axi|       gmem2_1|       pointer|
|m_axi_gmem2_1_AWADDR    |  out|   64|          m_axi|       gmem2_1|       pointer|
|m_axi_gmem2_1_AWID      |  out|    1|          m_axi|       gmem2_1|       pointer|
|m_axi_gmem2_1_AWLEN     |  out|    8|          m_axi|       gmem2_1|       pointer|
|m_axi_gmem2_1_AWSIZE    |  out|    3|          m_axi|       gmem2_1|       pointer|
|m_axi_gmem2_1_AWBURST   |  out|    2|          m_axi|       gmem2_1|       pointer|
|m_axi_gmem2_1_AWLOCK    |  out|    2|          m_axi|       gmem2_1|       pointer|
|m_axi_gmem2_1_AWCACHE   |  out|    4|          m_axi|       gmem2_1|       pointer|
|m_axi_gmem2_1_AWPROT    |  out|    3|          m_axi|       gmem2_1|       pointer|
|m_axi_gmem2_1_AWQOS     |  out|    4|          m_axi|       gmem2_1|       pointer|
|m_axi_gmem2_1_AWREGION  |  out|    4|          m_axi|       gmem2_1|       pointer|
|m_axi_gmem2_1_AWUSER    |  out|    1|          m_axi|       gmem2_1|       pointer|
|m_axi_gmem2_1_WVALID    |  out|    1|          m_axi|       gmem2_1|       pointer|
|m_axi_gmem2_1_WREADY    |   in|    1|          m_axi|       gmem2_1|       pointer|
|m_axi_gmem2_1_WDATA     |  out|   64|          m_axi|       gmem2_1|       pointer|
|m_axi_gmem2_1_WSTRB     |  out|    8|          m_axi|       gmem2_1|       pointer|
|m_axi_gmem2_1_WLAST     |  out|    1|          m_axi|       gmem2_1|       pointer|
|m_axi_gmem2_1_WID       |  out|    1|          m_axi|       gmem2_1|       pointer|
|m_axi_gmem2_1_WUSER     |  out|    1|          m_axi|       gmem2_1|       pointer|
|m_axi_gmem2_1_ARVALID   |  out|    1|          m_axi|       gmem2_1|       pointer|
|m_axi_gmem2_1_ARREADY   |   in|    1|          m_axi|       gmem2_1|       pointer|
|m_axi_gmem2_1_ARADDR    |  out|   64|          m_axi|       gmem2_1|       pointer|
|m_axi_gmem2_1_ARID      |  out|    1|          m_axi|       gmem2_1|       pointer|
|m_axi_gmem2_1_ARLEN     |  out|    8|          m_axi|       gmem2_1|       pointer|
|m_axi_gmem2_1_ARSIZE    |  out|    3|          m_axi|       gmem2_1|       pointer|
|m_axi_gmem2_1_ARBURST   |  out|    2|          m_axi|       gmem2_1|       pointer|
|m_axi_gmem2_1_ARLOCK    |  out|    2|          m_axi|       gmem2_1|       pointer|
|m_axi_gmem2_1_ARCACHE   |  out|    4|          m_axi|       gmem2_1|       pointer|
|m_axi_gmem2_1_ARPROT    |  out|    3|          m_axi|       gmem2_1|       pointer|
|m_axi_gmem2_1_ARQOS     |  out|    4|          m_axi|       gmem2_1|       pointer|
|m_axi_gmem2_1_ARREGION  |  out|    4|          m_axi|       gmem2_1|       pointer|
|m_axi_gmem2_1_ARUSER    |  out|    1|          m_axi|       gmem2_1|       pointer|
|m_axi_gmem2_1_RVALID    |   in|    1|          m_axi|       gmem2_1|       pointer|
|m_axi_gmem2_1_RREADY    |  out|    1|          m_axi|       gmem2_1|       pointer|
|m_axi_gmem2_1_RDATA     |   in|   64|          m_axi|       gmem2_1|       pointer|
|m_axi_gmem2_1_RLAST     |   in|    1|          m_axi|       gmem2_1|       pointer|
|m_axi_gmem2_1_RID       |   in|    1|          m_axi|       gmem2_1|       pointer|
|m_axi_gmem2_1_RUSER     |   in|    1|          m_axi|       gmem2_1|       pointer|
|m_axi_gmem2_1_RRESP     |   in|    2|          m_axi|       gmem2_1|       pointer|
|m_axi_gmem2_1_BVALID    |   in|    1|          m_axi|       gmem2_1|       pointer|
|m_axi_gmem2_1_BREADY    |  out|    1|          m_axi|       gmem2_1|       pointer|
|m_axi_gmem2_1_BRESP     |   in|    2|          m_axi|       gmem2_1|       pointer|
|m_axi_gmem2_1_BID       |   in|    1|          m_axi|       gmem2_1|       pointer|
|m_axi_gmem2_1_BUSER     |   in|    1|          m_axi|       gmem2_1|       pointer|
|m_axi_gmem2_2_AWVALID   |  out|    1|          m_axi|       gmem2_2|       pointer|
|m_axi_gmem2_2_AWREADY   |   in|    1|          m_axi|       gmem2_2|       pointer|
|m_axi_gmem2_2_AWADDR    |  out|   64|          m_axi|       gmem2_2|       pointer|
|m_axi_gmem2_2_AWID      |  out|    1|          m_axi|       gmem2_2|       pointer|
|m_axi_gmem2_2_AWLEN     |  out|    8|          m_axi|       gmem2_2|       pointer|
|m_axi_gmem2_2_AWSIZE    |  out|    3|          m_axi|       gmem2_2|       pointer|
|m_axi_gmem2_2_AWBURST   |  out|    2|          m_axi|       gmem2_2|       pointer|
|m_axi_gmem2_2_AWLOCK    |  out|    2|          m_axi|       gmem2_2|       pointer|
|m_axi_gmem2_2_AWCACHE   |  out|    4|          m_axi|       gmem2_2|       pointer|
|m_axi_gmem2_2_AWPROT    |  out|    3|          m_axi|       gmem2_2|       pointer|
|m_axi_gmem2_2_AWQOS     |  out|    4|          m_axi|       gmem2_2|       pointer|
|m_axi_gmem2_2_AWREGION  |  out|    4|          m_axi|       gmem2_2|       pointer|
|m_axi_gmem2_2_AWUSER    |  out|    1|          m_axi|       gmem2_2|       pointer|
|m_axi_gmem2_2_WVALID    |  out|    1|          m_axi|       gmem2_2|       pointer|
|m_axi_gmem2_2_WREADY    |   in|    1|          m_axi|       gmem2_2|       pointer|
|m_axi_gmem2_2_WDATA     |  out|   64|          m_axi|       gmem2_2|       pointer|
|m_axi_gmem2_2_WSTRB     |  out|    8|          m_axi|       gmem2_2|       pointer|
|m_axi_gmem2_2_WLAST     |  out|    1|          m_axi|       gmem2_2|       pointer|
|m_axi_gmem2_2_WID       |  out|    1|          m_axi|       gmem2_2|       pointer|
|m_axi_gmem2_2_WUSER     |  out|    1|          m_axi|       gmem2_2|       pointer|
|m_axi_gmem2_2_ARVALID   |  out|    1|          m_axi|       gmem2_2|       pointer|
|m_axi_gmem2_2_ARREADY   |   in|    1|          m_axi|       gmem2_2|       pointer|
|m_axi_gmem2_2_ARADDR    |  out|   64|          m_axi|       gmem2_2|       pointer|
|m_axi_gmem2_2_ARID      |  out|    1|          m_axi|       gmem2_2|       pointer|
|m_axi_gmem2_2_ARLEN     |  out|    8|          m_axi|       gmem2_2|       pointer|
|m_axi_gmem2_2_ARSIZE    |  out|    3|          m_axi|       gmem2_2|       pointer|
|m_axi_gmem2_2_ARBURST   |  out|    2|          m_axi|       gmem2_2|       pointer|
|m_axi_gmem2_2_ARLOCK    |  out|    2|          m_axi|       gmem2_2|       pointer|
|m_axi_gmem2_2_ARCACHE   |  out|    4|          m_axi|       gmem2_2|       pointer|
|m_axi_gmem2_2_ARPROT    |  out|    3|          m_axi|       gmem2_2|       pointer|
|m_axi_gmem2_2_ARQOS     |  out|    4|          m_axi|       gmem2_2|       pointer|
|m_axi_gmem2_2_ARREGION  |  out|    4|          m_axi|       gmem2_2|       pointer|
|m_axi_gmem2_2_ARUSER    |  out|    1|          m_axi|       gmem2_2|       pointer|
|m_axi_gmem2_2_RVALID    |   in|    1|          m_axi|       gmem2_2|       pointer|
|m_axi_gmem2_2_RREADY    |  out|    1|          m_axi|       gmem2_2|       pointer|
|m_axi_gmem2_2_RDATA     |   in|   64|          m_axi|       gmem2_2|       pointer|
|m_axi_gmem2_2_RLAST     |   in|    1|          m_axi|       gmem2_2|       pointer|
|m_axi_gmem2_2_RID       |   in|    1|          m_axi|       gmem2_2|       pointer|
|m_axi_gmem2_2_RUSER     |   in|    1|          m_axi|       gmem2_2|       pointer|
|m_axi_gmem2_2_RRESP     |   in|    2|          m_axi|       gmem2_2|       pointer|
|m_axi_gmem2_2_BVALID    |   in|    1|          m_axi|       gmem2_2|       pointer|
|m_axi_gmem2_2_BREADY    |  out|    1|          m_axi|       gmem2_2|       pointer|
|m_axi_gmem2_2_BRESP     |   in|    2|          m_axi|       gmem2_2|       pointer|
|m_axi_gmem2_2_BID       |   in|    1|          m_axi|       gmem2_2|       pointer|
|m_axi_gmem2_2_BUSER     |   in|    1|          m_axi|       gmem2_2|       pointer|
|m_axi_gmem2_3_AWVALID   |  out|    1|          m_axi|       gmem2_3|       pointer|
|m_axi_gmem2_3_AWREADY   |   in|    1|          m_axi|       gmem2_3|       pointer|
|m_axi_gmem2_3_AWADDR    |  out|   64|          m_axi|       gmem2_3|       pointer|
|m_axi_gmem2_3_AWID      |  out|    1|          m_axi|       gmem2_3|       pointer|
|m_axi_gmem2_3_AWLEN     |  out|    8|          m_axi|       gmem2_3|       pointer|
|m_axi_gmem2_3_AWSIZE    |  out|    3|          m_axi|       gmem2_3|       pointer|
|m_axi_gmem2_3_AWBURST   |  out|    2|          m_axi|       gmem2_3|       pointer|
|m_axi_gmem2_3_AWLOCK    |  out|    2|          m_axi|       gmem2_3|       pointer|
|m_axi_gmem2_3_AWCACHE   |  out|    4|          m_axi|       gmem2_3|       pointer|
|m_axi_gmem2_3_AWPROT    |  out|    3|          m_axi|       gmem2_3|       pointer|
|m_axi_gmem2_3_AWQOS     |  out|    4|          m_axi|       gmem2_3|       pointer|
|m_axi_gmem2_3_AWREGION  |  out|    4|          m_axi|       gmem2_3|       pointer|
|m_axi_gmem2_3_AWUSER    |  out|    1|          m_axi|       gmem2_3|       pointer|
|m_axi_gmem2_3_WVALID    |  out|    1|          m_axi|       gmem2_3|       pointer|
|m_axi_gmem2_3_WREADY    |   in|    1|          m_axi|       gmem2_3|       pointer|
|m_axi_gmem2_3_WDATA     |  out|   64|          m_axi|       gmem2_3|       pointer|
|m_axi_gmem2_3_WSTRB     |  out|    8|          m_axi|       gmem2_3|       pointer|
|m_axi_gmem2_3_WLAST     |  out|    1|          m_axi|       gmem2_3|       pointer|
|m_axi_gmem2_3_WID       |  out|    1|          m_axi|       gmem2_3|       pointer|
|m_axi_gmem2_3_WUSER     |  out|    1|          m_axi|       gmem2_3|       pointer|
|m_axi_gmem2_3_ARVALID   |  out|    1|          m_axi|       gmem2_3|       pointer|
|m_axi_gmem2_3_ARREADY   |   in|    1|          m_axi|       gmem2_3|       pointer|
|m_axi_gmem2_3_ARADDR    |  out|   64|          m_axi|       gmem2_3|       pointer|
|m_axi_gmem2_3_ARID      |  out|    1|          m_axi|       gmem2_3|       pointer|
|m_axi_gmem2_3_ARLEN     |  out|    8|          m_axi|       gmem2_3|       pointer|
|m_axi_gmem2_3_ARSIZE    |  out|    3|          m_axi|       gmem2_3|       pointer|
|m_axi_gmem2_3_ARBURST   |  out|    2|          m_axi|       gmem2_3|       pointer|
|m_axi_gmem2_3_ARLOCK    |  out|    2|          m_axi|       gmem2_3|       pointer|
|m_axi_gmem2_3_ARCACHE   |  out|    4|          m_axi|       gmem2_3|       pointer|
|m_axi_gmem2_3_ARPROT    |  out|    3|          m_axi|       gmem2_3|       pointer|
|m_axi_gmem2_3_ARQOS     |  out|    4|          m_axi|       gmem2_3|       pointer|
|m_axi_gmem2_3_ARREGION  |  out|    4|          m_axi|       gmem2_3|       pointer|
|m_axi_gmem2_3_ARUSER    |  out|    1|          m_axi|       gmem2_3|       pointer|
|m_axi_gmem2_3_RVALID    |   in|    1|          m_axi|       gmem2_3|       pointer|
|m_axi_gmem2_3_RREADY    |  out|    1|          m_axi|       gmem2_3|       pointer|
|m_axi_gmem2_3_RDATA     |   in|   64|          m_axi|       gmem2_3|       pointer|
|m_axi_gmem2_3_RLAST     |   in|    1|          m_axi|       gmem2_3|       pointer|
|m_axi_gmem2_3_RID       |   in|    1|          m_axi|       gmem2_3|       pointer|
|m_axi_gmem2_3_RUSER     |   in|    1|          m_axi|       gmem2_3|       pointer|
|m_axi_gmem2_3_RRESP     |   in|    2|          m_axi|       gmem2_3|       pointer|
|m_axi_gmem2_3_BVALID    |   in|    1|          m_axi|       gmem2_3|       pointer|
|m_axi_gmem2_3_BREADY    |  out|    1|          m_axi|       gmem2_3|       pointer|
|m_axi_gmem2_3_BRESP     |   in|    2|          m_axi|       gmem2_3|       pointer|
|m_axi_gmem2_3_BID       |   in|    1|          m_axi|       gmem2_3|       pointer|
|m_axi_gmem2_3_BUSER     |   in|    1|          m_axi|       gmem2_3|       pointer|
+------------------------+-----+-----+---------------+--------------+--------------+

