Execute       source -notrace -encoding utf-8 /tools/Xilinx/2025.1/Vitis/tps/tcl/tcl8.6/clock.tcl 
Execute         source -encoding utf-8 /tools/Xilinx/2025.1/tps/tcl/tcl8/8.5/msgcat-1.6.1.tm 
INFO-FLOW: Workspace /home/chengzhy/FormaSyn/examples/vec_add/inter_files/resource_efficient_int12_p4/work/hls opened at Thu Mar 19 04:13:19 UTC 2026
Execute       send_msg_by_id INFO @200-1505@%s%s default  vivado 
INFO: [HLS 200-1505] Using default flow_target 'vivado'
Execute       send_msg_by_id INFO @200-2174@%s%s component /home/chengzhy/FormaSyn/examples/vec_add/inter_files/resource_efficient_int12_p4/hls_config.cfg 
INFO: [HLS 200-2174] Applying component config ini file /home/chengzhy/FormaSyn/examples/vec_add/inter_files/resource_efficient_int12_p4/hls_config.cfg
Execute       apply_ini /home/chengzhy/FormaSyn/examples/vec_add/inter_files/resource_efficient_int12_p4/hls_config.cfg 
Execute         send_msg_by_id INFO @200-1465@%s 'syn.file=kernel.cpp' from /home/chengzhy/FormaSyn/examples/vec_add/inter_files/resource_efficient_int12_p4/hls_config.cfg(7) 
INFO: [HLS 200-1465] Applying config ini 'syn.file=kernel.cpp' from /home/chengzhy/FormaSyn/examples/vec_add/inter_files/resource_efficient_int12_p4/hls_config.cfg(7)
Execute         add_files /home/chengzhy/FormaSyn/examples/vec_add/inter_files/resource_efficient_int12_p4/kernel.cpp 
INFO: [HLS 200-10] Adding design file '/home/chengzhy/FormaSyn/examples/vec_add/inter_files/resource_efficient_int12_p4/kernel.cpp' to the project
Execute         send_msg_by_id INFO @200-1465@%s 'tb.file=kernel_tb.cpp' from /home/chengzhy/FormaSyn/examples/vec_add/inter_files/resource_efficient_int12_p4/hls_config.cfg(8) 
INFO: [HLS 200-1465] Applying config ini 'tb.file=kernel_tb.cpp' from /home/chengzhy/FormaSyn/examples/vec_add/inter_files/resource_efficient_int12_p4/hls_config.cfg(8)
Execute         add_files -tb /home/chengzhy/FormaSyn/examples/vec_add/inter_files/resource_efficient_int12_p4/kernel_tb.cpp 
INFO: [HLS 200-10] Adding test bench file '/home/chengzhy/FormaSyn/examples/vec_add/inter_files/resource_efficient_int12_p4/kernel_tb.cpp' to the project
Execute         send_msg_by_id INFO @200-1465@%s 'syn.top=kernel' from /home/chengzhy/FormaSyn/examples/vec_add/inter_files/resource_efficient_int12_p4/hls_config.cfg(6) 
INFO: [HLS 200-1465] Applying config ini 'syn.top=kernel' from /home/chengzhy/FormaSyn/examples/vec_add/inter_files/resource_efficient_int12_p4/hls_config.cfg(6)
Execute         set_top kernel 
Execute         send_msg_by_id INFO @200-1465@%s 'flow_target=vitis' from /home/chengzhy/FormaSyn/examples/vec_add/inter_files/resource_efficient_int12_p4/hls_config.cfg(5) 
INFO: [HLS 200-1465] Applying config ini 'flow_target=vitis' from /home/chengzhy/FormaSyn/examples/vec_add/inter_files/resource_efficient_int12_p4/hls_config.cfg(5)
Execute         send_msg_by_id INFO @200-1505@%s%s  vitis 
INFO: [HLS 200-1505] Using flow_target 'vitis'
Execute         send_msg_by_id INFO @200-435@%s%s 'open_solution -flow_target vitis' config_interface -m_axi_latency=64 
INFO: [HLS 200-435] Setting 'open_solution -flow_target vitis' configuration: config_interface -m_axi_latency=64
Execute         config_interface -m_axi_latency=64 
Execute         send_msg_by_id INFO @200-435@%s%s 'open_solution -flow_target vitis' config_interface -m_axi_alignment_byte_size=64 
INFO: [HLS 200-435] Setting 'open_solution -flow_target vitis' configuration: config_interface -m_axi_alignment_byte_size=64
Execute         config_interface -m_axi_alignment_byte_size=64 
Execute         send_msg_by_id INFO @200-435@%s%s 'open_solution -flow_target vitis' config_interface -m_axi_max_widen_bitwidth=512 
INFO: [HLS 200-435] Setting 'open_solution -flow_target vitis' configuration: config_interface -m_axi_max_widen_bitwidth=512
Execute         config_interface -m_axi_max_widen_bitwidth=512 
INFO-FLOW: Setting macro_cmd open_solution -flow_target vitis configuration: config_interface -default_interface=kernel
Execute         config_interface -default_interface=kernel 
Execute         send_msg_by_id INFO @200-435@%s%s 'open_solution -flow_target vitis' config_rtl -register_reset_num=3 
INFO: [HLS 200-435] Setting 'open_solution -flow_target vitis' configuration: config_rtl -register_reset_num=3
Execute         config_rtl -register_reset_num=3 
Execute         send_msg_by_id INFO @200-1465@%s 'part=xcu200-fsgd2104-2-e' from /home/chengzhy/FormaSyn/examples/vec_add/inter_files/resource_efficient_int12_p4/hls_config.cfg(1) 
INFO: [HLS 200-1465] Applying config ini 'part=xcu200-fsgd2104-2-e' from /home/chengzhy/FormaSyn/examples/vec_add/inter_files/resource_efficient_int12_p4/hls_config.cfg(1)
Execute         set_part xcu200-fsgd2104-2-e 
Execute           create_platform xcu200-fsgd2104-2-e -board  
DBG:HLSDevice: Trying to load device library: /tools/Xilinx/2025.1/Vitis/lib/lnx64.o/libxv_hlsvwrap.so
DBG:HLSDevice: first parts/arch.xml in RDI_DATADIR: /tools/Xilinx/2025.1/Vivado/data/parts/arch.xml
DBG:HLSDevice: init success
INFO: [HLS 200-1611] Setting target device to 'xcu200-fsgd2104-2-e'
Command           create_platform done; 0.36 sec.
Execute           source /tools/Xilinx/2025.1/Vitis/common/technology/xilinx/common/xilinx.gen 
Execute             source /tools/Xilinx/2025.1/Vitis/common/technology/xilinx/interface/plb46.gen 
Execute             source /tools/Xilinx/2025.1/Vitis/common/technology/xilinx/interface/axi4.gen 
Execute             source /tools/Xilinx/2025.1/Vitis/common/technology/xilinx/interface/nativeAXI4.gen 
Execute               source /tools/Xilinx/2025.1/Vitis/common/technology/xilinx/interface/saxilite.gen 
Execute             source /tools/Xilinx/2025.1/Vitis/common/technology/xilinx/scripts/xilinxcoregen.gen 
Execute             source /tools/Xilinx/2025.1/Vitis/common/technology/xilinx/interface/XilEDKCoreGen.gen 
Execute             source /tools/Xilinx/2025.1/Vitis/common/technology/xilinx/ip/util.gen 
Execute             source /tools/Xilinx/2025.1/Vitis/common/technology/xilinx/ip/xfft.gen 
Execute             source /tools/Xilinx/2025.1/Vitis/common/technology/xilinx/ip/dds_compiler.gen 
Execute             source /tools/Xilinx/2025.1/Vitis/common/technology/xilinx/ip/xfir.gen 
Execute             source /tools/Xilinx/2025.1/Vitis/common/technology/xilinx/DSP48/dsp48.gen 
Execute           ap_part_info -name xcu200-fsgd2104-2-e -data info 
Execute           config_compile -quiet -complex-mul-dsp=0 
Command         set_part done; 0.45 sec.
Execute         send_msg_by_id INFO @200-1465@%s 'clock=5.0ns' from /home/chengzhy/FormaSyn/examples/vec_add/inter_files/resource_efficient_int12_p4/hls_config.cfg(4) 
INFO: [HLS 200-1465] Applying config ini 'clock=5.0ns' from /home/chengzhy/FormaSyn/examples/vec_add/inter_files/resource_efficient_int12_p4/hls_config.cfg(4)
Execute         create_clock -period 5ns 
Execute           ap_set_clock -name default -period 5 -unit ns -default=false 
INFO: [SYN 201-201] Setting up clock 'default' with a period of 5ns.
Command       apply_ini done; 0.47 sec.
Execute       write_component -config /home/chengzhy/FormaSyn/examples/vec_add/inter_files/resource_efficient_int12_p4/hls_config.cfg 
Execute         send_msg_by_id INFO @200-2176@%s /home/chengzhy/FormaSyn/examples/vec_add/inter_files/resource_efficient_int12_p4/work/vitis-comp.json 
INFO: [HLS 200-2176] Writing Vitis IDE component file /home/chengzhy/FormaSyn/examples/vec_add/inter_files/resource_efficient_int12_p4/work/vitis-comp.json
Command     open_solution done; 0.49 sec.
Command   open_component done; 0.49 sec.
Execute   apply_ini /home/chengzhy/FormaSyn/examples/vec_add/inter_files/resource_efficient_int12_p4/work/hls/config.cmdline -iscmdline 
Execute   ::AP::init_summary_file csynth-ip 
Execute     AP::app_get_file_relativeroot [AP::app_get_root] {}
Execute     AP::get_vpp_package_output_file
Execute   csynth_design 
Execute     ap_part_info -name xcu200-fsgd2104-2-e -data info 
INFO-FLOW: run_clang exec: /tools/Xilinx/2025.1/Vitis/lnx64/tools/clang-3.9-csynth/bin/xilinx-performance-pragma-detector kernel.cpp -- -fhls -D__VITIS_HLS__ -DAESL_SYN -D__SYNTHESIS__ -D__HLS_SYN__ -I /tools/Xilinx/2025.1/Vitis/common/technology/autopilot -I /tools/Xilinx/2025.1/Vitis/common/technology/autopilot/ap_sysc -include etc/autopilot_ssdm_op.h -D__DSP48E2__ -I /usr/include/x86_64-linux-gnu > /home/chengzhy/FormaSyn/examples/vec_add/inter_files/resource_efficient_int12_p4/work/hls/.autopilot/db/kernel.cpp.xilinx-performance-pragma-detector.out.log 2> /home/chengzhy/FormaSyn/examples/vec_add/inter_files/resource_efficient_int12_p4/work/hls/.autopilot/db/kernel.cpp.xilinx-performance-pragma-detector.err.log
INFO-FLOW: Running SLX 'csynth' proc: ::SLX::run_csynth
Execute     elaborate -effort=medium -skip_syncheck=0 -keep_printf=0 -skip_cdt=0 -skip_transform=0 -ng=0 -g=0 -from_csynth_design=1 
INFO: [HLS 200-111] Finished File checks and directory preparation: CPU user time: 1.62 seconds. CPU system time: 0.51 seconds. Elapsed time: 2.3 seconds; current allocated memory: 260.840 MB.
Execute       set_directive_top kernel -name=kernel 
INFO: [HLS 200-10] Analyzing design file 'kernel.cpp' ... 
INFO-FLOW: Compiling one TU...
INFO-FLOW: Handling kernel.cpp as C++
Execute       ap_part_info -name xcu200-fsgd2104-2-e -data info 
INFO-FLOW: Running: GCC PP 39
INFO-FLOW: Source preprocessing
INFO-FLOW: run_clang exec: /tools/Xilinx/2025.1/Vitis/lnx64/tools/clang-3.9-csynth/bin/clang kernel.cpp -foptimization-record-file=/home/chengzhy/FormaSyn/examples/vec_add/inter_files/resource_efficient_int12_p4/work/hls/.autopilot/db/kernel.cpp.clang.diag.yml -mllvm -pass-remarks-missed=reflow|pasta|unroll|inline -mllvm -pass-remarks=reflow|pasta|unroll|inline -fno-limit-debug-info --gcc-toolchain=/tools/Xilinx/2025.1/Vitis/tps/lnx64/gcc-8.3.0 -fhls -fno-exceptions -insert-hls-directive=/home/chengzhy/FormaSyn/examples/vec_add/inter_files/resource_efficient_int12_p4/work/hls/.autopilot/db/all.directive.json -E -fno-math-errno -c -emit-llvm -mllvm -disable-llvm-optzns -Werror=implicit-function-declaration -Werror=implicit-hls-streams -Werror=return-type -Wpragmas -Wunused-parameter -Wdump-hls-pragmas -Wno-error=dump-hls-pragmas -hls-clock-period=5 -fno-threadsafe-statics -fno-use-cxa-atexit -target fpga64-xilinx-linux-gnu -fno-threadsafe-statics -fno-use-cxa-atexit -D__VITIS_HLS__ -DAESL_SYN -D__SYNTHESIS__ -D__HLS_SYN__ -I /tools/Xilinx/2025.1/Vitis/common/technology/autopilot -I /tools/Xilinx/2025.1/Vitis/common/technology/autopilot/ap_sysc -include etc/autopilot_ssdm_op.h -D__DSP48E2__ -I /usr/include/x86_64-linux-gnu -o /home/chengzhy/FormaSyn/examples/vec_add/inter_files/resource_efficient_int12_p4/work/hls/.autopilot/db/kernel.pp.0.cpp -hls-platform-db-name=/tools/Xilinx/2025.1/Vitis/common/technology/xilinx/common/platform.db -hls-platform-name=virtexuplus_medium -device-resource-info=BRAM_4320.000000_DSP_6840.000000_FF_2364480.000000_LUT_1182240.000000_SLICE_147780.000000_SLR_3.000000_URAM_960.000000 -device-name-info=xcu200-fsgd2104-2-e > /home/chengzhy/FormaSyn/examples/vec_add/inter_files/resource_efficient_int12_p4/work/hls/.autopilot/db/kernel.cpp.clang.out.log 2> /home/chengzhy/FormaSyn/examples/vec_add/inter_files/resource_efficient_int12_p4/work/hls/.autopilot/db/kernel.cpp.clang.err.log
INFO-FLOW: Done: GCC PP 39 time: 0.2 seconds per iteration
INFO-FLOW: Source syntax check for synthesis
INFO-FLOW: run_clang exec: /tools/Xilinx/2025.1/Vitis/lnx64/tools/clang-3.9-csynth/bin/clang -foptimization-record-file=/home/chengzhy/FormaSyn/examples/vec_add/inter_files/resource_efficient_int12_p4/work/hls/.autopilot/db/clang.diag.yml -mllvm -pass-remarks-missed=reflow|pasta|unroll|inline -mllvm -pass-remarks=reflow|pasta|unroll|inline -fsyntax-only -fhls -target fpga64-xilinx-linux-gnu /home/chengzhy/FormaSyn/examples/vec_add/inter_files/resource_efficient_int12_p4/work/hls/.autopilot/db/kernel.pp.0.cpp -hls-platform-db-name=/tools/Xilinx/2025.1/Vitis/common/technology/xilinx/common/platform.db -hls-platform-name=virtexuplus_medium -device-resource-info=BRAM_4320.000000_DSP_6840.000000_FF_2364480.000000_LUT_1182240.000000_SLICE_147780.000000_SLR_3.000000_URAM_960.000000 -device-name-info=xcu200-fsgd2104-2-e > /home/chengzhy/FormaSyn/examples/vec_add/inter_files/resource_efficient_int12_p4/work/hls/.autopilot/db/clang.out.log 2> /home/chengzhy/FormaSyn/examples/vec_add/inter_files/resource_efficient_int12_p4/work/hls/.autopilot/db/clang.err.log
Execute       clang_tidy xilinx-systemc-detector -desc systemc-detector /home/chengzhy/FormaSyn/examples/vec_add/inter_files/resource_efficient_int12_p4/work/hls/.autopilot/db/kernel.pp.0.cpp  -target fpga  -directive=/home/chengzhy/FormaSyn/examples/vec_add/inter_files/resource_efficient_int12_p4/work/hls/.autopilot/db/.systemc_flag 
INFO-FLOW: exec /tools/Xilinx/2025.1/Vitis/lnx64/tools/clang-3.9-csynth/bin/clang-tidy -header-filter=.* --checks=-*,xilinx-systemc-detector -import-directive=/home/chengzhy/FormaSyn/examples/vec_add/inter_files/resource_efficient_int12_p4/work/hls/.autopilot/db/.systemc_flag -fix-errors /home/chengzhy/FormaSyn/examples/vec_add/inter_files/resource_efficient_int12_p4/work/hls/.autopilot/db/kernel.pp.0.cpp -- - -target fpga -fhls -ferror-limit=0
Command       clang_tidy done; 0.27 sec.
INFO-FLOW: Running: clang-tidy CDT preprocess 39
Execute       clang_tidy xilinx-directive2pragma -desc directive2pragma /home/chengzhy/FormaSyn/examples/vec_add/inter_files/resource_efficient_int12_p4/work/hls/.autopilot/db/kernel.pp.0.cpp  -target fpga  -directive=/home/chengzhy/FormaSyn/examples/vec_add/inter_files/resource_efficient_int12_p4/work/hls/.autopilot/db/all.directive.json 
INFO-FLOW: exec /tools/Xilinx/2025.1/Vitis/lnx64/tools/clang-3.9-csynth/bin/clang-tidy -header-filter=.* --checks=-*,xilinx-directive2pragma -import-directive=/home/chengzhy/FormaSyn/examples/vec_add/inter_files/resource_efficient_int12_p4/work/hls/.autopilot/db/all.directive.json -fix-errors /home/chengzhy/FormaSyn/examples/vec_add/inter_files/resource_efficient_int12_p4/work/hls/.autopilot/db/kernel.pp.0.cpp -- - -target fpga -fhls -ferror-limit=0
Command       clang_tidy done; 0.43 sec.
INFO-FLOW: Done: clang-tidy CDT preprocess 39 time: 0.4 seconds per iteration
INFO-FLOW: Calling xilinx-label-all-loops ... 
INFO-FLOW: Calling xilinx-aggregate-on-hls-vector ... 
Execute       clang_tidy -errorcheck -desc loop-label xilinx-label-all-loops,xilinx-aggregate-on-hls-vector,,xilinx-warn-mayneed-no-ctor-attribute /home/chengzhy/FormaSyn/examples/vec_add/inter_files/resource_efficient_int12_p4/work/hls/.autopilot/db/kernel.pp.0.cpp  -target fpga  
INFO-FLOW: run_clang exec: /tools/Xilinx/2025.1/Vitis/lnx64/tools/clang-3.9-csynth/bin/clang-tidy -export-fixes=/home/chengzhy/FormaSyn/examples/vec_add/inter_files/resource_efficient_int12_p4/work/hls/.autopilot/db/kernel.pp.0.cpp.clang-tidy.loop-label.diag.yml -header-filter=.* --checks=-*,xilinx-label-all-loops,xilinx-aggregate-on-hls-vector,,xilinx-warn-mayneed-no-ctor-attribute -fix-errors /home/chengzhy/FormaSyn/examples/vec_add/inter_files/resource_efficient_int12_p4/work/hls/.autopilot/db/kernel.pp.0.cpp -- - -target fpga -fhls -ferror-limit=0 > /home/chengzhy/FormaSyn/examples/vec_add/inter_files/resource_efficient_int12_p4/work/hls/.autopilot/db/kernel.pp.0.cpp.clang-tidy.loop-label.out.log 2> /home/chengzhy/FormaSyn/examples/vec_add/inter_files/resource_efficient_int12_p4/work/hls/.autopilot/db/kernel.pp.0.cpp.clang-tidy.loop-label.err.log
Execute         source /tools/Xilinx/2025.1/Vitis/tps/tcl/tcllib2.0/yaml/yaml.tcl 
Command       clang_tidy done; 0.55 sec.
INFO-FLOW: run_clang exec: /tools/Xilinx/2025.1/Vitis/lnx64/tools/clang-3.9-csynth/bin/xilinx-dataflow-lawyer -export-fixes=/home/chengzhy/FormaSyn/examples/vec_add/inter_files/resource_efficient_int12_p4/work/hls/.autopilot/db/kernel.pp.0.cpp.xilinx-dataflow-lawyer.diag.yml /home/chengzhy/FormaSyn/examples/vec_add/inter_files/resource_efficient_int12_p4/work/hls/.autopilot/db/kernel.pp.0.cpp -- - -target fpga -fhls -ferror-limit=0 -fstrict-dataflow > /home/chengzhy/FormaSyn/examples/vec_add/inter_files/resource_efficient_int12_p4/work/hls/.autopilot/db/kernel.pp.0.cpp.xilinx-dataflow-lawyer.out.log 2> /home/chengzhy/FormaSyn/examples/vec_add/inter_files/resource_efficient_int12_p4/work/hls/.autopilot/db/kernel.pp.0.cpp.xilinx-dataflow-lawyer.err.log
Execute       ap_part_info -name xcu200-fsgd2104-2-e -data info 
INFO-FLOW: compiling source code to llvm bc
INFO-FLOW: run_clang exec: /tools/Xilinx/2025.1/Vitis/lnx64/tools/clang-3.9-csynth/bin/clang -foptimization-record-file=/home/chengzhy/FormaSyn/examples/vec_add/inter_files/resource_efficient_int12_p4/work/hls/.autopilot/db/kernel.pp.0.cpp.clang.diag.yml -mllvm -pass-remarks-missed=reflow|pasta|unroll|inline -mllvm -pass-remarks=reflow|pasta|unroll|inline -fno-limit-debug-info -fhls -flto -fno-exceptions -Wno-error=c++11-narrowing -hls-emit-hint-scope /home/chengzhy/FormaSyn/examples/vec_add/inter_files/resource_efficient_int12_p4/work/hls/.autopilot/db/kernel.pp.0.cpp -fno-math-errno -c -emit-llvm -mllvm -disable-llvm-optzns -Werror=implicit-function-declaration -Werror=implicit-hls-streams -Werror=return-type -Wpragmas -Wunused-parameter -Wdump-hls-pragmas -Wno-error=dump-hls-pragmas -hls-clock-period=5 -fno-threadsafe-statics -fno-use-cxa-atexit -target fpga64-xilinx-linux-gnu -D__VITIS_HLS__ -DAESL_SYN -D__SYNTHESIS__ -D__HLS_SYN__ -I /tools/Xilinx/2025.1/Vitis/common/technology/autopilot -I /tools/Xilinx/2025.1/Vitis/common/technology/autopilot/ap_sysc -include etc/autopilot_ssdm_op.h -D__DSP48E2__ -g -o /home/chengzhy/FormaSyn/examples/vec_add/inter_files/resource_efficient_int12_p4/work/hls/.autopilot/db/kernel.bc -hls-platform-db-name=/tools/Xilinx/2025.1/Vitis/common/technology/xilinx/common/platform.db -hls-platform-name=virtexuplus_medium -device-resource-info=BRAM_4320.000000_DSP_6840.000000_FF_2364480.000000_LUT_1182240.000000_SLICE_147780.000000_SLR_3.000000_URAM_960.000000 -device-name-info=xcu200-fsgd2104-2-e > /home/chengzhy/FormaSyn/examples/vec_add/inter_files/resource_efficient_int12_p4/work/hls/.autopilot/db/kernel.pp.0.cpp.clang.out.log 2> /home/chengzhy/FormaSyn/examples/vec_add/inter_files/resource_efficient_int12_p4/work/hls/.autopilot/db/kernel.pp.0.cpp.clang.err.log
INFO: [HLS 200-111] Finished Source Code Analysis and Preprocessing: CPU user time: 1.83 seconds. CPU system time: 0.66 seconds. Elapsed time: 2.48 seconds; current allocated memory: 262.828 MB.
INFO-FLOW: Linking Debug ...
INFO-FLOW: Linking dut bc code.
Execute       run_link_or_opt -out /home/chengzhy/FormaSyn/examples/vec_add/inter_files/resource_efficient_int12_p4/work/hls/.autopilot/db/a.g.ld.0.bc -args  "/home/chengzhy/FormaSyn/examples/vec_add/inter_files/resource_efficient_int12_p4/work/hls/.autopilot/db/kernel.g.bc"  
INFO-FLOW: run_clang exec: /tools/Xilinx/2025.1/Vitis/lnx64/tools/clang-3.9-csynth/bin/llvm-link /home/chengzhy/FormaSyn/examples/vec_add/inter_files/resource_efficient_int12_p4/work/hls/.autopilot/db/kernel.g.bc -o /home/chengzhy/FormaSyn/examples/vec_add/inter_files/resource_efficient_int12_p4/work/hls/.autopilot/db/a.g.ld.0.bc > /home/chengzhy/FormaSyn/examples/vec_add/inter_files/resource_efficient_int12_p4/work/hls/.autopilot/db/a.g.ld.0.bc.llvm-link.out.log 2> /home/chengzhy/FormaSyn/examples/vec_add/inter_files/resource_efficient_int12_p4/work/hls/.autopilot/db/a.g.ld.0.bc.llvm-link.err.log
Execute       run_link_or_opt -opt -out /home/chengzhy/FormaSyn/examples/vec_add/inter_files/resource_efficient_int12_p4/work/hls/.autopilot/db/a.g.ld.1.lower.bc -args /home/chengzhy/FormaSyn/examples/vec_add/inter_files/resource_efficient_int12_p4/work/hls/.autopilot/db/a.g.ld.0.bc -reflow-lower-math-intrinsics 
INFO-FLOW: run_clang exec: /tools/Xilinx/2025.1/Vitis/lnx64/tools/clang-3.9-csynth/bin/opt -pass-remarks-missed=reflow|pasta|unroll|inline -pass-remarks=reflow|pasta|unroll|inline -pass-remarks-output=/home/chengzhy/FormaSyn/examples/vec_add/inter_files/resource_efficient_int12_p4/work/hls/.autopilot/db/a.g.ld.1.lower.bc.opt.diag.yml /home/chengzhy/FormaSyn/examples/vec_add/inter_files/resource_efficient_int12_p4/work/hls/.autopilot/db/a.g.ld.0.bc -reflow-lower-math-intrinsics -o /home/chengzhy/FormaSyn/examples/vec_add/inter_files/resource_efficient_int12_p4/work/hls/.autopilot/db/a.g.ld.1.lower.bc > /home/chengzhy/FormaSyn/examples/vec_add/inter_files/resource_efficient_int12_p4/work/hls/.autopilot/db/a.g.ld.1.lower.bc.opt.out.log 2> /home/chengzhy/FormaSyn/examples/vec_add/inter_files/resource_efficient_int12_p4/work/hls/.autopilot/db/a.g.ld.1.lower.bc.opt.err.log
INFO-FLOW: Running: gen_design_size_report post-opt
INFO-FLOW: Done: gen_design_size_report post-opt time: 0 seconds per iteration
INFO-FLOW: Linking math bc lib
Execute       run_link_or_opt -out /home/chengzhy/FormaSyn/examples/vec_add/inter_files/resource_efficient_int12_p4/work/hls/.autopilot/db/a.g.ld.2.m1.bc -args /home/chengzhy/FormaSyn/examples/vec_add/inter_files/resource_efficient_int12_p4/work/hls/.autopilot/db/a.g.ld.1.lower.bc -only-needed /tools/Xilinx/2025.1/Vitis/lnx64/lib/libhlsm_39.bc /tools/Xilinx/2025.1/Vitis/lnx64/lib/libhlsmc++_39.bc 
INFO-FLOW: run_clang exec: /tools/Xilinx/2025.1/Vitis/lnx64/tools/clang-3.9-csynth/bin/llvm-link /home/chengzhy/FormaSyn/examples/vec_add/inter_files/resource_efficient_int12_p4/work/hls/.autopilot/db/a.g.ld.1.lower.bc -only-needed /tools/Xilinx/2025.1/Vitis/lnx64/lib/libhlsm_39.bc /tools/Xilinx/2025.1/Vitis/lnx64/lib/libhlsmc++_39.bc -o /home/chengzhy/FormaSyn/examples/vec_add/inter_files/resource_efficient_int12_p4/work/hls/.autopilot/db/a.g.ld.2.m1.bc > /home/chengzhy/FormaSyn/examples/vec_add/inter_files/resource_efficient_int12_p4/work/hls/.autopilot/db/a.g.ld.2.m1.bc.llvm-link.out.log 2> /home/chengzhy/FormaSyn/examples/vec_add/inter_files/resource_efficient_int12_p4/work/hls/.autopilot/db/a.g.ld.2.m1.bc.llvm-link.err.log
Command       run_link_or_opt done; 1.21 sec.
Execute       run_link_or_opt -opt -out /home/chengzhy/FormaSyn/examples/vec_add/inter_files/resource_efficient_int12_p4/work/hls/.autopilot/db/a.g.ld.3.fpc.bc -args /home/chengzhy/FormaSyn/examples/vec_add/inter_files/resource_efficient_int12_p4/work/hls/.autopilot/db/a.g.ld.2.m1.bc -reflow-globaldce -hls-top-function-name=kernel -reflow-float-conversion 
INFO-FLOW: run_clang exec: /tools/Xilinx/2025.1/Vitis/lnx64/tools/clang-3.9-csynth/bin/opt -pass-remarks-missed=reflow|pasta|unroll|inline -pass-remarks=reflow|pasta|unroll|inline -pass-remarks-output=/home/chengzhy/FormaSyn/examples/vec_add/inter_files/resource_efficient_int12_p4/work/hls/.autopilot/db/a.g.ld.3.fpc.bc.opt.diag.yml /home/chengzhy/FormaSyn/examples/vec_add/inter_files/resource_efficient_int12_p4/work/hls/.autopilot/db/a.g.ld.2.m1.bc -reflow-globaldce -hls-top-function-name=kernel -reflow-float-conversion -o /home/chengzhy/FormaSyn/examples/vec_add/inter_files/resource_efficient_int12_p4/work/hls/.autopilot/db/a.g.ld.3.fpc.bc > /home/chengzhy/FormaSyn/examples/vec_add/inter_files/resource_efficient_int12_p4/work/hls/.autopilot/db/a.g.ld.3.fpc.bc.opt.out.log 2> /home/chengzhy/FormaSyn/examples/vec_add/inter_files/resource_efficient_int12_p4/work/hls/.autopilot/db/a.g.ld.3.fpc.bc.opt.err.log
INFO-FLOW: Running: gen_design_size_report post-opt
INFO-FLOW: Done: gen_design_size_report post-opt time: 0 seconds per iteration
Command       run_link_or_opt done; 0.5 sec.
Execute       run_link_or_opt -out /home/chengzhy/FormaSyn/examples/vec_add/inter_files/resource_efficient_int12_p4/work/hls/.autopilot/db/a.g.ld.4.m2.bc -args /home/chengzhy/FormaSyn/examples/vec_add/inter_files/resource_efficient_int12_p4/work/hls/.autopilot/db/a.g.ld.3.fpc.bc -only-needed /tools/Xilinx/2025.1/Vitis/lnx64/lib/libfloatconversion_39.bc 
INFO-FLOW: run_clang exec: /tools/Xilinx/2025.1/Vitis/lnx64/tools/clang-3.9-csynth/bin/llvm-link /home/chengzhy/FormaSyn/examples/vec_add/inter_files/resource_efficient_int12_p4/work/hls/.autopilot/db/a.g.ld.3.fpc.bc -only-needed /tools/Xilinx/2025.1/Vitis/lnx64/lib/libfloatconversion_39.bc -o /home/chengzhy/FormaSyn/examples/vec_add/inter_files/resource_efficient_int12_p4/work/hls/.autopilot/db/a.g.ld.4.m2.bc > /home/chengzhy/FormaSyn/examples/vec_add/inter_files/resource_efficient_int12_p4/work/hls/.autopilot/db/a.g.ld.4.m2.bc.llvm-link.out.log 2> /home/chengzhy/FormaSyn/examples/vec_add/inter_files/resource_efficient_int12_p4/work/hls/.autopilot/db/a.g.ld.4.m2.bc.llvm-link.err.log
Execute       run_link_or_opt -opt -out /home/chengzhy/FormaSyn/examples/vec_add/inter_files/resource_efficient_int12_p4/work/hls/.autopilot/db/a.g.ld.5.gdce.bc -args /home/chengzhy/FormaSyn/examples/vec_add/inter_files/resource_efficient_int12_p4/work/hls/.autopilot/db/a.g.ld.4.m2.bc -reflow-globaldce -hls-top-function-name=kernel 
INFO-FLOW: run_clang exec: /tools/Xilinx/2025.1/Vitis/lnx64/tools/clang-3.9-csynth/bin/opt -pass-remarks-missed=reflow|pasta|unroll|inline -pass-remarks=reflow|pasta|unroll|inline -pass-remarks-output=/home/chengzhy/FormaSyn/examples/vec_add/inter_files/resource_efficient_int12_p4/work/hls/.autopilot/db/a.g.ld.5.gdce.bc.opt.diag.yml /home/chengzhy/FormaSyn/examples/vec_add/inter_files/resource_efficient_int12_p4/work/hls/.autopilot/db/a.g.ld.4.m2.bc -reflow-globaldce -hls-top-function-name=kernel -o /home/chengzhy/FormaSyn/examples/vec_add/inter_files/resource_efficient_int12_p4/work/hls/.autopilot/db/a.g.ld.5.gdce.bc > /home/chengzhy/FormaSyn/examples/vec_add/inter_files/resource_efficient_int12_p4/work/hls/.autopilot/db/a.g.ld.5.gdce.bc.opt.out.log 2> /home/chengzhy/FormaSyn/examples/vec_add/inter_files/resource_efficient_int12_p4/work/hls/.autopilot/db/a.g.ld.5.gdce.bc.opt.err.log
INFO-FLOW: Running: gen_design_size_report post-opt
INFO-FLOW: Done: gen_design_size_report post-opt time: 0 seconds per iteration
Execute       send_msg_by_id INFO @200-777@%s Vitis 
INFO: [HLS 200-777] Using interface defaults for 'Vitis' flow target.
Execute       is_m_axi_addr64 
INFO-FLOW: Doing LTO.
INFO-FLOW: run_clang (background poll_ms 5000) exec: /tools/Xilinx/2025.1/Vitis/lnx64/tools/clang-3.9-csynth/bin/clang -foptimization-record-file=/home/chengzhy/FormaSyn/examples/vec_add/inter_files/resource_efficient_int12_p4/work/hls/.autopilot/db/a.g.ld.0.bc.clang.reflow.diag.yml -mllvm -pass-remarks-missed=reflow|pasta|unroll|inline -mllvm -pass-remarks=reflow|pasta|unroll|inline -fhls -mllvm -hls-top-function-name=kernel -mllvm -hls-db-dir -mllvm /home/chengzhy/FormaSyn/examples/vec_add/inter_files/resource_efficient_int12_p4/work/hls/.autopilot/db -emit-llvm -c -target fpga64-xilinx-none -mllvm -xcl-xmlinfo=/home/chengzhy/FormaSyn/examples/vec_add/inter_files/resource_efficient_int12_p4/work/hls/.autopilot/db/../../kernel.xml -mllvm -top-io-mapping-info=/home/chengzhy/FormaSyn/examples/vec_add/inter_files/resource_efficient_int12_p4/work/hls/.autopilot/db/top-io-fe.xml -mllvm -hls-bitcode-version=3.1 -mllvm -reflow-enable-slave-interface-default-setting=true -mllvm -gen-kernel-xml=true -mllvm -default-maxi-offset=slave -mllvm -reflow-unroll-size-threshold=10000 -mllvm -reflow-unroll-cost-threshold=1000000 -mllvm -maxi-latency=64 -mllvm -hls-maxi-data-size-in-bits=8 -mllvm -hls-maxi-max-data-size-in-bits=1024 -mllvm -hls-max-widen-size-in-bits=512 -mllvm -xcl-kernel-max-mem-ports=0 -mllvm -maxi-read-trans=16 -mllvm -maxi-write-trans=16 -mllvm -maxi-read-burst-len=16 -mllvm -maxi-write-burst-len=16 -mllvm -reflow-enable-saxi-64bits=0 -mllvm -reflow-basic-block-instr-threshold=200000 -mllvm -reflow-auto-pipeline-threshold=64 -mllvm -reflow-enable-maxi-auto-id-channel=0 -mllvm -reflow-bdd-simplify-threshold=1048576 -mllvm -reflow-fanout-threshold=16 -mllvm -reflow-force-aggressive-unroll=0 -mllvm -reflow-aggressive-unroll-adjust-factor=1.000000 -mllvm -reflow-complete-threshold=4 -mllvm -reflow-array-promotion-threshold=64 -mllvm -reflow-enable-critical-path-for-performance=1 -mllvm -assume-maxi-align=64 -mllvm -reflow-enable-dataflow-strict-mode-checking=1 -ftime-report -mllvm -time-passes -mllvm -reflow-auto-array-partition-mode=default -mllvm -reflow-enable-auto-small-array-partition=true -mllvm -reflow-enable-auto-array-promotion=true -mllvm -reflow-enable-auto-array-partition-for-flatten=true -mllvm -reflow-enable-auto-parallel-performance-driven=true -mllvm -reflow-enable-partition-for-automation=true -mllvm -reflow-aggregate-bitwidth-threshold=4096 -mllvm -reflow-reserved-saxilite-registers=0 -mllvm -enable-reflow-auto-loop-pipeline -mllvm -reflow-max-unroll-threshold=409600 -mllvm -auto-unroll-tripcount-threshold=0 -mllvm -reflow-assume-no-address-wrap=true -mllvm -reflow-enable-occurrence-inference=true -mllvm -reflow-emit-hint-scope=true -mllvm -reflow-enable-codegen-with-if=true -mllvm -reflow-enable-dataflow-canon=true -mllvm -reflow-enable-dataflow-canon2=true -mllvm -reflow-dump-extra-complexity-metric=true -mllvm -hls -mllvm -disable-inlined-alloca-merging=true -mllvm -enable-reflow-vitis-flow-setting=true -mllvm -default-clock-period=5 -mllvm -use_read_first_ram_in_loop=1 -mllvm -default-clock-uncertainty=1.35 -x ir /home/chengzhy/FormaSyn/examples/vec_add/inter_files/resource_efficient_int12_p4/work/hls/.autopilot/db/a.g.ld.5.gdce.bc -o /home/chengzhy/FormaSyn/examples/vec_add/inter_files/resource_efficient_int12_p4/work/hls/.autopilot/db/a.g.lto.bc -hls-platform-db-name=/tools/Xilinx/2025.1/Vitis/common/technology/xilinx/common/platform.db -hls-platform-name=virtexuplus_medium -device-resource-info=BRAM_4320.000000_DSP_6840.000000_FF_2364480.000000_LUT_1182240.000000_SLICE_147780.000000_SLR_3.000000_URAM_960.000000 -device-name-info=xcu200-fsgd2104-2-e 2> /home/chengzhy/FormaSyn/examples/vec_add/inter_files/resource_efficient_int12_p4/work/hls/.autopilot/db/a.g.ld.0.bc.clang.reflow.err.log bg_poll_cmd: ::AP::poll_clang_39_closed_source
Execute       send_msg_by_id INFO @200-1995@%s%s%s 163 Compile/Link (/home/chengzhy/FormaSyn/examples/vec_add/inter_files/resource_efficient_int12_p4/work/hls/syn/report/csynth_design_size.rpt:2) 
INFO: [HLS 200-1995] There were 163 instructions in the design after the 'Compile/Link' phase of compilation. See the Design Size Report for more details (/home/chengzhy/FormaSyn/examples/vec_add/inter_files/resource_efficient_int12_p4/work/hls/syn/report/csynth_design_size.rpt:2)
Execute       send_msg_by_id INFO @200-1995@%s%s%s 82 Unroll/Inline (step 1) (/home/chengzhy/FormaSyn/examples/vec_add/inter_files/resource_efficient_int12_p4/work/hls/syn/report/csynth_design_size.rpt:2) 
INFO: [HLS 200-1995] There were 82 instructions in the design after the 'Unroll/Inline (step 1)' phase of compilation. See the Design Size Report for more details (/home/chengzhy/FormaSyn/examples/vec_add/inter_files/resource_efficient_int12_p4/work/hls/syn/report/csynth_design_size.rpt:2)
Execute       send_msg_by_id INFO @200-1995@%s%s%s 72 Unroll/Inline (step 2) (/home/chengzhy/FormaSyn/examples/vec_add/inter_files/resource_efficient_int12_p4/work/hls/syn/report/csynth_design_size.rpt:2) 
INFO: [HLS 200-1995] There were 72 instructions in the design after the 'Unroll/Inline (step 2)' phase of compilation. See the Design Size Report for more details (/home/chengzhy/FormaSyn/examples/vec_add/inter_files/resource_efficient_int12_p4/work/hls/syn/report/csynth_design_size.rpt:2)
Execute       send_msg_by_id INFO @200-1995@%s%s%s 69 Unroll/Inline (step 3) (/home/chengzhy/FormaSyn/examples/vec_add/inter_files/resource_efficient_int12_p4/work/hls/syn/report/csynth_design_size.rpt:2) 
INFO: [HLS 200-1995] There were 69 instructions in the design after the 'Unroll/Inline (step 3)' phase of compilation. See the Design Size Report for more details (/home/chengzhy/FormaSyn/examples/vec_add/inter_files/resource_efficient_int12_p4/work/hls/syn/report/csynth_design_size.rpt:2)
Execute       send_msg_by_id INFO @200-1995@%s%s%s 69 Unroll/Inline (step 4) (/home/chengzhy/FormaSyn/examples/vec_add/inter_files/resource_efficient_int12_p4/work/hls/syn/report/csynth_design_size.rpt:2) 
INFO: [HLS 200-1995] There were 69 instructions in the design after the 'Unroll/Inline (step 4)' phase of compilation. See the Design Size Report for more details (/home/chengzhy/FormaSyn/examples/vec_add/inter_files/resource_efficient_int12_p4/work/hls/syn/report/csynth_design_size.rpt:2)
Execute       send_msg_by_id INFO @200-1995@%s%s%s 217 Array/Struct (step 1) (/home/chengzhy/FormaSyn/examples/vec_add/inter_files/resource_efficient_int12_p4/work/hls/syn/report/csynth_design_size.rpt:2) 
INFO: [HLS 200-1995] There were 217 instructions in the design after the 'Array/Struct (step 1)' phase of compilation. See the Design Size Report for more details (/home/chengzhy/FormaSyn/examples/vec_add/inter_files/resource_efficient_int12_p4/work/hls/syn/report/csynth_design_size.rpt:2)
Execute       send_msg_by_id INFO @200-1995@%s%s%s 89 Array/Struct (step 2) (/home/chengzhy/FormaSyn/examples/vec_add/inter_files/resource_efficient_int12_p4/work/hls/syn/report/csynth_design_size.rpt:2) 
INFO: [HLS 200-1995] There were 89 instructions in the design after the 'Array/Struct (step 2)' phase of compilation. See the Design Size Report for more details (/home/chengzhy/FormaSyn/examples/vec_add/inter_files/resource_efficient_int12_p4/work/hls/syn/report/csynth_design_size.rpt:2)
Execute       send_msg_by_id INFO @200-1995@%s%s%s 89 Array/Struct (step 3) (/home/chengzhy/FormaSyn/examples/vec_add/inter_files/resource_efficient_int12_p4/work/hls/syn/report/csynth_design_size.rpt:2) 
INFO: [HLS 200-1995] There were 89 instructions in the design after the 'Array/Struct (step 3)' phase of compilation. See the Design Size Report for more details (/home/chengzhy/FormaSyn/examples/vec_add/inter_files/resource_efficient_int12_p4/work/hls/syn/report/csynth_design_size.rpt:2)
Execute       send_msg_by_id INFO @200-1995@%s%s%s 89 Array/Struct (step 4) (/home/chengzhy/FormaSyn/examples/vec_add/inter_files/resource_efficient_int12_p4/work/hls/syn/report/csynth_design_size.rpt:2) 
INFO: [HLS 200-1995] There were 89 instructions in the design after the 'Array/Struct (step 4)' phase of compilation. See the Design Size Report for more details (/home/chengzhy/FormaSyn/examples/vec_add/inter_files/resource_efficient_int12_p4/work/hls/syn/report/csynth_design_size.rpt:2)
Execute       send_msg_by_id INFO @200-1995@%s%s%s 152 Array/Struct (step 5) (/home/chengzhy/FormaSyn/examples/vec_add/inter_files/resource_efficient_int12_p4/work/hls/syn/report/csynth_design_size.rpt:2) 
INFO: [HLS 200-1995] There were 152 instructions in the design after the 'Array/Struct (step 5)' phase of compilation. See the Design Size Report for more details (/home/chengzhy/FormaSyn/examples/vec_add/inter_files/resource_efficient_int12_p4/work/hls/syn/report/csynth_design_size.rpt:2)
Execute       send_msg_by_id INFO @200-1995@%s%s%s 140 Performance (step 1) (/home/chengzhy/FormaSyn/examples/vec_add/inter_files/resource_efficient_int12_p4/work/hls/syn/report/csynth_design_size.rpt:2) 
INFO: [HLS 200-1995] There were 140 instructions in the design after the 'Performance (step 1)' phase of compilation. See the Design Size Report for more details (/home/chengzhy/FormaSyn/examples/vec_add/inter_files/resource_efficient_int12_p4/work/hls/syn/report/csynth_design_size.rpt:2)
Execute       send_msg_by_id INFO @200-1995@%s%s%s 136 Performance (step 2) (/home/chengzhy/FormaSyn/examples/vec_add/inter_files/resource_efficient_int12_p4/work/hls/syn/report/csynth_design_size.rpt:2) 
INFO: [HLS 200-1995] There were 136 instructions in the design after the 'Performance (step 2)' phase of compilation. See the Design Size Report for more details (/home/chengzhy/FormaSyn/examples/vec_add/inter_files/resource_efficient_int12_p4/work/hls/syn/report/csynth_design_size.rpt:2)
Execute       send_msg_by_id INFO @200-1995@%s%s%s 136 Performance (step 3) (/home/chengzhy/FormaSyn/examples/vec_add/inter_files/resource_efficient_int12_p4/work/hls/syn/report/csynth_design_size.rpt:2) 
INFO: [HLS 200-1995] There were 136 instructions in the design after the 'Performance (step 3)' phase of compilation. See the Design Size Report for more details (/home/chengzhy/FormaSyn/examples/vec_add/inter_files/resource_efficient_int12_p4/work/hls/syn/report/csynth_design_size.rpt:2)
Execute       send_msg_by_id INFO @200-1995@%s%s%s 136 Performance (step 4) (/home/chengzhy/FormaSyn/examples/vec_add/inter_files/resource_efficient_int12_p4/work/hls/syn/report/csynth_design_size.rpt:2) 
INFO: [HLS 200-1995] There were 136 instructions in the design after the 'Performance (step 4)' phase of compilation. See the Design Size Report for more details (/home/chengzhy/FormaSyn/examples/vec_add/inter_files/resource_efficient_int12_p4/work/hls/syn/report/csynth_design_size.rpt:2)
Execute       send_msg_by_id INFO @200-1995@%s%s%s 172 HW Transforms (step 1) (/home/chengzhy/FormaSyn/examples/vec_add/inter_files/resource_efficient_int12_p4/work/hls/syn/report/csynth_design_size.rpt:2) 
INFO: [HLS 200-1995] There were 172 instructions in the design after the 'HW Transforms (step 1)' phase of compilation. See the Design Size Report for more details (/home/chengzhy/FormaSyn/examples/vec_add/inter_files/resource_efficient_int12_p4/work/hls/syn/report/csynth_design_size.rpt:2)
Execute       send_msg_by_id INFO @200-1995@%s%s%s 177 HW Transforms (step 2) (/home/chengzhy/FormaSyn/examples/vec_add/inter_files/resource_efficient_int12_p4/work/hls/syn/report/csynth_design_size.rpt:2) 
INFO: [HLS 200-1995] There were 177 instructions in the design after the 'HW Transforms (step 2)' phase of compilation. See the Design Size Report for more details (/home/chengzhy/FormaSyn/examples/vec_add/inter_files/resource_efficient_int12_p4/work/hls/syn/report/csynth_design_size.rpt:2)
INFO: [HLS 214-188] Unrolling loop 'loop_add' (kernel.cpp:19:5) in function 'kernel' partially with a factor of 4 (kernel.cpp:5:0)
INFO: [HLS 214-248] Applying array_partition to 'a': Cyclic partitioning with factor 4 on dimension 1. (kernel.cpp:5:0)
INFO: [HLS 214-248] Applying array_partition to 'b': Cyclic partitioning with factor 4 on dimension 1. (kernel.cpp:5:0)
INFO: [HLS 214-248] Applying array_partition to 'c': Cyclic partitioning with factor 4 on dimension 1. (kernel.cpp:5:0)
INFO-FLOW: DBG:PUTS: copy_raw_kernel_xml ap_link_39: copying raw kernel.xml: /home/chengzhy/FormaSyn/examples/vec_add/inter_files/resource_efficient_int12_p4/work/hls/.autopilot/db/../../kernel.xml -> /home/chengzhy/FormaSyn/examples/vec_add/inter_files/resource_efficient_int12_p4/work/hls/.autopilot/db/kernel.internal.xml
INFO: [HLS 200-111] Finished Compiling Optimization and Transform: CPU user time: 2.02 seconds. CPU system time: 0.55 seconds. Elapsed time: 7.18 seconds; current allocated memory: 265.207 MB.
INFO: [HLS 200-111] Finished Checking Pragmas: CPU user time: 0 seconds. CPU system time: 0.01 seconds. Elapsed time: 0 seconds; current allocated memory: 265.207 MB.
Execute       opt_and_import_c a -opt_level=2 -skip_syncheck=0 -ng=0 -keep_printf=0 
Execute         cleanup_all_models 
INFO: [HLS 200-10] Starting code transformations ...
INFO-FLOW: Running Standard Transforms...
Execute         transform -hls -share-std-xform -demangle-name -inline-byval-memcpy -always-inline -promote-dbg-pointer -interface-preproc -mem2reg -scalarrepl -mem2reg -keep-read-access -instcombine -dce -promote-dbg-pointer -bitop-raise -loop-simplify -indvarspre -indvars -loop-simplify -constprop -instcombine -simplifycfg -indvars -simplifycfg -dce -globaldce -basicaa -simplifycfg -mem2reg -globalopt -global-constprop -deadargelim -instcombine -simplifycfg -scalarrepl -instcombine -reassociate -licm -simplifycfg -loop-simplify -indvars -instcombine -simplifycfg -mem2reg -loop-simplify -indvars -instcombine -gvn -gvn -instcombine -adce -break-crit-edges -simplifycfg -loop-delete -global-array-opt -dce -dse -adce -find-syn-modules -top kernel -deadargelim -mem2reg -instcombine -dce -presyn-prepare -interface-preproc -syn-check -check-rec-only -find-region -simplifycfg -func-extr -function-inline -globaldce -mem2reg -instcombine -dce -gvn -globaldce -adce -adse -constprop -instcombine -bit-constprop -instcombine -dce -simplifycfg -bitop-raise -simplifycfg -dce -loop-delete -reassociate -globalopt -global-privatize -mem2reg -dce -global-constprop -pointer-simplify -constprop -dce -promote-dbg-pointer -norm-name /home/chengzhy/FormaSyn/examples/vec_add/inter_files/resource_efficient_int12_p4/work/hls/.autopilot/db/a.g.0.bc -o /home/chengzhy/FormaSyn/examples/vec_add/inter_files/resource_efficient_int12_p4/work/hls/.autopilot/db/a.g.1.bc -f -phase std-opt 
INFO: [HLS 200-111] Finished Standard Transforms: CPU user time: 0.01 seconds. CPU system time: 0 seconds. Elapsed time: 0.02 seconds; current allocated memory: 265.328 MB.
INFO: [HLS 200-10] Checking synthesizability ...
INFO-FLOW: Checking Synthesizability 1/2..
Execute         transform -hls -syn-check -check-rec-only -scalarrepl -norm-name -dce -mem2reg -instcombine -directive-preproc -mem2reg -dse -dce -dce -pag -array-normalize -instcombine -dce -array-seg-normalize -instcombine -dce -data-pack -instcombine -dce -inst-simplify -array-flatten -instcombine -dce -array-burst -dce -deadargelim -promote-global-argument -simplifycfg -mem2reg -globaldce -dce -deadargelim -dce -instcombine -function-inline -globaldce -dce -doublePtrSimplify -doublePtrElim -dce -doublePtrSimplify -promote-dbg-pointer -dce -scalarrepl -dse -adse -instcombine -ptrLegalization -simplifycfg -dce -instcombine -pointer-simplify -ptrArgReplace -dce -instcombine -resolve-double-ptr -scalarrepl -norm-name -dce -mem2reg -instcombine -ptrLegalization -simplifycfg -deadargelim -instcombine -dce -inst-simplify -directive-preproc -mem2reg -dse -dce -globaldce /home/chengzhy/FormaSyn/examples/vec_add/inter_files/resource_efficient_int12_p4/work/hls/.autopilot/db/a.g.1.bc -o /home/chengzhy/FormaSyn/examples/vec_add/inter_files/resource_efficient_int12_p4/work/hls/.autopilot/db/a.g.2.prechk.bc -f 
INFO-FLOW: Checking Synthesizability 2/2..
Execute         transform -syn-check /home/chengzhy/FormaSyn/examples/vec_add/inter_files/resource_efficient_int12_p4/work/hls/.autopilot/db/a.g.2.prechk.bc -o /home/chengzhy/FormaSyn/examples/vec_add/inter_files/resource_efficient_int12_p4/work/hls/.autopilot/db/a.g.2.bc -f -phase syn-check 
INFO: [HLS 200-111] Finished Checking Synthesizability: CPU user time: 0.01 seconds. CPU system time: 0 seconds. Elapsed time: 0.01 seconds; current allocated memory: 265.379 MB.
INFO-FLOW: Compiler optimizing ...
INFO-FLOW: Share syncheck's 1.bc for syn flow: copy /home/chengzhy/FormaSyn/examples/vec_add/inter_files/resource_efficient_int12_p4/work/hls/.autopilot/db/a.g.1.bc to /home/chengzhy/FormaSyn/examples/vec_add/inter_files/resource_efficient_int12_p4/work/hls/.autopilot/db/a.o.1.bc
INFO-FLOW: Presyn 1...
Execute         transform -hls -tmp /home/chengzhy/FormaSyn/examples/vec_add/inter_files/resource_efficient_int12_p4/work/hls/.autopilot/db -interface-port-rename -directive-preproc -mem2reg -dse -dce -scalarrepl -norm-name -deadargelim -dce -hls-dead-arg-elim -deadargelim -mem2reg -instcombine -dce -simplifycfg -dce -resource-proc -clib-intrinsic-prepare -dce -func-buffer -dce -pag -array-normalize -func-legal -instcombine -gvn -constprop -dce -simplifycfg -mem2reg -globaldce -resolve-double-ptr -dce -deadargelim -dce -instcombine -ptrArgReplace -mem2reg -dce -array-seg-normalize -deadargelim -instcombine -dce -directive-preproc -mem2reg -dse -dce -pointer-simplify -dce -port-alignment -dce -interface-preproc -data-pack -instcombine -dce -basicaa -aggr-aa -aggrmodref-aa -aggr-aa -gvn -gvn -basicaa -aggr-aa -aggrmodref-aa -aggr-aa -dse -adse -adce -loop-simplify -indvars -instcombine -gvn -loop-simplify -mem2reg -dce -find-region -instcombine -inst-simplify -interface-preproc -cfgopt -instcombine -indvars -loop-simplify -loop-bound -constprop -instcombine -simplifycfg -indvars -simplifycfg -dce -globaldce -clean-region -attach-range -gvn -inst-simplify -constprop -simplifycfg -dce -pointer-simplify -dce -globalopt -constprop -dce -ptrArgReplace -mem2reg -simplifycfg -dce -instcombine -dce -array-transform-check -array-reshape -instcombine -simplifycfg -dce -ptrArgReplace -deadargelim -mem2reg -instcombine -simplifycfg -dce -indvars -loop-simplify -loop-bound -constprop -instcombine -simplifycfg -indvars -simplifycfg -dce -globaldce -basicaa -aggr-aa -aggrmodref-aa -aggr-aa -dse -duplicate-dataflow-processes -globaldce -instcombine -array-partition -prepare-dynamic-array-partition -instcombine -simplifycfg -dce -ptrArgReplace -global-constprop -deadargelim -mem2reg -func-legal -dce -global-constprop -deadargelim -mem2reg -simplifycfg -dce -merge-param -deadargelim -globalopt -constprop -dce -ptrArgReplace -mem2reg -simplifycfg -dce -mem-intrinsic-preproc -dce -global-internalize -global-privatize -mem2reg -globaldce -lcssa -loop-simplify -phi-select-elim -promote-global-argument -ptrArgReplace -mem2reg -dce -globalopt -mergereturn -simplify-global-access -mem2reg -dce -pointer-simplify -dce -basicaa -aggr-aa -aggrmodref-aa -aggr-aa -functionattrs -basicaa -aggr-aa -aggrmodref-aa -aggr-aa -gvn -gvn -basicaa -aggr-aa -aggrmodref-aa -aggr-aa -dse -adse -adce -dce -norm-name -basicaa -aggr-aa -aggrmodref-aa -aggr-aa -accesses-merge -function-inline -complex-op-raise -inst-simplify -globaldce -func-legal -dce -loop-bound -arraycheck -bitwidthmin2 -bitwidthmin2 -on-by-dataflow -loop-delete -instcombine -simplifycfg -globaldce -dce -gvn -deadargelim -dce -loop-simplify -clean-region -simplifycfg -propagate-stable-arguments -instcombine -simplifycfg -dce -globaldce -duplicate-dataflow-processes -stream-intrinsic-preproc -dce -check-ap-stream -loop-simplify -eliminate-keepreads -extract-dataflow-in-loop -loop-simplify -dce -gvn -deadargelim -dse -duplicate-dataflow-processes -check-dataflow-syntax -legalize-stream-variable -globaldce -extract-subproc -global-constprop -deadargelim -globaldce -legalize-global -dce -dead-channel-elimination -canonicalize-gep -globaldce -dce -gvn -hls-dead-arg-elim -deadargelim -canonicalize-dataflow -directive-preproc -dce -globaldce -scalar-preprocessing -scalar-propagation2 -scalar-stream -deadargelim -globaldce -mem2reg -check-dataflow-channels -function-stream -dce -globaldce -prop-fifo-spec -internal-stream-gen -canonicalize-gep -globaldce -dce -gvn -deadargelim -mergereturn -indvars -loop-simplify -instcombine -array-stream -array-seg-normalize -array-partition -clean-array-spec -func-legal -instcombine -simplifycfg -dce -bundle-memfifo-ops -deadargelim -directive-preproc -mem2reg -dse -dce -group-axi-access -licm -simplifycfg -dce -loop-delete -hls-display -norm-name /home/chengzhy/FormaSyn/examples/vec_add/inter_files/resource_efficient_int12_p4/work/hls/.autopilot/db/a.o.1.bc -o /home/chengzhy/FormaSyn/examples/vec_add/inter_files/resource_efficient_int12_p4/work/hls/.autopilot/db/a.o.1.tmp.bc -f 
INFO-FLOW: Presyn 2...
Execute         transform -hls -keep-callgraph -scalarrepl -mem2reg -port-alignment -attach-range -dce -pipe-mux-gen -indvars -loop-bound -inst-simplify -instcombine -dce -merge-array-access -mem2reg -dce -clean-region -mergereturn -if-conv -instcombine -dce -constprop -basicaa -aggr-aa -aggrmodref-aa -aggr-aa -gvn -gvn -basicaa -aggr-aa -aggrmodref-aa -aggr-aa -dse -adse -adce -scalarrepl -mem2reg -global-constprop -deadargelim -deadargelim -instcombine -dce -simplifycfg -ptrArgReplace -mem2reg -function-inline -globaldce -mem2reg -instcombine -dce -expr-balance -instcombine -dce -bitwidthmin2 -bitwidthmin2 -interface-preproc -directive-preproc -inst-rectify -instcombine -dce -basicaa -aggr-aa -aggrmodref-aa -aggr-aa -functionattrs -constprop -instcombine -bit-constprop -simplify-global-access -globalopt -globaldce -inst-simplify -instcombine -elimdeaddata -dce -loop-delete -simplifycfg -loop-simplify -barrier -norm-name /home/chengzhy/FormaSyn/examples/vec_add/inter_files/resource_efficient_int12_p4/work/hls/.autopilot/db/a.o.1.tmp.bc -o /home/chengzhy/FormaSyn/examples/vec_add/inter_files/resource_efficient_int12_p4/work/hls/.autopilot/db/a.o.2.bc -f -phase presyn 
INFO: [HLS 200-111] Finished Loop, function and other optimizations: CPU user time: 0.04 seconds. CPU system time: 0.01 seconds. Elapsed time: 0.04 seconds; current allocated memory: 287.156 MB.
Execute         transform -hls -auto-function-inline -globaldce -ptrArgReplace -mem2reg -dce -reset-lda -loop-simplify -indvars -aggr-aa -licm -loop-dep -loop-bound -licm -loop-simplify -loop-sink-hoist -flattenloopnest -array-flatten -gvn -instcombine -dce -array-map -dce -func-legal -gvn -adce -instcombine -cfgopt -simplifycfg-lite -loop-simplify -array-burst -promote-global-argument -dce -array-seg-normalize -basicaa -aggrmodref-aa -globalsmodref-aa -aggr-aa -gvn -gvn -basicaa -aggrmodref-aa -globalsmodref-aa -aggr-aa -dse -adse -adce -licm -inst-simplify -dce -globaldce -instcombine -array-stream -eliminate-keepreads -instcombine -dce -deadargelim -doublePtrSimplify -doublePtrElim -dce -doublePtrSimplify -promote-dbg-pointer -dce -scalarrepl -mem2reg -norm-name -mem2reg -instcombine -dse -adse -adce -ptrLegalization -dce -array-flatten -dce -instcombine -check-doubleptr -loop-rot -constprop -inst-simplify -cfgopt -simplifycfg-lite -loop-simplify -indvars -pointer-simplify -dce -loop-bound -loop-simplify -loop-preproc -constprop -global-constprop -gvn -mem2reg -instcombine -dce -loop-bound -loop-merge -dce -deadargelim -dce -canonicalize-dataflow -dce -deadargelim -globaldce -mem2reg -bram-byte-enable -inst-simplify -inst-rectify -instcombine -adce -deadargelim -load-elim -read-loop-dep -loop-simplify -loop-rewind-sink-hoist -loop-outline -hls-dead-arg-elim -directive-preproc -bitwidthmin2 -bitwidthmin2 -read-loop-dep -interface-preproc -directive-preproc -interface-gen -bram-byte-enable-spec-prop -mul2addshift -deadargelim -inst-simplify -dce -mem2reg -instcombine -gvn -dce -adse -loop-bound -instcombine -cfgopt -simplifycfg-lite -loop-simplify -clean-region -io-protocol -find-region -mem2reg -bitop-raise -complex-op-raise -inst-simplify -inst-rectify -instcombine -gvn -adce -deadargelim -float-op-raise -loop-simplify -phi-opt -bitop-raise -cfgopt -simplifycfg-lite -strip-dead-prototypes -interface-lower -bitop-lower -intrinsic-lower -auto-function-inline -basicaa -aggrmodref-aa -globalsmodref-aa -aggr-aa -inst-simplify -simplifycfg-lite -loop-simplify -mergereturn -inst-simplify -inst-rectify -globaldce -dce -load-elim -bitop-lower -float-op-raise -fma-raise -loop-rewind -pointer-simplify -dce -cfgopt -dce -loop-bound -loop-dep -read-loop-dep -dce -dyn-mem-reuse -dce -recurrence-min -dce -share-scalar-alloca -deadargelim -dce -check-stream -norm-name -legalize -inst-clarity -bitwidth -dce -validate-dataflow -dump-loop-dep-to-ir -check-all-ssdm -drop-inferred-ii -dump-complexity-metric /home/chengzhy/FormaSyn/examples/vec_add/inter_files/resource_efficient_int12_p4/work/hls/.autopilot/db/a.o.2.bc -o /home/chengzhy/FormaSyn/examples/vec_add/inter_files/resource_efficient_int12_p4/work/hls/.autopilot/db/a.o.3.bc -f -phase build-ssdm 
Execute           auto_get_db
INFO-FLOW: Building ssdm...
Execute         transform -hls -cdfg-build /home/chengzhy/FormaSyn/examples/vec_add/inter_files/resource_efficient_int12_p4/work/hls/.autopilot/db/a.o.3.bc -o /home/chengzhy/FormaSyn/examples/vec_add/inter_files/resource_efficient_int12_p4/work/hls/.autopilot/db/a.o.3.bc -f -phase build-ssdm 
INFO: [HLS 200-111] Finished Architecture Synthesis: CPU user time: 0.03 seconds. CPU system time: 0 seconds. Elapsed time: 0.04 seconds; current allocated memory: 287.156 MB.
INFO-FLOW: Finish building internal data model.
Command       opt_and_import_c done; 0.11 sec.
Command     elaborate done; 9.78 sec.
Execute     ap_eval exec zip -j /home/chengzhy/FormaSyn/examples/vec_add/inter_files/resource_efficient_int12_p4/work/hls/.autopilot/db/dut.hcp $dbDir/a.o.3.bc $dbDir/${topname}.rtl_wrap.cfg.tcl $dbDir/apatb_${topname}.cpp $dbDir/apatb_${topname}_util.cpp $dbDir/apatb_${topname}_ir.ll $dbDir/mapper_${topname}.cpp $dbDir/top-io-fe.xml $dbDir/kernel.internal.xml $workdir/../hls.app 
Execute     autosyn -from_csynth_design=1 
INFO: [HLS 200-10] Starting hardware synthesis ...
INFO-FLOW: Synthesizing C/C++ design ...
INFO: [HLS 200-10] Synthesizing 'kernel' ...
Execute       ap_set_top_model kernel 
Execute       get_model_list kernel -filter all-wo-channel -topdown 
Execute       preproc_iomode -model kernel 
Execute       get_model_list kernel -filter all-wo-channel 
INFO-FLOW: Model list for configure: kernel
INFO-FLOW: Configuring Module : kernel ...
Execute       set_default_model kernel 
Execute       apply_spec_resource_limit kernel 
INFO-FLOW: Model list for preprocess: kernel
INFO-FLOW: Preprocessing Module: kernel ...
Execute       set_default_model kernel 
Execute       cdfg_preprocess -model kernel 
Execute       rtl_gen_preprocess kernel 
INFO-FLOW: Model list for synthesis: kernel
INFO: [HLS 200-10] ----------------------------------------------------------------
INFO: [HLS 200-42] -- Implementing module 'kernel' 
INFO: [HLS 200-10] ----------------------------------------------------------------
Execute       set_default_model kernel 
Execute       schedule -model kernel 
INFO: [SCHED 204-11] Starting scheduling ...
INFO: [SCHED 204-61] Pipelining loop 'loop_add'.
INFO: [HLS 200-1470] Pipelining result : Target II = 4, Final II = 1, Depth = 1, loop 'loop_add'
INFO: [SCHED 204-11] Finished scheduling.
INFO: [HLS 200-111] Finished Scheduling: CPU user time: 0.1 seconds. CPU system time: 0.03 seconds. Elapsed time: 0.13 seconds; current allocated memory: 287.156 MB.
Execute       syn_report -verbosereport -o /home/chengzhy/FormaSyn/examples/vec_add/inter_files/resource_efficient_int12_p4/work/hls/.autopilot/db/kernel.verbose.sched.rpt 
Execute         list_part -family xcu200-fsgd2104-2-e 
Execute           ap_family_info -name xcu200-fsgd2104-2-e -data names 
Execute           ap_part_info -quiet -name xcu200-fsgd2104-2-e -data family 
Command       syn_report done; 0.11 sec.
Execute       db_write -o /home/chengzhy/FormaSyn/examples/vec_add/inter_files/resource_efficient_int12_p4/work/hls/.autopilot/db/kernel.sched.adb -f 
INFO-FLOW: Finish scheduling kernel.
Execute       set_default_model kernel 
Execute       bind -model kernel 
INFO: [BIND 205-100] Starting micro-architecture generation ...
INFO: [BIND 205-101] Performing variable lifetime analysis.
INFO: [BIND 205-101] Exploring resource sharing.
INFO: [BIND 205-101] Binding ...
INFO: [BIND 205-100] Finished micro-architecture generation.
INFO: [HLS 200-111] Finished Binding: CPU user time: 0.13 seconds. CPU system time: 0.01 seconds. Elapsed time: 0.14 seconds; current allocated memory: 287.156 MB.
Execute       syn_report -verbosereport -o /home/chengzhy/FormaSyn/examples/vec_add/inter_files/resource_efficient_int12_p4/work/hls/.autopilot/db/kernel.verbose.bind.rpt 
Execute         list_part -family xcu200-fsgd2104-2-e 
Execute           ap_family_info -name xcu200-fsgd2104-2-e -data names 
Execute           ap_part_info -quiet -name xcu200-fsgd2104-2-e -data family 
Execute       db_write -o /home/chengzhy/FormaSyn/examples/vec_add/inter_files/resource_efficient_int12_p4/work/hls/.autopilot/db/kernel.bind.adb -f 
INFO-FLOW: Finish binding kernel.
Execute       get_model_list kernel -filter all-wo-channel 
INFO-FLOW: Preprocessing for RTLGen ...
Execute       rtl_gen_preprocess kernel 
INFO-FLOW: Model list for RTL generation: kernel
INFO: [HLS 200-10] ----------------------------------------------------------------
INFO: [HLS 200-10] -- Generating RTL for module 'kernel' 
INFO: [HLS 200-10] ----------------------------------------------------------------
Execute       create_rtl_model kernel -top_prefix  -sub_prefix kernel_ -mg_file /home/chengzhy/FormaSyn/examples/vec_add/inter_files/resource_efficient_int12_p4/work/hls/.autopilot/db/kernel.compgen.tcl 
WARNING: [RTGEN 206-101] Design contains AXI ports. Reset is fixed to synchronous and active low.
INFO: [RTGEN 206-500] Setting interface mode on port 'kernel/gmem0_0' to 'm_axi'.
INFO: [RTGEN 206-500] Setting interface mode on port 'kernel/gmem0_1' to 'm_axi'.
INFO: [RTGEN 206-500] Setting interface mode on port 'kernel/gmem0_2' to 'm_axi'.
INFO: [RTGEN 206-500] Setting interface mode on port 'kernel/gmem0_3' to 'm_axi'.
INFO: [RTGEN 206-500] Setting interface mode on port 'kernel/gmem1_0' to 'm_axi'.
INFO: [RTGEN 206-500] Setting interface mode on port 'kernel/gmem1_1' to 'm_axi'.
INFO: [RTGEN 206-500] Setting interface mode on port 'kernel/gmem1_2' to 'm_axi'.
INFO: [RTGEN 206-500] Setting interface mode on port 'kernel/gmem1_3' to 'm_axi'.
INFO: [RTGEN 206-500] Setting interface mode on port 'kernel/gmem2_0' to 'm_axi'.
INFO: [RTGEN 206-500] Setting interface mode on port 'kernel/gmem2_1' to 'm_axi'.
INFO: [RTGEN 206-500] Setting interface mode on port 'kernel/gmem2_2' to 'm_axi'.
INFO: [RTGEN 206-500] Setting interface mode on port 'kernel/gmem2_3' to 'm_axi'.
INFO: [RTGEN 206-500] Setting interface mode on port 'kernel/a_0' to 's_axilite & ap_none'.
INFO: [RTGEN 206-500] Setting interface mode on port 'kernel/a_1' to 's_axilite & ap_none'.
INFO: [RTGEN 206-500] Setting interface mode on port 'kernel/a_2' to 's_axilite & ap_none'.
INFO: [RTGEN 206-500] Setting interface mode on port 'kernel/a_3' to 's_axilite & ap_none'.
INFO: [RTGEN 206-500] Setting interface mode on port 'kernel/b_0' to 's_axilite & ap_none'.
INFO: [RTGEN 206-500] Setting interface mode on port 'kernel/b_1' to 's_axilite & ap_none'.
INFO: [RTGEN 206-500] Setting interface mode on port 'kernel/b_2' to 's_axilite & ap_none'.
INFO: [RTGEN 206-500] Setting interface mode on port 'kernel/b_3' to 's_axilite & ap_none'.
INFO: [RTGEN 206-500] Setting interface mode on port 'kernel/c_0' to 's_axilite & ap_none'.
INFO: [RTGEN 206-500] Setting interface mode on port 'kernel/c_1' to 's_axilite & ap_none'.
INFO: [RTGEN 206-500] Setting interface mode on port 'kernel/c_2' to 's_axilite & ap_none'.
INFO: [RTGEN 206-500] Setting interface mode on port 'kernel/c_3' to 's_axilite & ap_none'.
INFO: [RTGEN 206-500] Setting interface mode on function 'kernel' to 's_axilite & ap_ctrl_chain'.
INFO: [RTGEN 206-100] Bundling port 'a_0', 'a_1', 'a_2', 'a_3', 'b_0', 'b_1', 'b_2', 'b_3', 'c_0', 'c_1', 'c_2', 'c_3' and 'return' to AXI-Lite port control.
INFO: [RTGEN 206-100] Finished creating RTL model for 'kernel'.
Command       create_rtl_model done; 0.13 sec.
INFO: [HLS 200-111] Finished Creating RTL model: CPU user time: 0.23 seconds. CPU system time: 0.02 seconds. Elapsed time: 0.25 seconds; current allocated memory: 287.156 MB.
Execute       source /home/chengzhy/FormaSyn/examples/vec_add/inter_files/resource_efficient_int12_p4/work/hls/.autopilot/db/kernel.rtl_wrap.cfg.tcl 
Execute       gen_rtl kernel -istop -style xilinx -f -lang vhdl -o /home/chengzhy/FormaSyn/examples/vec_add/inter_files/resource_efficient_int12_p4/work/hls/syn/vhdl/kernel 
Command       gen_rtl done; 0.15 sec.
Execute       gen_rtl kernel -istop -style xilinx -f -lang vlog -o /home/chengzhy/FormaSyn/examples/vec_add/inter_files/resource_efficient_int12_p4/work/hls/syn/verilog/kernel 
Execute       syn_report -csynth -model kernel -o /home/chengzhy/FormaSyn/examples/vec_add/inter_files/resource_efficient_int12_p4/work/hls/syn/report/kernel_csynth.rpt 
Execute         list_part -family xcu200-fsgd2104-2-e 
Execute           ap_family_info -name xcu200-fsgd2104-2-e -data names 
Execute           ap_part_info -quiet -name xcu200-fsgd2104-2-e -data family 
Execute       syn_report -rtlxml -model kernel -o /home/chengzhy/FormaSyn/examples/vec_add/inter_files/resource_efficient_int12_p4/work/hls/syn/report/kernel_csynth.xml 
Execute         list_part -family xcu200-fsgd2104-2-e 
Execute           ap_family_info -name xcu200-fsgd2104-2-e -data names 
Execute           ap_part_info -quiet -name xcu200-fsgd2104-2-e -data family 
Execute       syn_report -verbosereport -model kernel -o /home/chengzhy/FormaSyn/examples/vec_add/inter_files/resource_efficient_int12_p4/work/hls/.autopilot/db/kernel.verbose.rpt 
Execute         list_part -family xcu200-fsgd2104-2-e 
Execute           ap_family_info -name xcu200-fsgd2104-2-e -data names 
Execute           ap_part_info -quiet -name xcu200-fsgd2104-2-e -data family 
Command       syn_report done; 0.18 sec.
Execute       db_write -model kernel -f -o /home/chengzhy/FormaSyn/examples/vec_add/inter_files/resource_efficient_int12_p4/work/hls/.autopilot/db/kernel.adb 
Execute       db_write -model kernel -bindview -o /home/chengzhy/FormaSyn/examples/vec_add/inter_files/resource_efficient_int12_p4/work/hls/.autopilot/db/design.bindinfo.xml 
Execute       gen_tb_info kernel -p /home/chengzhy/FormaSyn/examples/vec_add/inter_files/resource_efficient_int12_p4/work/hls/.autopilot/db -o /home/chengzhy/FormaSyn/examples/vec_add/inter_files/resource_efficient_int12_p4/work/hls/.autopilot/db/kernel 
Execute       export_constraint_db -f -tool general -o /home/chengzhy/FormaSyn/examples/vec_add/inter_files/resource_efficient_int12_p4/work/hls/.autopilot/db/kernel.constraint.tcl 
Execute       syn_report -designview -model kernel -o /home/chengzhy/FormaSyn/examples/vec_add/inter_files/resource_efficient_int12_p4/work/hls/.autopilot/db/kernel.design.xml 
Command       syn_report done; 0.13 sec.
Execute       syn_report -csynthDesign -model kernel -o /home/chengzhy/FormaSyn/examples/vec_add/inter_files/resource_efficient_int12_p4/work/hls/syn/report/csynth.rpt -MHOut /home/chengzhy/FormaSyn/examples/vec_add/inter_files/resource_efficient_int12_p4/work/hls/.autopilot/db/kernel_module_hierarchy.tcl 
Execute         list_part -family xcu200-fsgd2104-2-e 
Execute           ap_family_info -name xcu200-fsgd2104-2-e -data names 
Execute           ap_part_info -quiet -name xcu200-fsgd2104-2-e -data family 
Execute       syn_report -wcfg -model kernel -o /home/chengzhy/FormaSyn/examples/vec_add/inter_files/resource_efficient_int12_p4/work/hls/.autopilot/db/kernel_dataflow_ana.wcfg 
Execute       syn_report -protoinst -model kernel -o /home/chengzhy/FormaSyn/examples/vec_add/inter_files/resource_efficient_int12_p4/work/hls/.autopilot/db/kernel.protoinst 
Execute       sc_get_clocks kernel 
Execute       sc_get_portdomain kernel 
INFO-FLOW: Model list for RTL component generation: kernel
INFO-FLOW: Handling components in module [kernel] ... 
Execute       source /home/chengzhy/FormaSyn/examples/vec_add/inter_files/resource_efficient_int12_p4/work/hls/.autopilot/db/kernel.compgen.tcl 
INFO-FLOW: Found component kernel_gmem0_0_m_axi.
INFO-FLOW: Append model kernel_gmem0_0_m_axi
INFO-FLOW: Found component kernel_gmem0_1_m_axi.
INFO-FLOW: Append model kernel_gmem0_1_m_axi
INFO-FLOW: Found component kernel_gmem0_2_m_axi.
INFO-FLOW: Append model kernel_gmem0_2_m_axi
INFO-FLOW: Found component kernel_gmem0_3_m_axi.
INFO-FLOW: Append model kernel_gmem0_3_m_axi
INFO-FLOW: Found component kernel_gmem1_0_m_axi.
INFO-FLOW: Append model kernel_gmem1_0_m_axi
INFO-FLOW: Found component kernel_gmem1_1_m_axi.
INFO-FLOW: Append model kernel_gmem1_1_m_axi
INFO-FLOW: Found component kernel_gmem1_2_m_axi.
INFO-FLOW: Append model kernel_gmem1_2_m_axi
INFO-FLOW: Found component kernel_gmem1_3_m_axi.
INFO-FLOW: Append model kernel_gmem1_3_m_axi
INFO-FLOW: Found component kernel_gmem2_0_m_axi.
INFO-FLOW: Append model kernel_gmem2_0_m_axi
INFO-FLOW: Found component kernel_gmem2_1_m_axi.
INFO-FLOW: Append model kernel_gmem2_1_m_axi
INFO-FLOW: Found component kernel_gmem2_2_m_axi.
INFO-FLOW: Append model kernel_gmem2_2_m_axi
INFO-FLOW: Found component kernel_gmem2_3_m_axi.
INFO-FLOW: Append model kernel_gmem2_3_m_axi
INFO-FLOW: Found component kernel_control_s_axi.
INFO-FLOW: Append model kernel_control_s_axi
INFO-FLOW: Append model kernel
INFO-FLOW: Generating RTL model list ...
INFO-FLOW: All models in this session: kernel_gmem0_0_m_axi kernel_gmem0_1_m_axi kernel_gmem0_2_m_axi kernel_gmem0_3_m_axi kernel_gmem1_0_m_axi kernel_gmem1_1_m_axi kernel_gmem1_2_m_axi kernel_gmem1_3_m_axi kernel_gmem2_0_m_axi kernel_gmem2_1_m_axi kernel_gmem2_2_m_axi kernel_gmem2_3_m_axi kernel_control_s_axi kernel
INFO-FLOW: Generating /home/chengzhy/FormaSyn/examples/vec_add/inter_files/resource_efficient_int12_p4/work/hls/.autopilot/db/autopilot.rtl.models.txt file...
INFO-FLOW: To file: write model kernel_gmem0_0_m_axi
INFO-FLOW: To file: write model kernel_gmem0_1_m_axi
INFO-FLOW: To file: write model kernel_gmem0_2_m_axi
INFO-FLOW: To file: write model kernel_gmem0_3_m_axi
INFO-FLOW: To file: write model kernel_gmem1_0_m_axi
INFO-FLOW: To file: write model kernel_gmem1_1_m_axi
INFO-FLOW: To file: write model kernel_gmem1_2_m_axi
INFO-FLOW: To file: write model kernel_gmem1_3_m_axi
INFO-FLOW: To file: write model kernel_gmem2_0_m_axi
INFO-FLOW: To file: write model kernel_gmem2_1_m_axi
INFO-FLOW: To file: write model kernel_gmem2_2_m_axi
INFO-FLOW: To file: write model kernel_gmem2_3_m_axi
INFO-FLOW: To file: write model kernel_control_s_axi
INFO-FLOW: To file: write model kernel
INFO-FLOW: Generating /home/chengzhy/FormaSyn/examples/vec_add/inter_files/resource_efficient_int12_p4/work/hls/.autopilot/db/autopilot.rtl.models.tcl file...
INFO-FLOW: Finished generating RTL model list.


INFO-FLOW: RTL Generation done.
INFO-FLOW: CAS Generation done.
INFO-FLOW: CBC Generation done.
INFO-FLOW: DBG:PROC: ::AESL_AUTOMG::auto_generate_csynth_design
INFO-FLOW: DBG:PUTS: read_platform_lib /home/chengzhy/FormaSyn/examples/vec_add/inter_files/resource_efficient_int12_p4/work/hls/.autopilot/db/global.setting.tcl
Execute       source /tools/Xilinx/2025.1/Vitis/common/technology/generic/autopilot/common.gen 
Execute         source /tools/Xilinx/2025.1/Vitis/common/technology/generic/autopilot/APCoreGen.gen 
Execute       source /tools/Xilinx/2025.1/Vitis/common/technology/generic/autopilot/op.gen 
Execute       source /tools/Xilinx/2025.1/Vitis/common/technology/generic/autopilot/op_simcore.gen 
Execute       source /tools/Xilinx/2025.1/Vitis/common/technology/generic/autopilot/interface.gen 
Execute       source /home/chengzhy/FormaSyn/examples/vec_add/inter_files/resource_efficient_int12_p4/work/hls/.autopilot/db/global.setting.tcl 
Execute       source /tools/Xilinx/2025.1/Vitis/common/technology/xilinx/common/xilinx.gen 
Execute         source /tools/Xilinx/2025.1/Vitis/common/technology/xilinx/interface/plb46.gen 
Execute         source /tools/Xilinx/2025.1/Vitis/common/technology/xilinx/interface/axi4.gen 
Execute         source /tools/Xilinx/2025.1/Vitis/common/technology/xilinx/interface/nativeAXI4.gen 
Execute           source /tools/Xilinx/2025.1/Vitis/common/technology/xilinx/interface/saxilite.gen 
Execute         source /tools/Xilinx/2025.1/Vitis/common/technology/xilinx/scripts/xilinxcoregen.gen 
Execute         source /tools/Xilinx/2025.1/Vitis/common/technology/xilinx/interface/XilEDKCoreGen.gen 
Execute         source /tools/Xilinx/2025.1/Vitis/common/technology/xilinx/ip/util.gen 
Execute         source /tools/Xilinx/2025.1/Vitis/common/technology/xilinx/ip/xfft.gen 
Execute         source /tools/Xilinx/2025.1/Vitis/common/technology/xilinx/ip/dds_compiler.gen 
Execute         source /tools/Xilinx/2025.1/Vitis/common/technology/xilinx/ip/xfir.gen 
Execute         source /tools/Xilinx/2025.1/Vitis/common/technology/xilinx/DSP48/dsp48.gen 
INFO-FLOW: DBG:PUTS:   using AESL_AUTOCG::g_clock_period=5.000 (was NA)
INFO-FLOW: DBG:PROC: ::AESL_AUTOMG::generate_ip_cores gen_sim_model='1' gen_fp_models='0' gen_for_export='0' dstSCDir='' dstVhdlDir='/home/chengzhy/FormaSyn/examples/vec_add/inter_files/resource_efficient_int12_p4/work/hls/.autopilot/db/vhdl' dstVlogDir='/home/chengzhy/FormaSyn/examples/vec_add/inter_files/resource_efficient_int12_p4/work/hls/.autopilot/db/vlog' tclDir='/home/chengzhy/FormaSyn/examples/vec_add/inter_files/resource_efficient_int12_p4/work/hls/.autopilot/db' modelList='kernel_gmem0_0_m_axi
kernel_gmem0_1_m_axi
kernel_gmem0_2_m_axi
kernel_gmem0_3_m_axi
kernel_gmem1_0_m_axi
kernel_gmem1_1_m_axi
kernel_gmem1_2_m_axi
kernel_gmem1_3_m_axi
kernel_gmem2_0_m_axi
kernel_gmem2_1_m_axi
kernel_gmem2_2_m_axi
kernel_gmem2_3_m_axi
kernel_control_s_axi
kernel
' expOnly='0'
Execute       source /home/chengzhy/FormaSyn/examples/vec_add/inter_files/resource_efficient_int12_p4/work/hls/.autopilot/db/global.setting.tcl 
Execute       ap_part_info -name xcu200-fsgd2104-2-e -data names -quiet 
Execute       ap_part_info -name xcu200-fsgd2104-2-e -data info -quiet 
Execute       source /home/chengzhy/FormaSyn/examples/vec_add/inter_files/resource_efficient_int12_p4/work/hls/.autopilot/db/global.setting.tcl 
Execute       source /home/chengzhy/FormaSyn/examples/vec_add/inter_files/resource_efficient_int12_p4/work/hls/.autopilot/db/global.setting.tcl 
Execute       source /home/chengzhy/FormaSyn/examples/vec_add/inter_files/resource_efficient_int12_p4/work/hls/.autopilot/db/kernel.compgen.tcl 
Execute         source ./control.slave.tcl 
INFO: [HLS 200-111] Finished Generating all RTL models: CPU user time: 0.95 seconds. CPU system time: 0.08 seconds. Elapsed time: 1.02 seconds; current allocated memory: 292.742 MB.
INFO-FLOW: DBG:PROC: ::HLSREPORTS::create_csynth_xml bind_info_var='bind_info' RtlSubPrefix='kernel_' outfile=''
INFO-FLOW: Running: create_csynth_xml read xml data
INFO-FLOW: Done: create_csynth_xml read xml data time: 0 seconds per iteration
INFO-FLOW: Running: create_csynth_xml bind info
INFO-FLOW: Done: create_csynth_xml bind info time: 0 seconds per iteration
INFO-FLOW: Running: create_csynth_xml config info
INFO-FLOW: Done: create_csynth_xml config info time: 0.1 seconds per iteration
INFO-FLOW: Running: create_csynth_xml write xml
INFO-FLOW: Done: create_csynth_xml write xml time: 0 seconds per iteration
INFO-FLOW: DBG:PUTS:      create_csynth_xml wrote csynth_xml=/home/chengzhy/FormaSyn/examples/vec_add/inter_files/resource_efficient_int12_p4/work/hls/syn/report/csynth.xml
INFO-FLOW: DBG:PROC: ::AP::DESIGN_DATA::generate_json generate_bd_files='0' generate_xo_files='0' modelList='kernel_gmem0_0_m_axi
kernel_gmem0_1_m_axi
kernel_gmem0_2_m_axi
kernel_gmem0_3_m_axi
kernel_gmem1_0_m_axi
kernel_gmem1_1_m_axi
kernel_gmem1_2_m_axi
kernel_gmem1_3_m_axi
kernel_gmem2_0_m_axi
kernel_gmem2_1_m_axi
kernel_gmem2_2_m_axi
kernel_gmem2_3_m_axi
kernel_control_s_axi
kernel
' rtl_lang='both' bootstrap_tcl='false' outdir='' outfilename=''
Execute       source /home/chengzhy/FormaSyn/examples/vec_add/inter_files/resource_efficient_int12_p4/work/hls/.autopilot/db/global.setting.tcl 
Execute       source /home/chengzhy/FormaSyn/examples/vec_add/inter_files/resource_efficient_int12_p4/work/hls/.autopilot/db/global.setting.tcl 
Execute       source /home/chengzhy/FormaSyn/examples/vec_add/inter_files/resource_efficient_int12_p4/work/hls/.autopilot/db/top-io-be.tcl 
Execute       source /home/chengzhy/FormaSyn/examples/vec_add/inter_files/resource_efficient_int12_p4/work/hls/.autopilot/db/kernel.tbgen.tcl 
Execute       source /home/chengzhy/FormaSyn/examples/vec_add/inter_files/resource_efficient_int12_p4/work/hls/.autopilot/db/kernel.compgen.dataonly.tcl 
Execute       source /home/chengzhy/FormaSyn/examples/vec_add/inter_files/resource_efficient_int12_p4/work/hls/.autopilot/db/kernel.compgen.dataonly.tcl 
Execute       source /home/chengzhy/FormaSyn/examples/vec_add/inter_files/resource_efficient_int12_p4/work/hls/.autopilot/db/kernel.rtl_wrap.cfg.tcl 
Execute       source /home/chengzhy/FormaSyn/examples/vec_add/inter_files/resource_efficient_int12_p4/work/hls/.autopilot/db/kernel.compgen.dataonly.tcl 
Execute       source /home/chengzhy/FormaSyn/examples/vec_add/inter_files/resource_efficient_int12_p4/work/hls/.autopilot/db/kernel.tbgen.tcl 
Execute       source /home/chengzhy/FormaSyn/examples/vec_add/inter_files/resource_efficient_int12_p4/work/hls/.autopilot/db/global.setting.tcl 
Execute       ap_part_info -name xcu200-fsgd2104-2-e -data names -quiet 
Execute       ap_part_info -name xcu200-fsgd2104-2-e -data info -quiet 
Execute       source /home/chengzhy/FormaSyn/examples/vec_add/inter_files/resource_efficient_int12_p4/work/hls/.autopilot/db/kernel.constraint.tcl 
Execute       sc_get_clocks kernel 
Execute       source /home/chengzhy/FormaSyn/examples/vec_add/inter_files/resource_efficient_int12_p4/work/hls/.autopilot/db/global.setting.tcl 
INFO-FLOW: DBG:PUTS:       export_hbm_driver build: exec /tools/Xilinx/2025.1/Vitis/lnx64/tools/clang-3.9-csynth/bin/llc -mtriple=x86_64-linux  /home/chengzhy/FormaSyn/examples/vec_add/inter_files/resource_efficient_int12_p4/work/hls/.autopilot/db/HBMdriver/HBM_helper.ll -o /home/chengzhy/FormaSyn/examples/vec_add/inter_files/resource_efficient_int12_p4/work/hls/.autopilot/db/HBMdriver/hbm_helper_x86_64.o -filetype=obj
INFO-FLOW: DBG:PUTS:       export_hbm_driver build: exec /tools/Xilinx/2025.1/Vitis/lnx64/tools/clang-3.9-csynth/bin/llc -mtriple=x86_64-linux  /home/chengzhy/FormaSyn/examples/vec_add/inter_files/resource_efficient_int12_p4/work/hls/.autopilot/db/HBMdriver/HBM_helper.ll -o /home/chengzhy/FormaSyn/examples/vec_add/inter_files/resource_efficient_int12_p4/work/hls/.autopilot/db/HBMdriver/hbm_helper_x86_64.s -filetype=asm
INFO-FLOW: DBG:PUTS:       export_hbm_driver build: exec /tools/Xilinx/2025.1/Vitis/lnx64/tools/clang-3.9-csynth/bin/llc -mtriple=aarch64-linux  /home/chengzhy/FormaSyn/examples/vec_add/inter_files/resource_efficient_int12_p4/work/hls/.autopilot/db/HBMdriver/HBM_helper.ll -o /home/chengzhy/FormaSyn/examples/vec_add/inter_files/resource_efficient_int12_p4/work/hls/.autopilot/db/HBMdriver/hbm_helper_aarch64.o -filetype=obj
INFO-FLOW: DBG:PUTS:       export_hbm_driver build: exec /tools/Xilinx/2025.1/Vitis/lnx64/tools/clang-3.9-csynth/bin/llc -mtriple=aarch64-linux  /home/chengzhy/FormaSyn/examples/vec_add/inter_files/resource_efficient_int12_p4/work/hls/.autopilot/db/HBMdriver/HBM_helper.ll -o /home/chengzhy/FormaSyn/examples/vec_add/inter_files/resource_efficient_int12_p4/work/hls/.autopilot/db/HBMdriver/hbm_helper_aarch64.s -filetype=asm
INFO-FLOW: DBG:PUTS:       export_hbm_driver export /home/chengzhy/FormaSyn/examples/vec_add/inter_files/resource_efficient_int12_p4/work/hls/impl/misc/drivers/kernel_v1_0/src/hbm_helper_aarch64.o done
INFO-FLOW: DBG:PUTS:       export_hbm_driver export /home/chengzhy/FormaSyn/examples/vec_add/inter_files/resource_efficient_int12_p4/work/hls/impl/misc/drivers/kernel_v1_0/src/hbm_helper_x86_64.o done
INFO-FLOW: DBG:PUTS:       export_hbm_driver export /home/chengzhy/FormaSyn/examples/vec_add/inter_files/resource_efficient_int12_p4/work/hls/impl/misc/drivers/kernel_v1_0/src/hbm_helper_aarch64.s done
INFO-FLOW: DBG:PUTS:       export_hbm_driver export /home/chengzhy/FormaSyn/examples/vec_add/inter_files/resource_efficient_int12_p4/work/hls/impl/misc/drivers/kernel_v1_0/src/hbm_helper_x86_64.s done
INFO-FLOW: DBG:PROC: ::HLSREPORTS::add_csynth_report_sections bind_info_dict='adapter_nodes {{BINDTYPE adapter ID {} IMPL {} LATENCY {} OPTYPE {} PRAGMA {} RTLNAME control_s_axi_U SOURCE {} VARIABLE {} LOOP {} BUNDLEDNAME control DSP 0 BRAM 0 URAM 0 STORAGESUBTYPE s_axilite STORAGESIZE {} STORAGEUSAGE interface DISPNAME {bind_adapter }} {BINDTYPE adapter ID {} IMPL {} LATENCY {} OPTYPE {} PRAGMA {} RTLNAME gmem0_0_m_axi_U SOURCE {} VARIABLE {} LOOP {} BUNDLEDNAME gmem0_0 DSP 0 BRAM 1 URAM 0 STORAGESUBTYPE m_axi STORAGESIZE {} STORAGEUSAGE interface DISPNAME {bind_adapter }} {BINDTYPE adapter ID {} IMPL {} LATENCY {} OPTYPE {} PRAGMA {} RTLNAME gmem0_1_m_axi_U SOURCE {} VARIABLE {} LOOP {} BUNDLEDNAME gmem0_1 DSP 0 BRAM 1 URAM 0 STORAGESUBTYPE m_axi STORAGESIZE {} STORAGEUSAGE interface DISPNAME {bind_adapter }} {BINDTYPE adapter ID {} IMPL {} LATENCY {} OPTYPE {} PRAGMA {} RTLNAME gmem0_2_m_axi_U SOURCE {} VARIABLE {} LOOP {} BUNDLEDNAME gmem0_2 DSP 0 BRAM 1 URAM 0 STORAGESUBTYPE m_axi STORAGESIZE {} STORAGEUSAGE interface DISPNAME {bind_adapter }} {BINDTYPE adapter ID {} IMPL {} LATENCY {} OPTYPE {} PRAGMA {} RTLNAME gmem0_3_m_axi_U SOURCE {} VARIABLE {} LOOP {} BUNDLEDNAME gmem0_3 DSP 0 BRAM 1 URAM 0 STORAGESUBTYPE m_axi STORAGESIZE {} STORAGEUSAGE interface DISPNAME {bind_adapter }} {BINDTYPE adapter ID {} IMPL {} LATENCY {} OPTYPE {} PRAGMA {} RTLNAME gmem1_0_m_axi_U SOURCE {} VARIABLE {} LOOP {} BUNDLEDNAME gmem1_0 DSP 0 BRAM 1 URAM 0 STORAGESUBTYPE m_axi STORAGESIZE {} STORAGEUSAGE interface DISPNAME {bind_adapter }} {BINDTYPE adapter ID {} IMPL {} LATENCY {} OPTYPE {} PRAGMA {} RTLNAME gmem1_1_m_axi_U SOURCE {} VARIABLE {} LOOP {} BUNDLEDNAME gmem1_1 DSP 0 BRAM 1 URAM 0 STORAGESUBTYPE m_axi STORAGESIZE {} STORAGEUSAGE interface DISPNAME {bind_adapter }} {BINDTYPE adapter ID {} IMPL {} LATENCY {} OPTYPE {} PRAGMA {} RTLNAME gmem1_2_m_axi_U SOURCE {} VARIABLE {} LOOP {} BUNDLEDNAME gmem1_2 DSP 0 BRAM 1 URAM 0 STORAGESUBTYPE m_axi STORAGESIZE {} STORAGEUSAGE interface DISPNAME {bind_adapter }} {BINDTYPE adapter ID {} IMPL {} LATENCY {} OPTYPE {} PRAGMA {} RTLNAME gmem1_3_m_axi_U SOURCE {} VARIABLE {} LOOP {} BUNDLEDNAME gmem1_3 DSP 0 BRAM 1 URAM 0 STORAGESUBTYPE m_axi STORAGESIZE {} STORAGEUSAGE interface DISPNAME {bind_adapter }} {BINDTYPE adapter ID {} IMPL {} LATENCY {} OPTYPE {} PRAGMA {} RTLNAME gmem2_0_m_axi_U SOURCE {} VARIABLE {} LOOP {} BUNDLEDNAME gmem2_0 DSP 0 BRAM 0 URAM 0 STORAGESUBTYPE m_axi STORAGESIZE {} STORAGEUSAGE interface DISPNAME {bind_adapter }} {BINDTYPE adapter ID {} IMPL {} LATENCY {} OPTYPE {} PRAGMA {} RTLNAME gmem2_1_m_axi_U SOURCE {} VARIABLE {} LOOP {} BUNDLEDNAME gmem2_1 DSP 0 BRAM 0 URAM 0 STORAGESUBTYPE m_axi STORAGESIZE {} STORAGEUSAGE interface DISPNAME {bind_adapter }} {BINDTYPE adapter ID {} IMPL {} LATENCY {} OPTYPE {} PRAGMA {} RTLNAME gmem2_2_m_axi_U SOURCE {} VARIABLE {} LOOP {} BUNDLEDNAME gmem2_2 DSP 0 BRAM 0 URAM 0 STORAGESUBTYPE m_axi STORAGESIZE {} STORAGEUSAGE interface DISPNAME {bind_adapter }} {BINDTYPE adapter ID {} IMPL {} LATENCY {} OPTYPE {} PRAGMA {} RTLNAME gmem2_3_m_axi_U SOURCE {} VARIABLE {} LOOP {} BUNDLEDNAME gmem2_3 DSP 0 BRAM 0 URAM 0 STORAGESUBTYPE m_axi STORAGESIZE {} STORAGEUSAGE interface DISPNAME {bind_adapter }}} cache_nodes {} report_dict {TOPINST kernel MODULE2INSTS {kernel kernel} INST2MODULE {kernel kernel} INSTDATA {kernel {DEPTH 1 CHILDREN {}}} MODULEDATA {kernel {BINDINFO {{BINDTYPE op ID {} IMPL fabric LATENCY 0 OPTYPE add PRAGMA {} RTLNAME add_ln22_fu_866_p2 SOURCE kernel.cpp:22 VARIABLE add_ln22 LOOP loop_add BUNDLEDNAME {} DSP 0 BRAM 0 URAM 0 STORAGESUBTYPE {} DISPNAME {bind_op add} VISIBLE true} {BINDTYPE op ID {} IMPL fabric LATENCY 0 OPTYPE add PRAGMA {} RTLNAME add_ln22_1_fu_960_p2 SOURCE kernel.cpp:22 VARIABLE add_ln22_1 LOOP loop_add BUNDLEDNAME {} DSP 0 BRAM 0 URAM 0 STORAGESUBTYPE {} DISPNAME {bind_op add} VISIBLE true} {BINDTYPE op ID {} IMPL fabric LATENCY 0 OPTYPE add PRAGMA {} RTLNAME add_ln22_2_fu_988_p2 SOURCE kernel.cpp:22 VARIABLE add_ln22_2 LOOP loop_add BUNDLEDNAME {} DSP 0 BRAM 0 URAM 0 STORAGESUBTYPE {} DISPNAME {bind_op add} VISIBLE true} {BINDTYPE op ID {} IMPL fabric LATENCY 0 OPTYPE add PRAGMA {} RTLNAME add_ln22_3_fu_1016_p2 SOURCE kernel.cpp:22 VARIABLE add_ln22_3 LOOP loop_add BUNDLEDNAME {} DSP 0 BRAM 0 URAM 0 STORAGESUBTYPE {} DISPNAME {bind_op add} VISIBLE true} {BINDTYPE op ID {} IMPL fabric LATENCY 0 OPTYPE add PRAGMA {} RTLNAME i_fu_1118_p2 SOURCE kernel.cpp:19 VARIABLE i LOOP loop_add BUNDLEDNAME {} DSP 0 BRAM 0 URAM 0 STORAGESUBTYPE {} DISPNAME {bind_op add} VISIBLE true}} AREA {DSP 0 BRAM 8 URAM 0}}}}'
INFO-FLOW: DBG:PUTS:      update_csynth_reports json2rpt_hw_sw_interfaces
INFO-FLOW: Running: gen_csynth_sec_pragma
INFO-FLOW: Done: gen_csynth_sec_pragma time: 0 seconds per iteration
INFO-FLOW: DBG:PUTS:      update_csynth_reports wrote xml
INFO-FLOW: DBG:PUTS:      update_csynth_reports appended to csynth rpt file
INFO: [HLS 200-111] Finished Updating report files: CPU user time: 1.06 seconds. CPU system time: 0.19 seconds. Elapsed time: 1.26 seconds; current allocated memory: 307.242 MB.
INFO: [VHDL 208-304] Generating VHDL RTL for kernel.
INFO: [VLOG 209-307] Generating Verilog RTL for kernel.
Execute       syn_report -model kernel -printsummary 
INFO: [HLS 200-790] **** Loop Constraint Status: All loop constraints were NOT satisfied.
INFO: [HLS 200-789] **** Estimated Fmax: 273.97 MHz
Command     autosyn done; 2.78 sec.
Command   csynth_design done; 12.96 sec.
Execute   export_design -flow none -format ip_catalog 
Execute     config_export -flow=none -format=ip_catalog 
INFO-FLOW: DBG:PUTS: export_design_wrap: -format ip_catalog -rtl verilog
Execute     source /home/chengzhy/FormaSyn/examples/vec_add/inter_files/resource_efficient_int12_p4/work/hls/.autopilot/db/global.setting.tcl 
INFO-FLOW: DBG:PUTS:   auto_impl: pack: -export -rtl verilog
INFO-FLOW: DBG:PROC: ::AESL_AUTOIMPL::auto_impl args='-export -rtl verilog'
Execute     source /home/chengzhy/FormaSyn/examples/vec_add/inter_files/resource_efficient_int12_p4/work/hls/.autopilot/db/global.setting.tcl 
INFO: [IMPL 213-8] Exporting RTL as a Vivado IP.
INFO-FLOW: DBG:PUTS: automg_wrap -export -pcore_version 1.00.a -rtl vlog -tool Vivado -impltomg_flag
INFO-FLOW: DBG:PROC: ::AESL_AUTOMG::auto_generate args='-export -pcore_version 1.00.a -rtl vlog -tool Vivado -impltomg_flag'
INFO-FLOW: DBG:PUTS:     auto_generate -export -pcore_version 1.00.a -rtl vlog -tool Vivado -impltomg_flag
Execute     source /home/chengzhy/FormaSyn/examples/vec_add/inter_files/resource_efficient_int12_p4/work/hls/.autopilot/db/global.setting.tcl 
INFO-FLOW: DBG:PUTS: read_platform_lib /home/chengzhy/FormaSyn/examples/vec_add/inter_files/resource_efficient_int12_p4/work/hls/.autopilot/db/global.setting.tcl
Execute     source /tools/Xilinx/2025.1/Vitis/common/technology/generic/autopilot/common.gen 
Execute       source /tools/Xilinx/2025.1/Vitis/common/technology/generic/autopilot/APCoreGen.gen 
Execute     source /tools/Xilinx/2025.1/Vitis/common/technology/generic/autopilot/op.gen 
Execute     source /tools/Xilinx/2025.1/Vitis/common/technology/generic/autopilot/op_simcore.gen 
Execute     source /tools/Xilinx/2025.1/Vitis/common/technology/generic/autopilot/interface.gen 
Execute     source /home/chengzhy/FormaSyn/examples/vec_add/inter_files/resource_efficient_int12_p4/work/hls/.autopilot/db/global.setting.tcl 
Execute     source /tools/Xilinx/2025.1/Vitis/common/technology/xilinx/common/xilinx.gen 
Execute       source /tools/Xilinx/2025.1/Vitis/common/technology/xilinx/interface/plb46.gen 
Execute       source /tools/Xilinx/2025.1/Vitis/common/technology/xilinx/interface/axi4.gen 
Execute       source /tools/Xilinx/2025.1/Vitis/common/technology/xilinx/interface/nativeAXI4.gen 
Execute         source /tools/Xilinx/2025.1/Vitis/common/technology/xilinx/interface/saxilite.gen 
Execute       source /tools/Xilinx/2025.1/Vitis/common/technology/xilinx/scripts/xilinxcoregen.gen 
Execute       source /tools/Xilinx/2025.1/Vitis/common/technology/xilinx/interface/XilEDKCoreGen.gen 
Execute       source /tools/Xilinx/2025.1/Vitis/common/technology/xilinx/ip/util.gen 
Execute       source /tools/Xilinx/2025.1/Vitis/common/technology/xilinx/ip/xfft.gen 
Execute       source /tools/Xilinx/2025.1/Vitis/common/technology/xilinx/ip/dds_compiler.gen 
Execute       source /tools/Xilinx/2025.1/Vitis/common/technology/xilinx/ip/xfir.gen 
Execute       source /tools/Xilinx/2025.1/Vitis/common/technology/xilinx/DSP48/dsp48.gen 
INFO-FLOW: DBG:PUTS:       initCTypeInfo top_module=kernel xml_exists=0
Execute     source /home/chengzhy/FormaSyn/examples/vec_add/inter_files/resource_efficient_int12_p4/work/hls/.autopilot/db/kernel.rtl_wrap.cfg.tcl 
Execute     source /home/chengzhy/FormaSyn/examples/vec_add/inter_files/resource_efficient_int12_p4/work/hls/.autopilot/db/kernel.rtl_wrap.cfg.tcl 
Execute     source /home/chengzhy/FormaSyn/examples/vec_add/inter_files/resource_efficient_int12_p4/work/hls/.autopilot/db/kernel.rtl_wrap.cfg.tcl 
Execute     source /home/chengzhy/FormaSyn/examples/vec_add/inter_files/resource_efficient_int12_p4/work/hls/.autopilot/db/kernel.tbgen.tcl 
Execute     source /home/chengzhy/FormaSyn/examples/vec_add/inter_files/resource_efficient_int12_p4/work/hls/.autopilot/db/kernel.tbgen.tcl 
Execute     source /home/chengzhy/FormaSyn/examples/vec_add/inter_files/resource_efficient_int12_p4/work/hls/.autopilot/db/kernel.tbgen.tcl 
Execute     source /home/chengzhy/FormaSyn/examples/vec_add/inter_files/resource_efficient_int12_p4/work/hls/.autopilot/db/global.setting.tcl 
Execute     source /home/chengzhy/FormaSyn/examples/vec_add/inter_files/resource_efficient_int12_p4/work/hls/.autopilot/db/kernel.tbgen.tcl 
Execute     source /home/chengzhy/FormaSyn/examples/vec_add/inter_files/resource_efficient_int12_p4/work/hls/.autopilot/db/cosimDB.tcl 
INFO-FLOW: DBG:PUTS:       cosim_export_main adding deadlock detection to kernel
INFO-FLOW: DBG:PUTS:       generate_datafile_ip_script ip_types={vitis sysgen} #gSsdmPorts=0
INFO-FLOW: DBG:PUTS: Skipping loadAnalyze_DB, #g_database=24
INFO-FLOW: DBG:PUTS:       generate_json generate_bd_files=0 generate_xo_files=false #modelList=14 #gSsdmPorts=0
INFO-FLOW: DBG:PROC: ::AP::DESIGN_DATA::generate_json generate_bd_files='0' generate_xo_files='false' modelList='kernel_gmem0_0_m_axi
kernel_gmem0_1_m_axi
kernel_gmem0_2_m_axi
kernel_gmem0_3_m_axi
kernel_gmem1_0_m_axi
kernel_gmem1_1_m_axi
kernel_gmem1_2_m_axi
kernel_gmem1_3_m_axi
kernel_gmem2_0_m_axi
kernel_gmem2_1_m_axi
kernel_gmem2_2_m_axi
kernel_gmem2_3_m_axi
kernel_control_s_axi
kernel
' rtl_lang='vlog' bootstrap_tcl='false' outdir='' outfilename=''
Execute     source /home/chengzhy/FormaSyn/examples/vec_add/inter_files/resource_efficient_int12_p4/work/hls/.autopilot/db/global.setting.tcl 
Execute     source /home/chengzhy/FormaSyn/examples/vec_add/inter_files/resource_efficient_int12_p4/work/hls/.autopilot/db/global.setting.tcl 
Execute     source /home/chengzhy/FormaSyn/examples/vec_add/inter_files/resource_efficient_int12_p4/work/hls/.autopilot/db/top-io-be.tcl 
Execute     source /home/chengzhy/FormaSyn/examples/vec_add/inter_files/resource_efficient_int12_p4/work/hls/.autopilot/db/kernel.tbgen.tcl 
Execute     source /home/chengzhy/FormaSyn/examples/vec_add/inter_files/resource_efficient_int12_p4/work/hls/.autopilot/db/kernel.compgen.dataonly.tcl 
Execute     source /home/chengzhy/FormaSyn/examples/vec_add/inter_files/resource_efficient_int12_p4/work/hls/.autopilot/db/kernel.compgen.dataonly.tcl 
Execute     source /home/chengzhy/FormaSyn/examples/vec_add/inter_files/resource_efficient_int12_p4/work/hls/.autopilot/db/kernel.rtl_wrap.cfg.tcl 
Execute     source /home/chengzhy/FormaSyn/examples/vec_add/inter_files/resource_efficient_int12_p4/work/hls/.autopilot/db/kernel.compgen.dataonly.tcl 
Execute     source /home/chengzhy/FormaSyn/examples/vec_add/inter_files/resource_efficient_int12_p4/work/hls/.autopilot/db/kernel.tbgen.tcl 
Execute     source /home/chengzhy/FormaSyn/examples/vec_add/inter_files/resource_efficient_int12_p4/work/hls/.autopilot/db/global.setting.tcl 
Execute     ap_part_info -name xcu200-fsgd2104-2-e -data names -quiet 
Execute     ap_part_info -name xcu200-fsgd2104-2-e -data info -quiet 
Execute     source /home/chengzhy/FormaSyn/examples/vec_add/inter_files/resource_efficient_int12_p4/work/hls/.autopilot/db/kernel.constraint.tcl 
Execute     sc_get_clocks kernel 
Execute     source /home/chengzhy/FormaSyn/examples/vec_add/inter_files/resource_efficient_int12_p4/work/hls/.autopilot/db/global.setting.tcl 
INFO-FLOW: DBG:PUTS:       export_hbm_driver export /home/chengzhy/FormaSyn/examples/vec_add/inter_files/resource_efficient_int12_p4/work/hls/impl/misc/drivers/kernel_v1_0/src/hbm_helper_aarch64.o done
INFO-FLOW: DBG:PUTS:       export_hbm_driver export /home/chengzhy/FormaSyn/examples/vec_add/inter_files/resource_efficient_int12_p4/work/hls/impl/misc/drivers/kernel_v1_0/src/hbm_helper_x86_64.o done
INFO-FLOW: DBG:PUTS:       export_hbm_driver export /home/chengzhy/FormaSyn/examples/vec_add/inter_files/resource_efficient_int12_p4/work/hls/impl/misc/drivers/kernel_v1_0/src/hbm_helper_aarch64.s done
INFO-FLOW: DBG:PUTS:       export_hbm_driver export /home/chengzhy/FormaSyn/examples/vec_add/inter_files/resource_efficient_int12_p4/work/hls/impl/misc/drivers/kernel_v1_0/src/hbm_helper_x86_64.s done
INFO-FLOW: DBG:PUTS:       generate_syn_sh
Execute     ap_part_info -name xcu200-fsgd2104-2-e -data names -quiet 
Execute     ap_part_info -name xcu200-fsgd2104-2-e -data info -quiet 
Execute     source /home/chengzhy/FormaSyn/examples/vec_add/inter_files/resource_efficient_int12_p4/work/hls/.autopilot/db/global.setting.tcl 
INFO-FLOW: DBG:PUTS:       generate_imp_constraints
Execute     ap_part_info -name xcu200-fsgd2104-2-e -data names -quiet 
Execute     ap_part_info -name xcu200-fsgd2104-2-e -data info -quiet 
Execute     source /home/chengzhy/FormaSyn/examples/vec_add/inter_files/resource_efficient_int12_p4/work/hls/.autopilot/db/kernel.constraint.tcl 
Execute     source /home/chengzhy/FormaSyn/examples/vec_add/inter_files/resource_efficient_int12_p4/work/hls/.autopilot/db/kernel.tbgen.tcl 
INFO-FLOW: DBG:PUTS:       delete-temp-dirs pwd=/home/chengzhy/FormaSyn/examples/vec_add/inter_files/resource_efficient_int12_p4/work/hls
Execute     ap_part_info -name xcu200-fsgd2104-2-e -data names -quiet 
Execute     ap_part_info -name xcu200-fsgd2104-2-e -data info -quiet 
INFO-FLOW: DBG:PUTS: read_platform_lib /home/chengzhy/FormaSyn/examples/vec_add/inter_files/resource_efficient_int12_p4/work/hls/.autopilot/db/global.setting.tcl
Execute     source /tools/Xilinx/2025.1/Vitis/common/technology/generic/autopilot/common.gen 
Execute       source /tools/Xilinx/2025.1/Vitis/common/technology/generic/autopilot/APCoreGen.gen 
Execute     source /tools/Xilinx/2025.1/Vitis/common/technology/generic/autopilot/op.gen 
Execute     source /tools/Xilinx/2025.1/Vitis/common/technology/generic/autopilot/op_simcore.gen 
Execute     source /tools/Xilinx/2025.1/Vitis/common/technology/generic/autopilot/interface.gen 
Execute     source /home/chengzhy/FormaSyn/examples/vec_add/inter_files/resource_efficient_int12_p4/work/hls/.autopilot/db/global.setting.tcl 
Execute     source /tools/Xilinx/2025.1/Vitis/common/technology/xilinx/common/xilinx.gen 
Execute       source /tools/Xilinx/2025.1/Vitis/common/technology/xilinx/interface/plb46.gen 
Execute       source /tools/Xilinx/2025.1/Vitis/common/technology/xilinx/interface/axi4.gen 
Execute       source /tools/Xilinx/2025.1/Vitis/common/technology/xilinx/interface/nativeAXI4.gen 
Execute         source /tools/Xilinx/2025.1/Vitis/common/technology/xilinx/interface/saxilite.gen 
Execute       source /tools/Xilinx/2025.1/Vitis/common/technology/xilinx/scripts/xilinxcoregen.gen 
Execute       source /tools/Xilinx/2025.1/Vitis/common/technology/xilinx/interface/XilEDKCoreGen.gen 
Execute       source /tools/Xilinx/2025.1/Vitis/common/technology/xilinx/ip/util.gen 
Execute       source /tools/Xilinx/2025.1/Vitis/common/technology/xilinx/ip/xfft.gen 
Execute       source /tools/Xilinx/2025.1/Vitis/common/technology/xilinx/ip/dds_compiler.gen 
Execute       source /tools/Xilinx/2025.1/Vitis/common/technology/xilinx/ip/xfir.gen 
Execute       source /tools/Xilinx/2025.1/Vitis/common/technology/xilinx/DSP48/dsp48.gen 
INFO-FLOW: DBG:PUTS:     IP package: exec /home/chengzhy/FormaSyn/examples/vec_add/inter_files/resource_efficient_int12_p4/work/hls/impl/ip/pack.sh
INFO-FLOW: DBG:PUTS:     IP package: success /home/chengzhy/FormaSyn/examples/vec_add/inter_files/resource_efficient_int12_p4/work/hls/impl/ip/pack.sh
Execute     send_msg_by_id INFO @200-802@%s work/kernel.zip 
INFO: [HLS 200-802] Generated output file work/kernel.zip
Command   export_design done; 28.64 sec.
Execute   close_project 
Execute     close_solution 
Execute       cleanup_all 
Execute       cleanup_all 
