Thu Mar 19 03:37:09 2026: Running xcd server. This server was built by gradle.
Thu Mar 19 03:37:09 2026: Server was asked to start on port: '45845'
Thu Mar 19 03:37:09 2026: Server is using token UUID: '422dea87-ba2d-4ce5-a40d-3841e3fe2a11'
Thu Mar 19 03:37:09 2026: SESSION_MGR: creating session with session uuid: '6d04a3e9-ade5-4ab9-8d63-1f78fcd2ec76' and name 'default'
Thu Mar 19 03:37:09 2026: Attempting to start server on port '45845'
Thu Mar 19 03:37:09 2026: XCD main fifo: created main fifo '/tmp/xcdmain422dea87-ba2d-4ce5-a40d-3841e3fe2a11', fd read = 13
Thu Mar 19 03:37:09 2026: Running Dispatch Server
Thu Mar 19 03:37:09 2026: Version 2.2.0
Thu Mar 19 03:37:10 2026: Dispatch Server: Accepted socket connection from client
Thu Mar 19 03:37:10 2026: Starting Socket connection
Thu Mar 19 03:37:10 2026: EXCHANGE_TOKEN received, server token: 422dea87-ba2d-4ce5-a40d-3841e3fe2a11, passed token: 422dea87-ba2d-4ce5-a40d-3841e3fe2a11
Thu Mar 19 03:37:11 2026: DISPATCH_HANDLER: Adding handler from function makeHandler in library libxv_system_diagram
Thu Mar 19 03:37:11 2026: SESSION_MGR: creating session with session uuid: 'bb2bb005-6f62-4dd2-a4d7-3638d292bcf4' and name 'vitis-run_compile_work'
Thu Mar 19 03:37:11 2026: KERNEL_SVC: creating session with uuid: 'bb2bb005-6f62-4dd2-a4d7-3638d292bcf4' and name 'vitis-run_compile_work'
Thu Mar 19 03:37:11 2026: GUIDANCE_SMGR: creating guidance session with uuid: 'bb2bb005-6f62-4dd2-a4d7-3638d292bcf4' and name 'vitis-run_compile_work'
Thu Mar 19 03:37:11 2026: SYSTEM_DIAGRAM: creating session with uuid: 'bb2bb005-6f62-4dd2-a4d7-3638d292bcf4' and name 'vitis-run_compile_work'
Thu Mar 19 03:37:14 2026: Dispatch Server: Accepted socket connection from client
Thu Mar 19 03:37:14 2026: Starting Socket connection
Thu Mar 19 03:37:17 2026: SESSION_MGR: closing session for UUID 'bb2bb005-6f62-4dd2-a4d7-3638d292bcf4' with name 'vitis-run_compile_work'
Thu Mar 19 03:37:17 2026: KERNEL_SVC: closing session for UUID 'bb2bb005-6f62-4dd2-a4d7-3638d292bcf4' with name 'vitis-run_compile_work'
Thu Mar 19 03:37:17 2026: GUIDANCE_SMGR: closing session for UUID 'bb2bb005-6f62-4dd2-a4d7-3638d292bcf4' with name 'vitis-run_compile_work'
Thu Mar 19 03:37:17 2026: SYSTEM_DIAGRAM: closing session for UUID 'bb2bb005-6f62-4dd2-a4d7-3638d292bcf4' with name 'vitis-run_compile_work'
Thu Mar 19 03:37:17 2026: STOP_SERVER received, server token: 422dea87-ba2d-4ce5-a40d-3841e3fe2a11, passed token: 422dea87-ba2d-4ce5-a40d-3841e3fe2a11
Thu Mar 19 03:37:17 2026: Socket received request to stop server.
Thu Mar 19 03:37:17 2026: Dispatch Server: do_await_stop
Thu Mar 19 03:37:17 2026: Dispatch Server: stopping mainFifo_
Thu Mar 19 03:37:17 2026: XCD main fifo: Stopping
Thu Mar 19 03:37:17 2026: XCD main fifo: do_read error code: Operation canceled
Thu Mar 19 03:37:17 2026: XCD main fifo: bytes_transferred: 0
Thu Mar 19 03:37:17 2026: SERVER: destructor for server bound to port 45845
Thu Mar 19 03:37:17 2026: XCD main fifo: Good unlink of /tmp/xcdmain422dea87-ba2d-4ce5-a40d-3841e3fe2a11
Thu Mar 19 03:37:17 2026: Server exiting with status 0.
Thu Mar 19 03:37:17 2026: Closing log file.
Thu Mar 19 03:37:24 2026: Running xcd server. This server was built by gradle.
Thu Mar 19 03:37:24 2026: Server was asked to start on port: '37641'
Thu Mar 19 03:37:24 2026: Server is using token UUID: 'fb9efddf-8074-41a1-bb5c-2df6b8436ef6'
Thu Mar 19 03:37:24 2026: SESSION_MGR: creating session with session uuid: '6d04a3e9-ade5-4ab9-8d63-1f78fcd2ec76' and name 'default'
Thu Mar 19 03:37:24 2026: Attempting to start server on port '37641'
Thu Mar 19 03:37:24 2026: XCD main fifo: created main fifo '/tmp/xcdmainfb9efddf-8074-41a1-bb5c-2df6b8436ef6', fd read = 13
Thu Mar 19 03:37:24 2026: Running Dispatch Server
Thu Mar 19 03:37:24 2026: Version 2.2.0
Thu Mar 19 03:37:25 2026: Dispatch Server: Accepted socket connection from client
Thu Mar 19 03:37:25 2026: Starting Socket connection
Thu Mar 19 03:37:25 2026: EXCHANGE_TOKEN received, server token: fb9efddf-8074-41a1-bb5c-2df6b8436ef6, passed token: fb9efddf-8074-41a1-bb5c-2df6b8436ef6
Thu Mar 19 03:37:25 2026: DISPATCH_HANDLER: Adding handler from function makeHandler in library libxv_system_diagram
Thu Mar 19 03:37:25 2026: SESSION_MGR: creating session with session uuid: '08d0c88d-3caf-42fd-be88-2e2d63dd1760' and name 'v++_compile_work'
Thu Mar 19 03:37:25 2026: KERNEL_SVC: creating session with uuid: '08d0c88d-3caf-42fd-be88-2e2d63dd1760' and name 'v++_compile_work'
Thu Mar 19 03:37:25 2026: GUIDANCE_SMGR: creating guidance session with uuid: '08d0c88d-3caf-42fd-be88-2e2d63dd1760' and name 'v++_compile_work'
Thu Mar 19 03:37:25 2026: SYSTEM_DIAGRAM: creating session with uuid: '08d0c88d-3caf-42fd-be88-2e2d63dd1760' and name 'v++_compile_work'
Thu Mar 19 03:37:29 2026: Dispatch Server: Accepted socket connection from client
Thu Mar 19 03:37:29 2026: Starting Socket connection
Thu Mar 19 03:38:10 2026: SESSION_MGR: closing session for UUID '08d0c88d-3caf-42fd-be88-2e2d63dd1760' with name 'v++_compile_work'
Thu Mar 19 03:38:10 2026: KERNEL_SVC: closing session for UUID '08d0c88d-3caf-42fd-be88-2e2d63dd1760' with name 'v++_compile_work'
Thu Mar 19 03:38:10 2026: GUIDANCE_SMGR: closing session for UUID '08d0c88d-3caf-42fd-be88-2e2d63dd1760' with name 'v++_compile_work'
Thu Mar 19 03:38:10 2026: SYSTEM_DIAGRAM: closing session for UUID '08d0c88d-3caf-42fd-be88-2e2d63dd1760' with name 'v++_compile_work'
Thu Mar 19 03:38:10 2026: STOP_SERVER received, server token: fb9efddf-8074-41a1-bb5c-2df6b8436ef6, passed token: fb9efddf-8074-41a1-bb5c-2df6b8436ef6
Thu Mar 19 03:38:10 2026: Socket received request to stop server.
Thu Mar 19 03:38:10 2026: Dispatch Server: do_await_stop
Thu Mar 19 03:38:10 2026: Dispatch Server: stopping mainFifo_
Thu Mar 19 03:38:10 2026: XCD main fifo: Stopping
Thu Mar 19 03:38:10 2026: XCD main fifo: do_read error code: Operation canceled
Thu Mar 19 03:38:10 2026: XCD main fifo: bytes_transferred: 0
Thu Mar 19 03:38:10 2026: SERVER: destructor for server bound to port 37641
Thu Mar 19 03:38:10 2026: XCD main fifo: Good unlink of /tmp/xcdmainfb9efddf-8074-41a1-bb5c-2df6b8436ef6
Thu Mar 19 03:38:10 2026: Server exiting with status 0.
Thu Mar 19 03:38:10 2026: Closing log file.
Thu Mar 19 03:38:23 2026: Running xcd server. This server was built by gradle.
Thu Mar 19 03:38:23 2026: Server was asked to start on port: '41005'
Thu Mar 19 03:38:23 2026: Server is using token UUID: '016c1251-b2e1-4768-8476-c116f397860e'
Thu Mar 19 03:38:23 2026: SESSION_MGR: creating session with session uuid: '6d04a3e9-ade5-4ab9-8d63-1f78fcd2ec76' and name 'default'
Thu Mar 19 03:38:23 2026: Attempting to start server on port '41005'
Thu Mar 19 03:38:23 2026: XCD main fifo: created main fifo '/tmp/xcdmain016c1251-b2e1-4768-8476-c116f397860e', fd read = 13
Thu Mar 19 03:38:23 2026: Running Dispatch Server
Thu Mar 19 03:38:23 2026: Version 2.2.0
Thu Mar 19 03:38:24 2026: Dispatch Server: Accepted socket connection from client
Thu Mar 19 03:38:24 2026: Starting Socket connection
Thu Mar 19 03:38:24 2026: EXCHANGE_TOKEN received, server token: 016c1251-b2e1-4768-8476-c116f397860e, passed token: 016c1251-b2e1-4768-8476-c116f397860e
Thu Mar 19 03:38:24 2026: DISPATCH_HANDLER: Adding handler from function makeHandler in library libxv_system_diagram
Thu Mar 19 03:38:24 2026: SESSION_MGR: creating session with session uuid: '6ca8e6fc-3dc7-4674-8155-97d5e8ef7786' and name 'v++_compile_work'
Thu Mar 19 03:38:24 2026: KERNEL_SVC: creating session with uuid: '6ca8e6fc-3dc7-4674-8155-97d5e8ef7786' and name 'v++_compile_work'
Thu Mar 19 03:38:24 2026: GUIDANCE_SMGR: creating guidance session with uuid: '6ca8e6fc-3dc7-4674-8155-97d5e8ef7786' and name 'v++_compile_work'
Thu Mar 19 03:38:24 2026: SYSTEM_DIAGRAM: creating session with uuid: '6ca8e6fc-3dc7-4674-8155-97d5e8ef7786' and name 'v++_compile_work'
Thu Mar 19 03:38:28 2026: Dispatch Server: Accepted socket connection from client
Thu Mar 19 03:38:28 2026: Starting Socket connection
Thu Mar 19 03:39:09 2026: SESSION_MGR: closing session for UUID '6ca8e6fc-3dc7-4674-8155-97d5e8ef7786' with name 'v++_compile_work'
Thu Mar 19 03:39:09 2026: KERNEL_SVC: closing session for UUID '6ca8e6fc-3dc7-4674-8155-97d5e8ef7786' with name 'v++_compile_work'
Thu Mar 19 03:39:09 2026: GUIDANCE_SMGR: closing session for UUID '6ca8e6fc-3dc7-4674-8155-97d5e8ef7786' with name 'v++_compile_work'
Thu Mar 19 03:39:09 2026: SYSTEM_DIAGRAM: closing session for UUID '6ca8e6fc-3dc7-4674-8155-97d5e8ef7786' with name 'v++_compile_work'
Thu Mar 19 03:39:09 2026: STOP_SERVER received, server token: 016c1251-b2e1-4768-8476-c116f397860e, passed token: 016c1251-b2e1-4768-8476-c116f397860e
Thu Mar 19 03:39:09 2026: Socket received request to stop server.
Thu Mar 19 03:39:09 2026: Dispatch Server: do_await_stop
Thu Mar 19 03:39:09 2026: Dispatch Server: stopping mainFifo_
Thu Mar 19 03:39:09 2026: XCD main fifo: Stopping
Thu Mar 19 03:39:09 2026: XCD main fifo: do_read error code: Operation canceled
Thu Mar 19 03:39:09 2026: XCD main fifo: bytes_transferred: 0
Thu Mar 19 03:39:09 2026: SERVER: destructor for server bound to port 41005
Thu Mar 19 03:39:09 2026: XCD main fifo: Good unlink of /tmp/xcdmain016c1251-b2e1-4768-8476-c116f397860e
Thu Mar 19 03:39:09 2026: Server exiting with status 0.
Thu Mar 19 03:39:09 2026: Closing log file.
