==============================================================
Vitis HLS - High-Level Synthesis from C, C++ and OpenCL v2025.1 (64-bit)
Tool Version Limit: 2025.05
Copyright 1986-2022 Xilinx, Inc. All Rights Reserved.
Copyright 2022-2025 Advanced Micro Devices, Inc. All Rights Reserved.

==============================================================
INFO: [HLS 200-1505] Using default flow_target 'vivado'
INFO: [HLS 200-2174] Applying component config ini file /home/chengzhy/FormaSyn/examples/vec_add/inter_files/throughput_int16_p2/hls_config.cfg
INFO: [HLS 200-1465] Applying config ini 'syn.file=kernel.cpp' from /home/chengzhy/FormaSyn/examples/vec_add/inter_files/throughput_int16_p2/hls_config.cfg(7)
INFO: [HLS 200-10] Adding design file '/home/chengzhy/FormaSyn/examples/vec_add/inter_files/throughput_int16_p2/kernel.cpp' to the project
INFO: [HLS 200-1465] Applying config ini 'tb.file=kernel_tb.cpp' from /home/chengzhy/FormaSyn/examples/vec_add/inter_files/throughput_int16_p2/hls_config.cfg(8)
INFO: [HLS 200-10] Adding test bench file '/home/chengzhy/FormaSyn/examples/vec_add/inter_files/throughput_int16_p2/kernel_tb.cpp' to the project
INFO: [HLS 200-1465] Applying config ini 'syn.top=kernel' from /home/chengzhy/FormaSyn/examples/vec_add/inter_files/throughput_int16_p2/hls_config.cfg(6)
INFO: [HLS 200-1465] Applying config ini 'flow_target=vitis' from /home/chengzhy/FormaSyn/examples/vec_add/inter_files/throughput_int16_p2/hls_config.cfg(5)
INFO: [HLS 200-1505] Using flow_target 'vitis'
INFO: [HLS 200-435] Setting 'open_solution -flow_target vitis' configuration: config_interface -m_axi_latency=64
INFO: [HLS 200-435] Setting 'open_solution -flow_target vitis' configuration: config_interface -m_axi_alignment_byte_size=64
INFO: [HLS 200-435] Setting 'open_solution -flow_target vitis' configuration: config_interface -m_axi_max_widen_bitwidth=512
INFO: [HLS 200-435] Setting 'open_solution -flow_target vitis' configuration: config_rtl -register_reset_num=3
INFO: [HLS 200-1465] Applying config ini 'part=xcu200-fsgd2104-2-e' from /home/chengzhy/FormaSyn/examples/vec_add/inter_files/throughput_int16_p2/hls_config.cfg(1)
INFO: [HLS 200-1611] Setting target device to 'xcu200-fsgd2104-2-e'
INFO: [HLS 200-1465] Applying config ini 'clock=5.0ns' from /home/chengzhy/FormaSyn/examples/vec_add/inter_files/throughput_int16_p2/hls_config.cfg(4)
INFO: [SYN 201-201] Setting up clock 'default' with a period of 5ns.
INFO: [HLS 200-2176] Writing Vitis IDE component file /home/chengzhy/FormaSyn/examples/vec_add/inter_files/throughput_int16_p2/work/vitis-comp.json
INFO: [HLS 200-111] Finished File checks and directory preparation: CPU user time: 1.59 seconds. CPU system time: 0.52 seconds. Elapsed time: 2.19 seconds; current allocated memory: 260.793 MB.
INFO: [HLS 200-10] Analyzing design file 'kernel.cpp' ... 
INFO: [HLS 200-111] Finished Source Code Analysis and Preprocessing: CPU user time: 1.95 seconds. CPU system time: 0.62 seconds. Elapsed time: 2.57 seconds; current allocated memory: 262.766 MB.
INFO: [HLS 200-777] Using interface defaults for 'Vitis' flow target.
INFO: [HLS 200-1995] There were 225 instructions in the design after the 'Compile/Link' phase of compilation. See the Design Size Report for more details (/home/chengzhy/FormaSyn/examples/vec_add/inter_files/throughput_int16_p2/work/hls/syn/report/csynth_design_size.rpt:2)
INFO: [HLS 200-1995] There were 353 instructions in the design after the 'Unroll/Inline (step 1)' phase of compilation. See the Design Size Report for more details (/home/chengzhy/FormaSyn/examples/vec_add/inter_files/throughput_int16_p2/work/hls/syn/report/csynth_design_size.rpt:2)
INFO: [HLS 200-1995] There were 222 instructions in the design after the 'Unroll/Inline (step 2)' phase of compilation. See the Design Size Report for more details (/home/chengzhy/FormaSyn/examples/vec_add/inter_files/throughput_int16_p2/work/hls/syn/report/csynth_design_size.rpt:2)
INFO: [HLS 200-1995] There were 233 instructions in the design after the 'Unroll/Inline (step 3)' phase of compilation. See the Design Size Report for more details (/home/chengzhy/FormaSyn/examples/vec_add/inter_files/throughput_int16_p2/work/hls/syn/report/csynth_design_size.rpt:2)
INFO: [HLS 200-1995] There were 233 instructions in the design after the 'Unroll/Inline (step 4)' phase of compilation. See the Design Size Report for more details (/home/chengzhy/FormaSyn/examples/vec_add/inter_files/throughput_int16_p2/work/hls/syn/report/csynth_design_size.rpt:2)
INFO: [HLS 200-1995] There were 236 instructions in the design after the 'Array/Struct (step 1)' phase of compilation. See the Design Size Report for more details (/home/chengzhy/FormaSyn/examples/vec_add/inter_files/throughput_int16_p2/work/hls/syn/report/csynth_design_size.rpt:2)
INFO: [HLS 200-1995] There were 236 instructions in the design after the 'Array/Struct (step 2)' phase of compilation. See the Design Size Report for more details (/home/chengzhy/FormaSyn/examples/vec_add/inter_files/throughput_int16_p2/work/hls/syn/report/csynth_design_size.rpt:2)
INFO: [HLS 200-1995] There were 236 instructions in the design after the 'Array/Struct (step 3)' phase of compilation. See the Design Size Report for more details (/home/chengzhy/FormaSyn/examples/vec_add/inter_files/throughput_int16_p2/work/hls/syn/report/csynth_design_size.rpt:2)
INFO: [HLS 200-1995] There were 236 instructions in the design after the 'Array/Struct (step 4)' phase of compilation. See the Design Size Report for more details (/home/chengzhy/FormaSyn/examples/vec_add/inter_files/throughput_int16_p2/work/hls/syn/report/csynth_design_size.rpt:2)
INFO: [HLS 200-1995] There were 276 instructions in the design after the 'Array/Struct (step 5)' phase of compilation. See the Design Size Report for more details (/home/chengzhy/FormaSyn/examples/vec_add/inter_files/throughput_int16_p2/work/hls/syn/report/csynth_design_size.rpt:2)
INFO: [HLS 200-1995] There were 257 instructions in the design after the 'Performance (step 1)' phase of compilation. See the Design Size Report for more details (/home/chengzhy/FormaSyn/examples/vec_add/inter_files/throughput_int16_p2/work/hls/syn/report/csynth_design_size.rpt:2)
INFO: [HLS 200-1995] There were 257 instructions in the design after the 'Performance (step 2)' phase of compilation. See the Design Size Report for more details (/home/chengzhy/FormaSyn/examples/vec_add/inter_files/throughput_int16_p2/work/hls/syn/report/csynth_design_size.rpt:2)
INFO: [HLS 200-1995] There were 257 instructions in the design after the 'Performance (step 3)' phase of compilation. See the Design Size Report for more details (/home/chengzhy/FormaSyn/examples/vec_add/inter_files/throughput_int16_p2/work/hls/syn/report/csynth_design_size.rpt:2)
INFO: [HLS 200-1995] There were 257 instructions in the design after the 'Performance (step 4)' phase of compilation. See the Design Size Report for more details (/home/chengzhy/FormaSyn/examples/vec_add/inter_files/throughput_int16_p2/work/hls/syn/report/csynth_design_size.rpt:2)
INFO: [HLS 200-1995] There were 258 instructions in the design after the 'HW Transforms (step 1)' phase of compilation. See the Design Size Report for more details (/home/chengzhy/FormaSyn/examples/vec_add/inter_files/throughput_int16_p2/work/hls/syn/report/csynth_design_size.rpt:2)
INFO: [HLS 200-1995] There were 260 instructions in the design after the 'HW Transforms (step 2)' phase of compilation. See the Design Size Report for more details (/home/chengzhy/FormaSyn/examples/vec_add/inter_files/throughput_int16_p2/work/hls/syn/report/csynth_design_size.rpt:2)
INFO: [HLS 214-291] Loop 'VITIS_LOOP_11_1' is marked as complete unroll implied by the pipeline pragma (kernel.cpp:11:19)
INFO: [HLS 214-186] Unrolling loop 'VITIS_LOOP_11_1' (kernel.cpp:11:19) in function 'kernel' completely with a factor of 16 (kernel.cpp:9:0)
WARNING: [HLS 214-414] Cannot apply interface mode 'ap_none' on function argument 'a' since this interface mode only supports scalar types (kernel.cpp:9:0)
WARNING: [HLS 214-414] Cannot apply interface mode 'ap_none' on function argument 'b' since this interface mode only supports scalar types (kernel.cpp:9:0)
WARNING: [HLS 214-414] Cannot apply interface mode 'ap_none' on function argument 'c' since this interface mode only supports scalar types (kernel.cpp:9:0)
INFO: [HLS 200-111] Finished Compiling Optimization and Transform: CPU user time: 1.86 seconds. CPU system time: 0.64 seconds. Elapsed time: 7.09 seconds; current allocated memory: 264.758 MB.
INFO: [HLS 200-111] Finished Checking Pragmas: CPU user time: 0 seconds. CPU system time: 0 seconds. Elapsed time: 0 seconds; current allocated memory: 264.758 MB.
INFO: [HLS 200-10] Starting code transformations ...
INFO: [HLS 200-111] Finished Standard Transforms: CPU user time: 0.02 seconds. CPU system time: 0 seconds. Elapsed time: 0.02 seconds; current allocated memory: 264.949 MB.
INFO: [HLS 200-10] Checking synthesizability ...
INFO: [HLS 200-111] Finished Checking Synthesizability: CPU user time: 0.01 seconds. CPU system time: 0 seconds. Elapsed time: 0.01 seconds; current allocated memory: 264.988 MB.
INFO: [XFORM 203-11] Balancing expressions in function 'kernel' (kernel.cpp:5:1)...14 expression(s) balanced.
INFO: [HLS 200-111] Finished Loop, function and other optimizations: CPU user time: 0.04 seconds. CPU system time: 0.01 seconds. Elapsed time: 0.05 seconds; current allocated memory: 286.125 MB.
INFO: [HLS 200-111] Finished Architecture Synthesis: CPU user time: 0.03 seconds. CPU system time: 0 seconds. Elapsed time: 0.02 seconds; current allocated memory: 286.125 MB.
INFO: [HLS 200-10] Starting hardware synthesis ...
INFO: [HLS 200-10] Synthesizing 'kernel' ...
INFO: [HLS 200-10] ----------------------------------------------------------------
INFO: [HLS 200-42] -- Implementing module 'kernel' 
INFO: [HLS 200-10] ----------------------------------------------------------------
INFO: [SCHED 204-11] Starting scheduling ...
INFO: [SCHED 204-61] Pipelining function 'kernel'.
INFO: [HLS 200-1470] Pipelining result : Target II = 8, Final II = 8, Depth = 144, function 'kernel'
INFO: [SCHED 204-11] Finished scheduling.
INFO: [HLS 200-111] Finished Scheduling: CPU user time: 0.05 seconds. CPU system time: 0.02 seconds. Elapsed time: 0.08 seconds; current allocated memory: 286.125 MB.
INFO: [BIND 205-100] Starting micro-architecture generation ...
INFO: [BIND 205-101] Performing variable lifetime analysis.
INFO: [BIND 205-101] Exploring resource sharing.
INFO: [BIND 205-101] Binding ...
INFO: [BIND 205-100] Finished micro-architecture generation.
INFO: [HLS 200-111] Finished Binding: CPU user time: 0.05 seconds. CPU system time: 0 seconds. Elapsed time: 0.05 seconds; current allocated memory: 286.125 MB.
INFO: [HLS 200-10] ----------------------------------------------------------------
INFO: [HLS 200-10] -- Generating RTL for module 'kernel' 
INFO: [HLS 200-10] ----------------------------------------------------------------
WARNING: [RTGEN 206-101] Design contains AXI ports. Reset is fixed to synchronous and active low.
INFO: [RTGEN 206-500] Setting interface mode on port 'kernel/gmem' to 'm_axi'.
INFO: [RTGEN 206-500] Setting interface mode on port 'kernel/a' to 's_axilite & ap_none'.
INFO: [RTGEN 206-500] Setting interface mode on port 'kernel/b' to 's_axilite & ap_none'.
INFO: [RTGEN 206-500] Setting interface mode on port 'kernel/c' to 's_axilite & ap_none'.
INFO: [RTGEN 206-500] Setting interface mode on function 'kernel' to 's_axilite & ap_ctrl_chain'.
INFO: [HLS 200-1030] Apply Unified Pipeline Control on module 'kernel' pipeline 'kernel' pipeline type 'function pipeline'
INFO: [RTGEN 206-100] Bundling port 'a', 'b', 'c' and 'return' to AXI-Lite port control.
INFO: [RTGEN 206-100] Finished creating RTL model for 'kernel'.
INFO: [HLS 200-111] Finished Creating RTL model: CPU user time: 0.07 seconds. CPU system time: 0 seconds. Elapsed time: 0.07 seconds; current allocated memory: 286.125 MB.
INFO: [HLS 200-111] Finished Generating all RTL models: CPU user time: 0.32 seconds. CPU system time: 0.01 seconds. Elapsed time: 0.33 seconds; current allocated memory: 286.125 MB.
INFO: [HLS 200-111] Finished Updating report files: CPU user time: 0.27 seconds. CPU system time: 0.1 seconds. Elapsed time: 0.37 seconds; current allocated memory: 286.734 MB.
INFO: [VHDL 208-304] Generating VHDL RTL for kernel.
INFO: [VLOG 209-307] Generating Verilog RTL for kernel.
INFO: [HLS 200-789] **** Estimated Fmax: 273.97 MHz
INFO: [IMPL 213-8] Exporting RTL as a Vivado IP.
INFO: [Common 17-41] Interrupt caught. Command should exit soon.
INFO: [Common 17-41] Interrupt caught. Command should exit soon.
INFO: [Common 17-344] 'source' was cancelled
