Thu Mar 19 03:48:29 2026: Running xcd server. This server was built by gradle.
Thu Mar 19 03:48:29 2026: Server was asked to start on port: '41791'
Thu Mar 19 03:48:29 2026: Server is using token UUID: '94b664a4-3179-48c1-9f63-6f9a64e7c614'
Thu Mar 19 03:48:29 2026: SESSION_MGR: creating session with session uuid: '6d04a3e9-ade5-4ab9-8d63-1f78fcd2ec76' and name 'default'
Thu Mar 19 03:48:29 2026: Attempting to start server on port '41791'
Thu Mar 19 03:48:29 2026: XCD main fifo: created main fifo '/tmp/xcdmain94b664a4-3179-48c1-9f63-6f9a64e7c614', fd read = 13
Thu Mar 19 03:48:29 2026: Running Dispatch Server
Thu Mar 19 03:48:29 2026: Version 2.2.0
Thu Mar 19 03:48:30 2026: Dispatch Server: Accepted socket connection from client
Thu Mar 19 03:48:30 2026: Starting Socket connection
Thu Mar 19 03:48:30 2026: EXCHANGE_TOKEN received, server token: 94b664a4-3179-48c1-9f63-6f9a64e7c614, passed token: 94b664a4-3179-48c1-9f63-6f9a64e7c614
Thu Mar 19 03:48:30 2026: DISPATCH_HANDLER: Adding handler from function makeHandler in library libxv_system_diagram
Thu Mar 19 03:48:30 2026: SESSION_MGR: creating session with session uuid: 'b31fe40a-b060-4a88-92c8-cba6efd129ec' and name 'vitis-run_compile_work'
Thu Mar 19 03:48:30 2026: KERNEL_SVC: creating session with uuid: 'b31fe40a-b060-4a88-92c8-cba6efd129ec' and name 'vitis-run_compile_work'
Thu Mar 19 03:48:30 2026: GUIDANCE_SMGR: creating guidance session with uuid: 'b31fe40a-b060-4a88-92c8-cba6efd129ec' and name 'vitis-run_compile_work'
Thu Mar 19 03:48:30 2026: SYSTEM_DIAGRAM: creating session with uuid: 'b31fe40a-b060-4a88-92c8-cba6efd129ec' and name 'vitis-run_compile_work'
Thu Mar 19 03:48:34 2026: Dispatch Server: Accepted socket connection from client
Thu Mar 19 03:48:34 2026: Starting Socket connection
Thu Mar 19 03:48:37 2026: SESSION_MGR: closing session for UUID 'b31fe40a-b060-4a88-92c8-cba6efd129ec' with name 'vitis-run_compile_work'
Thu Mar 19 03:48:37 2026: KERNEL_SVC: closing session for UUID 'b31fe40a-b060-4a88-92c8-cba6efd129ec' with name 'vitis-run_compile_work'
Thu Mar 19 03:48:37 2026: GUIDANCE_SMGR: closing session for UUID 'b31fe40a-b060-4a88-92c8-cba6efd129ec' with name 'vitis-run_compile_work'
Thu Mar 19 03:48:37 2026: SYSTEM_DIAGRAM: closing session for UUID 'b31fe40a-b060-4a88-92c8-cba6efd129ec' with name 'vitis-run_compile_work'
Thu Mar 19 03:48:37 2026: STOP_SERVER received, server token: 94b664a4-3179-48c1-9f63-6f9a64e7c614, passed token: 94b664a4-3179-48c1-9f63-6f9a64e7c614
Thu Mar 19 03:48:37 2026: Socket received request to stop server.
Thu Mar 19 03:48:37 2026: Dispatch Server: do_await_stop
Thu Mar 19 03:48:37 2026: Dispatch Server: stopping mainFifo_
Thu Mar 19 03:48:37 2026: XCD main fifo: Stopping
Thu Mar 19 03:48:37 2026: XCD main fifo: do_read error code: Operation canceled
Thu Mar 19 03:48:37 2026: XCD main fifo: bytes_transferred: 0
Thu Mar 19 03:48:37 2026: SERVER: destructor for server bound to port 41791
Thu Mar 19 03:48:37 2026: XCD main fifo: Good unlink of /tmp/xcdmain94b664a4-3179-48c1-9f63-6f9a64e7c614
Thu Mar 19 03:48:37 2026: Server exiting with status 0.
Thu Mar 19 03:48:37 2026: Closing log file.
Thu Mar 19 03:48:44 2026: Running xcd server. This server was built by gradle.
Thu Mar 19 03:48:44 2026: Server was asked to start on port: '46863'
Thu Mar 19 03:48:44 2026: Server is using token UUID: 'cfd4b3f2-7e95-4c84-8c71-c25a174a92e2'
Thu Mar 19 03:48:44 2026: SESSION_MGR: creating session with session uuid: '6d04a3e9-ade5-4ab9-8d63-1f78fcd2ec76' and name 'default'
Thu Mar 19 03:48:44 2026: Attempting to start server on port '46863'
Thu Mar 19 03:48:44 2026: XCD main fifo: created main fifo '/tmp/xcdmaincfd4b3f2-7e95-4c84-8c71-c25a174a92e2', fd read = 13
Thu Mar 19 03:48:44 2026: Running Dispatch Server
Thu Mar 19 03:48:44 2026: Version 2.2.0
Thu Mar 19 03:48:44 2026: Dispatch Server: Accepted socket connection from client
Thu Mar 19 03:48:44 2026: Starting Socket connection
Thu Mar 19 03:48:44 2026: EXCHANGE_TOKEN received, server token: cfd4b3f2-7e95-4c84-8c71-c25a174a92e2, passed token: cfd4b3f2-7e95-4c84-8c71-c25a174a92e2
Thu Mar 19 03:48:45 2026: DISPATCH_HANDLER: Adding handler from function makeHandler in library libxv_system_diagram
Thu Mar 19 03:48:45 2026: SESSION_MGR: creating session with session uuid: '3aab5c5f-1695-41d3-822f-bcbf4abbcf7b' and name 'v++_compile_work'
Thu Mar 19 03:48:45 2026: KERNEL_SVC: creating session with uuid: '3aab5c5f-1695-41d3-822f-bcbf4abbcf7b' and name 'v++_compile_work'
Thu Mar 19 03:48:45 2026: GUIDANCE_SMGR: creating guidance session with uuid: '3aab5c5f-1695-41d3-822f-bcbf4abbcf7b' and name 'v++_compile_work'
Thu Mar 19 03:48:45 2026: SYSTEM_DIAGRAM: creating session with uuid: '3aab5c5f-1695-41d3-822f-bcbf4abbcf7b' and name 'v++_compile_work'
Thu Mar 19 03:48:48 2026: Dispatch Server: Accepted socket connection from client
Thu Mar 19 03:48:48 2026: Starting Socket connection
Thu Mar 19 03:49:30 2026: SESSION_MGR: closing session for UUID '3aab5c5f-1695-41d3-822f-bcbf4abbcf7b' with name 'v++_compile_work'
Thu Mar 19 03:49:30 2026: KERNEL_SVC: closing session for UUID '3aab5c5f-1695-41d3-822f-bcbf4abbcf7b' with name 'v++_compile_work'
Thu Mar 19 03:49:30 2026: GUIDANCE_SMGR: closing session for UUID '3aab5c5f-1695-41d3-822f-bcbf4abbcf7b' with name 'v++_compile_work'
Thu Mar 19 03:49:30 2026: SYSTEM_DIAGRAM: closing session for UUID '3aab5c5f-1695-41d3-822f-bcbf4abbcf7b' with name 'v++_compile_work'
Thu Mar 19 03:49:30 2026: STOP_SERVER received, server token: cfd4b3f2-7e95-4c84-8c71-c25a174a92e2, passed token: cfd4b3f2-7e95-4c84-8c71-c25a174a92e2
Thu Mar 19 03:49:30 2026: Socket received request to stop server.
Thu Mar 19 03:49:30 2026: Dispatch Server: do_await_stop
Thu Mar 19 03:49:30 2026: Dispatch Server: stopping mainFifo_
Thu Mar 19 03:49:30 2026: XCD main fifo: Stopping
Thu Mar 19 03:49:30 2026: XCD main fifo: do_read error code: Operation canceled
Thu Mar 19 03:49:30 2026: XCD main fifo: bytes_transferred: 0
Thu Mar 19 03:49:30 2026: SERVER: destructor for server bound to port 46863
Thu Mar 19 03:49:30 2026: XCD main fifo: Good unlink of /tmp/xcdmaincfd4b3f2-7e95-4c84-8c71-c25a174a92e2
Thu Mar 19 03:49:30 2026: Server exiting with status 0.
Thu Mar 19 03:49:30 2026: Closing log file.
Thu Mar 19 03:49:43 2026: Running xcd server. This server was built by gradle.
Thu Mar 19 03:49:43 2026: Server was asked to start on port: '45995'
Thu Mar 19 03:49:43 2026: Server is using token UUID: '09d6b05d-cdc1-40ac-9a2a-1c47fd2a7046'
Thu Mar 19 03:49:43 2026: SESSION_MGR: creating session with session uuid: '6d04a3e9-ade5-4ab9-8d63-1f78fcd2ec76' and name 'default'
Thu Mar 19 03:49:43 2026: Attempting to start server on port '45995'
Thu Mar 19 03:49:43 2026: XCD main fifo: created main fifo '/tmp/xcdmain09d6b05d-cdc1-40ac-9a2a-1c47fd2a7046', fd read = 13
Thu Mar 19 03:49:43 2026: Running Dispatch Server
Thu Mar 19 03:49:43 2026: Version 2.2.0
Thu Mar 19 03:49:44 2026: Dispatch Server: Accepted socket connection from client
Thu Mar 19 03:49:44 2026: Starting Socket connection
Thu Mar 19 03:49:44 2026: EXCHANGE_TOKEN received, server token: 09d6b05d-cdc1-40ac-9a2a-1c47fd2a7046, passed token: 09d6b05d-cdc1-40ac-9a2a-1c47fd2a7046
Thu Mar 19 03:49:44 2026: DISPATCH_HANDLER: Adding handler from function makeHandler in library libxv_system_diagram
Thu Mar 19 03:49:44 2026: SESSION_MGR: creating session with session uuid: 'af301e42-dbb3-4f8e-9c6b-131e499eb87d' and name 'v++_compile_work'
Thu Mar 19 03:49:44 2026: KERNEL_SVC: creating session with uuid: 'af301e42-dbb3-4f8e-9c6b-131e499eb87d' and name 'v++_compile_work'
Thu Mar 19 03:49:44 2026: GUIDANCE_SMGR: creating guidance session with uuid: 'af301e42-dbb3-4f8e-9c6b-131e499eb87d' and name 'v++_compile_work'
Thu Mar 19 03:49:44 2026: SYSTEM_DIAGRAM: creating session with uuid: 'af301e42-dbb3-4f8e-9c6b-131e499eb87d' and name 'v++_compile_work'
Thu Mar 19 03:49:48 2026: Dispatch Server: Accepted socket connection from client
Thu Mar 19 03:49:48 2026: Starting Socket connection
Thu Mar 19 03:50:30 2026: SESSION_MGR: closing session for UUID 'af301e42-dbb3-4f8e-9c6b-131e499eb87d' with name 'v++_compile_work'
Thu Mar 19 03:50:30 2026: KERNEL_SVC: closing session for UUID 'af301e42-dbb3-4f8e-9c6b-131e499eb87d' with name 'v++_compile_work'
Thu Mar 19 03:50:30 2026: GUIDANCE_SMGR: closing session for UUID 'af301e42-dbb3-4f8e-9c6b-131e499eb87d' with name 'v++_compile_work'
Thu Mar 19 03:50:30 2026: SYSTEM_DIAGRAM: closing session for UUID 'af301e42-dbb3-4f8e-9c6b-131e499eb87d' with name 'v++_compile_work'
Thu Mar 19 03:50:30 2026: STOP_SERVER received, server token: 09d6b05d-cdc1-40ac-9a2a-1c47fd2a7046, passed token: 09d6b05d-cdc1-40ac-9a2a-1c47fd2a7046
Thu Mar 19 03:50:30 2026: Socket received request to stop server.
Thu Mar 19 03:50:30 2026: Dispatch Server: do_await_stop
Thu Mar 19 03:50:30 2026: Dispatch Server: stopping mainFifo_
Thu Mar 19 03:50:30 2026: XCD main fifo: Stopping
Thu Mar 19 03:50:30 2026: XCD main fifo: do_read error code: Operation canceled
Thu Mar 19 03:50:30 2026: XCD main fifo: bytes_transferred: 0
Thu Mar 19 03:50:30 2026: SERVER: destructor for server bound to port 45995
Thu Mar 19 03:50:30 2026: XCD main fifo: Good unlink of /tmp/xcdmain09d6b05d-cdc1-40ac-9a2a-1c47fd2a7046
Thu Mar 19 03:50:30 2026: Server exiting with status 0.
Thu Mar 19 03:50:30 2026: Closing log file.
