

================================================================
== Vitis HLS Report for 'kernel'
================================================================
* Date:           Thu Apr  9 02:35:48 2026

* Version:        2025.1 (Build 6135595 on May 21 2025)
* Project:        work
* Solution:       hls (Vitis Kernel Flow Target)
* Product family: zynq
* Target device:  xc7z020-clg400-1


================================================================
== Performance Estimates
================================================================
+ Timing: 
    * Summary: 
    +--------+----------+-----------+------------+
    |  Clock |  Target  | Estimated | Uncertainty|
    +--------+----------+-----------+------------+
    |ap_clk  |  10.00 ns|  11.517 ns|     2.70 ns|
    +--------+----------+-----------+------------+

+ Latency: 
    * Summary: 
    +---------+---------+-----------+-----------+-----+-----+---------+
    |  Latency (cycles) |   Latency (absolute)  |  Interval | Pipeline|
    |   min   |   max   |    min    |    max    | min | max |   Type  |
    +---------+---------+-----------+-----------+-----+-----+---------+
    |        5|        5|  57.585 ns|  57.585 ns|    1|    1|      yes|
    +---------+---------+-----------+-----------+-----+-----+---------+

    + Detail: 
        * Instance: 
        N/A

        * Loop: 
        N/A



================================================================
== Utilization Estimates
================================================================
* Summary: 
+-----------------+---------+-----+--------+-------+-----+
|       Name      | BRAM_18K| DSP |   FF   |  LUT  | URAM|
+-----------------+---------+-----+--------+-------+-----+
|DSP              |        -|    -|       -|      -|    -|
|Expression       |        -|    -|       0|    794|    -|
|FIFO             |        -|    -|       -|      -|    -|
|Instance         |        0|    4|     410|    204|    -|
|Memory           |        -|    -|       -|      -|    -|
|Multiplexer      |        -|    -|       0|     36|    -|
|Register         |        -|    -|     684|      -|    -|
+-----------------+---------+-----+--------+-------+-----+
|Total            |        0|    4|    1094|   1034|    0|
+-----------------+---------+-----+--------+-------+-----+
|Available        |      280|  220|  106400|  53200|    0|
+-----------------+---------+-----+--------+-------+-----+
|Utilization (%)  |        0|    1|       1|      1|    0|
+-----------------+---------+-----+--------+-------+-----+

+ Detail: 
    * Instance: 
    +----------------------+-------------------+---------+----+-----+-----+-----+
    |       Instance       |       Module      | BRAM_18K| DSP|  FF | LUT | URAM|
    +----------------------+-------------------+---------+----+-----+-----+-----+
    |control_s_axi_U       |control_s_axi      |        0|   0|   80|  104|    0|
    |mul_32s_9s_40_2_1_U1  |mul_32s_9s_40_2_1  |        0|   2|  165|   50|    0|
    |mul_32s_9s_40_2_1_U2  |mul_32s_9s_40_2_1  |        0|   2|  165|   50|    0|
    +----------------------+-------------------+---------+----+-----+-----+-----+
    |Total                 |                   |        0|   4|  410|  204|    0|
    +----------------------+-------------------+---------+----+-----+-----+-----+

    * DSP: 
    N/A

    * Memory: 
    N/A

    * FIFO: 
    N/A

    * Expression: 
    +---------------------------+----------+----+---+----+------------+------------+
    |       Variable Name       | Operation| DSP| FF| LUT| Bitwidth P0| Bitwidth P1|
    +---------------------------+----------+----+---+----+------------+------------+
    |acc_1_fu_356_p2            |         +|   0|  0|  40|          40|          40|
    |acc_2_fu_445_p2            |         +|   0|  0|  39|          39|          39|
    |acc_fu_203_p2              |         +|   0|  0|  47|          40|          40|
    |add_ln25_1_fu_162_p2       |         +|   0|  0|  46|          39|          39|
    |add_ln25_fu_193_p2         |         +|   0|  0|  39|          39|          39|
    |add_ln32_1_fu_229_p2       |         +|   0|  0|  32|          32|          32|
    |add_ln32_fu_262_p2         |         +|   0|  0|  32|          32|          32|
    |add_ln33_1_fu_318_p2       |         +|   0|  0|  40|          40|          40|
    |add_ln33_fu_350_p2         |         +|   0|  0|  40|          40|          40|
    |add_ln35_fu_393_p2         |         +|   0|  0|  39|          39|          39|
    |tmp3_fu_256_p2             |         +|   0|  0|  32|          32|          32|
    |tmp4_fu_417_p2             |         +|   0|  0|  40|          33|          33|
    |tmp5_fu_439_p2             |         +|   0|  0|  39|          39|          39|
    |tmp_fu_246_p2              |         +|   0|  0|  39|          32|          32|
    |sub_ln25_fu_188_p2         |         -|   0|  0|  39|          39|          39|
    |sub_ln32_fu_235_p2         |         -|   0|  0|  32|          32|          32|
    |sub_ln33_fu_324_p2         |         -|   0|  0|  40|          40|          40|
    |sub_ln35_fu_399_p2         |         -|   0|  0|  39|          39|          39|
    |icmp_ln39_fu_470_p2        |      icmp|   0|  0|  23|          16|           1|
    |icmp_ln40_fu_475_p2        |      icmp|   0|  0|  38|          31|          17|
    |ap_block_pp0_stage0_01001  |        or|   0|  0|   2|           1|           1|
    |or_ln39_fu_497_p2          |        or|   0|  0|   2|           1|           1|
    |select_ln39_1_fu_489_p3    |    select|   0|  0|  17|           1|          15|
    |select_ln39_fu_503_p3      |    select|   0|  0|  16|           1|          16|
    |ap_enable_pp0              |       xor|   0|  0|   2|           1|           2|
    +---------------------------+----------+----+---+----+------------+------------+
    |Total                      |          |   0|  0| 794|         718|         719|
    +---------------------------+----------+----+---+----+------------+------------+

    * Multiplexer: 
    +----------------------------+----+-----------+-----+-----------+
    |            Name            | LUT| Input Size| Bits| Total Bits|
    +----------------------------+----+-----------+-----+-----------+
    |ap_done                     |   9|          2|    1|          2|
    |ap_sig_allocacmp_w1_1_load  |   9|          2|   32|         64|
    |ap_sig_allocacmp_w1_2_load  |   9|          2|   32|         64|
    |y_out                       |   9|          2|   16|         32|
    +----------------------------+----+-----------+-----+-----------+
    |Total                       |  36|          8|   81|        162|
    +----------------------------+----+-----------+-----+-----------+

    * Register: 
    +---------------------------------+----+----+-----+-----------+
    |               Name              | FF | LUT| Bits| Const Bits|
    +---------------------------------+----+----+-----+-----------+
    |acc_2_reg_587                    |  39|   0|   39|          0|
    |add_ln25_1_reg_535               |  37|   0|   39|          2|
    |ap_CS_fsm                        |   1|   0|    1|          0|
    |ap_done_reg                      |   1|   0|    1|          0|
    |ap_enable_reg_pp0_iter1          |   1|   0|    1|          0|
    |ap_enable_reg_pp0_iter2          |   1|   0|    1|          0|
    |ap_enable_reg_pp0_iter3          |   1|   0|    1|          0|
    |ap_enable_reg_pp0_iter4          |   1|   0|    1|          0|
    |ap_enable_reg_pp0_iter5          |   1|   0|    1|          0|
    |ap_rst_n_inv                     |   1|   0|    1|          0|
    |ap_rst_reg_1                     |   1|   0|    1|          0|
    |ap_rst_reg_2                     |   1|   0|    1|          0|
    |sub_ln32_reg_545                 |  32|   0|   32|          0|
    |sub_ln33_reg_572                 |  40|   0|   40|          0|
    |sub_ln35_reg_582                 |  39|   0|   39|          0|
    |tmp_1_reg_550                    |  24|   0|   24|          0|
    |tmp_9_reg_597                    |  16|   0|   16|          0|
    |trunc_ln_reg_592                 |  31|   0|   31|          0|
    |w0_1_reg_540                     |  32|   0|   32|          0|
    |w0_2_reg_577                     |  32|   0|   32|          0|
    |w1_1                             |  32|   0|   32|          0|
    |w1_1_load_reg_517                |  32|   0|   32|          0|
    |w1_2                             |  32|   0|   32|          0|
    |w1_2_load_reg_555                |  32|   0|   32|          0|
    |w2_1                             |  32|   0|   32|          0|
    |w2_1_load_reg_529                |  32|   0|   32|          0|
    |w2_1_load_reg_529_pp0_iter1_reg  |  32|   0|   32|          0|
    |w2_2                             |  32|   0|   32|          0|
    |w2_2_load_reg_567                |  32|   0|   32|          0|
    |w2_2_load_reg_567_pp0_iter3_reg  |  32|   0|   32|          0|
    |x_in_read_reg_512                |  16|   0|   16|          0|
    |y_out_preg                       |  16|   0|   16|          0|
    +---------------------------------+----+----+-----+-----------+
    |Total                            | 684|   0|  686|          2|
    +---------------------------------+----+----+-----+-----------+



================================================================
== Interface
================================================================
* Summary: 
+-----------------------+-----+-----+---------------+--------------+--------------+
|       RTL Ports       | Dir | Bits|    Protocol   | Source Object|    C Type    |
+-----------------------+-----+-----+---------------+--------------+--------------+
|s_axi_control_AWVALID  |   in|    1|          s_axi|       control|       pointer|
|s_axi_control_AWREADY  |  out|    1|          s_axi|       control|       pointer|
|s_axi_control_AWADDR   |   in|    5|          s_axi|       control|       pointer|
|s_axi_control_WVALID   |   in|    1|          s_axi|       control|       pointer|
|s_axi_control_WREADY   |  out|    1|          s_axi|       control|       pointer|
|s_axi_control_WDATA    |   in|   32|          s_axi|       control|       pointer|
|s_axi_control_WSTRB    |   in|    4|          s_axi|       control|       pointer|
|s_axi_control_ARVALID  |   in|    1|          s_axi|       control|       pointer|
|s_axi_control_ARREADY  |  out|    1|          s_axi|       control|       pointer|
|s_axi_control_ARADDR   |   in|    5|          s_axi|       control|       pointer|
|s_axi_control_RVALID   |  out|    1|          s_axi|       control|       pointer|
|s_axi_control_RREADY   |   in|    1|          s_axi|       control|       pointer|
|s_axi_control_RDATA    |  out|   32|          s_axi|       control|       pointer|
|s_axi_control_RRESP    |  out|    2|          s_axi|       control|       pointer|
|s_axi_control_BVALID   |  out|    1|          s_axi|       control|       pointer|
|s_axi_control_BREADY   |   in|    1|          s_axi|       control|       pointer|
|s_axi_control_BRESP    |  out|    2|          s_axi|       control|       pointer|
|ap_clk                 |   in|    1|  ap_ctrl_chain|        kernel|  return value|
|ap_rst_n               |   in|    1|  ap_ctrl_chain|        kernel|  return value|
|interrupt              |  out|    1|  ap_ctrl_chain|        kernel|  return value|
+-----------------------+-----+-----+---------------+--------------+--------------+

