

================================================================
== Vitis HLS Report for 'kernel'
================================================================
* Date:           Thu Mar 19 03:49:59 2026

* Version:        2025.1 (Build 6135595 on May 21 2025)
* Project:        work
* Solution:       hls (Vitis Kernel Flow Target)
* Product family: virtexuplus
* Target device:  xcu200-fsgd2104-2-e


================================================================
== Performance Estimates
================================================================
+ Timing: 
    * Summary: 
    +--------+---------+----------+------------+
    |  Clock |  Target | Estimated| Uncertainty|
    +--------+---------+----------+------------+
    |ap_clk  |  5.00 ns|  3.650 ns|     1.35 ns|
    +--------+---------+----------+------------+

+ Latency: 
    * Summary: 
    +---------+---------+----------+----------+-----+-----+---------+
    |  Latency (cycles) |  Latency (absolute) |  Interval | Pipeline|
    |   min   |   max   |    min   |    max   | min | max |   Type  |
    +---------+---------+----------+----------+-----+-----+---------+
    |      147|      147|  0.735 us|  0.735 us|  148|  148|       no|
    +---------+---------+----------+----------+-----+-----+---------+

    + Detail: 
        * Instance: 
        N/A

        * Loop: 
        +----------------+---------+---------+----------+-----------+-----------+------+----------+
        |                |  Latency (cycles) | Iteration|  Initiation Interval  | Trip |          |
        |    Loop Name   |   min   |   max   |  Latency |  achieved |   target  | Count| Pipelined|
        +----------------+---------+---------+----------+-----------+-----------+------+----------+
        |- loop_compute  |        3|        3|         1|          1|          4|     4|       yes|
        +----------------+---------+---------+----------+-----------+-----------+------+----------+



================================================================
== Utilization Estimates
================================================================
* Summary: 
+---------------------+---------+------+---------+---------+-----+
|         Name        | BRAM_18K|  DSP |    FF   |   LUT   | URAM|
+---------------------+---------+------+---------+---------+-----+
|DSP                  |        -|     -|        -|        -|    -|
|Expression           |        -|     -|        0|       88|    -|
|FIFO                 |        -|     -|        -|        -|    -|
|Instance             |        8|     -|     8004|    10176|    0|
|Memory               |        -|     -|        -|        -|    -|
|Multiplexer          |        -|     -|        0|     1147|    -|
|Register             |        -|     -|     2110|        -|    -|
+---------------------+---------+------+---------+---------+-----+
|Total                |        8|     0|    10114|    11411|    0|
+---------------------+---------+------+---------+---------+-----+
|Available SLR        |     1440|  2280|   788160|   394080|  320|
+---------------------+---------+------+---------+---------+-----+
|Utilization SLR (%)  |       ~0|     0|        1|        2|    0|
+---------------------+---------+------+---------+---------+-----+
|Available            |     4320|  6840|  2364480|  1182240|  960|
+---------------------+---------+------+---------+---------+-----+
|Utilization (%)      |       ~0|     0|       ~0|       ~0|    0|
+---------------------+---------+------+---------+---------+-----+

+ Detail: 
    * Instance: 
    +-----------------+---------------+---------+----+-----+------+-----+
    |     Instance    |     Module    | BRAM_18K| DSP|  FF |  LUT | URAM|
    +-----------------+---------------+---------+----+-----+------+-----+
    |control_s_axi_U  |control_s_axi  |        0|   0|  876|  1576|    0|
    |gmem0_0_m_axi_U  |gmem0_0_m_axi  |        1|   0|  604|   650|    0|
    |gmem0_1_m_axi_U  |gmem0_1_m_axi  |        1|   0|  604|   650|    0|
    |gmem0_2_m_axi_U  |gmem0_2_m_axi  |        1|   0|  604|   650|    0|
    |gmem0_3_m_axi_U  |gmem0_3_m_axi  |        1|   0|  604|   650|    0|
    |gmem1_0_m_axi_U  |gmem1_0_m_axi  |        1|   0|  604|   650|    0|
    |gmem1_1_m_axi_U  |gmem1_1_m_axi  |        1|   0|  604|   650|    0|
    |gmem1_2_m_axi_U  |gmem1_2_m_axi  |        1|   0|  604|   650|    0|
    |gmem1_3_m_axi_U  |gmem1_3_m_axi  |        1|   0|  604|   650|    0|
    |gmem2_0_m_axi_U  |gmem2_0_m_axi  |        0|   0|  574|   850|    0|
    |gmem2_1_m_axi_U  |gmem2_1_m_axi  |        0|   0|  574|   850|    0|
    |gmem2_2_m_axi_U  |gmem2_2_m_axi  |        0|   0|  574|   850|    0|
    |gmem2_3_m_axi_U  |gmem2_3_m_axi  |        0|   0|  574|   850|    0|
    +-----------------+---------------+---------+----+-----+------+-----+
    |Total            |               |        8|   0| 8004| 10176|    0|
    +-----------------+---------------+---------+----+-----+------+-----+

    * DSP: 
    N/A

    * Memory: 
    N/A

    * FIFO: 
    N/A

    * Expression: 
    +---------------------+----------+----+---+----+------------+------------+
    |    Variable Name    | Operation| DSP| FF| LUT| Bitwidth P0| Bitwidth P1|
    +---------------------+----------+----+---+----+------------+------------+
    |i_fu_1118_p2         |         +|   0|  0|  12|           5|           3|
    |sum_3_fu_1016_p2     |         +|   0|  0|  16|           9|           9|
    |sum_4_fu_960_p2      |         +|   0|  0|  16|           9|           9|
    |sum_5_fu_988_p2      |         +|   0|  0|  16|           9|           9|
    |sum_fu_866_p2        |         +|   0|  0|  16|           9|           9|
    |ap_block_state1      |        or|   0|  0|   2|           1|           1|
    |ap_block_state145    |        or|   0|  0|   2|           1|           1|
    |ap_block_state2_io   |        or|   0|  0|   2|           1|           1|
    |ap_block_state73     |        or|   0|  0|   2|           1|           1|
    |ap_block_state76_io  |        or|   0|  0|   2|           1|           1|
    |ap_block_state77_io  |        or|   0|  0|   2|           1|           1|
    +---------------------+----------+----+---+----+------------+------------+
    |Total                |          |   0|  0|  88|          47|          45|
    +---------------------+----------+----+---+----+------------+------------+

    * Multiplexer: 
    +---------------------+-----+-----------+-----+-----------+
    |         Name        | LUT | Input Size| Bits| Total Bits|
    +---------------------+-----+-----------+-----+-----------+
    |ap_NS_fsm            |  769|        146|    1|        146|
    |ap_done              |    9|          2|    1|          2|
    |gmem0_0_blk_n_AR     |    9|          2|    1|          2|
    |gmem0_0_blk_n_R      |    9|          2|    1|          2|
    |gmem0_1_blk_n_AR     |    9|          2|    1|          2|
    |gmem0_1_blk_n_R      |    9|          2|    1|          2|
    |gmem0_2_blk_n_AR     |    9|          2|    1|          2|
    |gmem0_2_blk_n_R      |    9|          2|    1|          2|
    |gmem0_3_blk_n_AR     |    9|          2|    1|          2|
    |gmem0_3_blk_n_R      |    9|          2|    1|          2|
    |gmem1_0_blk_n_AR     |    9|          2|    1|          2|
    |gmem1_0_blk_n_R      |    9|          2|    1|          2|
    |gmem1_1_blk_n_AR     |    9|          2|    1|          2|
    |gmem1_1_blk_n_R      |    9|          2|    1|          2|
    |gmem1_2_blk_n_AR     |    9|          2|    1|          2|
    |gmem1_2_blk_n_R      |    9|          2|    1|          2|
    |gmem1_3_blk_n_AR     |    9|          2|    1|          2|
    |gmem1_3_blk_n_R      |    9|          2|    1|          2|
    |gmem2_0_blk_n_AW     |    9|          2|    1|          2|
    |gmem2_0_blk_n_B      |    9|          2|    1|          2|
    |gmem2_0_blk_n_W      |    9|          2|    1|          2|
    |gmem2_1_blk_n_AW     |    9|          2|    1|          2|
    |gmem2_1_blk_n_B      |    9|          2|    1|          2|
    |gmem2_1_blk_n_W      |    9|          2|    1|          2|
    |gmem2_2_blk_n_AW     |    9|          2|    1|          2|
    |gmem2_2_blk_n_B      |    9|          2|    1|          2|
    |gmem2_2_blk_n_W      |    9|          2|    1|          2|
    |gmem2_3_blk_n_AW     |    9|          2|    1|          2|
    |gmem2_3_blk_n_B      |    9|          2|    1|          2|
    |gmem2_3_blk_n_W      |    9|          2|    1|          2|
    |i1_fu_190            |    9|          2|    5|         10|
    |shiftreg163_fu_198   |    9|          2|   32|         64|
    |shiftreg184_fu_202   |    9|          2|   32|         64|
    |shiftreg205_fu_206   |    9|          2|   32|         64|
    |shiftreg226_fu_210   |    9|          2|   32|         64|
    |shiftreg247_fu_214   |    9|          2|   32|         64|
    |shiftreg268_fu_218   |    9|          2|   32|         64|
    |shiftreg289_fu_222   |    9|          2|   32|         64|
    |shiftreg2_fu_194     |    9|          2|   32|         64|
    |shiftreg3010_fu_226  |    9|          2|   54|        108|
    |shiftreg3212_fu_230  |    9|          2|   54|        108|
    |shiftreg3414_fu_234  |    9|          2|   54|        108|
    |shiftreg3616_fu_238  |    9|          2|   54|        108|
    +---------------------+-----+-----------+-----+-----------+
    |Total                | 1147|        230|  507|       1158|
    +---------------------+-----+-----------+-----+-----------+

    * Register: 
    +----------------------------+-----+----+-----+-----------+
    |            Name            |  FF | LUT| Bits| Const Bits|
    +----------------------------+-----+----+-----+-----------+
    |ap_CS_fsm                   |  145|   0|  145|          0|
    |ap_done_reg                 |    1|   0|    1|          0|
    |ap_rst_n_inv                |    1|   0|    1|          0|
    |ap_rst_reg_1                |    1|   0|    1|          0|
    |ap_rst_reg_2                |    1|   0|    1|          0|
    |gmem0_0_addr_read_reg_1388  |   32|   0|   32|          0|
    |gmem0_0_addr_reg_1320       |   64|   0|   64|          0|
    |gmem0_1_addr_read_reg_1398  |   32|   0|   32|          0|
    |gmem0_1_addr_reg_1332       |   64|   0|   64|          0|
    |gmem0_2_addr_read_reg_1403  |   32|   0|   32|          0|
    |gmem0_2_addr_reg_1338       |   64|   0|   64|          0|
    |gmem0_3_addr_read_reg_1408  |   32|   0|   32|          0|
    |gmem0_3_addr_reg_1344       |   64|   0|   64|          0|
    |gmem1_0_addr_read_reg_1393  |   32|   0|   32|          0|
    |gmem1_0_addr_reg_1326       |   64|   0|   64|          0|
    |gmem1_1_addr_read_reg_1413  |   32|   0|   32|          0|
    |gmem1_1_addr_reg_1350       |   64|   0|   64|          0|
    |gmem1_2_addr_read_reg_1418  |   32|   0|   32|          0|
    |gmem1_2_addr_reg_1356       |   64|   0|   64|          0|
    |gmem1_3_addr_read_reg_1423  |   32|   0|   32|          0|
    |gmem1_3_addr_reg_1362       |   64|   0|   64|          0|
    |gmem2_0_addr_reg_1449       |   64|   0|   64|          0|
    |gmem2_1_addr_reg_1442       |   64|   0|   64|          0|
    |gmem2_2_addr_reg_1435       |   64|   0|   64|          0|
    |gmem2_3_addr_reg_1428       |   64|   0|   64|          0|
    |i1_fu_190                   |    5|   0|    5|          0|
    |p_cast1_reg_1373            |   61|   0|   61|          0|
    |p_cast2_reg_1378            |   61|   0|   61|          0|
    |p_cast3_reg_1383            |   61|   0|   61|          0|
    |p_cast_reg_1368             |   61|   0|   61|          0|
    |shiftreg163_fu_198          |   32|   0|   32|          0|
    |shiftreg184_fu_202          |   32|   0|   32|          0|
    |shiftreg205_fu_206          |   32|   0|   32|          0|
    |shiftreg226_fu_210          |   32|   0|   32|          0|
    |shiftreg247_fu_214          |   32|   0|   32|          0|
    |shiftreg268_fu_218          |   32|   0|   32|          0|
    |shiftreg289_fu_222          |   32|   0|   32|          0|
    |shiftreg2_fu_194            |   32|   0|   32|          0|
    |shiftreg3010_fu_226         |   54|   0|   57|          3|
    |shiftreg3212_fu_230         |   54|   0|   57|          3|
    |shiftreg3414_fu_234         |   54|   0|   57|          3|
    |shiftreg3616_fu_238         |   54|   0|   57|          3|
    |tmp_1_reg_1461              |   54|   0|   57|          3|
    |tmp_2_reg_1466              |   54|   0|   57|          3|
    |tmp_3_reg_1471              |   54|   0|   57|          3|
    |tmp_reg_1456                |   54|   0|   57|          3|
    +----------------------------+-----+----+-----+-----------+
    |Total                       | 2110|   0| 2134|         24|
    +----------------------------+-----+----+-----+-----------+



================================================================
== Interface
================================================================
* Summary: 
+------------------------+-----+-----+---------------+--------------+--------------+
|        RTL Ports       | Dir | Bits|    Protocol   | Source Object|    C Type    |
+------------------------+-----+-----+---------------+--------------+--------------+
|s_axi_control_AWVALID   |   in|    1|          s_axi|       control|        scalar|
|s_axi_control_AWREADY   |  out|    1|          s_axi|       control|        scalar|
|s_axi_control_AWADDR    |   in|    8|          s_axi|       control|        scalar|
|s_axi_control_WVALID    |   in|    1|          s_axi|       control|        scalar|
|s_axi_control_WREADY    |  out|    1|          s_axi|       control|        scalar|
|s_axi_control_WDATA     |   in|   32|          s_axi|       control|        scalar|
|s_axi_control_WSTRB     |   in|    4|          s_axi|       control|        scalar|
|s_axi_control_ARVALID   |   in|    1|          s_axi|       control|        scalar|
|s_axi_control_ARREADY   |  out|    1|          s_axi|       control|        scalar|
|s_axi_control_ARADDR    |   in|    8|          s_axi|       control|        scalar|
|s_axi_control_RVALID    |  out|    1|          s_axi|       control|        scalar|
|s_axi_control_RREADY    |   in|    1|          s_axi|       control|        scalar|
|s_axi_control_RDATA     |  out|   32|          s_axi|       control|        scalar|
|s_axi_control_RRESP     |  out|    2|          s_axi|       control|        scalar|
|s_axi_control_BVALID    |  out|    1|          s_axi|       control|        scalar|
|s_axi_control_BREADY    |   in|    1|          s_axi|       control|        scalar|
|s_axi_control_BRESP     |  out|    2|          s_axi|       control|        scalar|
|ap_clk                  |   in|    1|  ap_ctrl_chain|        kernel|  return value|
|ap_rst_n                |   in|    1|  ap_ctrl_chain|        kernel|  return value|
|interrupt               |  out|    1|  ap_ctrl_chain|        kernel|  return value|
|m_axi_gmem0_0_AWVALID   |  out|    1|          m_axi|       gmem0_0|       pointer|
|m_axi_gmem0_0_AWREADY   |   in|    1|          m_axi|       gmem0_0|       pointer|
|m_axi_gmem0_0_AWADDR    |  out|   64|          m_axi|       gmem0_0|       pointer|
|m_axi_gmem0_0_AWID      |  out|    1|          m_axi|       gmem0_0|       pointer|
|m_axi_gmem0_0_AWLEN     |  out|    8|          m_axi|       gmem0_0|       pointer|
|m_axi_gmem0_0_AWSIZE    |  out|    3|          m_axi|       gmem0_0|       pointer|
|m_axi_gmem0_0_AWBURST   |  out|    2|          m_axi|       gmem0_0|       pointer|
|m_axi_gmem0_0_AWLOCK    |  out|    2|          m_axi|       gmem0_0|       pointer|
|m_axi_gmem0_0_AWCACHE   |  out|    4|          m_axi|       gmem0_0|       pointer|
|m_axi_gmem0_0_AWPROT    |  out|    3|          m_axi|       gmem0_0|       pointer|
|m_axi_gmem0_0_AWQOS     |  out|    4|          m_axi|       gmem0_0|       pointer|
|m_axi_gmem0_0_AWREGION  |  out|    4|          m_axi|       gmem0_0|       pointer|
|m_axi_gmem0_0_AWUSER    |  out|    1|          m_axi|       gmem0_0|       pointer|
|m_axi_gmem0_0_WVALID    |  out|    1|          m_axi|       gmem0_0|       pointer|
|m_axi_gmem0_0_WREADY    |   in|    1|          m_axi|       gmem0_0|       pointer|
|m_axi_gmem0_0_WDATA     |  out|   32|          m_axi|       gmem0_0|       pointer|
|m_axi_gmem0_0_WSTRB     |  out|    4|          m_axi|       gmem0_0|       pointer|
|m_axi_gmem0_0_WLAST     |  out|    1|          m_axi|       gmem0_0|       pointer|
|m_axi_gmem0_0_WID       |  out|    1|          m_axi|       gmem0_0|       pointer|
|m_axi_gmem0_0_WUSER     |  out|    1|          m_axi|       gmem0_0|       pointer|
|m_axi_gmem0_0_ARVALID   |  out|    1|          m_axi|       gmem0_0|       pointer|
|m_axi_gmem0_0_ARREADY   |   in|    1|          m_axi|       gmem0_0|       pointer|
|m_axi_gmem0_0_ARADDR    |  out|   64|          m_axi|       gmem0_0|       pointer|
|m_axi_gmem0_0_ARID      |  out|    1|          m_axi|       gmem0_0|       pointer|
|m_axi_gmem0_0_ARLEN     |  out|    8|          m_axi|       gmem0_0|       pointer|
|m_axi_gmem0_0_ARSIZE    |  out|    3|          m_axi|       gmem0_0|       pointer|
|m_axi_gmem0_0_ARBURST   |  out|    2|          m_axi|       gmem0_0|       pointer|
|m_axi_gmem0_0_ARLOCK    |  out|    2|          m_axi|       gmem0_0|       pointer|
|m_axi_gmem0_0_ARCACHE   |  out|    4|          m_axi|       gmem0_0|       pointer|
|m_axi_gmem0_0_ARPROT    |  out|    3|          m_axi|       gmem0_0|       pointer|
|m_axi_gmem0_0_ARQOS     |  out|    4|          m_axi|       gmem0_0|       pointer|
|m_axi_gmem0_0_ARREGION  |  out|    4|          m_axi|       gmem0_0|       pointer|
|m_axi_gmem0_0_ARUSER    |  out|    1|          m_axi|       gmem0_0|       pointer|
|m_axi_gmem0_0_RVALID    |   in|    1|          m_axi|       gmem0_0|       pointer|
|m_axi_gmem0_0_RREADY    |  out|    1|          m_axi|       gmem0_0|       pointer|
|m_axi_gmem0_0_RDATA     |   in|   32|          m_axi|       gmem0_0|       pointer|
|m_axi_gmem0_0_RLAST     |   in|    1|          m_axi|       gmem0_0|       pointer|
|m_axi_gmem0_0_RID       |   in|    1|          m_axi|       gmem0_0|       pointer|
|m_axi_gmem0_0_RUSER     |   in|    1|          m_axi|       gmem0_0|       pointer|
|m_axi_gmem0_0_RRESP     |   in|    2|          m_axi|       gmem0_0|       pointer|
|m_axi_gmem0_0_BVALID    |   in|    1|          m_axi|       gmem0_0|       pointer|
|m_axi_gmem0_0_BREADY    |  out|    1|          m_axi|       gmem0_0|       pointer|
|m_axi_gmem0_0_BRESP     |   in|    2|          m_axi|       gmem0_0|       pointer|
|m_axi_gmem0_0_BID       |   in|    1|          m_axi|       gmem0_0|       pointer|
|m_axi_gmem0_0_BUSER     |   in|    1|          m_axi|       gmem0_0|       pointer|
|m_axi_gmem0_1_AWVALID   |  out|    1|          m_axi|       gmem0_1|       pointer|
|m_axi_gmem0_1_AWREADY   |   in|    1|          m_axi|       gmem0_1|       pointer|
|m_axi_gmem0_1_AWADDR    |  out|   64|          m_axi|       gmem0_1|       pointer|
|m_axi_gmem0_1_AWID      |  out|    1|          m_axi|       gmem0_1|       pointer|
|m_axi_gmem0_1_AWLEN     |  out|    8|          m_axi|       gmem0_1|       pointer|
|m_axi_gmem0_1_AWSIZE    |  out|    3|          m_axi|       gmem0_1|       pointer|
|m_axi_gmem0_1_AWBURST   |  out|    2|          m_axi|       gmem0_1|       pointer|
|m_axi_gmem0_1_AWLOCK    |  out|    2|          m_axi|       gmem0_1|       pointer|
|m_axi_gmem0_1_AWCACHE   |  out|    4|          m_axi|       gmem0_1|       pointer|
|m_axi_gmem0_1_AWPROT    |  out|    3|          m_axi|       gmem0_1|       pointer|
|m_axi_gmem0_1_AWQOS     |  out|    4|          m_axi|       gmem0_1|       pointer|
|m_axi_gmem0_1_AWREGION  |  out|    4|          m_axi|       gmem0_1|       pointer|
|m_axi_gmem0_1_AWUSER    |  out|    1|          m_axi|       gmem0_1|       pointer|
|m_axi_gmem0_1_WVALID    |  out|    1|          m_axi|       gmem0_1|       pointer|
|m_axi_gmem0_1_WREADY    |   in|    1|          m_axi|       gmem0_1|       pointer|
|m_axi_gmem0_1_WDATA     |  out|   32|          m_axi|       gmem0_1|       pointer|
|m_axi_gmem0_1_WSTRB     |  out|    4|          m_axi|       gmem0_1|       pointer|
|m_axi_gmem0_1_WLAST     |  out|    1|          m_axi|       gmem0_1|       pointer|
|m_axi_gmem0_1_WID       |  out|    1|          m_axi|       gmem0_1|       pointer|
|m_axi_gmem0_1_WUSER     |  out|    1|          m_axi|       gmem0_1|       pointer|
|m_axi_gmem0_1_ARVALID   |  out|    1|          m_axi|       gmem0_1|       pointer|
|m_axi_gmem0_1_ARREADY   |   in|    1|          m_axi|       gmem0_1|       pointer|
|m_axi_gmem0_1_ARADDR    |  out|   64|          m_axi|       gmem0_1|       pointer|
|m_axi_gmem0_1_ARID      |  out|    1|          m_axi|       gmem0_1|       pointer|
|m_axi_gmem0_1_ARLEN     |  out|    8|          m_axi|       gmem0_1|       pointer|
|m_axi_gmem0_1_ARSIZE    |  out|    3|          m_axi|       gmem0_1|       pointer|
|m_axi_gmem0_1_ARBURST   |  out|    2|          m_axi|       gmem0_1|       pointer|
|m_axi_gmem0_1_ARLOCK    |  out|    2|          m_axi|       gmem0_1|       pointer|
|m_axi_gmem0_1_ARCACHE   |  out|    4|          m_axi|       gmem0_1|       pointer|
|m_axi_gmem0_1_ARPROT    |  out|    3|          m_axi|       gmem0_1|       pointer|
|m_axi_gmem0_1_ARQOS     |  out|    4|          m_axi|       gmem0_1|       pointer|
|m_axi_gmem0_1_ARREGION  |  out|    4|          m_axi|       gmem0_1|       pointer|
|m_axi_gmem0_1_ARUSER    |  out|    1|          m_axi|       gmem0_1|       pointer|
|m_axi_gmem0_1_RVALID    |   in|    1|          m_axi|       gmem0_1|       pointer|
|m_axi_gmem0_1_RREADY    |  out|    1|          m_axi|       gmem0_1|       pointer|
|m_axi_gmem0_1_RDATA     |   in|   32|          m_axi|       gmem0_1|       pointer|
|m_axi_gmem0_1_RLAST     |   in|    1|          m_axi|       gmem0_1|       pointer|
|m_axi_gmem0_1_RID       |   in|    1|          m_axi|       gmem0_1|       pointer|
|m_axi_gmem0_1_RUSER     |   in|    1|          m_axi|       gmem0_1|       pointer|
|m_axi_gmem0_1_RRESP     |   in|    2|          m_axi|       gmem0_1|       pointer|
|m_axi_gmem0_1_BVALID    |   in|    1|          m_axi|       gmem0_1|       pointer|
|m_axi_gmem0_1_BREADY    |  out|    1|          m_axi|       gmem0_1|       pointer|
|m_axi_gmem0_1_BRESP     |   in|    2|          m_axi|       gmem0_1|       pointer|
|m_axi_gmem0_1_BID       |   in|    1|          m_axi|       gmem0_1|       pointer|
|m_axi_gmem0_1_BUSER     |   in|    1|          m_axi|       gmem0_1|       pointer|
|m_axi_gmem0_2_AWVALID   |  out|    1|          m_axi|       gmem0_2|       pointer|
|m_axi_gmem0_2_AWREADY   |   in|    1|          m_axi|       gmem0_2|       pointer|
|m_axi_gmem0_2_AWADDR    |  out|   64|          m_axi|       gmem0_2|       pointer|
|m_axi_gmem0_2_AWID      |  out|    1|          m_axi|       gmem0_2|       pointer|
|m_axi_gmem0_2_AWLEN     |  out|    8|          m_axi|       gmem0_2|       pointer|
|m_axi_gmem0_2_AWSIZE    |  out|    3|          m_axi|       gmem0_2|       pointer|
|m_axi_gmem0_2_AWBURST   |  out|    2|          m_axi|       gmem0_2|       pointer|
|m_axi_gmem0_2_AWLOCK    |  out|    2|          m_axi|       gmem0_2|       pointer|
|m_axi_gmem0_2_AWCACHE   |  out|    4|          m_axi|       gmem0_2|       pointer|
|m_axi_gmem0_2_AWPROT    |  out|    3|          m_axi|       gmem0_2|       pointer|
|m_axi_gmem0_2_AWQOS     |  out|    4|          m_axi|       gmem0_2|       pointer|
|m_axi_gmem0_2_AWREGION  |  out|    4|          m_axi|       gmem0_2|       pointer|
|m_axi_gmem0_2_AWUSER    |  out|    1|          m_axi|       gmem0_2|       pointer|
|m_axi_gmem0_2_WVALID    |  out|    1|          m_axi|       gmem0_2|       pointer|
|m_axi_gmem0_2_WREADY    |   in|    1|          m_axi|       gmem0_2|       pointer|
|m_axi_gmem0_2_WDATA     |  out|   32|          m_axi|       gmem0_2|       pointer|
|m_axi_gmem0_2_WSTRB     |  out|    4|          m_axi|       gmem0_2|       pointer|
|m_axi_gmem0_2_WLAST     |  out|    1|          m_axi|       gmem0_2|       pointer|
|m_axi_gmem0_2_WID       |  out|    1|          m_axi|       gmem0_2|       pointer|
|m_axi_gmem0_2_WUSER     |  out|    1|          m_axi|       gmem0_2|       pointer|
|m_axi_gmem0_2_ARVALID   |  out|    1|          m_axi|       gmem0_2|       pointer|
|m_axi_gmem0_2_ARREADY   |   in|    1|          m_axi|       gmem0_2|       pointer|
|m_axi_gmem0_2_ARADDR    |  out|   64|          m_axi|       gmem0_2|       pointer|
|m_axi_gmem0_2_ARID      |  out|    1|          m_axi|       gmem0_2|       pointer|
|m_axi_gmem0_2_ARLEN     |  out|    8|          m_axi|       gmem0_2|       pointer|
|m_axi_gmem0_2_ARSIZE    |  out|    3|          m_axi|       gmem0_2|       pointer|
|m_axi_gmem0_2_ARBURST   |  out|    2|          m_axi|       gmem0_2|       pointer|
|m_axi_gmem0_2_ARLOCK    |  out|    2|          m_axi|       gmem0_2|       pointer|
|m_axi_gmem0_2_ARCACHE   |  out|    4|          m_axi|       gmem0_2|       pointer|
|m_axi_gmem0_2_ARPROT    |  out|    3|          m_axi|       gmem0_2|       pointer|
|m_axi_gmem0_2_ARQOS     |  out|    4|          m_axi|       gmem0_2|       pointer|
|m_axi_gmem0_2_ARREGION  |  out|    4|          m_axi|       gmem0_2|       pointer|
|m_axi_gmem0_2_ARUSER    |  out|    1|          m_axi|       gmem0_2|       pointer|
|m_axi_gmem0_2_RVALID    |   in|    1|          m_axi|       gmem0_2|       pointer|
|m_axi_gmem0_2_RREADY    |  out|    1|          m_axi|       gmem0_2|       pointer|
|m_axi_gmem0_2_RDATA     |   in|   32|          m_axi|       gmem0_2|       pointer|
|m_axi_gmem0_2_RLAST     |   in|    1|          m_axi|       gmem0_2|       pointer|
|m_axi_gmem0_2_RID       |   in|    1|          m_axi|       gmem0_2|       pointer|
|m_axi_gmem0_2_RUSER     |   in|    1|          m_axi|       gmem0_2|       pointer|
|m_axi_gmem0_2_RRESP     |   in|    2|          m_axi|       gmem0_2|       pointer|
|m_axi_gmem0_2_BVALID    |   in|    1|          m_axi|       gmem0_2|       pointer|
|m_axi_gmem0_2_BREADY    |  out|    1|          m_axi|       gmem0_2|       pointer|
|m_axi_gmem0_2_BRESP     |   in|    2|          m_axi|       gmem0_2|       pointer|
|m_axi_gmem0_2_BID       |   in|    1|          m_axi|       gmem0_2|       pointer|
|m_axi_gmem0_2_BUSER     |   in|    1|          m_axi|       gmem0_2|       pointer|
|m_axi_gmem0_3_AWVALID   |  out|    1|          m_axi|       gmem0_3|       pointer|
|m_axi_gmem0_3_AWREADY   |   in|    1|          m_axi|       gmem0_3|       pointer|
|m_axi_gmem0_3_AWADDR    |  out|   64|          m_axi|       gmem0_3|       pointer|
|m_axi_gmem0_3_AWID      |  out|    1|          m_axi|       gmem0_3|       pointer|
|m_axi_gmem0_3_AWLEN     |  out|    8|          m_axi|       gmem0_3|       pointer|
|m_axi_gmem0_3_AWSIZE    |  out|    3|          m_axi|       gmem0_3|       pointer|
|m_axi_gmem0_3_AWBURST   |  out|    2|          m_axi|       gmem0_3|       pointer|
|m_axi_gmem0_3_AWLOCK    |  out|    2|          m_axi|       gmem0_3|       pointer|
|m_axi_gmem0_3_AWCACHE   |  out|    4|          m_axi|       gmem0_3|       pointer|
|m_axi_gmem0_3_AWPROT    |  out|    3|          m_axi|       gmem0_3|       pointer|
|m_axi_gmem0_3_AWQOS     |  out|    4|          m_axi|       gmem0_3|       pointer|
|m_axi_gmem0_3_AWREGION  |  out|    4|          m_axi|       gmem0_3|       pointer|
|m_axi_gmem0_3_AWUSER    |  out|    1|          m_axi|       gmem0_3|       pointer|
|m_axi_gmem0_3_WVALID    |  out|    1|          m_axi|       gmem0_3|       pointer|
|m_axi_gmem0_3_WREADY    |   in|    1|          m_axi|       gmem0_3|       pointer|
|m_axi_gmem0_3_WDATA     |  out|   32|          m_axi|       gmem0_3|       pointer|
|m_axi_gmem0_3_WSTRB     |  out|    4|          m_axi|       gmem0_3|       pointer|
|m_axi_gmem0_3_WLAST     |  out|    1|          m_axi|       gmem0_3|       pointer|
|m_axi_gmem0_3_WID       |  out|    1|          m_axi|       gmem0_3|       pointer|
|m_axi_gmem0_3_WUSER     |  out|    1|          m_axi|       gmem0_3|       pointer|
|m_axi_gmem0_3_ARVALID   |  out|    1|          m_axi|       gmem0_3|       pointer|
|m_axi_gmem0_3_ARREADY   |   in|    1|          m_axi|       gmem0_3|       pointer|
|m_axi_gmem0_3_ARADDR    |  out|   64|          m_axi|       gmem0_3|       pointer|
|m_axi_gmem0_3_ARID      |  out|    1|          m_axi|       gmem0_3|       pointer|
|m_axi_gmem0_3_ARLEN     |  out|    8|          m_axi|       gmem0_3|       pointer|
|m_axi_gmem0_3_ARSIZE    |  out|    3|          m_axi|       gmem0_3|       pointer|
|m_axi_gmem0_3_ARBURST   |  out|    2|          m_axi|       gmem0_3|       pointer|
|m_axi_gmem0_3_ARLOCK    |  out|    2|          m_axi|       gmem0_3|       pointer|
|m_axi_gmem0_3_ARCACHE   |  out|    4|          m_axi|       gmem0_3|       pointer|
|m_axi_gmem0_3_ARPROT    |  out|    3|          m_axi|       gmem0_3|       pointer|
|m_axi_gmem0_3_ARQOS     |  out|    4|          m_axi|       gmem0_3|       pointer|
|m_axi_gmem0_3_ARREGION  |  out|    4|          m_axi|       gmem0_3|       pointer|
|m_axi_gmem0_3_ARUSER    |  out|    1|          m_axi|       gmem0_3|       pointer|
|m_axi_gmem0_3_RVALID    |   in|    1|          m_axi|       gmem0_3|       pointer|
|m_axi_gmem0_3_RREADY    |  out|    1|          m_axi|       gmem0_3|       pointer|
|m_axi_gmem0_3_RDATA     |   in|   32|          m_axi|       gmem0_3|       pointer|
|m_axi_gmem0_3_RLAST     |   in|    1|          m_axi|       gmem0_3|       pointer|
|m_axi_gmem0_3_RID       |   in|    1|          m_axi|       gmem0_3|       pointer|
|m_axi_gmem0_3_RUSER     |   in|    1|          m_axi|       gmem0_3|       pointer|
|m_axi_gmem0_3_RRESP     |   in|    2|          m_axi|       gmem0_3|       pointer|
|m_axi_gmem0_3_BVALID    |   in|    1|          m_axi|       gmem0_3|       pointer|
|m_axi_gmem0_3_BREADY    |  out|    1|          m_axi|       gmem0_3|       pointer|
|m_axi_gmem0_3_BRESP     |   in|    2|          m_axi|       gmem0_3|       pointer|
|m_axi_gmem0_3_BID       |   in|    1|          m_axi|       gmem0_3|       pointer|
|m_axi_gmem0_3_BUSER     |   in|    1|          m_axi|       gmem0_3|       pointer|
|m_axi_gmem1_0_AWVALID   |  out|    1|          m_axi|       gmem1_0|       pointer|
|m_axi_gmem1_0_AWREADY   |   in|    1|          m_axi|       gmem1_0|       pointer|
|m_axi_gmem1_0_AWADDR    |  out|   64|          m_axi|       gmem1_0|       pointer|
|m_axi_gmem1_0_AWID      |  out|    1|          m_axi|       gmem1_0|       pointer|
|m_axi_gmem1_0_AWLEN     |  out|    8|          m_axi|       gmem1_0|       pointer|
|m_axi_gmem1_0_AWSIZE    |  out|    3|          m_axi|       gmem1_0|       pointer|
|m_axi_gmem1_0_AWBURST   |  out|    2|          m_axi|       gmem1_0|       pointer|
|m_axi_gmem1_0_AWLOCK    |  out|    2|          m_axi|       gmem1_0|       pointer|
|m_axi_gmem1_0_AWCACHE   |  out|    4|          m_axi|       gmem1_0|       pointer|
|m_axi_gmem1_0_AWPROT    |  out|    3|          m_axi|       gmem1_0|       pointer|
|m_axi_gmem1_0_AWQOS     |  out|    4|          m_axi|       gmem1_0|       pointer|
|m_axi_gmem1_0_AWREGION  |  out|    4|          m_axi|       gmem1_0|       pointer|
|m_axi_gmem1_0_AWUSER    |  out|    1|          m_axi|       gmem1_0|       pointer|
|m_axi_gmem1_0_WVALID    |  out|    1|          m_axi|       gmem1_0|       pointer|
|m_axi_gmem1_0_WREADY    |   in|    1|          m_axi|       gmem1_0|       pointer|
|m_axi_gmem1_0_WDATA     |  out|   32|          m_axi|       gmem1_0|       pointer|
|m_axi_gmem1_0_WSTRB     |  out|    4|          m_axi|       gmem1_0|       pointer|
|m_axi_gmem1_0_WLAST     |  out|    1|          m_axi|       gmem1_0|       pointer|
|m_axi_gmem1_0_WID       |  out|    1|          m_axi|       gmem1_0|       pointer|
|m_axi_gmem1_0_WUSER     |  out|    1|          m_axi|       gmem1_0|       pointer|
|m_axi_gmem1_0_ARVALID   |  out|    1|          m_axi|       gmem1_0|       pointer|
|m_axi_gmem1_0_ARREADY   |   in|    1|          m_axi|       gmem1_0|       pointer|
|m_axi_gmem1_0_ARADDR    |  out|   64|          m_axi|       gmem1_0|       pointer|
|m_axi_gmem1_0_ARID      |  out|    1|          m_axi|       gmem1_0|       pointer|
|m_axi_gmem1_0_ARLEN     |  out|    8|          m_axi|       gmem1_0|       pointer|
|m_axi_gmem1_0_ARSIZE    |  out|    3|          m_axi|       gmem1_0|       pointer|
|m_axi_gmem1_0_ARBURST   |  out|    2|          m_axi|       gmem1_0|       pointer|
|m_axi_gmem1_0_ARLOCK    |  out|    2|          m_axi|       gmem1_0|       pointer|
|m_axi_gmem1_0_ARCACHE   |  out|    4|          m_axi|       gmem1_0|       pointer|
|m_axi_gmem1_0_ARPROT    |  out|    3|          m_axi|       gmem1_0|       pointer|
|m_axi_gmem1_0_ARQOS     |  out|    4|          m_axi|       gmem1_0|       pointer|
|m_axi_gmem1_0_ARREGION  |  out|    4|          m_axi|       gmem1_0|       pointer|
|m_axi_gmem1_0_ARUSER    |  out|    1|          m_axi|       gmem1_0|       pointer|
|m_axi_gmem1_0_RVALID    |   in|    1|          m_axi|       gmem1_0|       pointer|
|m_axi_gmem1_0_RREADY    |  out|    1|          m_axi|       gmem1_0|       pointer|
|m_axi_gmem1_0_RDATA     |   in|   32|          m_axi|       gmem1_0|       pointer|
|m_axi_gmem1_0_RLAST     |   in|    1|          m_axi|       gmem1_0|       pointer|
|m_axi_gmem1_0_RID       |   in|    1|          m_axi|       gmem1_0|       pointer|
|m_axi_gmem1_0_RUSER     |   in|    1|          m_axi|       gmem1_0|       pointer|
|m_axi_gmem1_0_RRESP     |   in|    2|          m_axi|       gmem1_0|       pointer|
|m_axi_gmem1_0_BVALID    |   in|    1|          m_axi|       gmem1_0|       pointer|
|m_axi_gmem1_0_BREADY    |  out|    1|          m_axi|       gmem1_0|       pointer|
|m_axi_gmem1_0_BRESP     |   in|    2|          m_axi|       gmem1_0|       pointer|
|m_axi_gmem1_0_BID       |   in|    1|          m_axi|       gmem1_0|       pointer|
|m_axi_gmem1_0_BUSER     |   in|    1|          m_axi|       gmem1_0|       pointer|
|m_axi_gmem1_1_AWVALID   |  out|    1|          m_axi|       gmem1_1|       pointer|
|m_axi_gmem1_1_AWREADY   |   in|    1|          m_axi|       gmem1_1|       pointer|
|m_axi_gmem1_1_AWADDR    |  out|   64|          m_axi|       gmem1_1|       pointer|
|m_axi_gmem1_1_AWID      |  out|    1|          m_axi|       gmem1_1|       pointer|
|m_axi_gmem1_1_AWLEN     |  out|    8|          m_axi|       gmem1_1|       pointer|
|m_axi_gmem1_1_AWSIZE    |  out|    3|          m_axi|       gmem1_1|       pointer|
|m_axi_gmem1_1_AWBURST   |  out|    2|          m_axi|       gmem1_1|       pointer|
|m_axi_gmem1_1_AWLOCK    |  out|    2|          m_axi|       gmem1_1|       pointer|
|m_axi_gmem1_1_AWCACHE   |  out|    4|          m_axi|       gmem1_1|       pointer|
|m_axi_gmem1_1_AWPROT    |  out|    3|          m_axi|       gmem1_1|       pointer|
|m_axi_gmem1_1_AWQOS     |  out|    4|          m_axi|       gmem1_1|       pointer|
|m_axi_gmem1_1_AWREGION  |  out|    4|          m_axi|       gmem1_1|       pointer|
|m_axi_gmem1_1_AWUSER    |  out|    1|          m_axi|       gmem1_1|       pointer|
|m_axi_gmem1_1_WVALID    |  out|    1|          m_axi|       gmem1_1|       pointer|
|m_axi_gmem1_1_WREADY    |   in|    1|          m_axi|       gmem1_1|       pointer|
|m_axi_gmem1_1_WDATA     |  out|   32|          m_axi|       gmem1_1|       pointer|
|m_axi_gmem1_1_WSTRB     |  out|    4|          m_axi|       gmem1_1|       pointer|
|m_axi_gmem1_1_WLAST     |  out|    1|          m_axi|       gmem1_1|       pointer|
|m_axi_gmem1_1_WID       |  out|    1|          m_axi|       gmem1_1|       pointer|
|m_axi_gmem1_1_WUSER     |  out|    1|          m_axi|       gmem1_1|       pointer|
|m_axi_gmem1_1_ARVALID   |  out|    1|          m_axi|       gmem1_1|       pointer|
|m_axi_gmem1_1_ARREADY   |   in|    1|          m_axi|       gmem1_1|       pointer|
|m_axi_gmem1_1_ARADDR    |  out|   64|          m_axi|       gmem1_1|       pointer|
|m_axi_gmem1_1_ARID      |  out|    1|          m_axi|       gmem1_1|       pointer|
|m_axi_gmem1_1_ARLEN     |  out|    8|          m_axi|       gmem1_1|       pointer|
|m_axi_gmem1_1_ARSIZE    |  out|    3|          m_axi|       gmem1_1|       pointer|
|m_axi_gmem1_1_ARBURST   |  out|    2|          m_axi|       gmem1_1|       pointer|
|m_axi_gmem1_1_ARLOCK    |  out|    2|          m_axi|       gmem1_1|       pointer|
|m_axi_gmem1_1_ARCACHE   |  out|    4|          m_axi|       gmem1_1|       pointer|
|m_axi_gmem1_1_ARPROT    |  out|    3|          m_axi|       gmem1_1|       pointer|
|m_axi_gmem1_1_ARQOS     |  out|    4|          m_axi|       gmem1_1|       pointer|
|m_axi_gmem1_1_ARREGION  |  out|    4|          m_axi|       gmem1_1|       pointer|
|m_axi_gmem1_1_ARUSER    |  out|    1|          m_axi|       gmem1_1|       pointer|
|m_axi_gmem1_1_RVALID    |   in|    1|          m_axi|       gmem1_1|       pointer|
|m_axi_gmem1_1_RREADY    |  out|    1|          m_axi|       gmem1_1|       pointer|
|m_axi_gmem1_1_RDATA     |   in|   32|          m_axi|       gmem1_1|       pointer|
|m_axi_gmem1_1_RLAST     |   in|    1|          m_axi|       gmem1_1|       pointer|
|m_axi_gmem1_1_RID       |   in|    1|          m_axi|       gmem1_1|       pointer|
|m_axi_gmem1_1_RUSER     |   in|    1|          m_axi|       gmem1_1|       pointer|
|m_axi_gmem1_1_RRESP     |   in|    2|          m_axi|       gmem1_1|       pointer|
|m_axi_gmem1_1_BVALID    |   in|    1|          m_axi|       gmem1_1|       pointer|
|m_axi_gmem1_1_BREADY    |  out|    1|          m_axi|       gmem1_1|       pointer|
|m_axi_gmem1_1_BRESP     |   in|    2|          m_axi|       gmem1_1|       pointer|
|m_axi_gmem1_1_BID       |   in|    1|          m_axi|       gmem1_1|       pointer|
|m_axi_gmem1_1_BUSER     |   in|    1|          m_axi|       gmem1_1|       pointer|
|m_axi_gmem1_2_AWVALID   |  out|    1|          m_axi|       gmem1_2|       pointer|
|m_axi_gmem1_2_AWREADY   |   in|    1|          m_axi|       gmem1_2|       pointer|
|m_axi_gmem1_2_AWADDR    |  out|   64|          m_axi|       gmem1_2|       pointer|
|m_axi_gmem1_2_AWID      |  out|    1|          m_axi|       gmem1_2|       pointer|
|m_axi_gmem1_2_AWLEN     |  out|    8|          m_axi|       gmem1_2|       pointer|
|m_axi_gmem1_2_AWSIZE    |  out|    3|          m_axi|       gmem1_2|       pointer|
|m_axi_gmem1_2_AWBURST   |  out|    2|          m_axi|       gmem1_2|       pointer|
|m_axi_gmem1_2_AWLOCK    |  out|    2|          m_axi|       gmem1_2|       pointer|
|m_axi_gmem1_2_AWCACHE   |  out|    4|          m_axi|       gmem1_2|       pointer|
|m_axi_gmem1_2_AWPROT    |  out|    3|          m_axi|       gmem1_2|       pointer|
|m_axi_gmem1_2_AWQOS     |  out|    4|          m_axi|       gmem1_2|       pointer|
|m_axi_gmem1_2_AWREGION  |  out|    4|          m_axi|       gmem1_2|       pointer|
|m_axi_gmem1_2_AWUSER    |  out|    1|          m_axi|       gmem1_2|       pointer|
|m_axi_gmem1_2_WVALID    |  out|    1|          m_axi|       gmem1_2|       pointer|
|m_axi_gmem1_2_WREADY    |   in|    1|          m_axi|       gmem1_2|       pointer|
|m_axi_gmem1_2_WDATA     |  out|   32|          m_axi|       gmem1_2|       pointer|
|m_axi_gmem1_2_WSTRB     |  out|    4|          m_axi|       gmem1_2|       pointer|
|m_axi_gmem1_2_WLAST     |  out|    1|          m_axi|       gmem1_2|       pointer|
|m_axi_gmem1_2_WID       |  out|    1|          m_axi|       gmem1_2|       pointer|
|m_axi_gmem1_2_WUSER     |  out|    1|          m_axi|       gmem1_2|       pointer|
|m_axi_gmem1_2_ARVALID   |  out|    1|          m_axi|       gmem1_2|       pointer|
|m_axi_gmem1_2_ARREADY   |   in|    1|          m_axi|       gmem1_2|       pointer|
|m_axi_gmem1_2_ARADDR    |  out|   64|          m_axi|       gmem1_2|       pointer|
|m_axi_gmem1_2_ARID      |  out|    1|          m_axi|       gmem1_2|       pointer|
|m_axi_gmem1_2_ARLEN     |  out|    8|          m_axi|       gmem1_2|       pointer|
|m_axi_gmem1_2_ARSIZE    |  out|    3|          m_axi|       gmem1_2|       pointer|
|m_axi_gmem1_2_ARBURST   |  out|    2|          m_axi|       gmem1_2|       pointer|
|m_axi_gmem1_2_ARLOCK    |  out|    2|          m_axi|       gmem1_2|       pointer|
|m_axi_gmem1_2_ARCACHE   |  out|    4|          m_axi|       gmem1_2|       pointer|
|m_axi_gmem1_2_ARPROT    |  out|    3|          m_axi|       gmem1_2|       pointer|
|m_axi_gmem1_2_ARQOS     |  out|    4|          m_axi|       gmem1_2|       pointer|
|m_axi_gmem1_2_ARREGION  |  out|    4|          m_axi|       gmem1_2|       pointer|
|m_axi_gmem1_2_ARUSER    |  out|    1|          m_axi|       gmem1_2|       pointer|
|m_axi_gmem1_2_RVALID    |   in|    1|          m_axi|       gmem1_2|       pointer|
|m_axi_gmem1_2_RREADY    |  out|    1|          m_axi|       gmem1_2|       pointer|
|m_axi_gmem1_2_RDATA     |   in|   32|          m_axi|       gmem1_2|       pointer|
|m_axi_gmem1_2_RLAST     |   in|    1|          m_axi|       gmem1_2|       pointer|
|m_axi_gmem1_2_RID       |   in|    1|          m_axi|       gmem1_2|       pointer|
|m_axi_gmem1_2_RUSER     |   in|    1|          m_axi|       gmem1_2|       pointer|
|m_axi_gmem1_2_RRESP     |   in|    2|          m_axi|       gmem1_2|       pointer|
|m_axi_gmem1_2_BVALID    |   in|    1|          m_axi|       gmem1_2|       pointer|
|m_axi_gmem1_2_BREADY    |  out|    1|          m_axi|       gmem1_2|       pointer|
|m_axi_gmem1_2_BRESP     |   in|    2|          m_axi|       gmem1_2|       pointer|
|m_axi_gmem1_2_BID       |   in|    1|          m_axi|       gmem1_2|       pointer|
|m_axi_gmem1_2_BUSER     |   in|    1|          m_axi|       gmem1_2|       pointer|
|m_axi_gmem1_3_AWVALID   |  out|    1|          m_axi|       gmem1_3|       pointer|
|m_axi_gmem1_3_AWREADY   |   in|    1|          m_axi|       gmem1_3|       pointer|
|m_axi_gmem1_3_AWADDR    |  out|   64|          m_axi|       gmem1_3|       pointer|
|m_axi_gmem1_3_AWID      |  out|    1|          m_axi|       gmem1_3|       pointer|
|m_axi_gmem1_3_AWLEN     |  out|    8|          m_axi|       gmem1_3|       pointer|
|m_axi_gmem1_3_AWSIZE    |  out|    3|          m_axi|       gmem1_3|       pointer|
|m_axi_gmem1_3_AWBURST   |  out|    2|          m_axi|       gmem1_3|       pointer|
|m_axi_gmem1_3_AWLOCK    |  out|    2|          m_axi|       gmem1_3|       pointer|
|m_axi_gmem1_3_AWCACHE   |  out|    4|          m_axi|       gmem1_3|       pointer|
|m_axi_gmem1_3_AWPROT    |  out|    3|          m_axi|       gmem1_3|       pointer|
|m_axi_gmem1_3_AWQOS     |  out|    4|          m_axi|       gmem1_3|       pointer|
|m_axi_gmem1_3_AWREGION  |  out|    4|          m_axi|       gmem1_3|       pointer|
|m_axi_gmem1_3_AWUSER    |  out|    1|          m_axi|       gmem1_3|       pointer|
|m_axi_gmem1_3_WVALID    |  out|    1|          m_axi|       gmem1_3|       pointer|
|m_axi_gmem1_3_WREADY    |   in|    1|          m_axi|       gmem1_3|       pointer|
|m_axi_gmem1_3_WDATA     |  out|   32|          m_axi|       gmem1_3|       pointer|
|m_axi_gmem1_3_WSTRB     |  out|    4|          m_axi|       gmem1_3|       pointer|
|m_axi_gmem1_3_WLAST     |  out|    1|          m_axi|       gmem1_3|       pointer|
|m_axi_gmem1_3_WID       |  out|    1|          m_axi|       gmem1_3|       pointer|
|m_axi_gmem1_3_WUSER     |  out|    1|          m_axi|       gmem1_3|       pointer|
|m_axi_gmem1_3_ARVALID   |  out|    1|          m_axi|       gmem1_3|       pointer|
|m_axi_gmem1_3_ARREADY   |   in|    1|          m_axi|       gmem1_3|       pointer|
|m_axi_gmem1_3_ARADDR    |  out|   64|          m_axi|       gmem1_3|       pointer|
|m_axi_gmem1_3_ARID      |  out|    1|          m_axi|       gmem1_3|       pointer|
|m_axi_gmem1_3_ARLEN     |  out|    8|          m_axi|       gmem1_3|       pointer|
|m_axi_gmem1_3_ARSIZE    |  out|    3|          m_axi|       gmem1_3|       pointer|
|m_axi_gmem1_3_ARBURST   |  out|    2|          m_axi|       gmem1_3|       pointer|
|m_axi_gmem1_3_ARLOCK    |  out|    2|          m_axi|       gmem1_3|       pointer|
|m_axi_gmem1_3_ARCACHE   |  out|    4|          m_axi|       gmem1_3|       pointer|
|m_axi_gmem1_3_ARPROT    |  out|    3|          m_axi|       gmem1_3|       pointer|
|m_axi_gmem1_3_ARQOS     |  out|    4|          m_axi|       gmem1_3|       pointer|
|m_axi_gmem1_3_ARREGION  |  out|    4|          m_axi|       gmem1_3|       pointer|
|m_axi_gmem1_3_ARUSER    |  out|    1|          m_axi|       gmem1_3|       pointer|
|m_axi_gmem1_3_RVALID    |   in|    1|          m_axi|       gmem1_3|       pointer|
|m_axi_gmem1_3_RREADY    |  out|    1|          m_axi|       gmem1_3|       pointer|
|m_axi_gmem1_3_RDATA     |   in|   32|          m_axi|       gmem1_3|       pointer|
|m_axi_gmem1_3_RLAST     |   in|    1|          m_axi|       gmem1_3|       pointer|
|m_axi_gmem1_3_RID       |   in|    1|          m_axi|       gmem1_3|       pointer|
|m_axi_gmem1_3_RUSER     |   in|    1|          m_axi|       gmem1_3|       pointer|
|m_axi_gmem1_3_RRESP     |   in|    2|          m_axi|       gmem1_3|       pointer|
|m_axi_gmem1_3_BVALID    |   in|    1|          m_axi|       gmem1_3|       pointer|
|m_axi_gmem1_3_BREADY    |  out|    1|          m_axi|       gmem1_3|       pointer|
|m_axi_gmem1_3_BRESP     |   in|    2|          m_axi|       gmem1_3|       pointer|
|m_axi_gmem1_3_BID       |   in|    1|          m_axi|       gmem1_3|       pointer|
|m_axi_gmem1_3_BUSER     |   in|    1|          m_axi|       gmem1_3|       pointer|
|m_axi_gmem2_0_AWVALID   |  out|    1|          m_axi|       gmem2_0|       pointer|
|m_axi_gmem2_0_AWREADY   |   in|    1|          m_axi|       gmem2_0|       pointer|
|m_axi_gmem2_0_AWADDR    |  out|   64|          m_axi|       gmem2_0|       pointer|
|m_axi_gmem2_0_AWID      |  out|    1|          m_axi|       gmem2_0|       pointer|
|m_axi_gmem2_0_AWLEN     |  out|    8|          m_axi|       gmem2_0|       pointer|
|m_axi_gmem2_0_AWSIZE    |  out|    3|          m_axi|       gmem2_0|       pointer|
|m_axi_gmem2_0_AWBURST   |  out|    2|          m_axi|       gmem2_0|       pointer|
|m_axi_gmem2_0_AWLOCK    |  out|    2|          m_axi|       gmem2_0|       pointer|
|m_axi_gmem2_0_AWCACHE   |  out|    4|          m_axi|       gmem2_0|       pointer|
|m_axi_gmem2_0_AWPROT    |  out|    3|          m_axi|       gmem2_0|       pointer|
|m_axi_gmem2_0_AWQOS     |  out|    4|          m_axi|       gmem2_0|       pointer|
|m_axi_gmem2_0_AWREGION  |  out|    4|          m_axi|       gmem2_0|       pointer|
|m_axi_gmem2_0_AWUSER    |  out|    1|          m_axi|       gmem2_0|       pointer|
|m_axi_gmem2_0_WVALID    |  out|    1|          m_axi|       gmem2_0|       pointer|
|m_axi_gmem2_0_WREADY    |   in|    1|          m_axi|       gmem2_0|       pointer|
|m_axi_gmem2_0_WDATA     |  out|   64|          m_axi|       gmem2_0|       pointer|
|m_axi_gmem2_0_WSTRB     |  out|    8|          m_axi|       gmem2_0|       pointer|
|m_axi_gmem2_0_WLAST     |  out|    1|          m_axi|       gmem2_0|       pointer|
|m_axi_gmem2_0_WID       |  out|    1|          m_axi|       gmem2_0|       pointer|
|m_axi_gmem2_0_WUSER     |  out|    1|          m_axi|       gmem2_0|       pointer|
|m_axi_gmem2_0_ARVALID   |  out|    1|          m_axi|       gmem2_0|       pointer|
|m_axi_gmem2_0_ARREADY   |   in|    1|          m_axi|       gmem2_0|       pointer|
|m_axi_gmem2_0_ARADDR    |  out|   64|          m_axi|       gmem2_0|       pointer|
|m_axi_gmem2_0_ARID      |  out|    1|          m_axi|       gmem2_0|       pointer|
|m_axi_gmem2_0_ARLEN     |  out|    8|          m_axi|       gmem2_0|       pointer|
|m_axi_gmem2_0_ARSIZE    |  out|    3|          m_axi|       gmem2_0|       pointer|
|m_axi_gmem2_0_ARBURST   |  out|    2|          m_axi|       gmem2_0|       pointer|
|m_axi_gmem2_0_ARLOCK    |  out|    2|          m_axi|       gmem2_0|       pointer|
|m_axi_gmem2_0_ARCACHE   |  out|    4|          m_axi|       gmem2_0|       pointer|
|m_axi_gmem2_0_ARPROT    |  out|    3|          m_axi|       gmem2_0|       pointer|
|m_axi_gmem2_0_ARQOS     |  out|    4|          m_axi|       gmem2_0|       pointer|
|m_axi_gmem2_0_ARREGION  |  out|    4|          m_axi|       gmem2_0|       pointer|
|m_axi_gmem2_0_ARUSER    |  out|    1|          m_axi|       gmem2_0|       pointer|
|m_axi_gmem2_0_RVALID    |   in|    1|          m_axi|       gmem2_0|       pointer|
|m_axi_gmem2_0_RREADY    |  out|    1|          m_axi|       gmem2_0|       pointer|
|m_axi_gmem2_0_RDATA     |   in|   64|          m_axi|       gmem2_0|       pointer|
|m_axi_gmem2_0_RLAST     |   in|    1|          m_axi|       gmem2_0|       pointer|
|m_axi_gmem2_0_RID       |   in|    1|          m_axi|       gmem2_0|       pointer|
|m_axi_gmem2_0_RUSER     |   in|    1|          m_axi|       gmem2_0|       pointer|
|m_axi_gmem2_0_RRESP     |   in|    2|          m_axi|       gmem2_0|       pointer|
|m_axi_gmem2_0_BVALID    |   in|    1|          m_axi|       gmem2_0|       pointer|
|m_axi_gmem2_0_BREADY    |  out|    1|          m_axi|       gmem2_0|       pointer|
|m_axi_gmem2_0_BRESP     |   in|    2|          m_axi|       gmem2_0|       pointer|
|m_axi_gmem2_0_BID       |   in|    1|          m_axi|       gmem2_0|       pointer|
|m_axi_gmem2_0_BUSER     |   in|    1|          m_axi|       gmem2_0|       pointer|
|m_axi_gmem2_1_AWVALID   |  out|    1|          m_axi|       gmem2_1|       pointer|
|m_axi_gmem2_1_AWREADY   |   in|    1|          m_axi|       gmem2_1|       pointer|
|m_axi_gmem2_1_AWADDR    |  out|   64|          m_axi|       gmem2_1|       pointer|
|m_axi_gmem2_1_AWID      |  out|    1|          m_axi|       gmem2_1|       pointer|
|m_axi_gmem2_1_AWLEN     |  out|    8|          m_axi|       gmem2_1|       pointer|
|m_axi_gmem2_1_AWSIZE    |  out|    3|          m_axi|       gmem2_1|       pointer|
|m_axi_gmem2_1_AWBURST   |  out|    2|          m_axi|       gmem2_1|       pointer|
|m_axi_gmem2_1_AWLOCK    |  out|    2|          m_axi|       gmem2_1|       pointer|
|m_axi_gmem2_1_AWCACHE   |  out|    4|          m_axi|       gmem2_1|       pointer|
|m_axi_gmem2_1_AWPROT    |  out|    3|          m_axi|       gmem2_1|       pointer|
|m_axi_gmem2_1_AWQOS     |  out|    4|          m_axi|       gmem2_1|       pointer|
|m_axi_gmem2_1_AWREGION  |  out|    4|          m_axi|       gmem2_1|       pointer|
|m_axi_gmem2_1_AWUSER    |  out|    1|          m_axi|       gmem2_1|       pointer|
|m_axi_gmem2_1_WVALID    |  out|    1|          m_axi|       gmem2_1|       pointer|
|m_axi_gmem2_1_WREADY    |   in|    1|          m_axi|       gmem2_1|       pointer|
|m_axi_gmem2_1_WDATA     |  out|   64|          m_axi|       gmem2_1|       pointer|
|m_axi_gmem2_1_WSTRB     |  out|    8|          m_axi|       gmem2_1|       pointer|
|m_axi_gmem2_1_WLAST     |  out|    1|          m_axi|       gmem2_1|       pointer|
|m_axi_gmem2_1_WID       |  out|    1|          m_axi|       gmem2_1|       pointer|
|m_axi_gmem2_1_WUSER     |  out|    1|          m_axi|       gmem2_1|       pointer|
|m_axi_gmem2_1_ARVALID   |  out|    1|          m_axi|       gmem2_1|       pointer|
|m_axi_gmem2_1_ARREADY   |   in|    1|          m_axi|       gmem2_1|       pointer|
|m_axi_gmem2_1_ARADDR    |  out|   64|          m_axi|       gmem2_1|       pointer|
|m_axi_gmem2_1_ARID      |  out|    1|          m_axi|       gmem2_1|       pointer|
|m_axi_gmem2_1_ARLEN     |  out|    8|          m_axi|       gmem2_1|       pointer|
|m_axi_gmem2_1_ARSIZE    |  out|    3|          m_axi|       gmem2_1|       pointer|
|m_axi_gmem2_1_ARBURST   |  out|    2|          m_axi|       gmem2_1|       pointer|
|m_axi_gmem2_1_ARLOCK    |  out|    2|          m_axi|       gmem2_1|       pointer|
|m_axi_gmem2_1_ARCACHE   |  out|    4|          m_axi|       gmem2_1|       pointer|
|m_axi_gmem2_1_ARPROT    |  out|    3|          m_axi|       gmem2_1|       pointer|
|m_axi_gmem2_1_ARQOS     |  out|    4|          m_axi|       gmem2_1|       pointer|
|m_axi_gmem2_1_ARREGION  |  out|    4|          m_axi|       gmem2_1|       pointer|
|m_axi_gmem2_1_ARUSER    |  out|    1|          m_axi|       gmem2_1|       pointer|
|m_axi_gmem2_1_RVALID    |   in|    1|          m_axi|       gmem2_1|       pointer|
|m_axi_gmem2_1_RREADY    |  out|    1|          m_axi|       gmem2_1|       pointer|
|m_axi_gmem2_1_RDATA     |   in|   64|          m_axi|       gmem2_1|       pointer|
|m_axi_gmem2_1_RLAST     |   in|    1|          m_axi|       gmem2_1|       pointer|
|m_axi_gmem2_1_RID       |   in|    1|          m_axi|       gmem2_1|       pointer|
|m_axi_gmem2_1_RUSER     |   in|    1|          m_axi|       gmem2_1|       pointer|
|m_axi_gmem2_1_RRESP     |   in|    2|          m_axi|       gmem2_1|       pointer|
|m_axi_gmem2_1_BVALID    |   in|    1|          m_axi|       gmem2_1|       pointer|
|m_axi_gmem2_1_BREADY    |  out|    1|          m_axi|       gmem2_1|       pointer|
|m_axi_gmem2_1_BRESP     |   in|    2|          m_axi|       gmem2_1|       pointer|
|m_axi_gmem2_1_BID       |   in|    1|          m_axi|       gmem2_1|       pointer|
|m_axi_gmem2_1_BUSER     |   in|    1|          m_axi|       gmem2_1|       pointer|
|m_axi_gmem2_2_AWVALID   |  out|    1|          m_axi|       gmem2_2|       pointer|
|m_axi_gmem2_2_AWREADY   |   in|    1|          m_axi|       gmem2_2|       pointer|
|m_axi_gmem2_2_AWADDR    |  out|   64|          m_axi|       gmem2_2|       pointer|
|m_axi_gmem2_2_AWID      |  out|    1|          m_axi|       gmem2_2|       pointer|
|m_axi_gmem2_2_AWLEN     |  out|    8|          m_axi|       gmem2_2|       pointer|
|m_axi_gmem2_2_AWSIZE    |  out|    3|          m_axi|       gmem2_2|       pointer|
|m_axi_gmem2_2_AWBURST   |  out|    2|          m_axi|       gmem2_2|       pointer|
|m_axi_gmem2_2_AWLOCK    |  out|    2|          m_axi|       gmem2_2|       pointer|
|m_axi_gmem2_2_AWCACHE   |  out|    4|          m_axi|       gmem2_2|       pointer|
|m_axi_gmem2_2_AWPROT    |  out|    3|          m_axi|       gmem2_2|       pointer|
|m_axi_gmem2_2_AWQOS     |  out|    4|          m_axi|       gmem2_2|       pointer|
|m_axi_gmem2_2_AWREGION  |  out|    4|          m_axi|       gmem2_2|       pointer|
|m_axi_gmem2_2_AWUSER    |  out|    1|          m_axi|       gmem2_2|       pointer|
|m_axi_gmem2_2_WVALID    |  out|    1|          m_axi|       gmem2_2|       pointer|
|m_axi_gmem2_2_WREADY    |   in|    1|          m_axi|       gmem2_2|       pointer|
|m_axi_gmem2_2_WDATA     |  out|   64|          m_axi|       gmem2_2|       pointer|
|m_axi_gmem2_2_WSTRB     |  out|    8|          m_axi|       gmem2_2|       pointer|
|m_axi_gmem2_2_WLAST     |  out|    1|          m_axi|       gmem2_2|       pointer|
|m_axi_gmem2_2_WID       |  out|    1|          m_axi|       gmem2_2|       pointer|
|m_axi_gmem2_2_WUSER     |  out|    1|          m_axi|       gmem2_2|       pointer|
|m_axi_gmem2_2_ARVALID   |  out|    1|          m_axi|       gmem2_2|       pointer|
|m_axi_gmem2_2_ARREADY   |   in|    1|          m_axi|       gmem2_2|       pointer|
|m_axi_gmem2_2_ARADDR    |  out|   64|          m_axi|       gmem2_2|       pointer|
|m_axi_gmem2_2_ARID      |  out|    1|          m_axi|       gmem2_2|       pointer|
|m_axi_gmem2_2_ARLEN     |  out|    8|          m_axi|       gmem2_2|       pointer|
|m_axi_gmem2_2_ARSIZE    |  out|    3|          m_axi|       gmem2_2|       pointer|
|m_axi_gmem2_2_ARBURST   |  out|    2|          m_axi|       gmem2_2|       pointer|
|m_axi_gmem2_2_ARLOCK    |  out|    2|          m_axi|       gmem2_2|       pointer|
|m_axi_gmem2_2_ARCACHE   |  out|    4|          m_axi|       gmem2_2|       pointer|
|m_axi_gmem2_2_ARPROT    |  out|    3|          m_axi|       gmem2_2|       pointer|
|m_axi_gmem2_2_ARQOS     |  out|    4|          m_axi|       gmem2_2|       pointer|
|m_axi_gmem2_2_ARREGION  |  out|    4|          m_axi|       gmem2_2|       pointer|
|m_axi_gmem2_2_ARUSER    |  out|    1|          m_axi|       gmem2_2|       pointer|
|m_axi_gmem2_2_RVALID    |   in|    1|          m_axi|       gmem2_2|       pointer|
|m_axi_gmem2_2_RREADY    |  out|    1|          m_axi|       gmem2_2|       pointer|
|m_axi_gmem2_2_RDATA     |   in|   64|          m_axi|       gmem2_2|       pointer|
|m_axi_gmem2_2_RLAST     |   in|    1|          m_axi|       gmem2_2|       pointer|
|m_axi_gmem2_2_RID       |   in|    1|          m_axi|       gmem2_2|       pointer|
|m_axi_gmem2_2_RUSER     |   in|    1|          m_axi|       gmem2_2|       pointer|
|m_axi_gmem2_2_RRESP     |   in|    2|          m_axi|       gmem2_2|       pointer|
|m_axi_gmem2_2_BVALID    |   in|    1|          m_axi|       gmem2_2|       pointer|
|m_axi_gmem2_2_BREADY    |  out|    1|          m_axi|       gmem2_2|       pointer|
|m_axi_gmem2_2_BRESP     |   in|    2|          m_axi|       gmem2_2|       pointer|
|m_axi_gmem2_2_BID       |   in|    1|          m_axi|       gmem2_2|       pointer|
|m_axi_gmem2_2_BUSER     |   in|    1|          m_axi|       gmem2_2|       pointer|
|m_axi_gmem2_3_AWVALID   |  out|    1|          m_axi|       gmem2_3|       pointer|
|m_axi_gmem2_3_AWREADY   |   in|    1|          m_axi|       gmem2_3|       pointer|
|m_axi_gmem2_3_AWADDR    |  out|   64|          m_axi|       gmem2_3|       pointer|
|m_axi_gmem2_3_AWID      |  out|    1|          m_axi|       gmem2_3|       pointer|
|m_axi_gmem2_3_AWLEN     |  out|    8|          m_axi|       gmem2_3|       pointer|
|m_axi_gmem2_3_AWSIZE    |  out|    3|          m_axi|       gmem2_3|       pointer|
|m_axi_gmem2_3_AWBURST   |  out|    2|          m_axi|       gmem2_3|       pointer|
|m_axi_gmem2_3_AWLOCK    |  out|    2|          m_axi|       gmem2_3|       pointer|
|m_axi_gmem2_3_AWCACHE   |  out|    4|          m_axi|       gmem2_3|       pointer|
|m_axi_gmem2_3_AWPROT    |  out|    3|          m_axi|       gmem2_3|       pointer|
|m_axi_gmem2_3_AWQOS     |  out|    4|          m_axi|       gmem2_3|       pointer|
|m_axi_gmem2_3_AWREGION  |  out|    4|          m_axi|       gmem2_3|       pointer|
|m_axi_gmem2_3_AWUSER    |  out|    1|          m_axi|       gmem2_3|       pointer|
|m_axi_gmem2_3_WVALID    |  out|    1|          m_axi|       gmem2_3|       pointer|
|m_axi_gmem2_3_WREADY    |   in|    1|          m_axi|       gmem2_3|       pointer|
|m_axi_gmem2_3_WDATA     |  out|   64|          m_axi|       gmem2_3|       pointer|
|m_axi_gmem2_3_WSTRB     |  out|    8|          m_axi|       gmem2_3|       pointer|
|m_axi_gmem2_3_WLAST     |  out|    1|          m_axi|       gmem2_3|       pointer|
|m_axi_gmem2_3_WID       |  out|    1|          m_axi|       gmem2_3|       pointer|
|m_axi_gmem2_3_WUSER     |  out|    1|          m_axi|       gmem2_3|       pointer|
|m_axi_gmem2_3_ARVALID   |  out|    1|          m_axi|       gmem2_3|       pointer|
|m_axi_gmem2_3_ARREADY   |   in|    1|          m_axi|       gmem2_3|       pointer|
|m_axi_gmem2_3_ARADDR    |  out|   64|          m_axi|       gmem2_3|       pointer|
|m_axi_gmem2_3_ARID      |  out|    1|          m_axi|       gmem2_3|       pointer|
|m_axi_gmem2_3_ARLEN     |  out|    8|          m_axi|       gmem2_3|       pointer|
|m_axi_gmem2_3_ARSIZE    |  out|    3|          m_axi|       gmem2_3|       pointer|
|m_axi_gmem2_3_ARBURST   |  out|    2|          m_axi|       gmem2_3|       pointer|
|m_axi_gmem2_3_ARLOCK    |  out|    2|          m_axi|       gmem2_3|       pointer|
|m_axi_gmem2_3_ARCACHE   |  out|    4|          m_axi|       gmem2_3|       pointer|
|m_axi_gmem2_3_ARPROT    |  out|    3|          m_axi|       gmem2_3|       pointer|
|m_axi_gmem2_3_ARQOS     |  out|    4|          m_axi|       gmem2_3|       pointer|
|m_axi_gmem2_3_ARREGION  |  out|    4|          m_axi|       gmem2_3|       pointer|
|m_axi_gmem2_3_ARUSER    |  out|    1|          m_axi|       gmem2_3|       pointer|
|m_axi_gmem2_3_RVALID    |   in|    1|          m_axi|       gmem2_3|       pointer|
|m_axi_gmem2_3_RREADY    |  out|    1|          m_axi|       gmem2_3|       pointer|
|m_axi_gmem2_3_RDATA     |   in|   64|          m_axi|       gmem2_3|       pointer|
|m_axi_gmem2_3_RLAST     |   in|    1|          m_axi|       gmem2_3|       pointer|
|m_axi_gmem2_3_RID       |   in|    1|          m_axi|       gmem2_3|       pointer|
|m_axi_gmem2_3_RUSER     |   in|    1|          m_axi|       gmem2_3|       pointer|
|m_axi_gmem2_3_RRESP     |   in|    2|          m_axi|       gmem2_3|       pointer|
|m_axi_gmem2_3_BVALID    |   in|    1|          m_axi|       gmem2_3|       pointer|
|m_axi_gmem2_3_BREADY    |  out|    1|          m_axi|       gmem2_3|       pointer|
|m_axi_gmem2_3_BRESP     |   in|    2|          m_axi|       gmem2_3|       pointer|
|m_axi_gmem2_3_BID       |   in|    1|          m_axi|       gmem2_3|       pointer|
|m_axi_gmem2_3_BUSER     |   in|    1|          m_axi|       gmem2_3|       pointer|
+------------------------+-----+-----+---------------+--------------+--------------+

