Thu Apr  2 07:49:48 2026: Running xcd server. This server was built by gradle.
Thu Apr  2 07:49:48 2026: Server was asked to start on port: '35315'
Thu Apr  2 07:49:48 2026: Server is using token UUID: '95fcbbd7-cb78-4a73-b063-c3b95bb52856'
Thu Apr  2 07:49:48 2026: SESSION_MGR: creating session with session uuid: '6d04a3e9-ade5-4ab9-8d63-1f78fcd2ec76' and name 'default'
Thu Apr  2 07:49:48 2026: Attempting to start server on port '35315'
Thu Apr  2 07:49:48 2026: XCD main fifo: created main fifo '/tmp/xcdmain95fcbbd7-cb78-4a73-b063-c3b95bb52856', fd read = 13
Thu Apr  2 07:49:48 2026: Running Dispatch Server
Thu Apr  2 07:49:48 2026: Version 2.2.0
Thu Apr  2 07:49:49 2026: Dispatch Server: Accepted socket connection from client
Thu Apr  2 07:49:49 2026: Starting Socket connection
Thu Apr  2 07:49:49 2026: EXCHANGE_TOKEN received, server token: 95fcbbd7-cb78-4a73-b063-c3b95bb52856, passed token: 95fcbbd7-cb78-4a73-b063-c3b95bb52856
Thu Apr  2 07:49:50 2026: DISPATCH_HANDLER: Adding handler from function makeHandler in library libxv_system_diagram
Thu Apr  2 07:49:50 2026: SESSION_MGR: creating session with session uuid: '40a8b8d0-f779-44d8-b43f-20ffeb8c3c16' and name 'vitis-run_compile_work'
Thu Apr  2 07:49:50 2026: KERNEL_SVC: creating session with uuid: '40a8b8d0-f779-44d8-b43f-20ffeb8c3c16' and name 'vitis-run_compile_work'
Thu Apr  2 07:49:50 2026: GUIDANCE_SMGR: creating guidance session with uuid: '40a8b8d0-f779-44d8-b43f-20ffeb8c3c16' and name 'vitis-run_compile_work'
Thu Apr  2 07:49:50 2026: SYSTEM_DIAGRAM: creating session with uuid: '40a8b8d0-f779-44d8-b43f-20ffeb8c3c16' and name 'vitis-run_compile_work'
Thu Apr  2 07:49:53 2026: Dispatch Server: Accepted socket connection from client
Thu Apr  2 07:49:53 2026: Starting Socket connection
Thu Apr  2 07:49:57 2026: SESSION_MGR: closing session for UUID '40a8b8d0-f779-44d8-b43f-20ffeb8c3c16' with name 'vitis-run_compile_work'
Thu Apr  2 07:49:57 2026: KERNEL_SVC: closing session for UUID '40a8b8d0-f779-44d8-b43f-20ffeb8c3c16' with name 'vitis-run_compile_work'
Thu Apr  2 07:49:57 2026: GUIDANCE_SMGR: closing session for UUID '40a8b8d0-f779-44d8-b43f-20ffeb8c3c16' with name 'vitis-run_compile_work'
Thu Apr  2 07:49:57 2026: SYSTEM_DIAGRAM: closing session for UUID '40a8b8d0-f779-44d8-b43f-20ffeb8c3c16' with name 'vitis-run_compile_work'
Thu Apr  2 07:49:57 2026: STOP_SERVER received, server token: 95fcbbd7-cb78-4a73-b063-c3b95bb52856, passed token: 95fcbbd7-cb78-4a73-b063-c3b95bb52856
Thu Apr  2 07:49:57 2026: Socket received request to stop server.
Thu Apr  2 07:49:57 2026: Dispatch Server: do_await_stop
Thu Apr  2 07:49:57 2026: Dispatch Server: stopping mainFifo_
Thu Apr  2 07:49:57 2026: XCD main fifo: Stopping
Thu Apr  2 07:49:57 2026: XCD main fifo: do_read error code: Operation canceled
Thu Apr  2 07:49:57 2026: XCD main fifo: bytes_transferred: 0
Thu Apr  2 07:49:57 2026: SERVER: destructor for server bound to port 35315
Thu Apr  2 07:49:57 2026: XCD main fifo: Good unlink of /tmp/xcdmain95fcbbd7-cb78-4a73-b063-c3b95bb52856
Thu Apr  2 07:49:57 2026: Server exiting with status 0.
Thu Apr  2 07:49:57 2026: Closing log file.
Thu Apr  2 07:50:03 2026: Running xcd server. This server was built by gradle.
Thu Apr  2 07:50:03 2026: Server was asked to start on port: '41627'
Thu Apr  2 07:50:03 2026: Server is using token UUID: '4c6dc0ca-044f-4f12-96ec-11c45cb2d90f'
Thu Apr  2 07:50:03 2026: SESSION_MGR: creating session with session uuid: '6d04a3e9-ade5-4ab9-8d63-1f78fcd2ec76' and name 'default'
Thu Apr  2 07:50:03 2026: Attempting to start server on port '41627'
Thu Apr  2 07:50:03 2026: XCD main fifo: created main fifo '/tmp/xcdmain4c6dc0ca-044f-4f12-96ec-11c45cb2d90f', fd read = 13
Thu Apr  2 07:50:03 2026: Running Dispatch Server
Thu Apr  2 07:50:03 2026: Version 2.2.0
Thu Apr  2 07:50:04 2026: Dispatch Server: Accepted socket connection from client
Thu Apr  2 07:50:04 2026: Starting Socket connection
Thu Apr  2 07:50:04 2026: EXCHANGE_TOKEN received, server token: 4c6dc0ca-044f-4f12-96ec-11c45cb2d90f, passed token: 4c6dc0ca-044f-4f12-96ec-11c45cb2d90f
Thu Apr  2 07:50:04 2026: DISPATCH_HANDLER: Adding handler from function makeHandler in library libxv_system_diagram
Thu Apr  2 07:50:04 2026: SESSION_MGR: creating session with session uuid: '5118f297-0af6-4176-b9bf-bae53b82d1a8' and name 'v++_compile_work'
Thu Apr  2 07:50:04 2026: KERNEL_SVC: creating session with uuid: '5118f297-0af6-4176-b9bf-bae53b82d1a8' and name 'v++_compile_work'
Thu Apr  2 07:50:04 2026: GUIDANCE_SMGR: creating guidance session with uuid: '5118f297-0af6-4176-b9bf-bae53b82d1a8' and name 'v++_compile_work'
Thu Apr  2 07:50:04 2026: SYSTEM_DIAGRAM: creating session with uuid: '5118f297-0af6-4176-b9bf-bae53b82d1a8' and name 'v++_compile_work'
Thu Apr  2 07:50:08 2026: Dispatch Server: Accepted socket connection from client
Thu Apr  2 07:50:08 2026: Starting Socket connection
Thu Apr  2 07:50:36 2026: Running xcd server. This server was built by gradle.
Thu Apr  2 07:50:36 2026: Server was asked to start on port: '33889'
Thu Apr  2 07:50:36 2026: Server is using token UUID: '88ab97a4-6c8c-47ae-b6a4-75013bf16810'
Thu Apr  2 07:50:36 2026: SESSION_MGR: creating session with session uuid: '6d04a3e9-ade5-4ab9-8d63-1f78fcd2ec76' and name 'default'
Thu Apr  2 07:50:36 2026: Attempting to start server on port '33889'
Thu Apr  2 07:50:36 2026: XCD main fifo: created main fifo '/tmp/xcdmain88ab97a4-6c8c-47ae-b6a4-75013bf16810', fd read = 13
Thu Apr  2 07:50:36 2026: Running Dispatch Server
Thu Apr  2 07:50:36 2026: Version 2.2.0
Thu Apr  2 07:50:37 2026: Dispatch Server: Accepted socket connection from client
Thu Apr  2 07:50:37 2026: Starting Socket connection
Thu Apr  2 07:50:37 2026: EXCHANGE_TOKEN received, server token: 88ab97a4-6c8c-47ae-b6a4-75013bf16810, passed token: 88ab97a4-6c8c-47ae-b6a4-75013bf16810
Thu Apr  2 07:50:37 2026: DISPATCH_HANDLER: Adding handler from function makeHandler in library libxv_system_diagram
Thu Apr  2 07:50:37 2026: SESSION_MGR: creating session with session uuid: '5444341b-688c-47fe-a834-bb92aaf9bd56' and name 'vitis-run_compile_work'
Thu Apr  2 07:50:37 2026: KERNEL_SVC: creating session with uuid: '5444341b-688c-47fe-a834-bb92aaf9bd56' and name 'vitis-run_compile_work'
Thu Apr  2 07:50:37 2026: GUIDANCE_SMGR: creating guidance session with uuid: '5444341b-688c-47fe-a834-bb92aaf9bd56' and name 'vitis-run_compile_work'
Thu Apr  2 07:50:37 2026: SYSTEM_DIAGRAM: creating session with uuid: '5444341b-688c-47fe-a834-bb92aaf9bd56' and name 'vitis-run_compile_work'
Thu Apr  2 07:50:41 2026: Dispatch Server: Accepted socket connection from client
Thu Apr  2 07:50:41 2026: Starting Socket connection
Thu Apr  2 07:50:44 2026: SESSION_MGR: closing session for UUID '5444341b-688c-47fe-a834-bb92aaf9bd56' with name 'vitis-run_compile_work'
Thu Apr  2 07:50:44 2026: KERNEL_SVC: closing session for UUID '5444341b-688c-47fe-a834-bb92aaf9bd56' with name 'vitis-run_compile_work'
Thu Apr  2 07:50:44 2026: GUIDANCE_SMGR: closing session for UUID '5444341b-688c-47fe-a834-bb92aaf9bd56' with name 'vitis-run_compile_work'
Thu Apr  2 07:50:44 2026: SYSTEM_DIAGRAM: closing session for UUID '5444341b-688c-47fe-a834-bb92aaf9bd56' with name 'vitis-run_compile_work'
Thu Apr  2 07:50:44 2026: STOP_SERVER received, server token: 88ab97a4-6c8c-47ae-b6a4-75013bf16810, passed token: 88ab97a4-6c8c-47ae-b6a4-75013bf16810
Thu Apr  2 07:50:44 2026: Socket received request to stop server.
Thu Apr  2 07:50:44 2026: Dispatch Server: do_await_stop
Thu Apr  2 07:50:44 2026: Dispatch Server: stopping mainFifo_
Thu Apr  2 07:50:44 2026: XCD main fifo: Stopping
Thu Apr  2 07:50:44 2026: XCD main fifo: do_read error code: Operation canceled
Thu Apr  2 07:50:44 2026: XCD main fifo: bytes_transferred: 0
Thu Apr  2 07:50:44 2026: SERVER: destructor for server bound to port 33889
Thu Apr  2 07:50:44 2026: XCD main fifo: Good unlink of /tmp/xcdmain88ab97a4-6c8c-47ae-b6a4-75013bf16810
Thu Apr  2 07:50:44 2026: Server exiting with status 0.
Thu Apr  2 07:50:44 2026: Closing log file.
Thu Apr  2 07:50:46 2026: SESSION_MGR: closing session for UUID '5118f297-0af6-4176-b9bf-bae53b82d1a8' with name 'v++_compile_work'
Thu Apr  2 07:50:46 2026: KERNEL_SVC: closing session for UUID '5118f297-0af6-4176-b9bf-bae53b82d1a8' with name 'v++_compile_work'
Thu Apr  2 07:50:46 2026: GUIDANCE_SMGR: closing session for UUID '5118f297-0af6-4176-b9bf-bae53b82d1a8' with name 'v++_compile_work'
Thu Apr  2 07:50:46 2026: SYSTEM_DIAGRAM: closing session for UUID '5118f297-0af6-4176-b9bf-bae53b82d1a8' with name 'v++_compile_work'
Thu Apr  2 07:50:46 2026: STOP_SERVER received, server token: 4c6dc0ca-044f-4f12-96ec-11c45cb2d90f, passed token: 4c6dc0ca-044f-4f12-96ec-11c45cb2d90f
Thu Apr  2 07:50:46 2026: Socket received request to stop server.
Thu Apr  2 07:50:46 2026: Dispatch Server: do_await_stop
Thu Apr  2 07:50:46 2026: Dispatch Server: stopping mainFifo_
Thu Apr  2 07:50:46 2026: XCD main fifo: Stopping
Thu Apr  2 07:50:46 2026: XCD main fifo: do_read error code: Operation canceled
Thu Apr  2 07:50:46 2026: XCD main fifo: bytes_transferred: 0
Thu Apr  2 07:50:46 2026: SERVER: destructor for server bound to port 41627
Thu Apr  2 07:50:46 2026: XCD main fifo: Good unlink of /tmp/xcdmain4c6dc0ca-044f-4f12-96ec-11c45cb2d90f
Thu Apr  2 07:50:46 2026: Server exiting with status 0.
Thu Apr  2 07:50:46 2026: Closing log file.
Thu Apr  2 07:50:51 2026: Running xcd server. This server was built by gradle.
Thu Apr  2 07:50:51 2026: Server was asked to start on port: '34723'
Thu Apr  2 07:50:51 2026: Server is using token UUID: 'bd4e5dca-3d3e-468f-a345-130bc31087f6'
Thu Apr  2 07:50:51 2026: SESSION_MGR: creating session with session uuid: '6d04a3e9-ade5-4ab9-8d63-1f78fcd2ec76' and name 'default'
Thu Apr  2 07:50:51 2026: Attempting to start server on port '34723'
Thu Apr  2 07:50:51 2026: XCD main fifo: created main fifo '/tmp/xcdmainbd4e5dca-3d3e-468f-a345-130bc31087f6', fd read = 13
Thu Apr  2 07:50:51 2026: Running Dispatch Server
Thu Apr  2 07:50:51 2026: Version 2.2.0
Thu Apr  2 07:50:51 2026: Dispatch Server: Accepted socket connection from client
Thu Apr  2 07:50:51 2026: Starting Socket connection
Thu Apr  2 07:50:51 2026: EXCHANGE_TOKEN received, server token: bd4e5dca-3d3e-468f-a345-130bc31087f6, passed token: bd4e5dca-3d3e-468f-a345-130bc31087f6
Thu Apr  2 07:50:52 2026: DISPATCH_HANDLER: Adding handler from function makeHandler in library libxv_system_diagram
Thu Apr  2 07:50:52 2026: SESSION_MGR: creating session with session uuid: '3cab1693-ca32-4274-8c17-5ba119022e2b' and name 'v++_compile_work'
Thu Apr  2 07:50:52 2026: KERNEL_SVC: creating session with uuid: '3cab1693-ca32-4274-8c17-5ba119022e2b' and name 'v++_compile_work'
Thu Apr  2 07:50:52 2026: GUIDANCE_SMGR: creating guidance session with uuid: '3cab1693-ca32-4274-8c17-5ba119022e2b' and name 'v++_compile_work'
Thu Apr  2 07:50:52 2026: SYSTEM_DIAGRAM: creating session with uuid: '3cab1693-ca32-4274-8c17-5ba119022e2b' and name 'v++_compile_work'
Thu Apr  2 07:50:56 2026: Dispatch Server: Accepted socket connection from client
Thu Apr  2 07:50:56 2026: Starting Socket connection
Thu Apr  2 07:51:34 2026: SESSION_MGR: closing session for UUID '3cab1693-ca32-4274-8c17-5ba119022e2b' with name 'v++_compile_work'
Thu Apr  2 07:51:34 2026: KERNEL_SVC: closing session for UUID '3cab1693-ca32-4274-8c17-5ba119022e2b' with name 'v++_compile_work'
Thu Apr  2 07:51:34 2026: GUIDANCE_SMGR: closing session for UUID '3cab1693-ca32-4274-8c17-5ba119022e2b' with name 'v++_compile_work'
Thu Apr  2 07:51:34 2026: SYSTEM_DIAGRAM: closing session for UUID '3cab1693-ca32-4274-8c17-5ba119022e2b' with name 'v++_compile_work'
Thu Apr  2 07:51:34 2026: STOP_SERVER received, server token: bd4e5dca-3d3e-468f-a345-130bc31087f6, passed token: bd4e5dca-3d3e-468f-a345-130bc31087f6
Thu Apr  2 07:51:34 2026: Socket received request to stop server.
Thu Apr  2 07:51:34 2026: Dispatch Server: do_await_stop
Thu Apr  2 07:51:34 2026: Dispatch Server: stopping mainFifo_
Thu Apr  2 07:51:34 2026: XCD main fifo: Stopping
Thu Apr  2 07:51:34 2026: XCD main fifo: do_read error code: Operation canceled
Thu Apr  2 07:51:34 2026: XCD main fifo: bytes_transferred: 0
Thu Apr  2 07:51:34 2026: SERVER: destructor for server bound to port 34723
Thu Apr  2 07:51:34 2026: XCD main fifo: Good unlink of /tmp/xcdmainbd4e5dca-3d3e-468f-a345-130bc31087f6
Thu Apr  2 07:51:34 2026: Server exiting with status 0.
Thu Apr  2 07:51:34 2026: Closing log file.
